[2020-10-16T11:54:26.766+1000][0.004s][debug][gc] ConcGCThreads: 2 offset 16
[2020-10-16T11:54:26.767+1000][0.004s][debug][gc] ParallelGCThreads: 8
[2020-10-16T11:54:26.767+1000][0.004s][debug][gc] Initialize mark stack with 4096 chunks, maximum 16384
[2020-10-16T11:54:26.769+1000][0.007s][info ][gc] Using G1
[2020-10-16T11:54:26.782+1000][0,020s][info ][gc] Periodic GC disabled
[2020-10-16T11:54:27.602+1000][0,839s][info ][gc] GC(0) Pause Young (Normal) (G1 Evacuation Pause) 23M->1M(256M) 3,034ms
[2020-10-16T11:54:29.395+1000][2,632s][info ][gc] GC(1) Pause Young (Normal) (G1 Evacuation Pause) 48M->3M(256M) 4,271ms
[2020-10-16T11:54:35.273+1000][8,511s][info ][gc] GC(2) Pause Young (Normal) (G1 Evacuation Pause) 153M->10M(256M) 9,376ms
[2020-10-16T11:54:40.680+1000][13,917s][info ][gc] GC(3) Pause Young (Normal) (G1 Evacuation Pause) 153M->16M(256M) 10,225ms
[2020-10-16T11:54:45.867+1000][19,105s][info ][gc] GC(4) Pause Young (Normal) (G1 Evacuation Pause) 153M->22M(256M) 13,865ms
[2020-10-16T11:54:51.162+1000][24,400s][info ][gc] GC(5) Pause Young (Normal) (G1 Evacuation Pause) 162M->28M(256M) 10,082ms
[2020-10-16T11:54:56.487+1000][29,725s][info ][gc] GC(6) Pause Young (Normal) (G1 Evacuation Pause) 169M->34M(256M) 8,780ms
[2020-10-16T11:55:01.784+1000][35,021s][info ][gc] GC(7) Pause Young (Normal) (G1 Evacuation Pause) 174M->40M(256M) 11,336ms
[2020-10-16T11:55:07.119+1000][40,356s][info ][gc] GC(8) Pause Young (Normal) (G1 Evacuation Pause) 181M->47M(256M) 10,758ms
[2020-10-16T11:55:12.415+1000][45,652s][info ][gc] GC(9) Pause Young (Normal) (G1 Evacuation Pause) 187M->53M(256M) 10,738ms
[2020-10-16T11:55:17.710+1000][50,948s][info ][gc] GC(10) Pause Young (Normal) (G1 Evacuation Pause) 193M->59M(256M) 9,729ms
[2020-10-16T11:55:23.003+1000][56,240s][info ][gc] GC(11) Pause Young (Normal) (G1 Evacuation Pause) 199M->65M(256M) 9,288ms
[2020-10-16T11:55:28.291+1000][61,529s][info ][gc] GC(12) Pause Young (Normal) (G1 Evacuation Pause) 205M->71M(256M) 9,006ms
[2020-10-16T11:55:33.583+1000][66,821s][info ][gc] GC(13) Pause Young (Normal) (G1 Evacuation Pause) 211M->77M(256M) 11,293ms
[2020-10-16T11:55:38.804+1000][72,042s][info ][gc] GC(14) Pause Young (Normal) (G1 Evacuation Pause) 215M->84M(256M) 11,070ms
[2020-10-16T11:55:43.751+1000][76,989s][info ][gc] GC(15) Pause Young (Normal) (G1 Evacuation Pause) 215M->89M(256M) 11,987ms
[2020-10-16T11:55:48.515+1000][81,753s][info ][gc] GC(16) Pause Young (Normal) (G1 Evacuation Pause) 215M->95M(256M) 10,403ms
[2020-10-16T11:55:53.095+1000][86,332s][info ][gc] GC(17) Pause Young (Normal) (G1 Evacuation Pause) 216M->100M(256M) 9,169ms
[2020-10-16T11:55:57.511+1000][90,749s][info ][gc] GC(18) Pause Young (Normal) (G1 Evacuation Pause) 217M->105M(256M) 10,249ms
[2020-10-16T11:56:01.744+1000][94,981s][info ][gc] GC(19) Pause Young (Normal) (G1 Evacuation Pause) 217M->110M(256M) 6,003ms
[2020-10-16T11:56:05.793+1000][99,030s][info ][gc] GC(20) Pause Young (Normal) (G1 Evacuation Pause) 217M->115M(256M) 7,436ms
[2020-10-16T11:56:09.680+1000][102,917s][info ][gc] GC(21) Pause Young (Normal) (G1 Evacuation Pause) 218M->120M(256M) 6,632ms
[2020-10-16T11:56:13.388+1000][106,626s][info ][gc] GC(22) Pause Young (Normal) (G1 Evacuation Pause) 218M->124M(256M) 11,296ms
[2020-10-16T11:56:16.945+1000][110,182s][info ][gc] GC(23) Pause Young (Concurrent Start) (G1 Evacuation Pause) 218M->128M(256M) 9,832ms
[2020-10-16T11:56:16.945+1000][110,182s][info ][gc] GC(24) Concurrent Cycle
[2020-10-16T11:56:17.011+1000][110,248s][info ][gc] GC(24) Pause Remark 130M->130M(256M) 0,191ms
[2020-10-16T11:56:17.045+1000][110,283s][info ][gc] GC(24) Pause Cleanup 131M->131M(256M) 0,076ms
[2020-10-16T11:56:17.045+1000][110,283s][info ][gc] GC(24) Concurrent Cycle 100,873ms
[2020-10-16T11:56:20.357+1000][113,595s][info ][gc] GC(25) Pause Young (Normal) (G1 Evacuation Pause) 218M->132M(256M) 9,314ms
[2020-10-16T11:56:23.647+1000][116,885s][info ][gc] GC(26) Pause Young (Concurrent Start) (G1 Evacuation Pause) 219M->136M(256M) 8,941ms
[2020-10-16T11:56:23.648+1000][116,885s][info ][gc] GC(27) Concurrent Cycle
[2020-10-16T11:56:23.716+1000][116,954s][info ][gc] GC(27) Pause Remark 138M->138M(256M) 0,209ms
[2020-10-16T11:56:23.750+1000][116,988s][info ][gc] GC(27) Pause Cleanup 139M->139M(256M) 0,088ms
[2020-10-16T11:56:23.751+1000][116,988s][info ][gc] GC(27) Concurrent Cycle 103,221ms
[2020-10-16T11:56:26.784+1000][120,022s][info ][gc] GC(28) Pause Young (Normal) (G1 Evacuation Pause) 219M->140M(256M) 8,119ms
[2020-10-16T11:56:29.811+1000][123,049s][info ][gc] GC(29) Pause Young (Concurrent Start) (G1 Evacuation Pause) 220M->143M(256M) 8,474ms
[2020-10-16T11:56:29.811+1000][123,049s][info ][gc] GC(30) Concurrent Cycle
[2020-10-16T11:56:29.885+1000][123,122s][info ][gc] GC(30) Pause Remark 145M->145M(256M) 0,314ms
[2020-10-16T11:56:29.925+1000][123,162s][info ][gc] GC(30) Pause Cleanup 146M->146M(256M) 0,076ms
[2020-10-16T11:56:29.925+1000][123,162s][info ][gc] GC(30) Concurrent Cycle 113,614ms
[2020-10-16T11:56:32.695+1000][125,932s][info ][gc] GC(31) Pause Young (Normal) (G1 Evacuation Pause) 219M->146M(256M) 8,447ms
[2020-10-16T11:56:35.486+1000][128,723s][info ][gc] GC(32) Pause Young (Concurrent Start) (G1 Evacuation Pause) 220M->150M(256M) 7,422ms
[2020-10-16T11:56:35.486+1000][128,723s][info ][gc] GC(33) Concurrent Cycle
[2020-10-16T11:56:35.566+1000][128,804s][info ][gc] GC(33) Pause Remark 152M->152M(256M) 0,200ms
[2020-10-16T11:56:35.603+1000][128,841s][info ][gc] GC(33) Pause Cleanup 153M->153M(256M) 0,107ms
[2020-10-16T11:56:35.604+1000][128,841s][info ][gc] GC(33) Concurrent Cycle 117,953ms
[2020-10-16T11:56:38.176+1000][131,413s][info ][gc] GC(34) Pause Young (Normal) (G1 Evacuation Pause) 221M->153M(256M) 7,712ms
[2020-10-16T11:56:40.753+1000][133,991s][info ][gc] GC(35) Pause Young (Concurrent Start) (G1 Evacuation Pause) 221M->156M(256M) 7,390ms
[2020-10-16T11:56:40.753+1000][133,991s][info ][gc] GC(36) Concurrent Cycle
[2020-10-16T11:56:40.841+1000][134,079s][info ][gc] GC(36) Pause Remark 158M->158M(256M) 0,187ms
[2020-10-16T11:56:40.886+1000][134,124s][info ][gc] GC(36) Pause Cleanup 160M->160M(256M) 0,108ms
[2020-10-16T11:56:40.886+1000][134,124s][info ][gc] GC(36) Concurrent Cycle 133,042ms
[2020-10-16T11:56:43.170+1000][136,407s][info ][gc] GC(37) Pause Young (Normal) (G1 Evacuation Pause) 220M->159M(256M) 8,559ms
[2020-10-16T11:56:45.522+1000][138,760s][info ][gc] GC(38) Pause Young (Concurrent Start) (G1 Evacuation Pause) 221M->161M(256M) 6,693ms
[2020-10-16T11:56:45.522+1000][138,760s][info ][gc] GC(39) Concurrent Cycle
[2020-10-16T11:56:45.635+1000][138,872s][info ][gc] GC(39) Pause Remark 165M->165M(256M) 0,182ms
[2020-10-16T11:56:45.677+1000][138,915s][info ][gc] GC(39) Pause Cleanup 166M->166M(256M) 0,090ms
[2020-10-16T11:56:45.678+1000][138,915s][info ][gc] GC(39) Concurrent Cycle 155,217ms
[2020-10-16T11:56:47.794+1000][141,031s][info ][gc] GC(40) Pause Young (Normal) (G1 Evacuation Pause) 221M->164M(256M) 6,477ms
[2020-10-16T11:56:49.944+1000][143,182s][info ][gc] GC(41) Pause Young (Concurrent Start) (G1 Evacuation Pause) 221M->167M(256M) 6,546ms
[2020-10-16T11:56:49.944+1000][143,182s][info ][gc] GC(42) Concurrent Cycle
[2020-10-16T11:56:50.034+1000][143,272s][info ][gc] GC(42) Pause Remark 169M->169M(256M) 0,219ms
[2020-10-16T11:56:50.080+1000][143,317s][info ][gc] GC(42) Pause Cleanup 171M->171M(256M) 0,113ms
[2020-10-16T11:56:50.080+1000][143,317s][info ][gc] GC(42) Concurrent Cycle 135,519ms
[2020-10-16T11:56:52.033+1000][145,271s][info ][gc] GC(43) Pause Young (Normal) (G1 Evacuation Pause) 222M->169M(256M) 6,262ms
[2020-10-16T11:56:54.030+1000][147,268s][info ][gc] GC(44) Pause Young (Concurrent Start) (G1 Evacuation Pause) 222M->171M(256M) 5,497ms
[2020-10-16T11:56:54.030+1000][147,268s][info ][gc] GC(45) Concurrent Cycle
[2020-10-16T11:56:54.125+1000][147,362s][info ][gc] GC(45) Pause Remark 174M->174M(256M) 0,222ms
[2020-10-16T11:56:54.169+1000][147,406s][info ][gc] GC(45) Pause Cleanup 175M->175M(256M) 0,075ms
[2020-10-16T11:56:54.169+1000][147,407s][info ][gc] GC(45) Concurrent Cycle 138,693ms
[2020-10-16T11:56:55.926+1000][149,164s][info ][gc] GC(46) Pause Young (Prepare Mixed) (G1 Evacuation Pause) 221M->174M(256M) 5,825ms
[2020-10-16T11:56:56.204+1000][149,442s][info ][gc] GC(47) Pause Young (Mixed) (G1 Evacuation Pause) 181M->164M(256M) 13,379ms
[2020-10-16T11:56:58.402+1000][151,640s][info ][gc] GC(48) Pause Young (Concurrent Start) (G1 Evacuation Pause) 222M->165M(256M) 2,699ms
[2020-10-16T11:56:58.402+1000][151,640s][info ][gc] GC(49) Concurrent Cycle
[2020-10-16T11:56:58.503+1000][151,740s][info ][gc] GC(49) Pause Remark 168M->168M(256M) 0,213ms
[2020-10-16T11:56:58.550+1000][151,787s][info ][gc] GC(49) Pause Cleanup 170M->170M(256M) 0,098ms
[2020-10-16T11:56:58.550+1000][151,787s][info ][gc] GC(49) Concurrent Cycle 147,257ms
[2020-10-16T11:57:00.521+1000][153,758s][info ][gc] GC(50) Pause Young (Normal) (G1 Evacuation Pause) 221M->168M(256M) 5,054ms
[2020-10-16T11:57:02.557+1000][155,795s][info ][gc] GC(51) Pause Young (Concurrent Start) (G1 Evacuation Pause) 222M->170M(256M) 4,337ms
[2020-10-16T11:57:02.557+1000][155,795s][info ][gc] GC(52) Concurrent Cycle
[2020-10-16T11:57:02.670+1000][155,907s][info ][gc] GC(52) Pause Remark 174M->174M(256M) 0,226ms
[2020-10-16T11:57:02.721+1000][155,958s][info ][gc] GC(52) Pause Cleanup 175M->175M(256M) 0,081ms
[2020-10-16T11:57:02.721+1000][155,958s][info ][gc] GC(52) Concurrent Cycle 163,336ms
[2020-10-16T11:57:04.525+1000][157,762s][info ][gc] GC(53) Pause Young (Normal) (G1 Evacuation Pause) 222M->173M(256M) 6,193ms
[2020-10-16T11:57:06.420+1000][159,658s][info ][gc] GC(54) Pause Young (Concurrent Start) (G1 Evacuation Pause) 223M->175M(256M) 5,751ms
[2020-10-16T11:57:06.420+1000][159,658s][info ][gc] GC(55) Concurrent Cycle
[2020-10-16T11:57:06.533+1000][159,771s][info ][gc] GC(55) Pause Remark 178M->178M(256M) 0,219ms
[2020-10-16T11:57:06.585+1000][159,823s][info ][gc] GC(55) Pause Cleanup 179M->179M(256M) 0,086ms
[2020-10-16T11:57:06.586+1000][159,823s][info ][gc] GC(55) Concurrent Cycle 165,620ms
[2020-10-16T11:57:08.234+1000][161,472s][info ][gc] GC(56) Pause Young (Normal) (G1 Evacuation Pause) 223M->177M(256M) 5,383ms
[2020-10-16T11:57:09.975+1000][163,212s][info ][gc] GC(57) Pause Young (Concurrent Start) (G1 Evacuation Pause) 223M->179M(256M) 3,421ms
[2020-10-16T11:57:09.975+1000][163,212s][info ][gc] GC(58) Concurrent Cycle
[2020-10-16T11:57:10.095+1000][163,333s][info ][gc] GC(58) Pause Remark 182M->182M(256M) 0,205ms
[2020-10-16T11:57:10.147+1000][163,385s][info ][gc] GC(58) Pause Cleanup 183M->183M(256M) 0,081ms
[2020-10-16T11:57:10.147+1000][163,385s][info ][gc] GC(58) Concurrent Cycle 172,405ms
[2020-10-16T11:57:11.604+1000][164,842s][info ][gc] GC(59) Pause Young (Normal) (G1 Evacuation Pause) 222M->181M(256M) 4,992ms
[2020-10-16T11:57:13.195+1000][166,432s][info ][gc] GC(60) Pause Young (Concurrent Start) (G1 Evacuation Pause) 223M->183M(256M) 4,711ms
[2020-10-16T11:57:13.195+1000][166,433s][info ][gc] GC(61) Concurrent Cycle
[2020-10-16T11:57:13.298+1000][166,536s][info ][gc] GC(61) Pause Remark 186M->186M(256M) 0,204ms
[2020-10-16T11:57:13.349+1000][166,586s][info ][gc] GC(61) Pause Cleanup 187M->187M(256M) 0,091ms
[2020-10-16T11:57:13.349+1000][166,587s][info ][gc] GC(61) Concurrent Cycle 154,111ms
[2020-10-16T11:57:14.703+1000][167,940s][info ][gc] GC(62) Pause Young (Normal) (G1 Evacuation Pause) 223M->184M(256M) 4,522ms
[2020-10-16T11:57:16.179+1000][169,417s][info ][gc] GC(63) Pause Young (Concurrent Start) (G1 Evacuation Pause) 223M->186M(256M) 3,216ms
[2020-10-16T11:57:16.179+1000][169,417s][info ][gc] GC(64) Concurrent Cycle
[2020-10-16T11:57:16.292+1000][169,529s][info ][gc] GC(64) Pause Remark 189M->189M(256M) 0,190ms
[2020-10-16T11:57:16.346+1000][169,584s][info ][gc] GC(64) Pause Cleanup 190M->190M(256M) 0,089ms
[2020-10-16T11:57:16.346+1000][169,584s][info ][gc] GC(64) Concurrent Cycle 167,019ms
[2020-10-16T11:57:17.585+1000][170,823s][info ][gc] GC(65) Pause Young (Normal) (G1 Evacuation Pause) 223M->188M(256M) 4,087ms
[2020-10-16T11:57:18.941+1000][172,179s][info ][gc] GC(66) Pause Young (Concurrent Start) (G1 Evacuation Pause) 224M->189M(256M) 4,259ms
[2020-10-16T11:57:18.942+1000][172,179s][info ][gc] GC(67) Concurrent Cycle
[2020-10-16T11:57:19.051+1000][172,289s][info ][gc] GC(67) Pause Remark 192M->192M(256M) 0,209ms
[2020-10-16T11:57:19.103+1000][172,341s][info ][gc] GC(67) Pause Cleanup 194M->194M(256M) 0,095ms
[2020-10-16T11:57:19.103+1000][172,341s][info ][gc] GC(67) Concurrent Cycle 161,681ms
[2020-10-16T11:57:20.235+1000][173,473s][info ][gc] GC(68) Pause Young (Normal) (G1 Evacuation Pause) 223M->191M(256M) 3,948ms
[2020-10-16T11:57:21.480+1000][174,718s][info ][gc] GC(69) Pause Young (Concurrent Start) (G1 Evacuation Pause) 224M->192M(256M) 5,650ms
[2020-10-16T11:57:21.480+1000][174,718s][info ][gc] GC(70) Concurrent Cycle
[2020-10-16T11:57:21.599+1000][174,837s][info ][gc] GC(70) Pause Remark 196M->196M(256M) 0,179ms
[2020-10-16T11:57:21.660+1000][174,898s][info ][gc] GC(70) Pause Cleanup 197M->197M(256M) 0,147ms
[2020-10-16T11:57:21.661+1000][174,898s][info ][gc] GC(70) Concurrent Cycle 180,618ms
[2020-10-16T11:57:22.652+1000][175,889s][info ][gc] GC(71) Pause Young (Normal) (G1 Evacuation Pause) 223M->194M(256M) 3,710ms
[2020-10-16T11:57:23.793+1000][177,030s][info ][gc] GC(72) Pause Young (Concurrent Start) (G1 Evacuation Pause) 224M->195M(256M) 3,479ms
[2020-10-16T11:57:23.793+1000][177,030s][info ][gc] GC(73) Concurrent Cycle
[2020-10-16T11:57:23.909+1000][177,146s][info ][gc] GC(73) Pause Remark 199M->199M(256M) 0,237ms
[2020-10-16T11:57:23.963+1000][177,201s][info ][gc] GC(73) Pause Cleanup 200M->200M(256M) 0,129ms
[2020-10-16T11:57:23.963+1000][177,201s][info ][gc] GC(73) Concurrent Cycle 170,587ms
[2020-10-16T11:57:24.893+1000][178,131s][info ][gc] GC(74) Pause Young (Normal) (G1 Evacuation Pause) 224M->196M(256M) 3,597ms
[2020-10-16T11:57:25.953+1000][179,190s][info ][gc] GC(75) Pause Young (Concurrent Start) (G1 Evacuation Pause) 224M->197M(256M) 2,951ms
[2020-10-16T11:57:25.953+1000][179,190s][info ][gc] GC(76) Concurrent Cycle
[2020-10-16T11:57:26.071+1000][179,308s][info ][gc] GC(76) Pause Remark 201M->201M(256M) 0,209ms
[2020-10-16T11:57:26.128+1000][179,366s][info ][gc] GC(76) Pause Cleanup 202M->202M(256M) 0,098ms
[2020-10-16T11:57:26.128+1000][179,366s][info ][gc] GC(76) Concurrent Cycle 175,582ms
[2020-10-16T11:57:26.972+1000][180,210s][info ][gc] GC(77) Pause Young (Normal) (G1 Evacuation Pause) 224M->199M(256M) 3,275ms
[2020-10-16T11:57:27.951+1000][181,189s][info ][gc] GC(78) Pause Young (Concurrent Start) (G1 Evacuation Pause) 225M->200M(256M) 3,164ms
[2020-10-16T11:57:27.951+1000][181,189s][info ][gc] GC(79) Concurrent Cycle
[2020-10-16T11:57:28.072+1000][181,309s][info ][gc] GC(79) Pause Remark 203M->203M(256M) 0,203ms
[2020-10-16T11:57:28.129+1000][181,367s][info ][gc] GC(79) Pause Cleanup 205M->205M(256M) 0,100ms
[2020-10-16T11:57:28.130+1000][181,367s][info ][gc] GC(79) Concurrent Cycle 178,588ms
[2020-10-16T11:57:28.858+1000][182,096s][info ][gc] GC(80) Pause Young (Normal) (G1 Evacuation Pause) 224M->201M(256M) 3,143ms
[2020-10-16T11:57:29.735+1000][182,973s][info ][gc] GC(81) Pause Young (Concurrent Start) (G1 Evacuation Pause) 224M->202M(256M) 2,602ms
[2020-10-16T11:57:29.735+1000][182,973s][info ][gc] GC(82) Concurrent Cycle
[2020-10-16T11:57:29.862+1000][183,099s][info ][gc] GC(82) Pause Remark 205M->205M(256M) 0,235ms
[2020-10-16T11:57:29.919+1000][183,156s][info ][gc] GC(82) Pause Cleanup 207M->207M(256M) 0,087ms
[2020-10-16T11:57:29.919+1000][183,156s][info ][gc] GC(82) Concurrent Cycle 183,606ms
[2020-10-16T11:57:30.531+1000][183,768s][info ][gc] GC(83) Pause Young (Normal) (G1 Evacuation Pause) 223M->203M(256M) 3,530ms
[2020-10-16T11:57:31.285+1000][184,522s][info ][gc] GC(84) Pause Young (Concurrent Start) (G1 Evacuation Pause) 223M->204M(256M) 1,936ms
[2020-10-16T11:57:31.285+1000][184,522s][info ][gc] GC(85) Concurrent Cycle
[2020-10-16T11:57:31.415+1000][184,653s][info ][gc] GC(85) Pause Remark 207M->207M(256M) 0,205ms
[2020-10-16T11:57:31.476+1000][184,713s][info ][gc] GC(85) Pause Cleanup 209M->209M(256M) 0,090ms
[2020-10-16T11:57:31.476+1000][184,714s][info ][gc] GC(85) Concurrent Cycle 191,284ms
[2020-10-16T11:57:32.047+1000][185,285s][info ][gc] GC(86) Pause Young (Normal) (G1 Evacuation Pause) 224M->204M(256M) 1,549ms
[2020-10-16T11:57:32.801+1000][186,038s][info ][gc] GC(87) Pause Young (Concurrent Start) (G1 Evacuation Pause) 224M->205M(256M) 1,867ms
[2020-10-16T11:57:32.801+1000][186,038s][info ][gc] GC(88) Concurrent Cycle
[2020-10-16T11:57:32.943+1000][186,181s][info ][gc] GC(88) Pause Remark 209M->209M(256M) 0,173ms
[2020-10-16T11:57:33.022+1000][186,259s][info ][gc] GC(88) Pause Cleanup 211M->211M(256M) 0,095ms
[2020-10-16T11:57:33.022+1000][186,260s][info ][gc] GC(88) Concurrent Cycle 221,103ms
[2020-10-16T11:57:33.513+1000][186,751s][info ][gc] GC(89) Pause Young (Normal) (G1 Evacuation Pause) 224M->206M(256M) 1,793ms
[2020-10-16T11:57:34.236+1000][187,474s][info ][gc] GC(90) Pause Young (Concurrent Start) (G1 Evacuation Pause) 225M->207M(256M) 1,655ms
[2020-10-16T11:57:34.236+1000][187,474s][info ][gc] GC(91) Concurrent Cycle
[2020-10-16T11:57:34.372+1000][187,610s][info ][gc] GC(91) Pause Remark 211M->211M(256M) 0,271ms
[2020-10-16T11:57:34.440+1000][187,678s][info ][gc] GC(91) Pause Cleanup 213M->213M(256M) 0,101ms
[2020-10-16T11:57:34.440+1000][187,678s][info ][gc] GC(91) Concurrent Cycle 203,982ms
[2020-10-16T11:57:34.919+1000][188,157s][info ][gc] GC(92) Pause Young (Normal) (G1 Evacuation Pause) 225M->208M(256M) 2,708ms
[2020-10-16T11:57:35.562+1000][188,799s][info ][gc] GC(93) Pause Young (Concurrent Start) (G1 Evacuation Pause) 225M->208M(256M) 1,870ms
[2020-10-16T11:57:35.562+1000][188,799s][info ][gc] GC(94) Concurrent Cycle
[2020-10-16T11:57:35.701+1000][188,938s][info ][gc] GC(94) Pause Remark 212M->212M(256M) 0,257ms
[2020-10-16T11:57:35.759+1000][188,997s][info ][gc] GC(94) Pause Cleanup 214M->214M(256M) 0,098ms
[2020-10-16T11:57:35.759+1000][188,997s][info ][gc] GC(94) Concurrent Cycle 197,550ms
[2020-10-16T11:57:36.203+1000][189,440s][info ][gc] GC(95) Pause Young (Normal) (G1 Evacuation Pause) 225M->209M(256M) 1,221ms
[2020-10-16T11:57:36.805+1000][190,043s][info ][gc] GC(96) Pause Young (Concurrent Start) (G1 Evacuation Pause) 225M->210M(256M) 2,549ms
[2020-10-16T11:57:36.805+1000][190,043s][info ][gc] GC(97) Concurrent Cycle
[2020-10-16T11:57:36.933+1000][190,171s][info ][gc] GC(97) Pause Remark 213M->213M(256M) 0,156ms
[2020-10-16T11:57:36.996+1000][190,233s][info ][gc] GC(97) Pause Cleanup 215M->215M(256M) 0,088ms
[2020-10-16T11:57:36.996+1000][190,233s][info ][gc] GC(97) Concurrent Cycle 190,677ms
[2020-10-16T11:57:37.335+1000][190,573s][info ][gc] GC(98) Pause Young (Normal) (G1 Evacuation Pause) 224M->211M(256M) 1,923ms
[2020-10-16T11:57:37.906+1000][191,144s][info ][gc] GC(99) Pause Young (Concurrent Start) (G1 Evacuation Pause) 226M->211M(256M) 2,010ms
[2020-10-16T11:57:37.906+1000][191,144s][info ][gc] GC(100) Concurrent Cycle
[2020-10-16T11:57:38.097+1000][191,335s][info ][gc] GC(100) Pause Remark 216M->216M(256M) 0,204ms
[2020-10-16T11:57:38.166+1000][191,404s][info ][gc] GC(100) Pause Cleanup 218M->218M(256M) 0,108ms
[2020-10-16T11:57:38.167+1000][191,404s][info ][gc] GC(100) Concurrent Cycle 260,390ms
[2020-10-16T11:57:38.396+1000][191,633s][info ][gc] GC(101) Pause Young (Normal) (G1 Evacuation Pause) 224M->212M(256M) 1,804ms
[2020-10-16T11:57:38.926+1000][192,164s][info ][gc] GC(102) Pause Young (Concurrent Start) (G1 Evacuation Pause) 226M->212M(256M) 2,404ms
[2020-10-16T11:57:38.926+1000][192,164s][info ][gc] GC(103) Concurrent Cycle
[2020-10-16T11:57:39.058+1000][192,296s][info ][gc] GC(103) Pause Remark 216M->216M(256M) 0,192ms
[2020-10-16T11:57:39.124+1000][192,362s][info ][gc] GC(103) Pause Cleanup 218M->218M(256M) 0,093ms
[2020-10-16T11:57:39.125+1000][192,362s][info ][gc] GC(103) Concurrent Cycle 198,176ms
[2020-10-16T11:57:39.425+1000][192,663s][info ][gc] GC(104) Pause Young (Normal) (G1 Evacuation Pause) 225M->213M(256M) 1,609ms
[2020-10-16T11:57:39.873+1000][193,111s][info ][gc] GC(105) Pause Young (Concurrent Start) (G1 Evacuation Pause) 225M->213M(256M) 1,412ms
[2020-10-16T11:57:39.874+1000][193,111s][info ][gc] GC(106) Concurrent Cycle
[2020-10-16T11:57:40.013+1000][193,250s][info ][gc] GC(106) Pause Remark 217M->217M(256M) 0,166ms
[2020-10-16T11:57:40.076+1000][193,313s][info ][gc] GC(106) Pause Cleanup 219M->219M(256M) 0,094ms
[2020-10-16T11:57:40.076+1000][193,314s][info ][gc] GC(106) Concurrent Cycle 202,423ms
[2020-10-16T11:57:40.332+1000][193,569s][info ][gc] GC(107) Pause Young (Normal) (G1 Evacuation Pause) 225M->214M(256M) 1,340ms
[2020-10-16T11:57:40.740+1000][193,978s][info ][gc] GC(108) Pause Young (Concurrent Start) (G1 Evacuation Pause) 225M->214M(256M) 1,528ms
[2020-10-16T11:57:40.740+1000][193,978s][info ][gc] GC(109) Concurrent Cycle
[2020-10-16T11:57:40.880+1000][194,118s][info ][gc] GC(109) Pause Remark 218M->218M(256M) 0,178ms
[2020-10-16T11:57:40.945+1000][194,182s][info ][gc] GC(109) Pause Cleanup 220M->220M(256M) 0,114ms
[2020-10-16T11:57:40.945+1000][194,183s][info ][gc] GC(109) Concurrent Cycle 205,058ms
[2020-10-16T11:57:41.158+1000][194,396s][info ][gc] GC(110) Pause Young (Normal) (G1 Evacuation Pause) 225M->215M(256M) 2,134ms
[2020-10-16T11:57:41.536+1000][194,773s][info ][gc] GC(111) Pause Young (Concurrent Start) (G1 Evacuation Pause) 225M->215M(256M) 1,379ms
[2020-10-16T11:57:41.536+1000][194,773s][info ][gc] GC(112) Concurrent Cycle
[2020-10-16T11:57:41.666+1000][194,903s][info ][gc] GC(112) Pause Remark 219M->219M(256M) 0,186ms
[2020-10-16T11:57:41.738+1000][194,975s][info ][gc] GC(112) Pause Cleanup 220M->220M(256M) 0,096ms
[2020-10-16T11:57:41.738+1000][194,976s][info ][gc] GC(112) Concurrent Cycle 202,411ms
[2020-10-16T11:57:41.912+1000][195,150s][info ][gc] GC(113) Pause Young (Normal) (G1 Evacuation Pause) 225M->216M(256M) 0,990ms
[2020-10-16T11:57:42.290+1000][195,528s][info ][gc] GC(114) Pause Young (Concurrent Start) (G1 Evacuation Pause) 226M->216M(256M) 1,685ms
[2020-10-16T11:57:42.290+1000][195,528s][info ][gc] GC(115) Concurrent Cycle
[2020-10-16T11:57:42.494+1000][195,732s][info ][gc] GC(115) Pause Remark 221M->221M(256M) 0,241ms
[2020-10-16T11:57:42.564+1000][195,802s][info ][gc] GC(115) Pause Cleanup 223M->223M(256M) 0,114ms
[2020-10-16T11:57:42.565+1000][195,802s][info ][gc] GC(115) Concurrent Cycle 274,367ms
[2020-10-16T11:57:42.682+1000][195,919s][info ][gc] GC(116) Pause Young (Normal) (G1 Evacuation Pause) 226M->216M(256M) 0,873ms
[2020-10-16T11:57:43.089+1000][196,327s][info ][gc] GC(117) Pause Young (Concurrent Start) (G1 Evacuation Pause) 227M->217M(256M) 1,467ms
[2020-10-16T11:57:43.089+1000][196,327s][info ][gc] GC(118) Concurrent Cycle
[2020-10-16T11:57:43.235+1000][196,472s][info ][gc] GC(118) Pause Remark 221M->221M(256M) 0,207ms
[2020-10-16T11:57:43.329+1000][196,567s][info ][gc] GC(118) Pause Cleanup 223M->223M(256M) 0,106ms
[2020-10-16T11:57:43.330+1000][196,567s][info ][gc] GC(118) Concurrent Cycle 240,449ms
[2020-10-16T11:57:43.467+1000][196,704s][info ][gc] GC(119) Pause Young (Normal) (G1 Evacuation Pause) 227M->217M(256M) 1,791ms
[2020-10-16T11:57:43.844+1000][197,081s][info ][gc] GC(120) Pause Young (Concurrent Start) (G1 Evacuation Pause) 227M->218M(256M) 0,955ms
[2020-10-16T11:57:43.844+1000][197,081s][info ][gc] GC(121) Concurrent Cycle
[2020-10-16T11:57:43.982+1000][197,219s][info ][gc] GC(121) Pause Remark 222M->222M(256M) 0,211ms
[2020-10-16T11:57:44.047+1000][197,285s][info ][gc] GC(121) Pause Cleanup 223M->223M(256M) 0,114ms
[2020-10-16T11:57:44.048+1000][197,285s][info ][gc] GC(121) Concurrent Cycle 204,155ms
[2020-10-16T11:57:44.231+1000][197,468s][info ][gc] GC(122) Pause Young (Normal) (G1 Evacuation Pause) 228M->218M(256M) 1,346ms
[2020-10-16T11:57:44.639+1000][197,877s][info ][gc] GC(123) Pause Young (Concurrent Start) (G1 Evacuation Pause) 229M->219M(256M) 1,901ms
[2020-10-16T11:57:44.639+1000][197,877s][info ][gc] GC(124) Concurrent Cycle
[2020-10-16T11:57:44.771+1000][198,009s][info ][gc] GC(124) Pause Remark 222M->222M(256M) 0,189ms
[2020-10-16T11:57:44.832+1000][198,070s][info ][gc] GC(124) Pause Cleanup 224M->224M(256M) 0,126ms
[2020-10-16T11:57:44.833+1000][198,070s][info ][gc] GC(124) Concurrent Cycle 193,240ms
[2020-10-16T11:57:45.017+1000][198,255s][info ][gc] GC(125) Pause Young (Normal) (G1 Evacuation Pause) 229M->219M(256M) 1,704ms
[2020-10-16T11:57:45.395+1000][198,633s][info ][gc] GC(126) Pause Young (Concurrent Start) (G1 Evacuation Pause) 229M->220M(256M) 1,558ms
[2020-10-16T11:57:45.395+1000][198,633s][info ][gc] GC(127) Concurrent Cycle
[2020-10-16T11:57:45.536+1000][198,774s][info ][gc] GC(127) Pause Remark 223M->223M(256M) 0,230ms
[2020-10-16T11:57:45.623+1000][198,861s][info ][gc] GC(127) Pause Cleanup 226M->226M(256M) 0,098ms
[2020-10-16T11:57:45.623+1000][198,861s][info ][gc] GC(127) Concurrent Cycle 228,074ms
[2020-10-16T11:57:45.782+1000][199,019s][info ][gc] GC(128) Pause Young (Normal) (G1 Evacuation Pause) 230M->220M(256M) 0,998ms
[2020-10-16T11:57:46.190+1000][199,428s][info ][gc] GC(129) Pause Young (Concurrent Start) (G1 Evacuation Pause) 231M->220M(256M) 1,983ms
[2020-10-16T11:57:46.190+1000][199,428s][info ][gc] GC(130) Concurrent Cycle
[2020-10-16T11:57:46.321+1000][199,559s][info ][gc] GC(130) Pause Remark 224M->224M(256M) 0,200ms
[2020-10-16T11:57:46.384+1000][199,621s][info ][gc] GC(130) Pause Cleanup 226M->226M(256M) 0,096ms
[2020-10-16T11:57:46.384+1000][199,622s][info ][gc] GC(130) Concurrent Cycle 193,496ms
[2020-10-16T11:57:46.567+1000][199,805s][info ][gc] GC(131) Pause Young (Normal) (G1 Evacuation Pause) 230M->221M(256M) 1,290ms
[2020-10-16T11:57:46.944+1000][200,182s][info ][gc] GC(132) Pause Young (Concurrent Start) (G1 Evacuation Pause) 231M->221M(256M) 0,979ms
[2020-10-16T11:57:46.945+1000][200,182s][info ][gc] GC(133) Concurrent Cycle
[2020-10-16T11:57:47.076+1000][200,314s][info ][gc] GC(133) Pause Remark 225M->225M(256M) 0,195ms
[2020-10-16T11:57:47.140+1000][200,377s][info ][gc] GC(133) Pause Cleanup 227M->227M(256M) 0,093ms
[2020-10-16T11:57:47.140+1000][200,378s][info ][gc] GC(133) Concurrent Cycle 195,632ms
[2020-10-16T11:57:47.331+1000][200,569s][info ][gc] GC(134) Pause Young (Normal) (G1 Evacuation Pause) 231M->222M(256M) 0,960ms
[2020-10-16T11:57:47.739+1000][200,977s][info ][gc] GC(135) Pause Young (Concurrent Start) (G1 Evacuation Pause) 233M->222M(256M) 0,986ms
[2020-10-16T11:57:47.739+1000][200,977s][info ][gc] GC(136) Concurrent Cycle
[2020-10-16T11:57:47.879+1000][201,116s][info ][gc] GC(136) Pause Remark 226M->226M(256M) 0,164ms
[2020-10-16T11:57:47.942+1000][201,179s][info ][gc] GC(136) Pause Cleanup 227M->227M(256M) 0,098ms
[2020-10-16T11:57:47.942+1000][201,179s][info ][gc] GC(136) Concurrent Cycle 202,855ms
[2020-10-16T11:57:48.116+1000][201,354s][info ][gc] GC(137) Pause Young (Normal) (G1 Evacuation Pause) 232M->223M(256M) 1,375ms
[2020-10-16T11:57:48.494+1000][201,731s][info ][gc] GC(138) Pause Young (Concurrent Start) (G1 Evacuation Pause) 233M->223M(256M) 1,555ms
[2020-10-16T11:57:48.494+1000][201,731s][info ][gc] GC(139) Concurrent Cycle
[2020-10-16T11:57:48.630+1000][201,868s][info ][gc] GC(139) Pause Remark 227M->227M(256M) 0,168ms
[2020-10-16T11:57:48.697+1000][201,934s][info ][gc] GC(139) Pause Cleanup 228M->228M(256M) 0,094ms
[2020-10-16T11:57:48.697+1000][201,934s][info ][gc] GC(139) Concurrent Cycle 202,988ms
[2020-10-16T11:57:48.881+1000][202,118s][info ][gc] GC(140) Pause Young (Normal) (G1 Evacuation Pause) 233M->223M(256M) 0,949ms
[2020-10-16T11:57:49.288+1000][202,526s][info ][gc] GC(141) Pause Young (Concurrent Start) (G1 Evacuation Pause) 234M->224M(256M) 1,217ms
[2020-10-16T11:57:49.288+1000][202,526s][info ][gc] GC(142) Concurrent Cycle
[2020-10-16T11:57:49.423+1000][202,661s][info ][gc] GC(142) Pause Remark 228M->228M(256M) 0,221ms
[2020-10-16T11:57:49.487+1000][202,725s][info ][gc] GC(142) Pause Cleanup 229M->229M(256M) 0,115ms
[2020-10-16T11:57:49.488+1000][202,725s][info ][gc] GC(142) Concurrent Cycle 199,090ms
[2020-10-16T11:57:49.667+1000][202,904s][info ][gc] GC(143) Pause Young (Normal) (G1 Evacuation Pause) 234M->224M(256M) 2,564ms
[2020-10-16T11:57:50.044+1000][203,281s][info ][gc] GC(144) Pause Young (Concurrent Start) (G1 Evacuation Pause) 234M->225M(256M) 0,978ms
[2020-10-16T11:57:50.044+1000][203,282s][info ][gc] GC(145) Concurrent Cycle
[2020-10-16T11:57:50.183+1000][203,420s][info ][gc] GC(145) Pause Remark 229M->229M(256M) 0,195ms
[2020-10-16T11:57:50.250+1000][203,488s][info ][gc] GC(145) Pause Cleanup 230M->230M(256M) 0,090ms
[2020-10-16T11:57:50.251+1000][203,488s][info ][gc] GC(145) Concurrent Cycle 206,706ms
[2020-10-16T11:57:50.431+1000][203,668s][info ][gc] GC(146) Pause Young (Normal) (G1 Evacuation Pause) 235M->225M(256M) 1,159ms
[2020-10-16T11:57:50.839+1000][204,077s][info ][gc] GC(147) Pause Young (Concurrent Start) (G1 Evacuation Pause) 236M->226M(256M) 1,601ms
[2020-10-16T11:57:50.839+1000][204,077s][info ][gc] GC(148) Concurrent Cycle
[2020-10-16T11:57:50.975+1000][204,212s][info ][gc] GC(148) Pause Remark 229M->229M(256M) 0,196ms
[2020-10-16T11:57:51.044+1000][204,282s][info ][gc] GC(148) Pause Cleanup 231M->231M(256M) 0,099ms
[2020-10-16T11:57:51.044+1000][204,282s][info ][gc] GC(148) Concurrent Cycle 205,301ms
[2020-10-16T11:57:51.216+1000][204,453s][info ][gc] GC(149) Pause Young (Normal) (G1 Evacuation Pause) 236M->226M(256M) 1,307ms
[2020-10-16T11:57:51.593+1000][204,831s][info ][gc] GC(150) Pause Young (Concurrent Start) (G1 Evacuation Pause) 236M->227M(256M) 1,447ms
[2020-10-16T11:57:51.593+1000][204,831s][info ][gc] GC(151) Concurrent Cycle
[2020-10-16T11:57:51.731+1000][204,968s][info ][gc] GC(151) Pause Remark 230M->230M(256M) 0,201ms
[2020-10-16T11:57:51.793+1000][205,031s][info ][gc] GC(151) Pause Cleanup 232M->232M(256M) 0,111ms
[2020-10-16T11:57:51.793+1000][205,031s][info ][gc] GC(151) Concurrent Cycle 199,873ms
[2020-10-16T11:57:51.980+1000][205,218s][info ][gc] GC(152) Pause Young (Normal) (G1 Evacuation Pause) 237M->227M(256M) 1,169ms
[2020-10-16T11:57:52.388+1000][205,626s][info ][gc] GC(153) Pause Young (Concurrent Start) (G1 Evacuation Pause) 238M->227M(256M) 1,088ms
[2020-10-16T11:57:52.388+1000][205,626s][info ][gc] GC(154) Concurrent Cycle
[2020-10-16T11:57:52.530+1000][205,767s][info ][gc] GC(154) Pause Remark 231M->231M(256M) 0,236ms
[2020-10-16T11:57:52.597+1000][205,834s][info ][gc] GC(154) Pause Cleanup 233M->233M(256M) 0,091ms
[2020-10-16T11:57:52.597+1000][205,835s][info ][gc] GC(154) Concurrent Cycle 208,959ms
[2020-10-16T11:57:52.765+1000][206,003s][info ][gc] GC(155) Pause Young (Normal) (G1 Evacuation Pause) 237M->228M(256M) 1,570ms
[2020-10-16T11:57:53.143+1000][206,380s][info ][gc] GC(156) Pause Young (Concurrent Start) (G1 Evacuation Pause) 238M->228M(256M) 1,680ms
[2020-10-16T11:57:53.143+1000][206,380s][info ][gc] GC(157) Concurrent Cycle
[2020-10-16T11:57:53.282+1000][206,520s][info ][gc] GC(157) Pause Remark 232M->232M(256M) 0,173ms
[2020-10-16T11:57:53.351+1000][206,588s][info ][gc] GC(157) Pause Cleanup 234M->234M(256M) 0,106ms
[2020-10-16T11:57:53.351+1000][206,589s][info ][gc] GC(157) Concurrent Cycle 208,123ms
[2020-10-16T11:57:53.529+1000][206,766s][info ][gc] GC(158) Pause Young (Normal) (G1 Evacuation Pause) 238M->229M(256M) 0,861ms
[2020-10-16T11:57:53.937+1000][207,174s][info ][gc] GC(159) Pause Young (Concurrent Start) (G1 Evacuation Pause) 240M->229M(256M) 1,667ms
[2020-10-16T11:57:53.937+1000][207,174s][info ][gc] GC(160) Concurrent Cycle
[2020-10-16T11:57:54.143+1000][207,380s][info ][gc] GC(160) Pause Remark 235M->235M(256M) 0,162ms
[2020-10-16T11:57:54.207+1000][207,445s][info ][gc] GC(160) Pause Cleanup 236M->236M(256M) 0,093ms
[2020-10-16T11:57:54.208+1000][207,445s][info ][gc] GC(160) Concurrent Cycle 270,673ms
[2020-10-16T11:57:54.314+1000][207,551s][info ][gc] GC(161) Pause Young (Normal) (G1 Evacuation Pause) 239M->230M(256M) 1,287ms
[2020-10-16T11:57:54.691+1000][207,929s][info ][gc] GC(162) Pause Young (Concurrent Start) (G1 Evacuation Pause) 240M->230M(256M) 1,619ms
[2020-10-16T11:57:54.692+1000][207,929s][info ][gc] GC(163) Concurrent Cycle
[2020-10-16T11:57:54.833+1000][208,071s][info ][gc] GC(163) Pause Remark 234M->234M(256M) 0,198ms
[2020-10-16T11:57:54.903+1000][208,140s][info ][gc] GC(163) Pause Cleanup 236M->236M(256M) 0,094ms
[2020-10-16T11:57:54.903+1000][208,140s][info ][gc] GC(163) Concurrent Cycle 211,220ms
[2020-10-16T11:57:55.078+1000][208,316s][info ][gc] GC(164) Pause Young (Normal) (G1 Evacuation Pause) 240M->230M(256M) 1,048ms
[2020-10-16T11:57:55.486+1000][208,724s][info ][gc] GC(165) Pause Young (Concurrent Start) (G1 Evacuation Pause) 241M->231M(256M) 1,298ms
[2020-10-16T11:57:55.486+1000][208,724s][info ][gc] GC(166) Concurrent Cycle
[2020-10-16T11:57:55.622+1000][208,859s][info ][gc] GC(166) Pause Remark 235M->235M(256M) 0,189ms
[2020-10-16T11:57:55.687+1000][208,925s][info ][gc] GC(166) Pause Cleanup 236M->236M(256M) 0,093ms
[2020-10-16T11:57:55.688+1000][208,925s][info ][gc] GC(166) Concurrent Cycle 201,480ms
[2020-10-16T11:57:55.864+1000][209,101s][info ][gc] GC(167) Pause Young (Normal) (G1 Evacuation Pause) 241M->232M(256M) 1,847ms
[2020-10-16T11:57:56.241+1000][209,479s][info ][gc] GC(168) Pause Young (Concurrent Start) (G1 Evacuation Pause) 242M->232M(256M) 1,091ms
[2020-10-16T11:57:56.241+1000][209,479s][info ][gc] GC(169) Concurrent Cycle
[2020-10-16T11:57:56.382+1000][209,619s][info ][gc] GC(169) Pause Remark 236M->236M(256M) 0,175ms
[2020-10-16T11:57:56.447+1000][209,684s][info ][gc] GC(169) Pause Cleanup 237M->237M(256M) 0,094ms
[2020-10-16T11:57:56.447+1000][209,685s][info ][gc] GC(169) Concurrent Cycle 205,903ms
[2020-10-16T11:57:56.628+1000][209,866s][info ][gc] GC(170) Pause Young (Normal) (G1 Evacuation Pause) 242M->232M(256M) 1,218ms
[2020-10-16T11:57:57.035+1000][210,273s][info ][gc] GC(171) Pause Young (Concurrent Start) (G1 Evacuation Pause) 243M->233M(256M) 1,112ms
[2020-10-16T11:57:57.035+1000][210,273s][info ][gc] GC(172) Concurrent Cycle
[2020-10-16T11:57:57.175+1000][210,413s][info ][gc] GC(172) Pause Remark 236M->236M(256M) 0,220ms
[2020-10-16T11:57:57.242+1000][210,480s][info ][gc] GC(172) Pause Cleanup 238M->238M(256M) 0,101ms
[2020-10-16T11:57:57.243+1000][210,480s][info ][gc] GC(172) Concurrent Cycle 207,172ms
[2020-10-16T11:57:57.413+1000][210,651s][info ][gc] GC(173) Pause Young (Normal) (G1 Evacuation Pause) 243M->233M(256M) 1,859ms
[2020-10-16T11:57:57.792+1000][211,029s][info ][gc] GC(174) Pause Young (Concurrent Start) (G1 Evacuation Pause) 243M->234M(256M) 1,800ms
[2020-10-16T11:57:57.792+1000][211,029s][info ][gc] GC(175) Concurrent Cycle
[2020-10-16T11:57:57.951+1000][211,188s][info ][gc] GC(175) Pause Remark 238M->238M(256M) 0,254ms
[2020-10-16T11:57:58.023+1000][211,261s][info ][gc] GC(175) Pause Cleanup 240M->240M(256M) 0,128ms
[2020-10-16T11:57:58.023+1000][211,261s][info ][gc] GC(175) Concurrent Cycle 231,497ms
[2020-10-16T11:57:58.179+1000][211,416s][info ][gc] GC(176) Pause Young (Normal) (G1 Evacuation Pause) 244M->234M(256M) 1,306ms
[2020-10-16T11:57:58.586+1000][211,824s][info ][gc] GC(177) Pause Young (Concurrent Start) (G1 Evacuation Pause) 245M->235M(256M) 1,050ms
[2020-10-16T11:57:58.586+1000][211,824s][info ][gc] GC(178) Concurrent Cycle
[2020-10-16T11:57:58.733+1000][211,970s][info ][gc] GC(178) Pause Remark 239M->239M(256M) 0,220ms
[2020-10-16T11:57:58.801+1000][212,038s][info ][gc] GC(178) Pause Cleanup 240M->240M(256M) 0,102ms
[2020-10-16T11:57:58.801+1000][212,039s][info ][gc] GC(178) Concurrent Cycle 214,531ms
[2020-10-16T11:57:58.964+1000][212,201s][info ][gc] GC(179) Pause Young (Normal) (G1 Evacuation Pause) 245M->235M(256M) 1,469ms
[2020-10-16T11:57:59.341+1000][212,578s][info ][gc] GC(180) Pause Young (Concurrent Start) (G1 Evacuation Pause) 245M->235M(256M) 1,107ms
[2020-10-16T11:57:59.341+1000][212,578s][info ][gc] GC(181) Concurrent Cycle
[2020-10-16T11:57:59.480+1000][212,718s][info ][gc] GC(181) Pause Remark 239M->239M(256M) 0,214ms
[2020-10-16T11:57:59.553+1000][212,790s][info ][gc] GC(181) Pause Cleanup 241M->241M(256M) 0,094ms
[2020-10-16T11:57:59.553+1000][212,790s][info ][gc] GC(181) Concurrent Cycle 212,146ms
[2020-10-16T11:57:59.727+1000][212,965s][info ][gc] GC(182) Pause Young (Normal) (G1 Evacuation Pause) 245M->236M(256M) 0,860ms
[2020-10-16T11:58:00.136+1000][213,373s][info ][gc] GC(183) Pause Young (Concurrent Start) (G1 Evacuation Pause) 247M->236M(256M) 1,663ms
[2020-10-16T11:58:00.136+1000][213,373s][info ][gc] GC(184) Concurrent Cycle
[2020-10-16T11:58:00.284+1000][213,521s][info ][gc] GC(184) Pause Remark 240M->240M(256M) 0,252ms
[2020-10-16T11:58:00.351+1000][213,589s][info ][gc] GC(184) Pause Cleanup 242M->242M(256M) 0,091ms
[2020-10-16T11:58:00.351+1000][213,589s][info ][gc] GC(184) Concurrent Cycle 215,645ms
[2020-10-16T11:58:00.512+1000][213,750s][info ][gc] GC(185) Pause Young (Normal) (G1 Evacuation Pause) 246M->237M(256M) 1,171ms
[2020-10-16T11:58:00.889+1000][214,127s][info ][gc] GC(186) Pause Young (Concurrent Start) (G1 Evacuation Pause) 247M->237M(256M) 1,070ms
[2020-10-16T11:58:00.889+1000][214,127s][info ][gc] GC(187) Concurrent Cycle
[2020-10-16T11:58:01.039+1000][214,277s][info ][gc] GC(187) Pause Remark 241M->241M(256M) 0,237ms
[2020-10-16T11:58:01.112+1000][214,349s][info ][gc] GC(187) Pause Cleanup 243M->243M(256M) 0,104ms
[2020-10-16T11:58:01.112+1000][214,350s][info ][gc] GC(187) Concurrent Cycle 222,696ms
[2020-10-16T11:58:01.276+1000][214,513s][info ][gc] GC(188) Pause Young (Normal) (G1 Evacuation Pause) 247M->237M(256M) 0,981ms
[2020-10-16T11:58:01.683+1000][214,921s][info ][gc] GC(189) Pause Young (Concurrent Start) (G1 Evacuation Pause) 248M->238M(256M) 0,994ms
[2020-10-16T11:58:01.683+1000][214,921s][info ][gc] GC(190) Concurrent Cycle
[2020-10-16T11:58:01.831+1000][215,069s][info ][gc] GC(190) Pause Remark 242M->242M(256M) 0,189ms
[2020-10-16T11:58:01.901+1000][215,138s][info ][gc] GC(190) Pause Cleanup 244M->244M(256M) 0,096ms
[2020-10-16T11:58:01.901+1000][215,139s][info ][gc] GC(190) Concurrent Cycle 217,904ms
[2020-10-16T11:58:02.061+1000][215,299s][info ][gc] GC(191) Pause Young (Normal) (G1 Evacuation Pause) 248M->239M(256M) 2,095ms
[2020-10-16T11:58:02.439+1000][215,677s][info ][gc] GC(192) Pause Young (Concurrent Start) (G1 Evacuation Pause) 249M->239M(256M) 1,317ms
[2020-10-16T11:58:02.439+1000][215,677s][info ][gc] GC(193) Concurrent Cycle
[2020-10-16T11:58:02.597+1000][215,834s][info ][gc] GC(193) Pause Remark 243M->243M(256M) 0,181ms
[2020-10-16T11:58:02.673+1000][215,910s][info ][gc] GC(193) Pause Cleanup 245M->245M(256M) 0,094ms
[2020-10-16T11:58:02.673+1000][215,911s][info ][gc] GC(193) Concurrent Cycle 234,062ms
[2020-10-16T11:58:02.826+1000][216,063s][info ][gc] GC(194) Pause Young (Normal) (G1 Evacuation Pause) 249M->239M(256M) 1,361ms
[2020-10-16T11:58:03.234+1000][216,472s][info ][gc] GC(195) Pause Young (Concurrent Start) (G1 Evacuation Pause) 250M->240M(256M) 1,691ms
[2020-10-16T11:58:03.234+1000][216,472s][info ][gc] GC(196) Concurrent Cycle
[2020-10-16T11:58:03.398+1000][216,636s][info ][gc] GC(196) Pause Remark 244M->244M(256M) 0,214ms
[2020-10-16T11:58:03.469+1000][216,706s][info ][gc] GC(196) Pause Cleanup 246M->246M(256M) 0,096ms
[2020-10-16T11:58:03.469+1000][216,706s][info ][gc] GC(196) Concurrent Cycle 234,805ms
[2020-10-16T11:58:03.611+1000][216,848s][info ][gc] GC(197) Pause Young (Normal) (G1 Evacuation Pause) 250M->240M(256M) 1,275ms
[2020-10-16T11:58:03.988+1000][217,226s][info ][gc] GC(198) Pause Young (Concurrent Start) (G1 Evacuation Pause) 250M->241M(256M) 1,349ms
[2020-10-16T11:58:03.988+1000][217,226s][info ][gc] GC(199) Concurrent Cycle
[2020-10-16T11:58:04.129+1000][217,367s][info ][gc] GC(199) Pause Remark 244M->244M(256M) 0,229ms
[2020-10-16T11:58:04.203+1000][217,440s][info ][gc] GC(199) Pause Cleanup 247M->247M(256M) 0,094ms
[2020-10-16T11:58:04.203+1000][217,440s][info ][gc] GC(199) Concurrent Cycle 214,793ms
[2020-10-16T11:58:04.375+1000][217,613s][info ][gc] GC(200) Pause Young (Normal) (G1 Evacuation Pause) 251M->241M(256M) 1,307ms
[2020-10-16T11:58:04.783+1000][218,021s][info ][gc] GC(201) Pause Young (Concurrent Start) (G1 Evacuation Pause) 252M->242M(256M) 1,257ms
[2020-10-16T11:58:04.783+1000][218,021s][info ][gc] GC(202) Concurrent Cycle
[2020-10-16T11:58:04.931+1000][218,168s][info ][gc] GC(202) Pause Remark 246M->246M(256M) 0,181ms
[2020-10-16T11:58:05.000+1000][218,237s][info ][gc] GC(202) Pause Cleanup 247M->247M(256M) 0,108ms
[2020-10-16T11:58:05.000+1000][218,238s][info ][gc] GC(202) Concurrent Cycle 216,968ms
[2020-10-16T11:58:05.160+1000][218,398s][info ][gc] GC(203) Pause Young (Normal) (G1 Evacuation Pause) 252M->242M(256M) 1,933ms
[2020-10-16T11:58:05.579+1000][218,817s][info ][gc] GC(204) To-space exhausted
[2020-10-16T11:58:05.579+1000][218,817s][info ][gc] GC(204) Pause Young (Concurrent Start) (G1 Evacuation Pause) 253M->243M(256M) 2,825ms
[2020-10-16T11:58:05.580+1000][218,817s][info ][gc] GC(205) Concurrent Cycle
[2020-10-16T11:58:05.720+1000][218,958s][info ][gc] GC(205) Pause Remark 247M->247M(256M) 0,214ms
[2020-10-16T11:58:05.788+1000][219,026s][info ][gc] GC(205) Pause Cleanup 249M->249M(256M) 0,136ms
[2020-10-16T11:58:05.789+1000][219,026s][info ][gc] GC(205) Concurrent Cycle 209,100ms
[2020-10-16T11:58:06.002+1000][219,240s][info ][gc] GC(206) To-space exhausted
[2020-10-16T11:58:06.002+1000][219,240s][info ][gc] GC(206) Pause Young (Normal) (G1 Evacuation Pause) 254M->254M(256M) 5,429ms
[2020-10-16T11:58:06.117+1000][219,355s][info ][gc] GC(207) Pause Full (G1 Evacuation Pause) 254M->231M(256M) 114,900ms
[2020-10-16T11:58:06.576+1000][219,814s][info ][gc] GC(208) Pause Young (Concurrent Start) (G1 Evacuation Pause) 243M->232M(256M) 2,221ms
[2020-10-16T11:58:06.576+1000][219,814s][info ][gc] GC(209) Concurrent Cycle
[2020-10-16T11:58:06.720+1000][219,958s][info ][gc] GC(209) Pause Remark 236M->236M(256M) 0,226ms
[2020-10-16T11:58:06.802+1000][220,040s][info ][gc] GC(209) Pause Cleanup 238M->238M(256M) 0,100ms
[2020-10-16T11:58:06.803+1000][220,040s][info ][gc] GC(209) Concurrent Cycle 226,344ms
[2020-10-16T11:58:06.984+1000][220,221s][info ][gc] GC(210) Pause Young (Normal) (G1 Evacuation Pause) 243M->232M(256M) 1,169ms
[2020-10-16T11:58:07.361+1000][220,598s][info ][gc] GC(211) Pause Young (Concurrent Start) (G1 Evacuation Pause) 242M->233M(256M) 1,088ms
[2020-10-16T11:58:07.361+1000][220,598s][info ][gc] GC(212) Concurrent Cycle
[2020-10-16T11:58:07.507+1000][220,744s][info ][gc] GC(212) Pause Remark 237M->237M(256M) 0,243ms
[2020-10-16T11:58:07.577+1000][220,814s][info ][gc] GC(212) Pause Cleanup 239M->239M(256M) 0,128ms
[2020-10-16T11:58:07.577+1000][220,815s][info ][gc] GC(212) Concurrent Cycle 216,208ms
[2020-10-16T11:58:07.738+1000][220,975s][info ][gc] GC(213) Pause Young (Normal) (G1 Evacuation Pause) 243M->233M(256M) 1,242ms
[2020-10-16T11:58:08.124+1000][221,362s][info ][gc] GC(214) Pause Young (Concurrent Start) (G1 Evacuation Pause) 243M->233M(256M) 0,813ms
[2020-10-16T11:58:08.124+1000][221,362s][info ][gc] GC(215) Concurrent Cycle
[2020-10-16T11:58:08.312+1000][221,550s][info ][gc] GC(215) Pause Remark 239M->239M(256M) 0,273ms
[2020-10-16T11:58:08.391+1000][221,629s][info ][gc] GC(215) Pause Cleanup 241M->241M(256M) 0,102ms
[2020-10-16T11:58:08.392+1000][221,629s][info ][gc] GC(215) Concurrent Cycle 267,286ms
[2020-10-16T11:58:08.532+1000][221,770s][info ][gc] GC(216) Pause Young (Normal) (G1 Evacuation Pause) 244M->234M(256M) 1,342ms
[2020-10-16T11:58:08.911+1000][222,149s][info ][gc] GC(217) Pause Young (Concurrent Start) (G1 Evacuation Pause) 244M->234M(256M) 3,014ms
[2020-10-16T11:58:08.911+1000][222,149s][info ][gc] GC(218) Concurrent Cycle
[2020-10-16T11:58:09.065+1000][222,302s][info ][gc] GC(218) Pause Remark 239M->239M(256M) 0,227ms
[2020-10-16T11:58:09.138+1000][222,376s][info ][gc] GC(218) Pause Cleanup 240M->240M(256M) 0,102ms
[2020-10-16T11:58:09.139+1000][222,376s][info ][gc] GC(218) Concurrent Cycle 227,309ms
[2020-10-16T11:58:09.288+1000][222,526s][info ][gc] GC(219) Pause Young (Normal) (G1 Evacuation Pause) 244M->235M(256M) 0,993ms
[2020-10-16T11:58:09.677+1000][222,914s][info ][gc] GC(220) Pause Young (Concurrent Start) (G1 Evacuation Pause) 245M->235M(256M) 2,515ms
[2020-10-16T11:58:09.677+1000][222,914s][info ][gc] GC(221) Concurrent Cycle
[2020-10-16T11:58:09.839+1000][223,076s][info ][gc] GC(221) Pause Remark 239M->239M(256M) 0,205ms
[2020-10-16T11:58:09.913+1000][223,151s][info ][gc] GC(221) Pause Cleanup 242M->242M(256M) 0,086ms
[2020-10-16T11:58:09.913+1000][223,151s][info ][gc] GC(221) Concurrent Cycle 236,516ms
[2020-10-16T11:58:10.085+1000][223,322s][info ][gc] GC(222) Pause Young (Normal) (G1 Evacuation Pause) 246M->236M(256M) 1,625ms
[2020-10-16T11:58:10.462+1000][223,699s][info ][gc] GC(223) Pause Young (Concurrent Start) (G1 Evacuation Pause) 246M->236M(256M) 1,250ms
[2020-10-16T11:58:10.462+1000][223,700s][info ][gc] GC(224) Concurrent Cycle
[2020-10-16T11:58:10.611+1000][223,848s][info ][gc] GC(224) Pause Remark 240M->240M(256M) 0,218ms
[2020-10-16T11:58:10.683+1000][223,921s][info ][gc] GC(224) Pause Cleanup 242M->242M(256M) 0,096ms
[2020-10-16T11:58:10.683+1000][223,921s][info ][gc] GC(224) Concurrent Cycle 221,310ms
[2020-10-16T11:58:10.839+1000][224,076s][info ][gc] GC(225) Pause Young (Normal) (G1 Evacuation Pause) 246M->237M(256M) 1,097ms
[2020-10-16T11:58:11.226+1000][224,464s][info ][gc] GC(226) Pause Young (Concurrent Start) (G1 Evacuation Pause) 247M->237M(256M) 1,716ms
[2020-10-16T11:58:11.226+1000][224,464s][info ][gc] GC(227) Concurrent Cycle
[2020-10-16T11:58:11.372+1000][224,610s][info ][gc] GC(227) Pause Remark 241M->241M(256M) 0,204ms
[2020-10-16T11:58:11.443+1000][224,680s][info ][gc] GC(227) Pause Cleanup 243M->243M(256M) 0,109ms
[2020-10-16T11:58:11.443+1000][224,681s][info ][gc] GC(227) Concurrent Cycle 216,659ms
[2020-10-16T11:58:11.633+1000][224,871s][info ][gc] GC(228) Pause Young (Normal) (G1 Evacuation Pause) 248M->237M(256M) 1,024ms
[2020-10-16T11:58:12.011+1000][225,248s][info ][gc] GC(229) Pause Young (Concurrent Start) (G1 Evacuation Pause) 247M->238M(256M) 1,277ms
[2020-10-16T11:58:12.011+1000][225,248s][info ][gc] GC(230) Concurrent Cycle
[2020-10-16T11:58:12.164+1000][225,402s][info ][gc] GC(230) Pause Remark 242M->242M(256M) 0,258ms
[2020-10-16T11:58:12.236+1000][225,474s][info ][gc] GC(230) Pause Cleanup 244M->244M(256M) 0,085ms
[2020-10-16T11:58:12.237+1000][225,474s][info ][gc] GC(230) Concurrent Cycle 225,662ms
[2020-10-16T11:58:12.387+1000][225,625s][info ][gc] GC(231) Pause Young (Normal) (G1 Evacuation Pause) 248M->238M(256M) 1,019ms
[2020-10-16T11:58:12.805+1000][226,043s][info ][gc] GC(232) Pause Young (Concurrent Start) (G1 Evacuation Pause) 249M->239M(256M) 0,982ms
[2020-10-16T11:58:12.805+1000][226,043s][info ][gc] GC(233) Concurrent Cycle
[2020-10-16T11:58:12.964+1000][226,201s][info ][gc] GC(233) Pause Remark 243M->243M(256M) 0,190ms
[2020-10-16T11:58:13.037+1000][226,274s][info ][gc] GC(233) Pause Cleanup 245M->245M(256M) 0,083ms
[2020-10-16T11:58:13.037+1000][226,275s][info ][gc] GC(233) Concurrent Cycle 231,917ms
[2020-10-16T11:58:13.223+1000][226,461s][info ][gc] GC(234) To-space exhausted
[2020-10-16T11:58:13.223+1000][226,461s][info ][gc] GC(234) Pause Young (Normal) (G1 Evacuation Pause) 250M->242M(256M) 1,873ms
[2020-10-16T11:58:13.572+1000][226,809s][info ][gc] GC(235) To-space exhausted
[2020-10-16T11:58:13.572+1000][226,810s][info ][gc] GC(235) Pause Young (Concurrent Start) (G1 Evacuation Pause) 251M->251M(256M) 3,297ms
[2020-10-16T11:58:13.572+1000][226,810s][info ][gc] GC(237) Concurrent Cycle
[2020-10-16T11:58:13.572+1000][226,810s][debug][gc] GC(236) Clear Next Bitmap 0,235ms
[2020-10-16T11:58:13.680+1000][226,917s][info ][gc] GC(236) Pause Full (G1 Evacuation Pause) 251M->239M(256M) 107,737ms
[2020-10-16T11:58:13.680+1000][226,917s][info ][gc] GC(237) Concurrent Cycle 107,940ms
[2020-10-16T11:58:14.130+1000][227,367s][info ][gc] GC(238) To-space exhausted
[2020-10-16T11:58:14.130+1000][227,367s][info ][gc] GC(238) Pause Young (Normal) (G1 Evacuation Pause) 251M->251M(256M) 2,662ms
[2020-10-16T11:58:14.238+1000][227,476s][info ][gc] GC(239) Pause Full (G1 Evacuation Pause) 251M->239M(256M) 108,238ms
[2020-10-16T11:58:14.696+1000][227,934s][info ][gc] GC(240) Pause Young (Concurrent Start) (G1 Evacuation Pause) 251M->240M(256M) 0,655ms
[2020-10-16T11:58:14.696+1000][227,934s][info ][gc] GC(241) Concurrent Cycle
[2020-10-16T11:58:14.849+1000][228,086s][info ][gc] GC(241) Pause Remark 244M->244M(256M) 0,243ms
[2020-10-16T11:58:14.920+1000][228,158s][info ][gc] GC(241) Pause Cleanup 246M->246M(256M) 0,113ms
[2020-10-16T11:58:14.920+1000][228,158s][info ][gc] GC(241) Concurrent Cycle 224,263ms
[2020-10-16T11:58:15.104+1000][228,341s][info ][gc] GC(242) To-space exhausted
[2020-10-16T11:58:15.104+1000][228,341s][info ][gc] GC(242) Pause Young (Normal) (G1 Evacuation Pause) 251M->242M(256M) 1,583ms
[2020-10-16T11:58:15.485+1000][228,723s][info ][gc] GC(243) To-space exhausted
[2020-10-16T11:58:15.485+1000][228,723s][info ][gc] GC(243) Pause Young (Concurrent Start) (G1 Evacuation Pause) 252M->252M(256M) 5,394ms
[2020-10-16T11:58:15.485+1000][228,723s][info ][gc] GC(244) Concurrent Cycle
[2020-10-16T11:58:15.485+1000][228,723s][debug][gc] GC(245) Clear Next Bitmap 0,229ms
[2020-10-16T11:58:15.594+1000][228,831s][info ][gc] GC(245) Pause Full (G1 Evacuation Pause) 252M->241M(256M) 108,558ms
[2020-10-16T11:58:15.594+1000][228,831s][info ][gc] GC(244) Concurrent Cycle 108,761ms
[2020-10-16T11:58:16.016+1000][229,254s][info ][gc] GC(246) To-space exhausted
[2020-10-16T11:58:16.016+1000][229,254s][info ][gc] GC(246) Pause Young (Normal) (G1 Evacuation Pause) 252M->252M(256M) 5,663ms
[2020-10-16T11:58:16.119+1000][229,356s][info ][gc] GC(247) Pause Full (G1 Evacuation Pause) 252M->241M(256M) 102,415ms
[2020-10-16T11:58:16.499+1000][229,736s][info ][gc] GC(248) To-space exhausted
[2020-10-16T11:58:16.499+1000][229,736s][info ][gc] GC(248) Pause Young (Concurrent Start) (G1 Evacuation Pause) 251M->251M(256M) 3,838ms
[2020-10-16T11:58:16.499+1000][229,736s][info ][gc] GC(250) Concurrent Cycle
[2020-10-16T11:58:16.499+1000][229,736s][debug][gc] GC(249) Clear Next Bitmap 0,180ms
[2020-10-16T11:58:16.603+1000][229,841s][info ][gc] GC(249) Pause Full (G1 Evacuation Pause) 251M->242M(256M) 104,724ms
[2020-10-16T11:58:16.604+1000][229,841s][info ][gc] GC(250) Concurrent Cycle 104,873ms
[2020-10-16T11:58:16.951+1000][230,189s][info ][gc] GC(251) To-space exhausted
[2020-10-16T11:58:16.952+1000][230,189s][info ][gc] GC(251) Pause Young (Normal) (G1 Evacuation Pause) 251M->251M(256M) 2,641ms
[2020-10-16T11:58:17.054+1000][230,292s][info ][gc] GC(252) Pause Full (G1 Evacuation Pause) 251M->242M(256M) 102,728ms
[2020-10-16T11:58:17.393+1000][230,631s][info ][gc] GC(253) To-space exhausted
[2020-10-16T11:58:17.394+1000][230,631s][info ][gc] GC(253) Pause Young (Concurrent Start) (G1 Evacuation Pause) 251M->251M(256M) 3,861ms
[2020-10-16T11:58:17.394+1000][230,631s][info ][gc] GC(254) Concurrent Cycle
[2020-10-16T11:58:17.394+1000][230,631s][debug][gc] GC(255) Clear Next Bitmap 0,186ms
[2020-10-16T11:58:17.494+1000][230,731s][info ][gc] GC(255) Pause Full (G1 Evacuation Pause) 251M->242M(256M) 99,879ms
[2020-10-16T11:58:17.494+1000][230,731s][info ][gc] GC(254) Concurrent Cycle 99,989ms
[2020-10-16T11:58:17.842+1000][231,080s][info ][gc] GC(256) To-space exhausted
[2020-10-16T11:58:17.842+1000][231,080s][info ][gc] GC(256) Pause Young (Normal) (G1 Evacuation Pause) 251M->251M(256M) 3,404ms
[2020-10-16T11:58:17.944+1000][231,181s][info ][gc] GC(257) Pause Full (G1 Evacuation Pause) 251M->242M(256M) 101,296ms
[2020-10-16T11:58:18.322+1000][231,560s][info ][gc] GC(258) To-space exhausted
[2020-10-16T11:58:18.322+1000][231,560s][info ][gc] GC(258) Pause Young (Concurrent Start) (G1 Evacuation Pause) 252M->252M(256M) 2,313ms
[2020-10-16T11:58:18.322+1000][231,560s][info ][gc] GC(259) Concurrent Cycle
[2020-10-16T11:58:18.322+1000][231,560s][debug][gc] GC(260) Clear Next Bitmap 0,168ms
[2020-10-16T11:58:18.424+1000][231,661s][info ][gc] GC(260) Pause Full (G1 Evacuation Pause) 252M->243M(256M) 101,420ms
[2020-10-16T11:58:18.424+1000][231,661s][info ][gc] GC(259) Concurrent Cycle 101,553ms
[2020-10-16T11:58:18.721+1000][231,959s][info ][gc] GC(261) To-space exhausted
[2020-10-16T11:58:18.721+1000][231,959s][info ][gc] GC(261) Pause Young (Normal) (G1 Evacuation Pause) 251M->251M(256M) 2,934ms
[2020-10-16T11:58:18.822+1000][232,060s][info ][gc] GC(262) Pause Full (G1 Evacuation Pause) 251M->243M(256M) 100,769ms
[2020-10-16T11:58:19.089+1000][232,327s][info ][gc] GC(263) To-space exhausted
[2020-10-16T11:58:19.089+1000][232,327s][info ][gc] GC(263) Pause Young (Concurrent Start) (G1 Evacuation Pause) 250M->250M(256M) 2,833ms
[2020-10-16T11:58:19.089+1000][232,327s][info ][gc] GC(265) Concurrent Cycle
[2020-10-16T11:58:19.090+1000][232,327s][debug][gc] GC(264) Clear Next Bitmap 0,204ms
[2020-10-16T11:58:19.189+1000][232,427s][info ][gc] GC(264) Pause Full (G1 Evacuation Pause) 250M->244M(256M) 99,982ms
[2020-10-16T11:58:19.189+1000][232,427s][info ][gc] GC(265) Concurrent Cycle 100,081ms
[2020-10-16T11:58:19.496+1000][232,734s][info ][gc] GC(266) To-space exhausted
[2020-10-16T11:58:19.496+1000][232,734s][info ][gc] GC(266) Pause Young (Normal) (G1 Evacuation Pause) 252M->252M(256M) 2,040ms
[2020-10-16T11:58:19.597+1000][232,835s][info ][gc] GC(267) Pause Full (G1 Evacuation Pause) 252M->244M(256M) 100,936ms
[2020-10-16T11:58:19.866+1000][233,104s][info ][gc] GC(268) To-space exhausted
[2020-10-16T11:58:19.866+1000][233,104s][info ][gc] GC(268) Pause Young (Concurrent Start) (G1 Evacuation Pause) 251M->251M(256M) 4,171ms
[2020-10-16T11:58:19.866+1000][233,104s][info ][gc] GC(270) Concurrent Cycle
[2020-10-16T11:58:19.866+1000][233,104s][debug][gc] GC(269) Clear Next Bitmap 0,189ms
[2020-10-16T11:58:19.989+1000][233,227s][info ][gc] GC(269) Pause Full (G1 Evacuation Pause) 251M->244M(256M) 123,407ms
[2020-10-16T11:58:19.990+1000][233,227s][info ][gc] GC(270) Concurrent Cycle 123,524ms
[2020-10-16T11:58:20.297+1000][233,535s][info ][gc] GC(271) To-space exhausted
[2020-10-16T11:58:20.297+1000][233,535s][info ][gc] GC(271) Pause Young (Normal) (G1 Evacuation Pause) 252M->252M(256M) 2,326ms
[2020-10-16T11:58:20.406+1000][233,644s][info ][gc] GC(272) Pause Full (G1 Evacuation Pause) 252M->244M(256M) 108,955ms
[2020-10-16T11:58:20.663+1000][233,901s][info ][gc] GC(273) To-space exhausted
[2020-10-16T11:58:20.663+1000][233,901s][info ][gc] GC(273) Pause Young (Concurrent Start) (G1 Evacuation Pause) 251M->251M(256M) 2,792ms
[2020-10-16T11:58:20.663+1000][233,901s][info ][gc] GC(275) Concurrent Cycle
[2020-10-16T11:58:20.663+1000][233,901s][debug][gc] GC(274) Clear Next Bitmap 0,187ms
[2020-10-16T11:58:20.764+1000][234,001s][info ][gc] GC(274) Pause Full (G1 Evacuation Pause) 251M->245M(256M) 100,681ms
[2020-10-16T11:58:20.764+1000][234,001s][info ][gc] GC(275) Concurrent Cycle 100,779ms
[2020-10-16T11:58:21.072+1000][234,310s][info ][gc] GC(276) To-space exhausted
[2020-10-16T11:58:21.072+1000][234,310s][info ][gc] GC(276) Pause Young (Normal) (G1 Evacuation Pause) 253M->253M(256M) 3,405ms
[2020-10-16T11:58:21.173+1000][234,410s][info ][gc] GC(277) Pause Full (G1 Evacuation Pause) 253M->245M(256M) 100,321ms
[2020-10-16T11:58:21.439+1000][234,677s][info ][gc] GC(278) To-space exhausted
[2020-10-16T11:58:21.440+1000][234,677s][info ][gc] GC(278) Pause Young (Concurrent Start) (G1 Evacuation Pause) 252M->252M(256M) 2,812ms
[2020-10-16T11:58:21.440+1000][234,677s][info ][gc] GC(280) Concurrent Cycle
[2020-10-16T11:58:21.440+1000][234,677s][debug][gc] GC(279) Clear Next Bitmap 0,222ms
[2020-10-16T11:58:21.540+1000][234,778s][info ][gc] GC(279) Pause Full (G1 Evacuation Pause) 252M->245M(256M) 100,377ms
[2020-10-16T11:58:21.540+1000][234,778s][info ][gc] GC(280) Concurrent Cycle 100,481ms
[2020-10-16T11:58:21.735+1000][234,972s][info ][gc] GC(281) To-space exhausted
[2020-10-16T11:58:21.735+1000][234,973s][info ][gc] GC(281) Pause Young (Normal) (G1 Evacuation Pause) 250M->250M(256M) 1,971ms
[2020-10-16T11:58:21.841+1000][235,079s][info ][gc] GC(282) Pause Full (G1 Evacuation Pause) 250M->246M(256M) 105,864ms
[2020-10-16T11:58:22.110+1000][235,348s][info ][gc] GC(283) To-space exhausted
[2020-10-16T11:58:22.110+1000][235,348s][info ][gc] GC(283) Pause Young (Concurrent Start) (G1 Evacuation Pause) 253M->253M(256M) 4,515ms
[2020-10-16T11:58:22.110+1000][235,348s][info ][gc] GC(285) Concurrent Cycle
[2020-10-16T11:58:22.110+1000][235,348s][debug][gc] GC(284) Clear Next Bitmap 0,224ms
[2020-10-16T11:58:22.212+1000][235,449s][info ][gc] GC(284) Pause Full (G1 Evacuation Pause) 253M->246M(256M) 101,564ms
[2020-10-16T11:58:22.212+1000][235,449s][info ][gc] GC(285) Concurrent Cycle 101,674ms
[2020-10-16T11:58:22.438+1000][235,676s][info ][gc] GC(286) To-space exhausted
[2020-10-16T11:58:22.438+1000][235,676s][info ][gc] GC(286) Pause Young (Normal) (G1 Evacuation Pause) 252M->252M(256M) 2,969ms
[2020-10-16T11:58:22.540+1000][235,777s][info ][gc] GC(287) Pause Full (G1 Evacuation Pause) 252M->246M(256M) 101,249ms
[2020-10-16T11:58:22.765+1000][236,003s][info ][gc] GC(288) To-space exhausted
[2020-10-16T11:58:22.765+1000][236,003s][info ][gc] GC(288) Pause Young (Concurrent Start) (G1 Evacuation Pause) 252M->252M(256M) 2,071ms
[2020-10-16T11:58:22.765+1000][236,003s][info ][gc] GC(289) Concurrent Cycle
[2020-10-16T11:58:22.765+1000][236,003s][debug][gc] GC(290) Clear Next Bitmap 0,196ms
[2020-10-16T11:58:22.871+1000][236,109s][info ][gc] GC(290) Pause Full (G1 Evacuation Pause) 252M->246M(256M) 105,794ms
[2020-10-16T11:58:22.871+1000][236,109s][info ][gc] GC(289) Concurrent Cycle 105,894ms
[2020-10-16T11:58:23.027+1000][236,265s][info ][gc] GC(291) To-space exhausted
[2020-10-16T11:58:23.027+1000][236,265s][info ][gc] GC(291) Pause Young (Normal) (G1 Evacuation Pause) 250M->250M(256M) 1,806ms
[2020-10-16T11:58:23.130+1000][236,368s][info ][gc] GC(292) Pause Full (G1 Evacuation Pause) 250M->247M(256M) 103,002ms
[2020-10-16T11:58:23.326+1000][236,563s][info ][gc] GC(293) To-space exhausted
[2020-10-16T11:58:23.326+1000][236,564s][info ][gc] GC(293) Pause Young (Concurrent Start) (G1 Evacuation Pause) 252M->252M(256M) 2,695ms
[2020-10-16T11:58:23.326+1000][236,564s][info ][gc] GC(295) Concurrent Cycle
[2020-10-16T11:58:23.326+1000][236,564s][debug][gc] GC(294) Clear Next Bitmap 0,211ms
[2020-10-16T11:58:23.433+1000][236,671s][info ][gc] GC(294) Pause Full (G1 Evacuation Pause) 252M->247M(256M) 107,153ms
[2020-10-16T11:58:23.433+1000][236,671s][info ][gc] GC(295) Concurrent Cycle 107,257ms
[2020-10-16T11:58:23.618+1000][236,855s][info ][gc] GC(296) To-space exhausted
[2020-10-16T11:58:23.618+1000][236,856s][info ][gc] GC(296) Pause Young (Normal) (G1 Evacuation Pause) 252M->252M(256M) 1,861ms
[2020-10-16T11:58:23.718+1000][236,956s][info ][gc] GC(297) Pause Full (G1 Evacuation Pause) 252M->247M(256M) 100,410ms
[2020-10-16T11:58:23.914+1000][237,152s][info ][gc] GC(298) To-space exhausted
[2020-10-16T11:58:23.914+1000][237,152s][info ][gc] GC(298) Pause Young (Concurrent Start) (G1 Evacuation Pause) 252M->252M(256M) 2,598ms
[2020-10-16T11:58:23.914+1000][237,152s][info ][gc] GC(300) Concurrent Cycle
[2020-10-16T11:58:23.915+1000][237,152s][debug][gc] GC(299) Clear Next Bitmap 0,191ms
[2020-10-16T11:58:24.017+1000][237,254s][info ][gc] GC(299) Pause Full (G1 Evacuation Pause) 252M->247M(256M) 102,404ms
[2020-10-16T11:58:24.017+1000][237,255s][info ][gc] GC(300) Concurrent Cycle 102,501ms
[2020-10-16T11:58:24.161+1000][237,399s][info ][gc] GC(301) To-space exhausted
[2020-10-16T11:58:24.161+1000][237,399s][info ][gc] GC(301) Pause Young (Normal) (G1 Evacuation Pause) 251M->251M(256M) 1,800ms
[2020-10-16T11:58:24.261+1000][237,498s][info ][gc] GC(302) Pause Full (G1 Evacuation Pause) 251M->247M(256M) 99,694ms
[2020-10-16T11:58:24.416+1000][237,654s][info ][gc] GC(303) To-space exhausted
[2020-10-16T11:58:24.416+1000][237,654s][info ][gc] GC(303) Pause Young (Concurrent Start) (G1 Evacuation Pause) 251M->251M(256M) 2,915ms
[2020-10-16T11:58:24.416+1000][237,654s][info ][gc] GC(305) Concurrent Cycle
[2020-10-16T11:58:24.417+1000][237,654s][debug][gc] GC(304) Clear Next Bitmap 0,208ms
[2020-10-16T11:58:24.518+1000][237,755s][info ][gc] GC(304) Pause Full (G1 Evacuation Pause) 251M->247M(256M) 101,279ms
[2020-10-16T11:58:24.518+1000][237,755s][info ][gc] GC(305) Concurrent Cycle 101,380ms
[2020-10-16T11:58:24.672+1000][237,910s][info ][gc] GC(306) To-space exhausted
[2020-10-16T11:58:24.672+1000][237,910s][info ][gc] GC(306) Pause Young (Normal) (G1 Evacuation Pause) 251M->251M(256M) 2,344ms
[2020-10-16T11:58:24.781+1000][238,019s][info ][gc] GC(307) Pause Full (G1 Evacuation Pause) 251M->248M(256M) 108,475ms
[2020-10-16T11:58:24.936+1000][238,173s][info ][gc] GC(308) To-space exhausted
[2020-10-16T11:58:24.936+1000][238,174s][info ][gc] GC(308) Pause Young (Concurrent Start) (G1 Evacuation Pause) 252M->252M(256M) 2,406ms
[2020-10-16T11:58:24.936+1000][238,174s][info ][gc] GC(310) Concurrent Cycle
[2020-10-16T11:58:24.936+1000][238,174s][debug][gc] GC(309) Clear Next Bitmap 0,190ms
[2020-10-16T11:58:25.039+1000][238,276s][info ][gc] GC(309) Pause Full (G1 Evacuation Pause) 252M->248M(256M) 102,762ms
[2020-10-16T11:58:25.039+1000][238,276s][info ][gc] GC(310) Concurrent Cycle 102,880ms
[2020-10-16T11:58:25.224+1000][238,462s][info ][gc] GC(311) To-space exhausted
[2020-10-16T11:58:25.224+1000][238,462s][info ][gc] GC(311) Pause Young (Normal) (G1 Evacuation Pause) 253M->253M(256M) 2,622ms
[2020-10-16T11:58:25.325+1000][238,563s][info ][gc] GC(312) Pause Full (G1 Evacuation Pause) 253M->248M(256M) 100,867ms
[2020-10-16T11:58:25.409+1000][238,646s][info ][gc] GC(313) To-space exhausted
[2020-10-16T11:58:25.409+1000][238,646s][info ][gc] GC(313) Pause Young (Concurrent Start) (G1 Evacuation Pause) 250M->250M(256M) 2,071ms
[2020-10-16T11:58:25.409+1000][238,646s][info ][gc] GC(315) Concurrent Cycle
[2020-10-16T11:58:25.409+1000][238,647s][debug][gc] GC(314) Clear Next Bitmap 0,260ms
[2020-10-16T11:58:25.513+1000][238,751s][info ][gc] GC(314) Pause Full (G1 Evacuation Pause) 250M->248M(256M) 104,071ms
[2020-10-16T11:58:25.513+1000][238,751s][info ][gc] GC(315) Concurrent Cycle 104,164ms
[2020-10-16T11:58:25.668+1000][238,906s][info ][gc] GC(316) To-space exhausted
[2020-10-16T11:58:25.668+1000][238,906s][info ][gc] GC(316) Pause Young (Normal) (G1 Evacuation Pause) 252M->252M(256M) 2,646ms
[2020-10-16T11:58:25.773+1000][239,011s][info ][gc] GC(317) Pause Full (G1 Evacuation Pause) 252M->248M(256M) 104,996ms
[2020-10-16T11:58:25.928+1000][239,165s][info ][gc] GC(318) To-space exhausted
[2020-10-16T11:58:25.928+1000][239,166s][info ][gc] GC(318) Pause Young (Concurrent Start) (G1 Evacuation Pause) 252M->252M(256M) 2,361ms
[2020-10-16T11:58:25.928+1000][239,166s][info ][gc] GC(320) Concurrent Cycle
[2020-10-16T11:58:25.928+1000][239,166s][debug][gc] GC(319) Clear Next Bitmap 0,179ms
[2020-10-16T11:58:26.030+1000][239,268s][info ][gc] GC(319) Pause Full (G1 Evacuation Pause) 252M->248M(256M) 101,903ms
[2020-10-16T11:58:26.030+1000][239,268s][info ][gc] GC(320) Concurrent Cycle 101,998ms
[2020-10-16T11:58:26.216+1000][239,453s][info ][gc] GC(321) To-space exhausted
[2020-10-16T11:58:26.216+1000][239,453s][info ][gc] GC(321) Pause Young (Normal) (G1 Evacuation Pause) 253M->253M(256M) 2,507ms
[2020-10-16T11:58:26.316+1000][239,554s][info ][gc] GC(322) Pause Full (G1 Evacuation Pause) 253M->249M(256M) 100,593ms
[2020-10-16T11:58:26.430+1000][239,667s][info ][gc] GC(323) To-space exhausted
[2020-10-16T11:58:26.430+1000][239,668s][info ][gc] GC(323) Pause Young (Concurrent Start) (G1 Evacuation Pause) 252M->252M(256M) 1,931ms
[2020-10-16T11:58:26.430+1000][239,668s][info ][gc] GC(325) Concurrent Cycle
[2020-10-16T11:58:26.430+1000][239,668s][debug][gc] GC(324) Clear Next Bitmap 0,190ms
[2020-10-16T11:58:26.532+1000][239,770s][info ][gc] GC(324) Pause Full (G1 Evacuation Pause) 252M->249M(256M) 102,090ms
[2020-10-16T11:58:26.532+1000][239,770s][info ][gc] GC(325) Concurrent Cycle 102,179ms
[2020-10-16T11:58:26.688+1000][239,925s][info ][gc] GC(326) To-space exhausted
[2020-10-16T11:58:26.688+1000][239,926s][info ][gc] GC(326) Pause Young (Normal) (G1 Evacuation Pause) 253M->253M(256M) 3,376ms
[2020-10-16T11:58:26.788+1000][240,026s][info ][gc] GC(327) Pause Full (G1 Evacuation Pause) 253M->249M(256M) 100,415ms
[2020-10-16T11:58:26.904+1000][240,141s][info ][gc] GC(328) To-space exhausted
[2020-10-16T11:58:26.904+1000][240,142s][info ][gc] GC(328) Pause Young (Concurrent Start) (G1 Evacuation Pause) 252M->252M(256M) 3,622ms
[2020-10-16T11:58:26.904+1000][240,142s][info ][gc] GC(330) Concurrent Cycle
[2020-10-16T11:58:26.904+1000][240,142s][debug][gc] GC(329) Clear Next Bitmap 0,207ms
[2020-10-16T11:58:27.008+1000][240,246s][info ][gc] GC(329) Pause Full (G1 Evacuation Pause) 252M->249M(256M) 104,340ms
[2020-10-16T11:58:27.009+1000][240,246s][info ][gc] GC(330) Concurrent Cycle 104,465ms
[2020-10-16T11:58:27.163+1000][240,400s][info ][gc] GC(331) To-space exhausted
[2020-10-16T11:58:27.163+1000][240,400s][info ][gc] GC(331) Pause Young (Normal) (G1 Evacuation Pause) 253M->253M(256M) 1,765ms
[2020-10-16T11:58:27.264+1000][240,502s][info ][gc] GC(332) Pause Full (G1 Evacuation Pause) 253M->249M(256M) 101,232ms
[2020-10-16T11:58:27.378+1000][240,616s][info ][gc] GC(333) To-space exhausted
[2020-10-16T11:58:27.378+1000][240,616s][info ][gc] GC(333) Pause Young (Concurrent Start) (G1 Evacuation Pause) 252M->252M(256M) 2,259ms
[2020-10-16T11:58:27.378+1000][240,616s][info ][gc] GC(335) Concurrent Cycle
[2020-10-16T11:58:27.379+1000][240,616s][debug][gc] GC(334) Clear Next Bitmap 0,193ms
[2020-10-16T11:58:27.497+1000][240,735s][info ][gc] GC(334) Pause Full (G1 Evacuation Pause) 252M->249M(256M) 118,812ms
[2020-10-16T11:58:27.497+1000][240,735s][info ][gc] GC(335) Concurrent Cycle 118,922ms
[2020-10-16T11:58:27.580+1000][240,818s][info ][gc] GC(336) To-space exhausted
[2020-10-16T11:58:27.581+1000][240,818s][info ][gc] GC(336) Pause Young (Normal) (G1 Evacuation Pause) 251M->251M(256M) 1,881ms
[2020-10-16T11:58:27.683+1000][240,920s][info ][gc] GC(337) Pause Full (G1 Evacuation Pause) 251M->249M(256M) 101,978ms
[2020-10-16T11:58:27.716+1000][240,954s][info ][gc] GC(338) To-space exhausted
[2020-10-16T11:58:27.716+1000][240,954s][info ][gc] GC(338) Pause Young (Concurrent Start) (G1 Evacuation Pause) 250M->250M(256M) 3,002ms
[2020-10-16T11:58:27.716+1000][240,954s][info ][gc] GC(340) Concurrent Cycle
[2020-10-16T11:58:27.717+1000][240,954s][debug][gc] GC(339) Clear Next Bitmap 0,224ms
[2020-10-16T11:58:27.819+1000][241,057s][info ][gc] GC(339) Pause Full (G1 Evacuation Pause) 250M->249M(256M) 102,801ms
[2020-10-16T11:58:27.819+1000][241,057s][info ][gc] GC(340) Concurrent Cycle 102,885ms
[2020-10-16T11:58:27.902+1000][241,139s][info ][gc] GC(341) To-space exhausted
[2020-10-16T11:58:27.902+1000][241,139s][info ][gc] GC(341) Pause Young (Normal) (G1 Evacuation Pause) 251M->251M(256M) 1,369ms
[2020-10-16T11:58:28.007+1000][241,245s][info ][gc] GC(342) Pause Full (G1 Evacuation Pause) 251M->249M(256M) 105,213ms
[2020-10-16T11:58:28.120+1000][241,358s][info ][gc] GC(343) To-space exhausted
[2020-10-16T11:58:28.120+1000][241,358s][info ][gc] GC(343) Pause Young (Concurrent Start) (G1 Evacuation Pause) 252M->252M(256M) 1,521ms
[2020-10-16T11:58:28.120+1000][241,358s][info ][gc] GC(345) Concurrent Cycle
[2020-10-16T11:58:28.121+1000][241,358s][debug][gc] GC(344) Clear Next Bitmap 0,183ms
[2020-10-16T11:58:28.233+1000][241,471s][info ][gc] GC(344) Pause Full (G1 Evacuation Pause) 252M->249M(256M) 112,450ms
[2020-10-16T11:58:28.233+1000][241,471s][info ][gc] GC(345) Concurrent Cycle 112,539ms
[2020-10-16T11:58:28.346+1000][241,584s][info ][gc] GC(346) To-space exhausted
[2020-10-16T11:58:28.346+1000][241,584s][info ][gc] GC(346) Pause Young (Normal) (G1 Evacuation Pause) 252M->252M(256M) 1,422ms
[2020-10-16T11:58:28.450+1000][241,688s][info ][gc] GC(347) Pause Full (G1 Evacuation Pause) 252M->250M(256M) 103,657ms
[2020-10-16T11:58:28.563+1000][241,801s][info ][gc] GC(348) To-space exhausted
[2020-10-16T11:58:28.563+1000][241,801s][info ][gc] GC(348) Pause Young (Concurrent Start) (G1 Evacuation Pause) 253M->253M(256M) 1,423ms
[2020-10-16T11:58:28.563+1000][241,801s][info ][gc] GC(350) Concurrent Cycle
[2020-10-16T11:58:28.563+1000][241,801s][debug][gc] GC(349) Clear Next Bitmap 0,178ms
[2020-10-16T11:58:28.667+1000][241,904s][info ][gc] GC(349) Pause Full (G1 Evacuation Pause) 253M->250M(256M) 103,520ms
[2020-10-16T11:58:28.667+1000][241,904s][info ][gc] GC(350) Concurrent Cycle 103,613ms
[2020-10-16T11:58:28.740+1000][241,977s][info ][gc] GC(351) To-space exhausted
[2020-10-16T11:58:28.740+1000][241,978s][info ][gc] GC(351) Pause Young (Normal) (G1 Evacuation Pause) 252M->252M(256M) 1,681ms
[2020-10-16T11:58:28.850+1000][242,087s][info ][gc] GC(352) Pause Full (G1 Evacuation Pause) 252M->250M(256M) 109,807ms
[2020-10-16T11:58:28.924+1000][242,162s][info ][gc] GC(353) To-space exhausted
[2020-10-16T11:58:28.924+1000][242,162s][info ][gc] GC(353) Pause Young (Concurrent Start) (G1 Evacuation Pause) 252M->252M(256M) 2,955ms
[2020-10-16T11:58:28.924+1000][242,162s][info ][gc] GC(355) Concurrent Cycle
[2020-10-16T11:58:28.924+1000][242,162s][debug][gc] GC(354) Clear Next Bitmap 0,224ms
[2020-10-16T11:58:29.025+1000][242,262s][info ][gc] GC(354) Pause Full (G1 Evacuation Pause) 252M->250M(256M) 100,737ms
[2020-10-16T11:58:29.025+1000][242,263s][info ][gc] GC(355) Concurrent Cycle 100,843ms
[2020-10-16T11:58:29.141+1000][242,378s][info ][gc] GC(356) To-space exhausted
[2020-10-16T11:58:29.141+1000][242,378s][info ][gc] GC(356) Pause Young (Normal) (G1 Evacuation Pause) 253M->253M(256M) 3,757ms
[2020-10-16T11:58:29.249+1000][242,486s][info ][gc] GC(357) Pause Full (G1 Evacuation Pause) 253M->250M(256M) 107,818ms
[2020-10-16T11:58:29.331+1000][242,569s][info ][gc] GC(358) To-space exhausted
[2020-10-16T11:58:29.331+1000][242,569s][info ][gc] GC(358) Pause Young (Concurrent Start) (G1 Evacuation Pause) 252M->252M(256M) 1,231ms
[2020-10-16T11:58:29.331+1000][242,569s][info ][gc] GC(360) Concurrent Cycle
[2020-10-16T11:58:29.332+1000][242,569s][debug][gc] GC(359) Clear Next Bitmap 0,184ms
[2020-10-16T11:58:29.441+1000][242,679s][info ][gc] GC(359) Pause Full (G1 Evacuation Pause) 252M->250M(256M) 109,659ms
[2020-10-16T11:58:29.441+1000][242,679s][info ][gc] GC(360) Concurrent Cycle 109,773ms
[2020-10-16T11:58:29.484+1000][242,722s][info ][gc] GC(361) To-space exhausted
[2020-10-16T11:58:29.484+1000][242,722s][info ][gc] GC(361) Pause Young (Normal) (G1 Evacuation Pause) 251M->251M(256M) 2,313ms
[2020-10-16T11:58:29.592+1000][242,829s][info ][gc] GC(362) Pause Full (G1 Evacuation Pause) 251M->250M(256M) 107,365ms
[2020-10-16T11:58:29.664+1000][242,902s][info ][gc] GC(363) To-space exhausted
[2020-10-16T11:58:29.664+1000][242,902s][info ][gc] GC(363) Pause Young (Concurrent Start) (G1 Evacuation Pause) 252M->252M(256M) 1,357ms
[2020-10-16T11:58:29.664+1000][242,902s][info ][gc] GC(365) Concurrent Cycle
[2020-10-16T11:58:29.664+1000][242,902s][debug][gc] GC(364) Clear Next Bitmap 0,179ms
[2020-10-16T11:58:29.773+1000][243,010s][info ][gc] GC(364) Pause Full (G1 Evacuation Pause) 252M->250M(256M) 108,370ms
[2020-10-16T11:58:29.773+1000][243,010s][info ][gc] GC(365) Concurrent Cycle 108,457ms
[2020-10-16T11:58:29.846+1000][243,084s][info ][gc] GC(366) To-space exhausted
[2020-10-16T11:58:29.846+1000][243,084s][info ][gc] GC(366) Pause Young (Normal) (G1 Evacuation Pause) 252M->252M(256M) 2,533ms
[2020-10-16T11:58:29.948+1000][243,186s][info ][gc] GC(367) Pause Full (G1 Evacuation Pause) 252M->250M(256M) 101,942ms
[2020-10-16T11:58:29.991+1000][243,228s][info ][gc] GC(368) To-space exhausted
[2020-10-16T11:58:29.991+1000][243,228s][info ][gc] GC(368) Pause Young (Concurrent Start) (G1 Evacuation Pause) 251M->251M(256M) 1,643ms
[2020-10-16T11:58:29.991+1000][243,228s][info ][gc] GC(370) Concurrent Cycle
[2020-10-16T11:58:29.991+1000][243,229s][debug][gc] GC(369) Clear Next Bitmap 0,201ms
[2020-10-16T11:58:30.095+1000][243,333s][info ][gc] GC(369) Pause Full (G1 Evacuation Pause) 251M->250M(256M) 104,401ms
[2020-10-16T11:58:30.095+1000][243,333s][info ][gc] GC(370) Concurrent Cycle 104,491ms
[2020-10-16T11:58:30.169+1000][243,406s][info ][gc] GC(371) To-space exhausted
[2020-10-16T11:58:30.169+1000][243,406s][info ][gc] GC(371) Pause Young (Normal) (G1 Evacuation Pause) 252M->252M(256M) 2,142ms
[2020-10-16T11:58:30.272+1000][243,510s][info ][gc] GC(372) Pause Full (G1 Evacuation Pause) 252M->251M(256M) 103,372ms
[2020-10-16T11:58:30.355+1000][243,593s][info ][gc] GC(373) To-space exhausted
[2020-10-16T11:58:30.355+1000][243,593s][info ][gc] GC(373) Pause Young (Concurrent Start) (G1 Evacuation Pause) 253M->253M(256M) 1,733ms
[2020-10-16T11:58:30.355+1000][243,593s][info ][gc] GC(374) Concurrent Cycle
[2020-10-16T11:58:30.356+1000][243,593s][debug][gc] GC(375) Clear Next Bitmap 0,195ms
[2020-10-16T11:58:30.459+1000][243,696s][info ][gc] GC(375) Pause Full (G1 Evacuation Pause) 253M->251M(256M) 103,172ms
[2020-10-16T11:58:30.459+1000][243,696s][info ][gc] GC(374) Concurrent Cycle 103,274ms
[2020-10-16T11:58:30.502+1000][243,739s][info ][gc] GC(376) To-space exhausted
[2020-10-16T11:58:30.502+1000][243,740s][info ][gc] GC(376) Pause Young (Normal) (G1 Evacuation Pause) 251M->251M(256M) 2,616ms
[2020-10-16T11:58:30.610+1000][243,847s][info ][gc] GC(377) Pause Full (G1 Evacuation Pause) 251M->250M(256M) 107,643ms
[2020-10-16T11:58:30.683+1000][243,920s][info ][gc] GC(378) To-space exhausted
[2020-10-16T11:58:30.683+1000][243,921s][info ][gc] GC(378) Pause Young (Concurrent Start) (G1 Evacuation Pause) 252M->252M(256M) 1,989ms
[2020-10-16T11:58:30.683+1000][243,921s][info ][gc] GC(379) Concurrent Cycle
[2020-10-16T11:58:30.683+1000][243,921s][debug][gc] GC(380) Clear Next Bitmap 0,196ms
[2020-10-16T11:58:30.794+1000][244,032s][info ][gc] GC(380) Pause Full (G1 Evacuation Pause) 252M->251M(256M) 111,396ms
[2020-10-16T11:58:30.795+1000][244,032s][info ][gc] GC(379) Concurrent Cycle 111,519ms
[2020-10-16T11:58:30.869+1000][244,106s][info ][gc] GC(381) To-space exhausted
[2020-10-16T11:58:30.869+1000][244,106s][info ][gc] GC(381) Pause Young (Normal) (G1 Evacuation Pause) 253M->253M(256M) 2,978ms
[2020-10-16T11:58:30.974+1000][244,212s][info ][gc] GC(382) Pause Full (G1 Evacuation Pause) 253M->251M(256M) 105,430ms
[2020-10-16T11:58:31.017+1000][244,254s][info ][gc] GC(383) To-space exhausted
[2020-10-16T11:58:31.017+1000][244,254s][info ][gc] GC(383) Pause Young (Concurrent Start) (G1 Evacuation Pause) 252M->252M(256M) 1,881ms
[2020-10-16T11:58:31.017+1000][244,255s][info ][gc] GC(385) Concurrent Cycle
[2020-10-16T11:58:31.017+1000][244,255s][debug][gc] GC(384) Clear Next Bitmap 0,187ms
[2020-10-16T11:58:31.124+1000][244,362s][info ][gc] GC(384) Pause Full (G1 Evacuation Pause) 252M->251M(256M) 107,341ms
[2020-10-16T11:58:31.124+1000][244,362s][info ][gc] GC(385) Concurrent Cycle 107,436ms
[2020-10-16T11:58:31.167+1000][244,404s][info ][gc] GC(386) To-space exhausted
[2020-10-16T11:58:31.167+1000][244,404s][info ][gc] GC(386) Pause Young (Normal) (G1 Evacuation Pause) 252M->252M(256M) 1,566ms
[2020-10-16T11:58:31.276+1000][244,514s][info ][gc] GC(387) Pause Full (G1 Evacuation Pause) 252M->251M(256M) 109,669ms
[2020-10-16T11:58:31.310+1000][244,548s][info ][gc] GC(388) To-space exhausted
[2020-10-16T11:58:31.310+1000][244,548s][info ][gc] GC(388) Pause Young (Concurrent Start) (G1 Evacuation Pause) 252M->252M(256M) 3,532ms
[2020-10-16T11:58:31.311+1000][244,548s][info ][gc] GC(390) Concurrent Cycle
[2020-10-16T11:58:31.311+1000][244,548s][debug][gc] GC(389) Clear Next Bitmap 0,226ms
[2020-10-16T11:58:31.413+1000][244,650s][info ][gc] GC(389) Pause Full (G1 Evacuation Pause) 252M->251M(256M) 102,156ms
[2020-10-16T11:58:31.413+1000][244,650s][info ][gc] GC(390) Concurrent Cycle 102,267ms
[2020-10-16T11:58:31.536+1000][244,774s][info ][gc] GC(391) To-space exhausted
[2020-10-16T11:58:31.536+1000][244,774s][info ][gc] GC(391) Pause Young (Normal) (G1 Evacuation Pause) 254M->254M(256M) 1,559ms
[2020-10-16T11:58:31.642+1000][244,879s][info ][gc] GC(392) Pause Full (G1 Evacuation Pause) 254M->251M(256M) 105,254ms
[2020-10-16T11:58:31.755+1000][244,992s][info ][gc] GC(393) To-space exhausted
[2020-10-16T11:58:31.755+1000][244,992s][info ][gc] GC(393) Pause Young (Concurrent Start) (G1 Evacuation Pause) 254M->254M(256M) 1,242ms
[2020-10-16T11:58:31.755+1000][244,992s][info ][gc] GC(395) Concurrent Cycle
[2020-10-16T11:58:31.755+1000][244,993s][debug][gc] GC(394) Clear Next Bitmap 0,183ms
[2020-10-16T11:58:31.862+1000][245,100s][info ][gc] GC(394) Pause Full (G1 Evacuation Pause) 254M->251M(256M) 107,112ms
[2020-10-16T11:58:31.862+1000][245,100s][info ][gc] GC(395) Concurrent Cycle 107,205ms
[2020-10-16T11:58:31.935+1000][245,172s][info ][gc] GC(396) To-space exhausted
[2020-10-16T11:58:31.935+1000][245,172s][info ][gc] GC(396) Pause Young (Normal) (G1 Evacuation Pause) 253M->253M(256M) 1,717ms
[2020-10-16T11:58:32.041+1000][245,279s][info ][gc] GC(397) Pause Full (G1 Evacuation Pause) 253M->251M(256M) 105,703ms
[2020-10-16T11:58:32.085+1000][245,322s][info ][gc] GC(398) To-space exhausted
[2020-10-16T11:58:32.085+1000][245,322s][info ][gc] GC(398) Pause Young (Concurrent Start) (G1 Evacuation Pause) 252M->252M(256M) 2,625ms
[2020-10-16T11:58:32.085+1000][245,322s][info ][gc] GC(400) Concurrent Cycle
[2020-10-16T11:58:32.085+1000][245,323s][debug][gc] GC(399) Clear Next Bitmap 0,202ms
[2020-10-16T11:58:32.190+1000][245,427s][info ][gc] GC(399) Pause Full (G1 Evacuation Pause) 252M->251M(256M) 104,837ms
[2020-10-16T11:58:32.190+1000][245,427s][info ][gc] GC(400) Concurrent Cycle 104,931ms
[2020-10-16T11:58:32.223+1000][245,460s][info ][gc] GC(401) To-space exhausted
[2020-10-16T11:58:32.223+1000][245,460s][info ][gc] GC(401) Pause Young (Normal) (G1 Evacuation Pause) 252M->252M(256M) 2,389ms
[2020-10-16T11:58:32.328+1000][245,566s][info ][gc] GC(402) Pause Full (G1 Evacuation Pause) 252M->251M(256M) 105,394ms
[2020-10-16T11:58:32.443+1000][245,681s][info ][gc] GC(403) To-space exhausted
[2020-10-16T11:58:32.444+1000][245,681s][info ][gc] GC(403) Pause Young (Concurrent Start) (G1 Evacuation Pause) 254M->254M(256M) 3,254ms
[2020-10-16T11:58:32.444+1000][245,681s][info ][gc] GC(405) Concurrent Cycle
[2020-10-16T11:58:32.444+1000][245,681s][debug][gc] GC(404) Clear Next Bitmap 0,254ms
[2020-10-16T11:58:32.546+1000][245,784s][info ][gc] GC(404) Pause Full (G1 Evacuation Pause) 254M->251M(256M) 102,654ms
[2020-10-16T11:58:32.546+1000][245,784s][info ][gc] GC(405) Concurrent Cycle 102,753ms
[2020-10-16T11:58:32.588+1000][245,826s][info ][gc] GC(406) To-space exhausted
[2020-10-16T11:58:32.588+1000][245,826s][info ][gc] GC(406) Pause Young (Normal) (G1 Evacuation Pause) 252M->252M(256M) 1,093ms
[2020-10-16T11:58:32.693+1000][245,931s][info ][gc] GC(407) Pause Full (G1 Evacuation Pause) 252M->251M(256M) 105,083ms
[2020-10-16T11:58:32.767+1000][246,005s][info ][gc] GC(408) To-space exhausted
[2020-10-16T11:58:32.768+1000][246,005s][info ][gc] GC(408) Pause Young (Concurrent Start) (G1 Evacuation Pause) 253M->253M(256M) 2,998ms
[2020-10-16T11:58:32.768+1000][246,005s][info ][gc] GC(410) Concurrent Cycle
[2020-10-16T11:58:32.768+1000][246,005s][debug][gc] GC(409) Clear Next Bitmap 0,195ms
[2020-10-16T11:58:32.874+1000][246,112s][info ][gc] GC(409) Pause Full (G1 Evacuation Pause) 253M->252M(256M) 106,475ms
[2020-10-16T11:58:32.874+1000][246,112s][info ][gc] GC(410) Concurrent Cycle 106,605ms
[2020-10-16T11:58:32.957+1000][246,195s][info ][gc] GC(411) To-space exhausted
[2020-10-16T11:58:32.957+1000][246,195s][info ][gc] GC(411) Pause Young (Normal) (G1 Evacuation Pause) 254M->254M(256M) 1,565ms
[2020-10-16T11:58:33.064+1000][246,302s][info ][gc] GC(412) Pause Full (G1 Evacuation Pause) 254M->252M(256M) 107,098ms
[2020-10-16T11:58:33.107+1000][246,345s][info ][gc] GC(413) To-space exhausted
[2020-10-16T11:58:33.108+1000][246,345s][info ][gc] GC(413) Pause Young (Concurrent Start) (G1 Evacuation Pause) 253M->253M(256M) 2,497ms
[2020-10-16T11:58:33.108+1000][246,345s][info ][gc] GC(415) Concurrent Cycle
[2020-10-16T11:58:33.108+1000][246,345s][debug][gc] GC(414) Clear Next Bitmap 0,220ms
[2020-10-16T11:58:33.216+1000][246,454s][info ][gc] GC(414) Pause Full (G1 Evacuation Pause) 253M->251M(256M) 108,401ms
[2020-10-16T11:58:33.216+1000][246,454s][info ][gc] GC(415) Concurrent Cycle 108,506ms
[2020-10-16T11:58:33.248+1000][246,486s][info ][gc] GC(416) To-space exhausted
[2020-10-16T11:58:33.249+1000][246,486s][info ][gc] GC(416) Pause Young (Normal) (G1 Evacuation Pause) 252M->252M(256M) 2,062ms
[2020-10-16T11:58:33.357+1000][246,594s][info ][gc] GC(417) Pause Full (G1 Evacuation Pause) 252M->252M(256M) 108,300ms
[2020-10-16T11:58:33.400+1000][246,638s][info ][gc] GC(418) To-space exhausted
[2020-10-16T11:58:33.400+1000][246,638s][info ][gc] GC(418) Pause Young (Concurrent Start) (G1 Evacuation Pause) 253M->253M(256M) 2,558ms
[2020-10-16T11:58:33.400+1000][246,638s][info ][gc] GC(420) Concurrent Cycle
[2020-10-16T11:58:33.401+1000][246,638s][debug][gc] GC(419) Clear Next Bitmap 0,252ms
[2020-10-16T11:58:33.505+1000][246,743s][info ][gc] GC(419) Pause Full (G1 Evacuation Pause) 253M->252M(256M) 104,979ms
[2020-10-16T11:58:33.505+1000][246,743s][info ][gc] GC(420) Concurrent Cycle 105,081ms
[2020-10-16T11:58:33.580+1000][246,817s][info ][gc] GC(421) To-space exhausted
[2020-10-16T11:58:33.580+1000][246,817s][info ][gc] GC(421) Pause Young (Normal) (G1 Evacuation Pause) 254M->254M(256M) 2,984ms
[2020-10-16T11:58:33.685+1000][246,922s][info ][gc] GC(422) Pause Full (G1 Evacuation Pause) 254M->252M(256M) 104,881ms
[2020-10-16T11:58:33.727+1000][246,964s][info ][gc] GC(423) To-space exhausted
[2020-10-16T11:58:33.727+1000][246,964s][info ][gc] GC(423) Pause Young (Concurrent Start) (G1 Evacuation Pause) 253M->253M(256M) 1,396ms
[2020-10-16T11:58:33.727+1000][246,964s][info ][gc] GC(425) Concurrent Cycle
[2020-10-16T11:58:33.727+1000][246,965s][debug][gc] GC(424) Clear Next Bitmap 0,230ms
[2020-10-16T11:58:33.832+1000][247,069s][info ][gc] GC(424) Pause Full (G1 Evacuation Pause) 253M->252M(256M) 105,141ms
[2020-10-16T11:58:33.832+1000][247,070s][info ][gc] GC(425) Concurrent Cycle 105,250ms
[2020-10-16T11:58:33.906+1000][247,144s][info ][gc] GC(426) To-space exhausted
[2020-10-16T11:58:33.906+1000][247,144s][info ][gc] GC(426) Pause Young (Normal) (G1 Evacuation Pause) 254M->254M(256M) 2,796ms
[2020-10-16T11:58:34.012+1000][247,250s][info ][gc] GC(427) Pause Full (G1 Evacuation Pause) 254M->252M(256M) 106,149ms
[2020-10-16T11:58:34.054+1000][247,292s][info ][gc] GC(428) To-space exhausted
[2020-10-16T11:58:34.054+1000][247,292s][info ][gc] GC(428) Pause Young (Concurrent Start) (G1 Evacuation Pause) 253M->253M(256M) 1,422ms
[2020-10-16T11:58:34.055+1000][247,292s][info ][gc] GC(430) Concurrent Cycle
[2020-10-16T11:58:34.055+1000][247,292s][debug][gc] GC(429) Clear Next Bitmap 0,202ms
[2020-10-16T11:58:34.161+1000][247,399s][info ][gc] GC(429) Pause Full (G1 Evacuation Pause) 253M->252M(256M) 106,493ms
[2020-10-16T11:58:34.161+1000][247,399s][info ][gc] GC(430) Concurrent Cycle 106,599ms
[2020-10-16T11:58:34.244+1000][247,482s][info ][gc] GC(431) To-space exhausted
[2020-10-16T11:58:34.245+1000][247,482s][info ][gc] GC(431) Pause Young (Normal) (G1 Evacuation Pause) 254M->254M(256M) 1,966ms
[2020-10-16T11:58:34.348+1000][247,586s][info ][gc] GC(432) Pause Full (G1 Evacuation Pause) 254M->252M(256M) 103,686ms
[2020-10-16T11:58:34.381+1000][247,619s][info ][gc] GC(433) To-space exhausted
[2020-10-16T11:58:34.381+1000][247,619s][info ][gc] GC(433) Pause Young (Concurrent Start) (G1 Evacuation Pause) 253M->253M(256M) 2,275ms
[2020-10-16T11:58:34.381+1000][247,619s][info ][gc] GC(435) Concurrent Cycle
[2020-10-16T11:58:34.382+1000][247,619s][debug][gc] GC(434) Clear Next Bitmap 0,202ms
[2020-10-16T11:58:34.493+1000][247,731s][info ][gc] GC(434) Pause Full (G1 Evacuation Pause) 253M->252M(256M) 111,999ms
[2020-10-16T11:58:34.493+1000][247,731s][info ][gc] GC(435) Concurrent Cycle 112,084ms
[2020-10-16T11:58:34.536+1000][247,774s][info ][gc] GC(436) To-space exhausted
[2020-10-16T11:58:34.536+1000][247,774s][info ][gc] GC(436) Pause Young (Normal) (G1 Evacuation Pause) 253M->253M(256M) 2,196ms
[2020-10-16T11:58:34.642+1000][247,880s][info ][gc] GC(437) Pause Full (G1 Evacuation Pause) 253M->252M(256M) 106,086ms
[2020-10-16T11:58:34.685+1000][247,922s][info ][gc] GC(438) To-space exhausted
[2020-10-16T11:58:34.685+1000][247,922s][info ][gc] GC(438) Pause Young (Concurrent Start) (G1 Evacuation Pause) 253M->253M(256M) 1,715ms
[2020-10-16T11:58:34.685+1000][247,922s][info ][gc] GC(440) Concurrent Cycle
[2020-10-16T11:58:34.685+1000][247,923s][debug][gc] GC(439) Clear Next Bitmap 0,197ms
[2020-10-16T11:58:34.788+1000][248,026s][info ][gc] GC(439) Pause Full (G1 Evacuation Pause) 253M->252M(256M) 103,279ms
[2020-10-16T11:58:34.788+1000][248,026s][info ][gc] GC(440) Concurrent Cycle 103,380ms
[2020-10-16T11:58:34.820+1000][248,058s][info ][gc] GC(441) To-space exhausted
[2020-10-16T11:58:34.821+1000][248,058s][info ][gc] GC(441) Pause Young (Normal) (G1 Evacuation Pause) 253M->253M(256M) 1,847ms
[2020-10-16T11:58:34.923+1000][248,161s][info ][gc] GC(442) Pause Full (G1 Evacuation Pause) 253M->252M(256M) 102,358ms
[2020-10-16T11:58:34.965+1000][248,202s][info ][gc] GC(443) To-space exhausted
[2020-10-16T11:58:34.965+1000][248,202s][info ][gc] GC(443) Pause Young (Concurrent Start) (G1 Evacuation Pause) 253M->253M(256M) 0,999ms
[2020-10-16T11:58:34.965+1000][248,202s][info ][gc] GC(445) Concurrent Cycle
[2020-10-16T11:58:34.965+1000][248,203s][debug][gc] GC(444) Clear Next Bitmap 0,187ms
[2020-10-16T11:58:35.069+1000][248,306s][info ][gc] GC(444) Pause Full (G1 Evacuation Pause) 253M->252M(256M) 104,144ms
[2020-10-16T11:58:35.069+1000][248,307s][info ][gc] GC(445) Concurrent Cycle 104,245ms
[2020-10-16T11:58:35.112+1000][248,350s][info ][gc] GC(446) To-space exhausted
[2020-10-16T11:58:35.112+1000][248,350s][info ][gc] GC(446) Pause Young (Normal) (G1 Evacuation Pause) 253M->253M(256M) 2,695ms
[2020-10-16T11:58:35.219+1000][248,456s][info ][gc] GC(447) Pause Full (G1 Evacuation Pause) 253M->252M(256M) 106,363ms
[2020-10-16T11:58:35.292+1000][248,529s][info ][gc] GC(448) To-space exhausted
[2020-10-16T11:58:35.292+1000][248,529s][info ][gc] GC(448) Pause Young (Concurrent Start) (G1 Evacuation Pause) 254M->254M(256M) 1,621ms
[2020-10-16T11:58:35.292+1000][248,529s][info ][gc] GC(450) Concurrent Cycle
[2020-10-16T11:58:35.292+1000][248,530s][debug][gc] GC(449) Clear Next Bitmap 0,271ms
[2020-10-16T11:58:35.403+1000][248,640s][info ][gc] GC(449) Pause Full (G1 Evacuation Pause) 254M->252M(256M) 111,018ms
[2020-10-16T11:58:35.403+1000][248,640s][info ][gc] GC(450) Concurrent Cycle 111,138ms
[2020-10-16T11:58:35.477+1000][248,714s][info ][gc] GC(451) To-space exhausted
[2020-10-16T11:58:35.477+1000][248,714s][info ][gc] GC(451) Pause Young (Normal) (G1 Evacuation Pause) 254M->254M(256M) 2,728ms
[2020-10-16T11:58:35.584+1000][248,821s][info ][gc] GC(452) Pause Full (G1 Evacuation Pause) 254M->252M(256M) 106,760ms
[2020-10-16T11:58:35.626+1000][248,864s][info ][gc] GC(453) To-space exhausted
[2020-10-16T11:58:35.626+1000][248,864s][info ][gc] GC(453) Pause Young (Concurrent Start) (G1 Evacuation Pause) 253M->253M(256M) 1,916ms
[2020-10-16T11:58:35.626+1000][248,864s][info ][gc] GC(455) Concurrent Cycle
[2020-10-16T11:58:35.627+1000][248,864s][debug][gc] GC(454) Clear Next Bitmap 0,243ms
[2020-10-16T11:58:35.741+1000][248,979s][info ][gc] GC(454) Pause Full (G1 Evacuation Pause) 253M->252M(256M) 114,747ms
[2020-10-16T11:58:35.741+1000][248,979s][info ][gc] GC(455) Concurrent Cycle 114,969ms
[2020-10-16T11:58:35.784+1000][249,022s][info ][gc] GC(456) To-space exhausted
[2020-10-16T11:58:35.784+1000][249,022s][info ][gc] GC(456) Pause Young (Normal) (G1 Evacuation Pause) 253M->253M(256M) 2,230ms
[2020-10-16T11:58:35.892+1000][249,130s][info ][gc] GC(457) Pause Full (G1 Evacuation Pause) 253M->252M(256M) 107,928ms
[2020-10-16T11:58:35.925+1000][249,163s][info ][gc] GC(458) To-space exhausted
[2020-10-16T11:58:35.925+1000][249,163s][info ][gc] GC(458) Pause Young (Concurrent Start) (G1 Evacuation Pause) 253M->253M(256M) 2,336ms
[2020-10-16T11:58:35.925+1000][249,163s][info ][gc] GC(460) Concurrent Cycle
[2020-10-16T11:58:35.925+1000][249,163s][debug][gc] GC(459) Clear Next Bitmap 0,229ms
[2020-10-16T11:58:36.031+1000][249,269s][info ][gc] GC(459) Pause Full (G1 Evacuation Pause) 253M->253M(256M) 105,928ms
[2020-10-16T11:58:36.031+1000][249,269s][info ][gc] GC(460) Concurrent Cycle 106,044ms
[2020-10-16T11:58:36.074+1000][249,311s][info ][gc] GC(461) To-space exhausted
[2020-10-16T11:58:36.074+1000][249,311s][info ][gc] GC(461) Pause Young (Normal) (G1 Evacuation Pause) 254M->254M(256M) 1,819ms
[2020-10-16T11:58:36.181+1000][249,419s][info ][gc] GC(462) Pause Full (G1 Evacuation Pause) 254M->253M(256M) 107,307ms
[2020-10-16T11:58:36.223+1000][249,461s][info ][gc] GC(463) To-space exhausted
[2020-10-16T11:58:36.223+1000][249,461s][info ][gc] GC(463) Pause Young (Concurrent Start) (G1 Evacuation Pause) 254M->254M(256M) 1,305ms
[2020-10-16T11:58:36.223+1000][249,461s][info ][gc] GC(465) Concurrent Cycle
[2020-10-16T11:58:36.223+1000][249,461s][debug][gc] GC(464) Clear Next Bitmap 0,214ms
[2020-10-16T11:58:36.331+1000][249,569s][info ][gc] GC(464) Pause Full (G1 Evacuation Pause) 254M->253M(256M) 108,052ms
[2020-10-16T11:58:36.331+1000][249,569s][info ][gc] GC(465) Concurrent Cycle 108,200ms
[2020-10-16T11:58:36.374+1000][249,612s][info ][gc] GC(466) To-space exhausted
[2020-10-16T11:58:36.374+1000][249,612s][info ][gc] GC(466) Pause Young (Normal) (G1 Evacuation Pause) 254M->254M(256M) 2,372ms
[2020-10-16T11:58:36.485+1000][249,722s][info ][gc] GC(467) Pause Full (G1 Evacuation Pause) 254M->252M(256M) 110,078ms
[2020-10-16T11:58:36.517+1000][249,755s][info ][gc] GC(468) To-space exhausted
[2020-10-16T11:58:36.517+1000][249,755s][info ][gc] GC(468) Pause Young (Concurrent Start) (G1 Evacuation Pause) 253M->253M(256M) 1,848ms
[2020-10-16T11:58:36.517+1000][249,755s][info ][gc] GC(470) Concurrent Cycle
[2020-10-16T11:58:36.517+1000][249,755s][debug][gc] GC(469) Clear Next Bitmap 0,206ms
[2020-10-16T11:58:36.624+1000][249,862s][info ][gc] GC(469) Pause Full (G1 Evacuation Pause) 253M->253M(256M) 107,201ms
[2020-10-16T11:58:36.624+1000][249,862s][info ][gc] GC(470) Concurrent Cycle 107,288ms
[2020-10-16T11:58:36.666+1000][249,904s][info ][gc] GC(471) To-space exhausted
[2020-10-16T11:58:36.667+1000][249,904s][info ][gc] GC(471) Pause Young (Normal) (G1 Evacuation Pause) 254M->254M(256M) 1,486ms
[2020-10-16T11:58:36.779+1000][250,016s][info ][gc] GC(472) Pause Full (G1 Evacuation Pause) 254M->253M(256M) 111,987ms
[2020-10-16T11:58:36.821+1000][250,058s][info ][gc] GC(473) To-space exhausted
[2020-10-16T11:58:36.821+1000][250,058s][info ][gc] GC(473) Pause Young (Concurrent Start) (G1 Evacuation Pause) 254M->254M(256M) 1,473ms
[2020-10-16T11:58:36.821+1000][250,059s][info ][gc] GC(475) Concurrent Cycle
[2020-10-16T11:58:36.821+1000][250,059s][debug][gc] GC(474) Clear Next Bitmap 0,166ms
[2020-10-16T11:58:36.930+1000][250,168s][info ][gc] GC(474) Pause Full (G1 Evacuation Pause) 254M->253M(256M) 109,189ms
[2020-10-16T11:58:36.930+1000][250,168s][info ][gc] GC(475) Concurrent Cycle 109,305ms
[2020-10-16T11:58:36.962+1000][250,200s][info ][gc] GC(476) To-space exhausted
[2020-10-16T11:58:36.962+1000][250,200s][info ][gc] GC(476) Pause Young (Normal) (G1 Evacuation Pause) 254M->254M(256M) 1,384ms
[2020-10-16T11:58:37.075+1000][250,312s][info ][gc] GC(477) Pause Full (G1 Evacuation Pause) 254M->253M(256M) 112,490ms
[2020-10-16T11:58:37.117+1000][250,354s][info ][gc] GC(478) To-space exhausted
[2020-10-16T11:58:37.117+1000][250,354s][info ][gc] GC(478) Pause Young (Concurrent Start) (G1 Evacuation Pause) 254M->254M(256M) 1,505ms
[2020-10-16T11:58:37.117+1000][250,354s][info ][gc] GC(480) Concurrent Cycle
[2020-10-16T11:58:37.117+1000][250,355s][debug][gc] GC(479) Clear Next Bitmap 0,203ms
[2020-10-16T11:58:37.224+1000][250,461s][info ][gc] GC(479) Pause Full (G1 Evacuation Pause) 254M->253M(256M) 106,707ms
[2020-10-16T11:58:37.224+1000][250,461s][info ][gc] GC(480) Concurrent Cycle 106,838ms
[2020-10-16T11:58:37.265+1000][250,503s][info ][gc] GC(481) To-space exhausted
[2020-10-16T11:58:37.265+1000][250,503s][info ][gc] GC(481) Pause Young (Normal) (G1 Evacuation Pause) 254M->254M(256M) 1,186ms
[2020-10-16T11:58:37.369+1000][250,607s][info ][gc] GC(482) Pause Full (G1 Evacuation Pause) 254M->253M(256M) 103,849ms
[2020-10-16T11:58:37.402+1000][250,639s][info ][gc] GC(483) To-space exhausted
[2020-10-16T11:58:37.402+1000][250,639s][info ][gc] GC(483) Pause Young (Concurrent Start) (G1 Evacuation Pause) 254M->254M(256M) 1,634ms
[2020-10-16T11:58:37.402+1000][250,639s][info ][gc] GC(485) Concurrent Cycle
[2020-10-16T11:58:37.402+1000][250,639s][debug][gc] GC(484) Clear Next Bitmap 0,187ms
[2020-10-16T11:58:37.505+1000][250,743s][info ][gc] GC(484) Pause Full (G1 Evacuation Pause) 254M->253M(256M) 103,664ms
[2020-10-16T11:58:37.505+1000][250,743s][info ][gc] GC(485) Concurrent Cycle 103,750ms
[2020-10-16T11:58:37.548+1000][250,786s][info ][gc] GC(486) To-space exhausted
[2020-10-16T11:58:37.548+1000][250,786s][info ][gc] GC(486) Pause Young (Normal) (G1 Evacuation Pause) 254M->254M(256M) 2,256ms
[2020-10-16T11:58:37.658+1000][250,896s][info ][gc] GC(487) Pause Full (G1 Evacuation Pause) 254M->253M(256M) 109,692ms
[2020-10-16T11:58:37.701+1000][250,939s][info ][gc] GC(488) To-space exhausted
[2020-10-16T11:58:37.701+1000][250,939s][info ][gc] GC(488) Pause Young (Concurrent Start) (G1 Evacuation Pause) 254M->254M(256M) 2,308ms
[2020-10-16T11:58:37.701+1000][250,939s][info ][gc] GC(490) Concurrent Cycle
[2020-10-16T11:58:37.701+1000][250,939s][debug][gc] GC(489) Clear Next Bitmap 0,314ms
[2020-10-16T11:58:37.805+1000][251,042s][info ][gc] GC(489) Pause Full (G1 Evacuation Pause) 254M->253M(256M) 103,453ms
[2020-10-16T11:58:37.805+1000][251,042s][info ][gc] GC(490) Concurrent Cycle 103,557ms
[2020-10-16T11:58:37.836+1000][251,074s][info ][gc] GC(491) To-space exhausted
[2020-10-16T11:58:37.836+1000][251,074s][info ][gc] GC(491) Pause Young (Normal) (G1 Evacuation Pause) 254M->254M(256M) 1,195ms
[2020-10-16T11:58:37.944+1000][251,181s][info ][gc] GC(492) Pause Full (G1 Evacuation Pause) 254M->253M(256M) 107,210ms
[2020-10-16T11:58:37.986+1000][251,224s][info ][gc] GC(493) To-space exhausted
[2020-10-16T11:58:37.986+1000][251,224s][info ][gc] GC(493) Pause Young (Concurrent Start) (G1 Evacuation Pause) 254M->254M(256M) 1,962ms
[2020-10-16T11:58:37.986+1000][251,224s][info ][gc] GC(495) Concurrent Cycle
[2020-10-16T11:58:37.987+1000][251,224s][debug][gc] GC(494) Clear Next Bitmap 0,222ms
[2020-10-16T11:58:38.090+1000][251,327s][info ][gc] GC(494) Pause Full (G1 Evacuation Pause) 254M->253M(256M) 103,215ms
[2020-10-16T11:58:38.090+1000][251,327s][info ][gc] GC(495) Concurrent Cycle 103,324ms
[2020-10-16T11:58:38.132+1000][251,370s][info ][gc] GC(496) To-space exhausted
[2020-10-16T11:58:38.132+1000][251,370s][info ][gc] GC(496) Pause Young (Normal) (G1 Evacuation Pause) 254M->254M(256M) 2,079ms
[2020-10-16T11:58:38.237+1000][251,475s][info ][gc] GC(497) Pause Full (G1 Evacuation Pause) 254M->253M(256M) 104,583ms
[2020-10-16T11:58:38.270+1000][251,508s][info ][gc] GC(498) To-space exhausted
[2020-10-16T11:58:38.270+1000][251,508s][info ][gc] GC(498) Pause Young (Concurrent Start) (G1 Evacuation Pause) 254M->254M(256M) 2,445ms
[2020-10-16T11:58:38.270+1000][251,508s][info ][gc] GC(500) Concurrent Cycle
[2020-10-16T11:58:38.270+1000][251,508s][debug][gc] GC(499) Clear Next Bitmap 0,185ms
[2020-10-16T11:58:38.377+1000][251,615s][info ][gc] GC(499) Pause Full (G1 Evacuation Pause) 254M->253M(256M) 107,236ms
[2020-10-16T11:58:38.377+1000][251,615s][info ][gc] GC(500) Concurrent Cycle 107,350ms
[2020-10-16T11:58:38.420+1000][251,658s][info ][gc] GC(501) To-space exhausted
[2020-10-16T11:58:38.420+1000][251,658s][info ][gc] GC(501) Pause Young (Normal) (G1 Evacuation Pause) 254M->254M(256M) 1,827ms
[2020-10-16T11:58:38.525+1000][251,763s][info ][gc] GC(502) Pause Full (G1 Evacuation Pause) 254M->253M(256M) 105,253ms
[2020-10-16T11:58:38.569+1000][251,806s][info ][gc] GC(503) To-space exhausted
[2020-10-16T11:58:38.569+1000][251,806s][info ][gc] GC(503) Pause Young (Concurrent Start) (G1 Evacuation Pause) 254M->254M(256M) 2,720ms
[2020-10-16T11:58:38.569+1000][251,807s][info ][gc] GC(505) Concurrent Cycle
[2020-10-16T11:58:38.569+1000][251,807s][debug][gc] GC(504) Clear Next Bitmap 0,199ms
[2020-10-16T11:58:38.678+1000][251,916s][info ][gc] GC(504) Pause Full (G1 Evacuation Pause) 254M->253M(256M) 108,968ms
[2020-10-16T11:58:38.678+1000][251,916s][info ][gc] GC(505) Concurrent Cycle 109,146ms
[2020-10-16T11:58:38.710+1000][251,948s][info ][gc] GC(506) To-space exhausted
[2020-10-16T11:58:38.711+1000][251,948s][info ][gc] GC(506) Pause Young (Normal) (G1 Evacuation Pause) 254M->254M(256M) 1,967ms
[2020-10-16T11:58:38.816+1000][252,053s][info ][gc] GC(507) Pause Full (G1 Evacuation Pause) 254M->253M(256M) 105,159ms
[2020-10-16T11:58:38.858+1000][252,096s][info ][gc] GC(508) To-space exhausted
[2020-10-16T11:58:38.858+1000][252,096s][info ][gc] GC(508) Pause Young (Concurrent Start) (G1 Evacuation Pause) 254M->254M(256M) 1,799ms
[2020-10-16T11:58:38.858+1000][252,096s][info ][gc] GC(510) Concurrent Cycle
[2020-10-16T11:58:38.859+1000][252,096s][debug][gc] GC(509) Clear Next Bitmap 0,197ms
[2020-10-16T11:58:38.964+1000][252,202s][info ][gc] GC(509) Pause Full (G1 Evacuation Pause) 254M->253M(256M) 105,537ms
[2020-10-16T11:58:38.964+1000][252,202s][info ][gc] GC(510) Concurrent Cycle 105,625ms
[2020-10-16T11:58:39.007+1000][252,244s][info ][gc] GC(511) To-space exhausted
[2020-10-16T11:58:39.007+1000][252,244s][info ][gc] GC(511) Pause Young (Normal) (G1 Evacuation Pause) 254M->254M(256M) 2,092ms
[2020-10-16T11:58:39.116+1000][252,354s][info ][gc] GC(512) Pause Full (G1 Evacuation Pause) 254M->253M(256M) 109,334ms
[2020-10-16T11:58:39.149+1000][252,386s][info ][gc] GC(513) To-space exhausted
[2020-10-16T11:58:39.149+1000][252,386s][info ][gc] GC(513) Pause Young (Concurrent Start) (G1 Evacuation Pause) 254M->254M(256M) 1,887ms
[2020-10-16T11:58:39.149+1000][252,386s][info ][gc] GC(515) Concurrent Cycle
[2020-10-16T11:58:39.149+1000][252,387s][debug][gc] GC(514) Clear Next Bitmap 0,189ms
[2020-10-16T11:58:39.254+1000][252,492s][info ][gc] GC(514) Pause Full (G1 Evacuation Pause) 254M->253M(256M) 105,133ms
[2020-10-16T11:58:39.362+1000][252,600s][info ][gc] GC(516) Pause Full (G1 Evacuation Pause) 253M->253M(256M) 108,444ms
[2020-10-16T11:58:39.363+1000][252,600s][info ][gc] GC(515) Concurrent Cycle 213,774ms
[2020-10-16T11:58:39.363+1000][252,600s][info ][gc] GC(517) Pause Young (Normal) (G1 Evacuation Pause) 253M->253M(256M) 0,132ms
[2020-10-16T11:58:39.474+1000][252,712s][info ][gc] GC(518) Pause Full (G1 Evacuation Pause) 253M->253M(256M) 111,267ms
[2020-10-16T11:58:39.580+1000][252,818s][info ][gc] GC(519) Pause Full (G1 Evacuation Pause) 253M->253M(256M) 105,863ms
[2020-10-16T11:58:39.580+1000][252,818s][info ][gc] GC(520) Pause Young (Concurrent Start) (G1 Evacuation Pause) 253M->253M(256M) 0,207ms
[2020-10-16T11:58:39.580+1000][252,818s][info ][gc] GC(522) Concurrent Cycle
[2020-10-16T11:58:39.581+1000][252,818s][debug][gc] GC(521) Clear Next Bitmap 0,187ms
[2020-10-16T11:58:39.582+1000][252,820s][info ][gc] GC(521) Pause Full (G1 Evacuation Pause) 253M->1M(256M) 1,646ms
[2020-10-16T11:58:39.582+1000][252,820s][info ][gc] GC(522) Concurrent Cycle 1,749ms
