[2020-10-16T11:17:27.339+1000][0.003s][debug][gc] ConcGCThreads: 2 offset 16
[2020-10-16T11:17:27.339+1000][0.003s][debug][gc] ParallelGCThreads: 8
[2020-10-16T11:17:27.339+1000][0.003s][debug][gc] Initialize mark stack with 4096 chunks, maximum 16384
[2020-10-16T11:17:27.342+1000][0.007s][info ][gc] Using G1
[2020-10-16T11:17:27.353+1000][0,017s][info ][gc] Periodic GC disabled
[2020-10-16T11:17:28.165+1000][0,830s][info ][gc] GC(0) Pause Young (Normal) (G1 Evacuation Pause) 23M->1M(256M) 3,450ms
[2020-10-16T11:17:29.957+1000][2,621s][info ][gc] GC(1) Pause Young (Normal) (G1 Evacuation Pause) 48M->3M(256M) 3,230ms
[2020-10-16T11:17:35.652+1000][8,316s][info ][gc] GC(2) Pause Young (Normal) (G1 Evacuation Pause) 152M->9M(256M) 9,706ms
[2020-10-16T11:17:41.061+1000][13,726s][info ][gc] GC(3) Pause Young (Normal) (G1 Evacuation Pause) 152M->16M(256M) 10,879ms
[2020-10-16T11:17:46.253+1000][18,918s][info ][gc] GC(4) Pause Young (Normal) (G1 Evacuation Pause) 153M->21M(256M) 14,313ms
[2020-10-16T11:17:51.595+1000][24,259s][info ][gc] GC(5) Pause Young (Normal) (G1 Evacuation Pause) 162M->27M(256M) 12,154ms
[2020-10-16T11:17:56.926+1000][29,590s][info ][gc] GC(6) Pause Young (Normal) (G1 Evacuation Pause) 168M->34M(256M) 11,960ms
[2020-10-16T11:18:02.226+1000][34,890s][info ][gc] GC(7) Pause Young (Normal) (G1 Evacuation Pause) 174M->40M(256M) 12,445ms
[2020-10-16T11:18:07.566+1000][40,231s][info ][gc] GC(8) Pause Young (Normal) (G1 Evacuation Pause) 181M->46M(256M) 13,017ms
[2020-10-16T11:18:12.908+1000][45,573s][info ][gc] GC(9) Pause Young (Normal) (G1 Evacuation Pause) 187M->52M(256M) 11,990ms
[2020-10-16T11:18:18.208+1000][50,873s][info ][gc] GC(10) Pause Young (Normal) (G1 Evacuation Pause) 192M->58M(256M) 11,937ms
[2020-10-16T11:18:23.515+1000][56,179s][info ][gc] GC(11) Pause Young (Normal) (G1 Evacuation Pause) 198M->64M(256M) 12,343ms
[2020-10-16T11:18:28.857+1000][61,522s][info ][gc] GC(12) Pause Young (Normal) (G1 Evacuation Pause) 205M->70M(256M) 13,477ms
[2020-10-16T11:18:34.185+1000][66,849s][info ][gc] GC(13) Pause Young (Normal) (G1 Evacuation Pause) 211M->76M(256M) 13,058ms
[2020-10-16T11:18:39.412+1000][72,077s][info ][gc] GC(14) Pause Young (Normal) (G1 Evacuation Pause) 214M->82M(256M) 12,248ms
[2020-10-16T11:18:44.448+1000][77,112s][info ][gc] GC(15) Pause Young (Normal) (G1 Evacuation Pause) 215M->88M(256M) 13,493ms
[2020-10-16T11:18:49.292+1000][81,957s][info ][gc] GC(16) Pause Young (Normal) (G1 Evacuation Pause) 216M->94M(256M) 11,609ms
[2020-10-16T11:18:53.912+1000][86,576s][info ][gc] GC(17) Pause Young (Normal) (G1 Evacuation Pause) 216M->99M(256M) 11,718ms
[2020-10-16T11:18:58.301+1000][90,966s][info ][gc] GC(18) Pause Young (Normal) (G1 Evacuation Pause) 215M->105M(256M) 9,630ms
[2020-10-16T11:19:02.540+1000][95,205s][info ][gc] GC(19) Pause Young (Normal) (G1 Evacuation Pause) 217M->110M(256M) 11,031ms
[2020-10-16T11:19:06.594+1000][99,259s][info ][gc] GC(20) Pause Young (Normal) (G1 Evacuation Pause) 217M->114M(256M) 10,469ms
[2020-10-16T11:19:10.526+1000][103,191s][info ][gc] GC(21) Pause Young (Normal) (G1 Evacuation Pause) 218M->119M(256M) 8,908ms
[2020-10-16T11:19:14.276+1000][106,941s][info ][gc] GC(22) Pause Young (Normal) (G1 Evacuation Pause) 218M->123M(256M) 9,905ms
[2020-10-16T11:19:17.872+1000][110,537s][info ][gc] GC(23) Pause Young (Concurrent Start) (G1 Evacuation Pause) 218M->127M(256M) 9,340ms
[2020-10-16T11:19:17.872+1000][110,537s][info ][gc] GC(24) Concurrent Cycle
[2020-10-16T11:19:17.943+1000][110,607s][info ][gc] GC(24) Pause Remark 129M->129M(256M) 0,188ms
[2020-10-16T11:19:17.978+1000][110,642s][info ][gc] GC(24) Pause Cleanup 130M->130M(256M) 0,074ms
[2020-10-16T11:19:17.979+1000][110,643s][info ][gc] GC(24) Concurrent Cycle 106,585ms
[2020-10-16T11:19:21.314+1000][113,979s][info ][gc] GC(25) Pause Young (Normal) (G1 Evacuation Pause) 218M->131M(256M) 6,914ms
[2020-10-16T11:19:24.635+1000][117,300s][info ][gc] GC(26) Pause Young (Concurrent Start) (G1 Evacuation Pause) 219M->135M(256M) 8,465ms
[2020-10-16T11:19:24.635+1000][117,300s][info ][gc] GC(27) Concurrent Cycle
[2020-10-16T11:19:24.710+1000][117,374s][info ][gc] GC(27) Pause Remark 137M->137M(256M) 0,181ms
[2020-10-16T11:19:24.745+1000][117,410s][info ][gc] GC(27) Pause Cleanup 138M->138M(256M) 0,079ms
[2020-10-16T11:19:24.746+1000][117,411s][info ][gc] GC(27) Concurrent Cycle 110,742ms
[2020-10-16T11:19:27.814+1000][120,478s][info ][gc] GC(28) Pause Young (Normal) (G1 Evacuation Pause) 219M->139M(256M) 8,441ms
[2020-10-16T11:19:30.881+1000][123,545s][info ][gc] GC(29) Pause Young (Concurrent Start) (G1 Evacuation Pause) 220M->142M(256M) 7,476ms
[2020-10-16T11:19:30.881+1000][123,545s][info ][gc] GC(30) Concurrent Cycle
[2020-10-16T11:19:30.962+1000][123,626s][info ][gc] GC(30) Pause Remark 144M->144M(256M) 0,266ms
[2020-10-16T11:19:31.001+1000][123,665s][info ][gc] GC(30) Pause Cleanup 146M->146M(256M) 0,084ms
[2020-10-16T11:19:31.001+1000][123,665s][info ][gc] GC(30) Concurrent Cycle 120,079ms
[2020-10-16T11:19:33.796+1000][126,461s][info ][gc] GC(31) Pause Young (Normal) (G1 Evacuation Pause) 219M->146M(256M) 9,470ms
[2020-10-16T11:19:36.598+1000][129,263s][info ][gc] GC(32) Pause Young (Concurrent Start) (G1 Evacuation Pause) 220M->149M(256M) 7,128ms
[2020-10-16T11:19:36.598+1000][129,263s][info ][gc] GC(33) Concurrent Cycle
[2020-10-16T11:19:36.681+1000][129,345s][info ][gc] GC(33) Pause Remark 151M->151M(256M) 0,186ms
[2020-10-16T11:19:36.722+1000][129,387s][info ][gc] GC(33) Pause Cleanup 152M->152M(256M) 0,085ms
[2020-10-16T11:19:36.723+1000][129,387s][info ][gc] GC(33) Concurrent Cycle 124,378ms
[2020-10-16T11:19:39.330+1000][131,994s][info ][gc] GC(34) Pause Young (Normal) (G1 Evacuation Pause) 221M->152M(256M) 7,625ms
[2020-10-16T11:19:41.939+1000][134,604s][info ][gc] GC(35) Pause Young (Concurrent Start) (G1 Evacuation Pause) 221M->154M(256M) 7,500ms
[2020-10-16T11:19:41.939+1000][134,604s][info ][gc] GC(36) Concurrent Cycle
[2020-10-16T11:19:42.029+1000][134,694s][info ][gc] GC(36) Pause Remark 157M->157M(256M) 0,219ms
[2020-10-16T11:19:42.072+1000][134,737s][info ][gc] GC(36) Pause Cleanup 158M->158M(256M) 0,100ms
[2020-10-16T11:19:42.073+1000][134,737s][info ][gc] GC(36) Concurrent Cycle 133,233ms
[2020-10-16T11:19:44.437+1000][137,101s][info ][gc] GC(37) Pause Young (Normal) (G1 Evacuation Pause) 220M->157M(256M) 7,244ms
[2020-10-16T11:19:46.823+1000][139,487s][info ][gc] GC(38) Pause Young (Concurrent Start) (G1 Evacuation Pause) 220M->161M(256M) 7,389ms
[2020-10-16T11:19:46.823+1000][139,487s][info ][gc] GC(39) Concurrent Cycle
[2020-10-16T11:19:46.910+1000][139,574s][info ][gc] GC(39) Pause Remark 163M->163M(256M) 0,217ms
[2020-10-16T11:19:46.952+1000][139,616s][info ][gc] GC(39) Pause Cleanup 164M->164M(256M) 0,119ms
[2020-10-16T11:19:46.952+1000][139,617s][info ][gc] GC(39) Concurrent Cycle 129,555ms
[2020-10-16T11:19:49.136+1000][141,800s][info ][gc] GC(40) Pause Young (Normal) (G1 Evacuation Pause) 222M->163M(256M) 6,376ms
[2020-10-16T11:19:51.327+1000][143,991s][info ][gc] GC(41) Pause Young (Concurrent Start) (G1 Evacuation Pause) 221M->166M(256M) 6,034ms
[2020-10-16T11:19:51.327+1000][143,991s][info ][gc] GC(42) Concurrent Cycle
[2020-10-16T11:19:51.425+1000][144,089s][info ][gc] GC(42) Pause Remark 169M->169M(256M) 0,205ms
[2020-10-16T11:19:51.470+1000][144,135s][info ][gc] GC(42) Pause Cleanup 170M->170M(256M) 0,102ms
[2020-10-16T11:19:51.471+1000][144,135s][info ][gc] GC(42) Concurrent Cycle 144,003ms
[2020-10-16T11:19:53.447+1000][146,111s][info ][gc] GC(43) Pause Young (Normal) (G1 Evacuation Pause) 222M->168M(256M) 6,019ms
[2020-10-16T11:19:55.494+1000][148,158s][info ][gc] GC(44) Pause Young (Concurrent Start) (G1 Evacuation Pause) 222M->170M(256M) 4,126ms
[2020-10-16T11:19:55.494+1000][148,158s][info ][gc] GC(45) Concurrent Cycle
[2020-10-16T11:19:55.590+1000][148,255s][info ][gc] GC(45) Pause Remark 173M->173M(256M) 0,162ms
[2020-10-16T11:19:55.637+1000][148,301s][info ][gc] GC(45) Pause Cleanup 175M->175M(256M) 0,081ms
[2020-10-16T11:19:55.637+1000][148,302s][info ][gc] GC(45) Concurrent Cycle 143,404ms
[2020-10-16T11:19:57.459+1000][150,124s][info ][gc] GC(46) Pause Young (Normal) (G1 Evacuation Pause) 222M->172M(256M) 4,862ms
[2020-10-16T11:19:59.346+1000][152,010s][info ][gc] GC(47) Pause Young (Concurrent Start) (G1 Evacuation Pause) 222M->175M(256M) 6,388ms
[2020-10-16T11:19:59.346+1000][152,010s][info ][gc] GC(48) Concurrent Cycle
[2020-10-16T11:19:59.443+1000][152,107s][info ][gc] GC(48) Pause Remark 177M->177M(256M) 0,192ms
[2020-10-16T11:19:59.492+1000][152,157s][info ][gc] GC(48) Pause Cleanup 179M->179M(256M) 0,086ms
[2020-10-16T11:19:59.492+1000][152,157s][info ][gc] GC(48) Concurrent Cycle 146,464ms
[2020-10-16T11:20:01.170+1000][153,834s][info ][gc] GC(49) Pause Young (Normal) (G1 Evacuation Pause) 223M->177M(256M) 4,955ms
[2020-10-16T11:20:02.913+1000][155,578s][info ][gc] GC(50) Pause Young (Concurrent Start) (G1 Evacuation Pause) 223M->179M(256M) 4,938ms
[2020-10-16T11:20:02.913+1000][155,578s][info ][gc] GC(51) Concurrent Cycle
[2020-10-16T11:20:03.032+1000][155,696s][info ][gc] GC(51) Pause Remark 182M->182M(256M) 0,247ms
[2020-10-16T11:20:03.085+1000][155,749s][info ][gc] GC(51) Pause Cleanup 184M->184M(256M) 0,088ms
[2020-10-16T11:20:03.085+1000][155,750s][info ][gc] GC(51) Concurrent Cycle 172,049ms
[2020-10-16T11:20:04.574+1000][157,239s][info ][gc] GC(52) Pause Young (Normal) (G1 Evacuation Pause) 223M->181M(256M) 5,460ms
[2020-10-16T11:20:06.123+1000][158,787s][info ][gc] GC(53) Pause Young (Concurrent Start) (G1 Evacuation Pause) 222M->183M(256M) 3,811ms
[2020-10-16T11:20:06.123+1000][158,787s][info ][gc] GC(54) Concurrent Cycle
[2020-10-16T11:20:06.224+1000][158,889s][info ][gc] GC(54) Pause Remark 186M->186M(256M) 0,206ms
[2020-10-16T11:20:06.274+1000][158,938s][info ][gc] GC(54) Pause Cleanup 187M->187M(256M) 0,087ms
[2020-10-16T11:20:06.274+1000][158,939s][info ][gc] GC(54) Concurrent Cycle 151,420ms
[2020-10-16T11:20:07.642+1000][160,307s][info ][gc] GC(55) Pause Young (Normal) (G1 Evacuation Pause) 223M->184M(256M) 5,682ms
[2020-10-16T11:20:09.120+1000][161,785s][info ][gc] GC(56) Pause Young (Concurrent Start) (G1 Evacuation Pause) 223M->186M(256M) 4,541ms
[2020-10-16T11:20:09.120+1000][161,785s][info ][gc] GC(57) Concurrent Cycle
[2020-10-16T11:20:09.223+1000][161,887s][info ][gc] GC(57) Pause Remark 189M->189M(256M) 0,201ms
[2020-10-16T11:20:09.273+1000][161,938s][info ][gc] GC(57) Pause Cleanup 191M->191M(256M) 0,093ms
[2020-10-16T11:20:09.273+1000][161,938s][info ][gc] GC(57) Concurrent Cycle 153,175ms
[2020-10-16T11:20:10.517+1000][163,181s][info ][gc] GC(58) Pause Young (Normal) (G1 Evacuation Pause) 223M->188M(256M) 4,623ms
[2020-10-16T11:20:11.884+1000][164,548s][info ][gc] GC(59) Pause Young (Concurrent Start) (G1 Evacuation Pause) 224M->189M(256M) 4,996ms
[2020-10-16T11:20:11.884+1000][164,549s][info ][gc] GC(60) Concurrent Cycle
[2020-10-16T11:20:11.991+1000][164,655s][info ][gc] GC(60) Pause Remark 192M->192M(256M) 0,162ms
[2020-10-16T11:20:12.045+1000][164,709s][info ][gc] GC(60) Pause Cleanup 194M->194M(256M) 0,087ms
[2020-10-16T11:20:12.045+1000][164,710s][info ][gc] GC(60) Concurrent Cycle 161,130ms
[2020-10-16T11:20:13.168+1000][165,832s][info ][gc] GC(61) Pause Young (Normal) (G1 Evacuation Pause) 223M->191M(256M) 3,480ms
[2020-10-16T11:20:14.381+1000][167,046s][info ][gc] GC(62) Pause Young (Concurrent Start) (G1 Evacuation Pause) 223M->192M(256M) 4,623ms
[2020-10-16T11:20:14.381+1000][167,046s][info ][gc] GC(63) Concurrent Cycle
[2020-10-16T11:20:14.493+1000][167,158s][info ][gc] GC(63) Pause Remark 195M->195M(256M) 0,197ms
[2020-10-16T11:20:14.553+1000][167,218s][info ][gc] GC(63) Pause Cleanup 197M->197M(256M) 0,116ms
[2020-10-16T11:20:14.554+1000][167,218s][info ][gc] GC(63) Concurrent Cycle 172,377ms
[2020-10-16T11:20:15.593+1000][168,257s][info ][gc] GC(64) Pause Young (Normal) (G1 Evacuation Pause) 224M->194M(256M) 2,149ms
[2020-10-16T11:20:16.725+1000][169,389s][info ][gc] GC(65) Pause Young (Concurrent Start) (G1 Evacuation Pause) 224M->195M(256M) 3,327ms
[2020-10-16T11:20:16.725+1000][169,389s][info ][gc] GC(66) Concurrent Cycle
[2020-10-16T11:20:16.843+1000][169,507s][info ][gc] GC(66) Pause Remark 198M->198M(256M) 0,340ms
[2020-10-16T11:20:16.909+1000][169,573s][info ][gc] GC(66) Pause Cleanup 200M->200M(256M) 0,112ms
[2020-10-16T11:20:16.909+1000][169,574s][info ][gc] GC(66) Concurrent Cycle 184,674ms
[2020-10-16T11:20:17.824+1000][170,488s][info ][gc] GC(67) Pause Young (Normal) (G1 Evacuation Pause) 224M->196M(256M) 2,547ms
[2020-10-16T11:20:18.884+1000][171,549s][info ][gc] GC(68) Pause Young (Concurrent Start) (G1 Evacuation Pause) 224M->198M(256M) 3,302ms
[2020-10-16T11:20:18.884+1000][171,549s][info ][gc] GC(69) Concurrent Cycle
[2020-10-16T11:20:19.000+1000][171,664s][info ][gc] GC(69) Pause Remark 201M->201M(256M) 0,212ms
[2020-10-16T11:20:19.055+1000][171,720s][info ][gc] GC(69) Pause Cleanup 202M->202M(256M) 0,095ms
[2020-10-16T11:20:19.056+1000][171,720s][info ][gc] GC(69) Concurrent Cycle 171,227ms
[2020-10-16T11:20:19.904+1000][172,568s][info ][gc] GC(70) Pause Young (Normal) (G1 Evacuation Pause) 225M->199M(256M) 3,349ms
[2020-10-16T11:20:20.892+1000][173,556s][info ][gc] GC(71) Pause Young (Concurrent Start) (G1 Evacuation Pause) 225M->200M(256M) 2,816ms
[2020-10-16T11:20:20.892+1000][173,556s][info ][gc] GC(72) Concurrent Cycle
[2020-10-16T11:20:21.009+1000][173,673s][info ][gc] GC(72) Pause Remark 203M->203M(256M) 0,170ms
[2020-10-16T11:20:21.065+1000][173,729s][info ][gc] GC(72) Pause Cleanup 205M->205M(256M) 0,095ms
[2020-10-16T11:20:21.065+1000][173,730s][info ][gc] GC(72) Concurrent Cycle 173,019ms
[2020-10-16T11:20:21.840+1000][174,504s][info ][gc] GC(73) Pause Young (Normal) (G1 Evacuation Pause) 225M->201M(256M) 2,725ms
[2020-10-16T11:20:22.707+1000][175,372s][info ][gc] GC(74) Pause Young (Concurrent Start) (G1 Evacuation Pause) 224M->202M(256M) 3,368ms
[2020-10-16T11:20:22.707+1000][175,372s][info ][gc] GC(75) Concurrent Cycle
[2020-10-16T11:20:22.836+1000][175,501s][info ][gc] GC(75) Pause Remark 205M->205M(256M) 0,239ms
[2020-10-16T11:20:22.893+1000][175,557s][info ][gc] GC(75) Pause Cleanup 207M->207M(256M) 0,122ms
[2020-10-16T11:20:22.893+1000][175,557s][info ][gc] GC(75) Concurrent Cycle 185,599ms
[2020-10-16T11:20:23.544+1000][176,208s][info ][gc] GC(76) Pause Young (Normal) (G1 Evacuation Pause) 224M->203M(256M) 3,274ms
[2020-10-16T11:20:24.381+1000][177,045s][info ][gc] GC(77) Pause Young (Concurrent Start) (G1 Evacuation Pause) 225M->204M(256M) 3,497ms
[2020-10-16T11:20:24.381+1000][177,045s][info ][gc] GC(78) Concurrent Cycle
[2020-10-16T11:20:24.524+1000][177,188s][info ][gc] GC(78) Pause Remark 208M->208M(256M) 0,237ms
[2020-10-16T11:20:24.583+1000][177,247s][info ][gc] GC(78) Pause Cleanup 209M->209M(256M) 0,104ms
[2020-10-16T11:20:24.583+1000][177,248s][info ][gc] GC(78) Concurrent Cycle 202,701ms
[2020-10-16T11:20:25.176+1000][177,841s][info ][gc] GC(79) Pause Young (Normal) (G1 Evacuation Pause) 225M->205M(256M) 3,048ms
[2020-10-16T11:20:25.932+1000][178,596s][info ][gc] GC(80) Pause Young (Concurrent Start) (G1 Evacuation Pause) 225M->206M(256M) 2,872ms
[2020-10-16T11:20:25.932+1000][178,596s][info ][gc] GC(81) Concurrent Cycle
[2020-10-16T11:20:26.050+1000][178,714s][info ][gc] GC(81) Pause Remark 209M->209M(256M) 0,231ms
[2020-10-16T11:20:26.107+1000][178,772s][info ][gc] GC(81) Pause Cleanup 211M->211M(256M) 0,091ms
[2020-10-16T11:20:26.108+1000][178,772s][info ][gc] GC(81) Concurrent Cycle 175,959ms
[2020-10-16T11:20:26.646+1000][179,310s][info ][gc] GC(82) Pause Young (Normal) (G1 Evacuation Pause) 225M->207M(256M) 2,946ms
[2020-10-16T11:20:27.331+1000][179,995s][info ][gc] GC(83) Pause Young (Concurrent Start) (G1 Evacuation Pause) 225M->207M(256M) 2,448ms
[2020-10-16T11:20:27.331+1000][179,995s][info ][gc] GC(84) Concurrent Cycle
[2020-10-16T11:20:27.452+1000][180,116s][info ][gc] GC(84) Pause Remark 211M->211M(256M) 0,211ms
[2020-10-16T11:20:27.509+1000][180,173s][info ][gc] GC(84) Pause Cleanup 212M->212M(256M) 0,120ms
[2020-10-16T11:20:27.509+1000][180,174s][info ][gc] GC(84) Concurrent Cycle 178,607ms
[2020-10-16T11:20:27.974+1000][180,638s][info ][gc] GC(85) Pause Young (Normal) (G1 Evacuation Pause) 224M->208M(256M) 2,552ms
[2020-10-16T11:20:28.586+1000][181,250s][info ][gc] GC(86) Pause Young (Concurrent Start) (G1 Evacuation Pause) 224M->209M(256M) 2,195ms
[2020-10-16T11:20:28.650+1000][181,315s][info ][gc] GC(87) Concurrent Cycle
[2020-10-16T11:20:28.773+1000][181,437s][info ][gc] GC(87) Pause Remark 212M->212M(256M) 0,285ms
[2020-10-16T11:20:28.835+1000][181,499s][info ][gc] GC(87) Pause Cleanup 214M->214M(256M) 0,104ms
[2020-10-16T11:20:28.835+1000][181,499s][info ][gc] GC(87) Concurrent Cycle 184,709ms
[2020-10-16T11:20:29.293+1000][181,958s][info ][gc] GC(88) Pause Young (Normal) (G1 Evacuation Pause) 226M->210M(256M) 2,276ms
[2020-10-16T11:20:29.866+1000][182,530s][info ][gc] GC(89) Pause Young (Concurrent Start) (G1 Evacuation Pause) 225M->210M(256M) 2,262ms
[2020-10-16T11:20:29.866+1000][182,530s][info ][gc] GC(90) Concurrent Cycle
[2020-10-16T11:20:29.994+1000][182,658s][info ][gc] GC(90) Pause Remark 214M->214M(256M) 0,225ms
[2020-10-16T11:20:30.061+1000][182,725s][info ][gc] GC(90) Pause Cleanup 216M->216M(256M) 0,099ms
[2020-10-16T11:20:30.061+1000][182,726s][info ][gc] GC(90) Concurrent Cycle 195,486ms
[2020-10-16T11:20:30.387+1000][183,051s][info ][gc] GC(91) Pause Young (Normal) (G1 Evacuation Pause) 224M->211M(256M) 2,761ms
[2020-10-16T11:20:30.888+1000][183,553s][info ][gc] GC(92) Pause Young (Concurrent Start) (G1 Evacuation Pause) 224M->211M(256M) 2,931ms
[2020-10-16T11:20:30.888+1000][183,553s][info ][gc] GC(93) Concurrent Cycle
[2020-10-16T11:20:31.015+1000][183,679s][info ][gc] GC(93) Pause Remark 215M->215M(256M) 0,235ms
[2020-10-16T11:20:31.099+1000][183,764s][info ][gc] GC(93) Pause Cleanup 217M->217M(256M) 0,097ms
[2020-10-16T11:20:31.099+1000][183,764s][info ][gc] GC(93) Concurrent Cycle 210,968ms
[2020-10-16T11:20:31.419+1000][184,084s][info ][gc] GC(94) Pause Young (Normal) (G1 Evacuation Pause) 225M->212M(256M) 2,397ms
[2020-10-16T11:20:31.910+1000][184,574s][info ][gc] GC(95) Pause Young (Concurrent Start) (G1 Evacuation Pause) 225M->213M(256M) 2,081ms
[2020-10-16T11:20:31.910+1000][184,574s][info ][gc] GC(96) Concurrent Cycle
[2020-10-16T11:20:32.034+1000][184,698s][info ][gc] GC(96) Pause Remark 216M->216M(256M) 0,199ms
[2020-10-16T11:20:32.092+1000][184,757s][info ][gc] GC(96) Pause Cleanup 217M->217M(256M) 0,092ms
[2020-10-16T11:20:32.093+1000][184,757s][info ][gc] GC(96) Concurrent Cycle 182,678ms
[2020-10-16T11:20:32.399+1000][185,064s][info ][gc] GC(97) Pause Young (Normal) (G1 Evacuation Pause) 226M->213M(256M) 1,432ms
[2020-10-16T11:20:32.859+1000][185,523s][info ][gc] GC(98) Pause Young (Concurrent Start) (G1 Evacuation Pause) 225M->214M(256M) 1,572ms
[2020-10-16T11:20:32.859+1000][185,523s][info ][gc] GC(99) Concurrent Cycle
[2020-10-16T11:20:32.987+1000][185,652s][info ][gc] GC(99) Pause Remark 217M->217M(256M) 0,181ms
[2020-10-16T11:20:33.046+1000][185,711s][info ][gc] GC(99) Pause Cleanup 219M->219M(256M) 0,115ms
[2020-10-16T11:20:33.047+1000][185,711s][info ][gc] GC(99) Concurrent Cycle 188,278ms
[2020-10-16T11:20:33.277+1000][185,941s][info ][gc] GC(100) Pause Young (Normal) (G1 Evacuation Pause) 225M->214M(256M) 1,810ms
[2020-10-16T11:20:33.726+1000][186,390s][info ][gc] GC(101) Pause Young (Concurrent Start) (G1 Evacuation Pause) 226M->215M(256M) 1,528ms
[2020-10-16T11:20:33.726+1000][186,390s][info ][gc] GC(102) Concurrent Cycle
[2020-10-16T11:20:33.851+1000][186,516s][info ][gc] GC(102) Pause Remark 218M->218M(256M) 0,173ms
[2020-10-16T11:20:33.909+1000][186,573s][info ][gc] GC(102) Pause Cleanup 220M->220M(256M) 0,098ms
[2020-10-16T11:20:33.909+1000][186,574s][info ][gc] GC(102) Concurrent Cycle 183,145ms
[2020-10-16T11:20:34.145+1000][186,809s][info ][gc] GC(103) Pause Young (Normal) (G1 Evacuation Pause) 226M->215M(256M) 1,599ms
[2020-10-16T11:20:34.523+1000][187,187s][info ][gc] GC(104) Pause Young (Concurrent Start) (G1 Evacuation Pause) 225M->216M(256M) 1,502ms
[2020-10-16T11:20:34.523+1000][187,187s][info ][gc] GC(105) Concurrent Cycle
[2020-10-16T11:20:34.651+1000][187,315s][info ][gc] GC(105) Pause Remark 219M->219M(256M) 0,186ms
[2020-10-16T11:20:34.711+1000][187,376s][info ][gc] GC(105) Pause Cleanup 221M->221M(256M) 0,105ms
[2020-10-16T11:20:34.722+1000][187,386s][info ][gc] GC(105) Concurrent Cycle 199,374ms
[2020-10-16T11:20:34.906+1000][187,571s][info ][gc] GC(106) Pause Young (Normal) (G1 Evacuation Pause) 226M->216M(256M) 1,450ms
[2020-10-16T11:20:35.284+1000][187,949s][info ][gc] GC(107) Pause Young (Concurrent Start) (G1 Evacuation Pause) 226M->216M(256M) 1,583ms
[2020-10-16T11:20:35.284+1000][187,949s][info ][gc] GC(108) Concurrent Cycle
[2020-10-16T11:20:35.416+1000][188,080s][info ][gc] GC(108) Pause Remark 220M->220M(256M) 0,184ms
[2020-10-16T11:20:35.478+1000][188,142s][info ][gc] GC(108) Pause Cleanup 222M->222M(256M) 0,099ms
[2020-10-16T11:20:35.478+1000][188,142s][info ][gc] GC(108) Concurrent Cycle 193,588ms
[2020-10-16T11:20:35.662+1000][188,326s][info ][gc] GC(109) Pause Young (Normal) (G1 Evacuation Pause) 226M->217M(256M) 1,739ms
[2020-10-16T11:20:36.040+1000][188,705s][info ][gc] GC(110) Pause Young (Concurrent Start) (G1 Evacuation Pause) 227M->217M(256M) 2,202ms
[2020-10-16T11:20:36.041+1000][188,705s][info ][gc] GC(111) Concurrent Cycle
[2020-10-16T11:20:36.166+1000][188,831s][info ][gc] GC(111) Pause Remark 221M->221M(256M) 0,216ms
[2020-10-16T11:20:36.227+1000][188,892s][info ][gc] GC(111) Pause Cleanup 222M->222M(256M) 0,096ms
[2020-10-16T11:20:36.227+1000][188,892s][info ][gc] GC(111) Concurrent Cycle 186,844ms
[2020-10-16T11:20:36.418+1000][189,083s][info ][gc] GC(112) Pause Young (Normal) (G1 Evacuation Pause) 227M->218M(256M) 2,045ms
[2020-10-16T11:20:36.796+1000][189,461s][info ][gc] GC(113) Pause Young (Concurrent Start) (G1 Evacuation Pause) 228M->218M(256M) 1,927ms
[2020-10-16T11:20:36.796+1000][189,461s][info ][gc] GC(114) Concurrent Cycle
[2020-10-16T11:20:36.926+1000][189,591s][info ][gc] GC(114) Pause Remark 222M->222M(256M) 0,254ms
[2020-10-16T11:20:36.987+1000][189,651s][info ][gc] GC(114) Pause Cleanup 223M->223M(256M) 0,123ms
[2020-10-16T11:20:36.987+1000][189,652s][info ][gc] GC(114) Concurrent Cycle 190,901ms
[2020-10-16T11:20:37.184+1000][189,848s][info ][gc] GC(115) Pause Young (Normal) (G1 Evacuation Pause) 228M->218M(256M) 1,605ms
[2020-10-16T11:20:37.592+1000][190,257s][info ][gc] GC(116) Pause Young (Concurrent Start) (G1 Evacuation Pause) 229M->219M(256M) 1,470ms
[2020-10-16T11:20:37.592+1000][190,257s][info ][gc] GC(117) Concurrent Cycle
[2020-10-16T11:20:37.724+1000][190,389s][info ][gc] GC(117) Pause Remark 222M->222M(256M) 0,220ms
[2020-10-16T11:20:37.786+1000][190,450s][info ][gc] GC(117) Pause Cleanup 224M->224M(256M) 0,099ms
[2020-10-16T11:20:37.786+1000][190,451s][info ][gc] GC(117) Concurrent Cycle 193,729ms
[2020-10-16T11:20:37.970+1000][190,634s][info ][gc] GC(118) Pause Young (Normal) (G1 Evacuation Pause) 229M->219M(256M) 1,498ms
[2020-10-16T11:20:38.389+1000][191,054s][info ][gc] GC(119) Pause Young (Concurrent Start) (G1 Evacuation Pause) 229M->220M(256M) 1,488ms
[2020-10-16T11:20:38.389+1000][191,054s][info ][gc] GC(120) Concurrent Cycle
[2020-10-16T11:20:38.518+1000][191,183s][info ][gc] GC(120) Pause Remark 223M->223M(256M) 0,183ms
[2020-10-16T11:20:38.581+1000][191,246s][info ][gc] GC(120) Pause Cleanup 225M->225M(256M) 0,156ms
[2020-10-16T11:20:38.581+1000][191,246s][info ][gc] GC(120) Concurrent Cycle 192,123ms
[2020-10-16T11:20:38.777+1000][191,441s][info ][gc] GC(121) Pause Young (Normal) (G1 Evacuation Pause) 230M->220M(256M) 1,273ms
[2020-10-16T11:20:39.185+1000][191,850s][info ][gc] GC(122) Pause Young (Concurrent Start) (G1 Evacuation Pause) 231M->221M(256M) 1,434ms
[2020-10-16T11:20:39.185+1000][191,850s][info ][gc] GC(123) Concurrent Cycle
[2020-10-16T11:20:39.314+1000][191,978s][info ][gc] GC(123) Pause Remark 224M->224M(256M) 0,293ms
[2020-10-16T11:20:39.376+1000][192,040s][info ][gc] GC(123) Pause Cleanup 226M->226M(256M) 0,141ms
[2020-10-16T11:20:39.376+1000][192,040s][info ][gc] GC(123) Concurrent Cycle 190,638ms
[2020-10-16T11:20:39.563+1000][192,227s][info ][gc] GC(124) Pause Young (Normal) (G1 Evacuation Pause) 231M->221M(256M) 1,859ms
[2020-10-16T11:20:39.940+1000][192,605s][info ][gc] GC(125) Pause Young (Concurrent Start) (G1 Evacuation Pause) 231M->222M(256M) 1,334ms
[2020-10-16T11:20:39.940+1000][192,605s][info ][gc] GC(126) Concurrent Cycle
[2020-10-16T11:20:40.078+1000][192,742s][info ][gc] GC(126) Pause Remark 225M->225M(256M) 0,170ms
[2020-10-16T11:20:40.142+1000][192,806s][info ][gc] GC(126) Pause Cleanup 227M->227M(256M) 0,100ms
[2020-10-16T11:20:40.142+1000][192,806s][info ][gc] GC(126) Concurrent Cycle 201,733ms
[2020-10-16T11:20:40.327+1000][192,992s][info ][gc] GC(127) Pause Young (Normal) (G1 Evacuation Pause) 232M->222M(256M) 1,212ms
[2020-10-16T11:20:40.736+1000][193,401s][info ][gc] GC(128) Pause Young (Concurrent Start) (G1 Evacuation Pause) 233M->223M(256M) 1,871ms
[2020-10-16T11:20:40.736+1000][193,401s][info ][gc] GC(129) Concurrent Cycle
[2020-10-16T11:20:40.860+1000][193,525s][info ][gc] GC(129) Pause Remark 226M->226M(256M) 0,201ms
[2020-10-16T11:20:40.923+1000][193,587s][info ][gc] GC(129) Pause Cleanup 228M->228M(256M) 0,124ms
[2020-10-16T11:20:40.923+1000][193,588s][info ][gc] GC(129) Concurrent Cycle 186,812ms
[2020-10-16T11:20:41.114+1000][193,779s][info ][gc] GC(130) Pause Young (Normal) (G1 Evacuation Pause) 233M->223M(256M) 1,931ms
[2020-10-16T11:20:41.492+1000][194,156s][info ][gc] GC(131) Pause Young (Concurrent Start) (G1 Evacuation Pause) 233M->223M(256M) 1,392ms
[2020-10-16T11:20:41.492+1000][194,156s][info ][gc] GC(132) Concurrent Cycle
[2020-10-16T11:20:41.626+1000][194,290s][info ][gc] GC(132) Pause Remark 227M->227M(256M) 0,243ms
[2020-10-16T11:20:41.688+1000][194,353s][info ][gc] GC(132) Pause Cleanup 229M->229M(256M) 0,105ms
[2020-10-16T11:20:41.689+1000][194,353s][info ][gc] GC(132) Concurrent Cycle 196,688ms
[2020-10-16T11:20:41.880+1000][194,544s][info ][gc] GC(133) Pause Young (Normal) (G1 Evacuation Pause) 233M->224M(256M) 1,344ms
[2020-10-16T11:20:42.288+1000][194,953s][info ][gc] GC(134) Pause Young (Concurrent Start) (G1 Evacuation Pause) 235M->224M(256M) 1,281ms
[2020-10-16T11:20:42.288+1000][194,953s][info ][gc] GC(135) Concurrent Cycle
[2020-10-16T11:20:42.419+1000][195,083s][info ][gc] GC(135) Pause Remark 228M->228M(256M) 0,187ms
[2020-10-16T11:20:42.487+1000][195,152s][info ][gc] GC(135) Pause Cleanup 229M->229M(256M) 0,098ms
[2020-10-16T11:20:42.488+1000][195,152s][info ][gc] GC(135) Concurrent Cycle 199,264ms
[2020-10-16T11:20:42.667+1000][195,331s][info ][gc] GC(136) Pause Young (Normal) (G1 Evacuation Pause) 234M->225M(256M) 1,897ms
[2020-10-16T11:20:43.045+1000][195,710s][info ][gc] GC(137) Pause Young (Concurrent Start) (G1 Evacuation Pause) 235M->225M(256M) 1,710ms
[2020-10-16T11:20:43.045+1000][195,710s][info ][gc] GC(138) Concurrent Cycle
[2020-10-16T11:20:43.187+1000][195,851s][info ][gc] GC(138) Pause Remark 229M->229M(256M) 0,192ms
[2020-10-16T11:20:43.254+1000][195,919s][info ][gc] GC(138) Pause Cleanup 231M->231M(256M) 0,142ms
[2020-10-16T11:20:43.254+1000][195,919s][info ][gc] GC(138) Concurrent Cycle 209,209ms
[2020-10-16T11:20:43.433+1000][196,097s][info ][gc] GC(139) Pause Young (Normal) (G1 Evacuation Pause) 235M->225M(256M) 1,751ms
[2020-10-16T11:20:43.842+1000][196,506s][info ][gc] GC(140) Pause Young (Concurrent Start) (G1 Evacuation Pause) 236M->226M(256M) 1,774ms
[2020-10-16T11:20:43.842+1000][196,506s][info ][gc] GC(141) Concurrent Cycle
[2020-10-16T11:20:43.975+1000][196,640s][info ][gc] GC(141) Pause Remark 230M->230M(256M) 0,221ms
[2020-10-16T11:20:44.038+1000][196,703s][info ][gc] GC(141) Pause Cleanup 231M->231M(256M) 0,133ms
[2020-10-16T11:20:44.039+1000][196,703s][info ][gc] GC(141) Concurrent Cycle 196,752ms
[2020-10-16T11:20:44.220+1000][196,884s][info ][gc] GC(142) Pause Young (Normal) (G1 Evacuation Pause) 236M->226M(256M) 1,715ms
[2020-10-16T11:20:44.597+1000][197,262s][info ][gc] GC(143) Pause Young (Concurrent Start) (G1 Evacuation Pause) 236M->227M(256M) 1,260ms
[2020-10-16T11:20:44.597+1000][197,262s][info ][gc] GC(144) Concurrent Cycle
[2020-10-16T11:20:44.732+1000][197,396s][info ][gc] GC(144) Pause Remark 231M->231M(256M) 0,194ms
[2020-10-16T11:20:44.798+1000][197,462s][info ][gc] GC(144) Pause Cleanup 232M->232M(256M) 0,106ms
[2020-10-16T11:20:44.798+1000][197,463s][info ][gc] GC(144) Concurrent Cycle 200,940ms
[2020-10-16T11:20:44.985+1000][197,649s][info ][gc] GC(145) Pause Young (Normal) (G1 Evacuation Pause) 237M->227M(256M) 1,137ms
[2020-10-16T11:20:45.393+1000][198,058s][info ][gc] GC(146) Pause Young (Concurrent Start) (G1 Evacuation Pause) 238M->228M(256M) 1,498ms
[2020-10-16T11:20:45.393+1000][198,058s][info ][gc] GC(147) Concurrent Cycle
[2020-10-16T11:20:45.528+1000][198,192s][info ][gc] GC(147) Pause Remark 231M->231M(256M) 0,186ms
[2020-10-16T11:20:45.593+1000][198,257s][info ][gc] GC(147) Pause Cleanup 233M->233M(256M) 0,092ms
[2020-10-16T11:20:45.593+1000][198,257s][info ][gc] GC(147) Concurrent Cycle 199,507ms
[2020-10-16T11:20:45.771+1000][198,436s][info ][gc] GC(148) Pause Young (Normal) (G1 Evacuation Pause) 238M->228M(256M) 2,258ms
[2020-10-16T11:20:46.149+1000][198,814s][info ][gc] GC(149) Pause Young (Concurrent Start) (G1 Evacuation Pause) 238M->229M(256M) 1,418ms
[2020-10-16T11:20:46.149+1000][198,814s][info ][gc] GC(150) Concurrent Cycle
[2020-10-16T11:20:46.286+1000][198,951s][info ][gc] GC(150) Pause Remark 232M->232M(256M) 0,169ms
[2020-10-16T11:20:46.353+1000][199,018s][info ][gc] GC(150) Pause Cleanup 234M->234M(256M) 0,224ms
[2020-10-16T11:20:46.354+1000][199,018s][info ][gc] GC(150) Concurrent Cycle 204,158ms
[2020-10-16T11:20:46.537+1000][199,201s][info ][gc] GC(151) Pause Young (Normal) (G1 Evacuation Pause) 239M->229M(256M) 1,273ms
[2020-10-16T11:20:46.945+1000][199,610s][info ][gc] GC(152) Pause Young (Concurrent Start) (G1 Evacuation Pause) 240M->230M(256M) 1,648ms
[2020-10-16T11:20:46.945+1000][199,610s][info ][gc] GC(153) Concurrent Cycle
[2020-10-16T11:20:47.080+1000][199,745s][info ][gc] GC(153) Pause Remark 233M->233M(256M) 0,229ms
[2020-10-16T11:20:47.144+1000][199,808s][info ][gc] GC(153) Pause Cleanup 235M->235M(256M) 0,110ms
[2020-10-16T11:20:47.144+1000][199,809s][info ][gc] GC(153) Concurrent Cycle 198,655ms
[2020-10-16T11:20:47.323+1000][199,988s][info ][gc] GC(154) Pause Young (Normal) (G1 Evacuation Pause) 240M->230M(256M) 1,481ms
[2020-10-16T11:20:47.701+1000][200,366s][info ][gc] GC(155) Pause Young (Concurrent Start) (G1 Evacuation Pause) 240M->230M(256M) 1,701ms
[2020-10-16T11:20:47.701+1000][200,366s][info ][gc] GC(156) Concurrent Cycle
[2020-10-16T11:20:47.842+1000][200,507s][info ][gc] GC(156) Pause Remark 234M->234M(256M) 0,248ms
[2020-10-16T11:20:47.909+1000][200,573s][info ][gc] GC(156) Pause Cleanup 236M->236M(256M) 0,142ms
[2020-10-16T11:20:47.909+1000][200,574s][info ][gc] GC(156) Concurrent Cycle 207,841ms
[2020-10-16T11:20:48.089+1000][200,753s][info ][gc] GC(157) Pause Young (Normal) (G1 Evacuation Pause) 240M->231M(256M) 1,084ms
[2020-10-16T11:20:48.497+1000][201,161s][info ][gc] GC(158) Pause Young (Concurrent Start) (G1 Evacuation Pause) 242M->231M(256M) 0,951ms
[2020-10-16T11:20:48.497+1000][201,161s][info ][gc] GC(159) Concurrent Cycle
[2020-10-16T11:20:48.631+1000][201,296s][info ][gc] GC(159) Pause Remark 235M->235M(256M) 0,174ms
[2020-10-16T11:20:48.698+1000][201,362s][info ][gc] GC(159) Pause Cleanup 237M->237M(256M) 0,130ms
[2020-10-16T11:20:48.698+1000][201,362s][info ][gc] GC(159) Concurrent Cycle 201,287ms
[2020-10-16T11:20:48.874+1000][201,539s][info ][gc] GC(160) Pause Young (Normal) (G1 Evacuation Pause) 241M->232M(256M) 1,646ms
[2020-10-16T11:20:49.253+1000][201,917s][info ][gc] GC(161) Pause Young (Concurrent Start) (G1 Evacuation Pause) 242M->232M(256M) 1,903ms
[2020-10-16T11:20:49.253+1000][201,917s][info ][gc] GC(162) Concurrent Cycle
[2020-10-16T11:20:49.391+1000][202,055s][info ][gc] GC(162) Pause Remark 236M->236M(256M) 0,225ms
[2020-10-16T11:20:49.458+1000][202,122s][info ][gc] GC(162) Pause Cleanup 238M->238M(256M) 0,131ms
[2020-10-16T11:20:49.458+1000][202,123s][info ][gc] GC(162) Concurrent Cycle 205,142ms
[2020-10-16T11:20:49.641+1000][202,305s][info ][gc] GC(163) Pause Young (Normal) (G1 Evacuation Pause) 242M->232M(256M) 1,946ms
[2020-10-16T11:20:50.051+1000][202,715s][info ][gc] GC(164) Pause Young (Concurrent Start) (G1 Evacuation Pause) 243M->233M(256M) 2,622ms
[2020-10-16T11:20:50.051+1000][202,715s][info ][gc] GC(165) Concurrent Cycle
[2020-10-16T11:20:50.188+1000][202,853s][info ][gc] GC(165) Pause Remark 237M->237M(256M) 0,199ms
[2020-10-16T11:20:50.252+1000][202,916s][info ][gc] GC(165) Pause Cleanup 238M->238M(256M) 0,104ms
[2020-10-16T11:20:50.252+1000][202,917s][info ][gc] GC(165) Concurrent Cycle 201,673ms
[2020-10-16T11:20:50.428+1000][203,092s][info ][gc] GC(166) Pause Young (Normal) (G1 Evacuation Pause) 243M->234M(256M) 1,362ms
[2020-10-16T11:20:50.806+1000][203,471s][info ][gc] GC(167) Pause Young (Concurrent Start) (G1 Evacuation Pause) 244M->234M(256M) 1,546ms
[2020-10-16T11:20:50.806+1000][203,471s][info ][gc] GC(168) Concurrent Cycle
[2020-10-16T11:20:50.947+1000][203,612s][info ][gc] GC(168) Pause Remark 238M->238M(256M) 0,254ms
[2020-10-16T11:20:51.016+1000][203,680s][info ][gc] GC(168) Pause Cleanup 239M->239M(256M) 0,103ms
[2020-10-16T11:20:51.016+1000][203,680s][info ][gc] GC(168) Concurrent Cycle 209,479ms
[2020-10-16T11:20:51.194+1000][203,858s][info ][gc] GC(169) Pause Young (Normal) (G1 Evacuation Pause) 244M->234M(256M) 1,314ms
[2020-10-16T11:20:51.602+1000][204,267s][info ][gc] GC(170) Pause Young (Concurrent Start) (G1 Evacuation Pause) 245M->235M(256M) 1,582ms
[2020-10-16T11:20:51.602+1000][204,267s][info ][gc] GC(171) Concurrent Cycle
[2020-10-16T11:20:51.746+1000][204,410s][info ][gc] GC(171) Pause Remark 239M->239M(256M) 0,230ms
[2020-10-16T11:20:51.816+1000][204,480s][info ][gc] GC(171) Pause Cleanup 240M->240M(256M) 0,113ms
[2020-10-16T11:20:51.816+1000][204,480s][info ][gc] GC(171) Concurrent Cycle 213,618ms
[2020-10-16T11:20:51.981+1000][204,645s][info ][gc] GC(172) Pause Young (Normal) (G1 Evacuation Pause) 245M->235M(256M) 2,263ms
[2020-10-16T11:20:52.358+1000][205,023s][info ][gc] GC(173) Pause Young (Concurrent Start) (G1 Evacuation Pause) 245M->236M(256M) 1,130ms
[2020-10-16T11:20:52.358+1000][205,023s][info ][gc] GC(174) Concurrent Cycle
[2020-10-16T11:20:52.502+1000][205,166s][info ][gc] GC(174) Pause Remark 240M->240M(256M) 0,236ms
[2020-10-16T11:20:52.570+1000][205,235s][info ][gc] GC(174) Pause Cleanup 241M->241M(256M) 0,105ms
[2020-10-16T11:20:52.571+1000][205,235s][info ][gc] GC(174) Concurrent Cycle 212,357ms
[2020-10-16T11:20:52.746+1000][205,410s][info ][gc] GC(175) Pause Young (Normal) (G1 Evacuation Pause) 246M->236M(256M) 1,394ms
[2020-10-16T11:20:53.154+1000][205,818s][info ][gc] GC(176) Pause Young (Concurrent Start) (G1 Evacuation Pause) 247M->237M(256M) 1,311ms
[2020-10-16T11:20:53.154+1000][205,818s][info ][gc] GC(177) Concurrent Cycle
[2020-10-16T11:20:53.294+1000][205,958s][info ][gc] GC(177) Pause Remark 240M->240M(256M) 0,199ms
[2020-10-16T11:20:53.360+1000][206,024s][info ][gc] GC(177) Pause Cleanup 242M->242M(256M) 0,111ms
[2020-10-16T11:20:53.360+1000][206,024s][info ][gc] GC(177) Concurrent Cycle 206,038ms
[2020-10-16T11:20:53.532+1000][206,196s][info ][gc] GC(178) Pause Young (Normal) (G1 Evacuation Pause) 247M->237M(256M) 2,131ms
[2020-10-16T11:20:53.909+1000][206,574s][info ][gc] GC(179) Pause Young (Concurrent Start) (G1 Evacuation Pause) 247M->237M(256M) 1,227ms
[2020-10-16T11:20:53.909+1000][206,574s][info ][gc] GC(180) Concurrent Cycle
[2020-10-16T11:20:54.047+1000][206,712s][info ][gc] GC(180) Pause Remark 241M->241M(256M) 0,231ms
[2020-10-16T11:20:54.111+1000][206,776s][info ][gc] GC(180) Pause Cleanup 243M->243M(256M) 0,103ms
[2020-10-16T11:20:54.112+1000][206,776s][info ][gc] GC(180) Concurrent Cycle 202,192ms
[2020-10-16T11:20:54.297+1000][206,961s][info ][gc] GC(181) Pause Young (Normal) (G1 Evacuation Pause) 247M->238M(256M) 1,450ms
[2020-10-16T11:20:54.705+1000][207,369s][info ][gc] GC(182) Pause Young (Concurrent Start) (G1 Evacuation Pause) 249M->238M(256M) 1,175ms
[2020-10-16T11:20:54.705+1000][207,369s][info ][gc] GC(183) Concurrent Cycle
[2020-10-16T11:20:54.843+1000][207,508s][info ][gc] GC(183) Pause Remark 242M->242M(256M) 0,204ms
[2020-10-16T11:20:54.907+1000][207,572s][info ][gc] GC(183) Pause Cleanup 243M->243M(256M) 0,126ms
[2020-10-16T11:20:54.907+1000][207,572s][info ][gc] GC(183) Concurrent Cycle 202,456ms
[2020-10-16T11:20:55.083+1000][207,748s][info ][gc] GC(184) Pause Young (Normal) (G1 Evacuation Pause) 248M->239M(256M) 1,905ms
[2020-10-16T11:20:55.461+1000][208,126s][info ][gc] GC(185) Pause Young (Concurrent Start) (G1 Evacuation Pause) 249M->239M(256M) 1,637ms
[2020-10-16T11:20:55.461+1000][208,126s][info ][gc] GC(186) Concurrent Cycle
[2020-10-16T11:20:55.605+1000][208,269s][info ][gc] GC(186) Pause Remark 243M->243M(256M) 0,210ms
[2020-10-16T11:20:55.674+1000][208,339s][info ][gc] GC(186) Pause Cleanup 245M->245M(256M) 0,103ms
[2020-10-16T11:20:55.675+1000][208,339s][info ][gc] GC(186) Concurrent Cycle 213,159ms
[2020-10-16T11:20:55.849+1000][208,514s][info ][gc] GC(187) Pause Young (Normal) (G1 Evacuation Pause) 249M->239M(256M) 2,017ms
[2020-10-16T11:20:56.258+1000][208,923s][info ][gc] GC(188) Pause Young (Concurrent Start) (G1 Evacuation Pause) 250M->240M(256M) 1,766ms
[2020-10-16T11:20:56.258+1000][208,923s][info ][gc] GC(189) Concurrent Cycle
[2020-10-16T11:20:56.401+1000][209,066s][info ][gc] GC(189) Pause Remark 244M->244M(256M) 0,160ms
[2020-10-16T11:20:56.471+1000][209,135s][info ][gc] GC(189) Pause Cleanup 246M->246M(256M) 0,111ms
[2020-10-16T11:20:56.471+1000][209,135s][info ][gc] GC(189) Concurrent Cycle 212,486ms
[2020-10-16T11:20:56.636+1000][209,301s][info ][gc] GC(190) Pause Young (Normal) (G1 Evacuation Pause) 250M->240M(256M) 1,952ms
[2020-10-16T11:20:57.016+1000][209,680s][info ][gc] GC(191) Pause Young (Concurrent Start) (G1 Evacuation Pause) 250M->241M(256M) 2,527ms
[2020-10-16T11:20:57.016+1000][209,680s][info ][gc] GC(192) Concurrent Cycle
[2020-10-16T11:20:57.158+1000][209,823s][info ][gc] GC(192) Pause Remark 245M->245M(256M) 0,219ms
[2020-10-16T11:20:57.225+1000][209,890s][info ][gc] GC(192) Pause Cleanup 246M->246M(256M) 0,136ms
[2020-10-16T11:20:57.226+1000][209,890s][info ][gc] GC(192) Concurrent Cycle 209,697ms
[2020-10-16T11:20:57.402+1000][210,067s][info ][gc] GC(193) Pause Young (Normal) (G1 Evacuation Pause) 251M->241M(256M) 0,791ms
[2020-10-16T11:20:57.811+1000][210,475s][info ][gc] GC(194) Pause Young (Concurrent Start) (G1 Evacuation Pause) 252M->242M(256M) 1,220ms
[2020-10-16T11:20:57.811+1000][210,475s][info ][gc] GC(195) Concurrent Cycle
[2020-10-16T11:20:57.959+1000][210,623s][info ][gc] GC(195) Pause Remark 246M->246M(256M) 0,206ms
[2020-10-16T11:20:58.029+1000][210,693s][info ][gc] GC(195) Pause Cleanup 248M->248M(256M) 0,115ms
[2020-10-16T11:20:58.029+1000][210,693s][info ][gc] GC(195) Concurrent Cycle 218,406ms
[2020-10-16T11:20:58.189+1000][210,854s][info ][gc] GC(196) Pause Young (Normal) (G1 Evacuation Pause) 252M->242M(256M) 2,724ms
[2020-10-16T11:20:58.608+1000][211,272s][info ][gc] GC(197) To-space exhausted
[2020-10-16T11:20:58.608+1000][211,273s][info ][gc] GC(197) Pause Young (Concurrent Start) (G1 Evacuation Pause) 253M->243M(256M) 2,152ms
[2020-10-16T11:20:58.608+1000][211,273s][info ][gc] GC(198) Concurrent Cycle
[2020-10-16T11:20:58.751+1000][211,415s][info ][gc] GC(198) Pause Remark 247M->247M(256M) 0,257ms
[2020-10-16T11:20:58.820+1000][211,484s][info ][gc] GC(198) Pause Cleanup 249M->249M(256M) 0,111ms
[2020-10-16T11:20:58.820+1000][211,485s][info ][gc] GC(198) Concurrent Cycle 212,354ms
[2020-10-16T11:20:59.029+1000][211,693s][info ][gc] GC(199) To-space exhausted
[2020-10-16T11:20:59.029+1000][211,694s][info ][gc] GC(199) Pause Young (Prepare Mixed) (G1 Evacuation Pause) 254M->254M(256M) 4,492ms
[2020-10-16T11:20:59.145+1000][211,809s][info ][gc] GC(200) Pause Full (G1 Evacuation Pause) 254M->223M(256M) 115,168ms
[2020-10-16T11:20:59.603+1000][212,267s][info ][gc] GC(201) Pause Young (Concurrent Start) (G1 Evacuation Pause) 235M->224M(256M) 0,622ms
[2020-10-16T11:20:59.603+1000][212,267s][info ][gc] GC(202) Concurrent Cycle
[2020-10-16T11:20:59.746+1000][212,411s][info ][gc] GC(202) Pause Remark 228M->228M(256M) 0,220ms
[2020-10-16T11:20:59.818+1000][212,482s][info ][gc] GC(202) Pause Cleanup 230M->230M(256M) 0,080ms
[2020-10-16T11:20:59.818+1000][212,482s][info ][gc] GC(202) Concurrent Cycle 214,745ms
[2020-10-16T11:21:00.010+1000][212,675s][info ][gc] GC(203) Pause Young (Normal) (G1 Evacuation Pause) 235M->224M(256M) 1,055ms
[2020-10-16T11:21:00.389+1000][213,053s][info ][gc] GC(204) Pause Young (Concurrent Start) (G1 Evacuation Pause) 234M->225M(256M) 1,930ms
[2020-10-16T11:21:00.389+1000][213,053s][info ][gc] GC(205) Concurrent Cycle
[2020-10-16T11:21:00.529+1000][213,194s][info ][gc] GC(205) Pause Remark 228M->228M(256M) 0,210ms
[2020-10-16T11:21:00.597+1000][213,261s][info ][gc] GC(205) Pause Cleanup 230M->230M(256M) 0,078ms
[2020-10-16T11:21:00.597+1000][213,261s][info ][gc] GC(205) Concurrent Cycle 208,028ms
[2020-10-16T11:21:00.766+1000][213,430s][info ][gc] GC(206) Pause Young (Normal) (G1 Evacuation Pause) 235M->225M(256M) 1,592ms
[2020-10-16T11:21:01.154+1000][213,819s][info ][gc] GC(207) Pause Young (Concurrent Start) (G1 Evacuation Pause) 235M->225M(256M) 1,684ms
[2020-10-16T11:21:01.155+1000][213,819s][info ][gc] GC(208) Concurrent Cycle
[2020-10-16T11:21:01.302+1000][213,967s][info ][gc] GC(208) Pause Remark 230M->230M(256M) 0,168ms
[2020-10-16T11:21:01.371+1000][214,036s][info ][gc] GC(208) Pause Cleanup 231M->231M(256M) 0,155ms
[2020-10-16T11:21:01.372+1000][214,036s][info ][gc] GC(208) Concurrent Cycle 217,147ms
[2020-10-16T11:21:01.562+1000][214,227s][info ][gc] GC(209) Pause Young (Normal) (G1 Evacuation Pause) 236M->226M(256M) 1,410ms
[2020-10-16T11:21:01.940+1000][214,605s][info ][gc] GC(210) Pause Young (Concurrent Start) (G1 Evacuation Pause) 236M->226M(256M) 1,556ms
[2020-10-16T11:21:01.940+1000][214,605s][info ][gc] GC(211) Concurrent Cycle
[2020-10-16T11:21:02.087+1000][214,752s][info ][gc] GC(211) Pause Remark 230M->230M(256M) 0,203ms
[2020-10-16T11:21:02.155+1000][214,820s][info ][gc] GC(211) Pause Cleanup 232M->232M(256M) 0,091ms
[2020-10-16T11:21:02.156+1000][214,820s][info ][gc] GC(211) Concurrent Cycle 215,390ms
[2020-10-16T11:21:02.318+1000][214,983s][info ][gc] GC(212) Pause Young (Normal) (G1 Evacuation Pause) 236M->227M(256M) 1,648ms
[2020-10-16T11:21:02.706+1000][215,371s][info ][gc] GC(213) Pause Young (Concurrent Start) (G1 Evacuation Pause) 237M->227M(256M) 1,315ms
[2020-10-16T11:21:02.706+1000][215,371s][info ][gc] GC(214) Concurrent Cycle
[2020-10-16T11:21:02.850+1000][215,514s][info ][gc] GC(214) Pause Remark 231M->231M(256M) 0,201ms
[2020-10-16T11:21:02.917+1000][215,581s][info ][gc] GC(214) Pause Cleanup 233M->233M(256M) 0,076ms
[2020-10-16T11:21:02.917+1000][215,581s][info ][gc] GC(214) Concurrent Cycle 210,740ms
[2020-10-16T11:21:03.115+1000][215,779s][info ][gc] GC(215) Pause Young (Normal) (G1 Evacuation Pause) 238M->228M(256M) 1,779ms
[2020-10-16T11:21:03.493+1000][216,157s][info ][gc] GC(216) Pause Young (Concurrent Start) (G1 Evacuation Pause) 238M->228M(256M) 1,823ms
[2020-10-16T11:21:03.493+1000][216,157s][info ][gc] GC(217) Concurrent Cycle
[2020-10-16T11:21:03.640+1000][216,305s][info ][gc] GC(217) Pause Remark 232M->232M(256M) 0,234ms
[2020-10-16T11:21:03.709+1000][216,374s][info ][gc] GC(217) Pause Cleanup 234M->234M(256M) 0,081ms
[2020-10-16T11:21:03.710+1000][216,374s][info ][gc] GC(217) Concurrent Cycle 217,102ms
[2020-10-16T11:21:03.870+1000][216,534s][info ][gc] GC(218) Pause Young (Normal) (G1 Evacuation Pause) 238M->229M(256M) 1,622ms
[2020-10-16T11:21:04.258+1000][216,922s][info ][gc] GC(219) Pause Young (Concurrent Start) (G1 Evacuation Pause) 239M->229M(256M) 1,393ms
[2020-10-16T11:21:04.258+1000][216,922s][info ][gc] GC(220) Concurrent Cycle
[2020-10-16T11:21:04.404+1000][217,068s][info ][gc] GC(220) Pause Remark 233M->233M(256M) 0,201ms
[2020-10-16T11:21:04.475+1000][217,139s][info ][gc] GC(220) Pause Cleanup 235M->235M(256M) 0,077ms
[2020-10-16T11:21:04.475+1000][217,140s][info ][gc] GC(220) Concurrent Cycle 217,293ms
[2020-10-16T11:21:04.667+1000][217,331s][info ][gc] GC(221) Pause Young (Normal) (G1 Evacuation Pause) 240M->229M(256M) 1,737ms
[2020-10-16T11:21:05.044+1000][217,709s][info ][gc] GC(222) Pause Young (Concurrent Start) (G1 Evacuation Pause) 239M->230M(256M) 1,554ms
[2020-10-16T11:21:05.045+1000][217,709s][info ][gc] GC(223) Concurrent Cycle
[2020-10-16T11:21:05.184+1000][217,849s][info ][gc] GC(223) Pause Remark 234M->234M(256M) 0,182ms
[2020-10-16T11:21:05.251+1000][217,915s][info ][gc] GC(223) Pause Cleanup 235M->235M(256M) 0,076ms
[2020-10-16T11:21:05.251+1000][217,915s][info ][gc] GC(223) Concurrent Cycle 206,460ms
[2020-10-16T11:21:05.422+1000][218,087s][info ][gc] GC(224) Pause Young (Normal) (G1 Evacuation Pause) 240M->230M(256M) 1,819ms
[2020-10-16T11:21:05.810+1000][218,475s][info ][gc] GC(225) Pause Young (Concurrent Start) (G1 Evacuation Pause) 240M->231M(256M) 1,087ms
[2020-10-16T11:21:05.810+1000][218,475s][info ][gc] GC(226) Concurrent Cycle
[2020-10-16T11:21:05.963+1000][218,627s][info ][gc] GC(226) Pause Remark 235M->235M(256M) 0,228ms
[2020-10-16T11:21:06.030+1000][218,695s][info ][gc] GC(226) Pause Cleanup 237M->237M(256M) 0,096ms
[2020-10-16T11:21:06.031+1000][218,695s][info ][gc] GC(226) Concurrent Cycle 220,613ms
[2020-10-16T11:21:06.218+1000][218,883s][info ][gc] GC(227) Pause Young (Normal) (G1 Evacuation Pause) 242M->231M(256M) 1,367ms
[2020-10-16T11:21:06.597+1000][219,261s][info ][gc] GC(228) Pause Young (Concurrent Start) (G1 Evacuation Pause) 241M->232M(256M) 2,024ms
[2020-10-16T11:21:06.597+1000][219,261s][info ][gc] GC(229) Concurrent Cycle
[2020-10-16T11:21:06.745+1000][219,410s][info ][gc] GC(229) Pause Remark 236M->236M(256M) 0,209ms
[2020-10-16T11:21:06.814+1000][219,479s][info ][gc] GC(229) Pause Cleanup 237M->237M(256M) 0,075ms
[2020-10-16T11:21:06.814+1000][219,479s][info ][gc] GC(229) Concurrent Cycle 217,612ms
[2020-10-16T11:21:06.974+1000][219,639s][info ][gc] GC(230) Pause Young (Normal) (G1 Evacuation Pause) 242M->232M(256M) 1,136ms
[2020-10-16T11:21:07.363+1000][220,027s][info ][gc] GC(231) Pause Young (Concurrent Start) (G1 Evacuation Pause) 242M->232M(256M) 1,605ms
[2020-10-16T11:21:07.363+1000][220,027s][info ][gc] GC(232) Concurrent Cycle
[2020-10-16T11:21:07.509+1000][220,174s][info ][gc] GC(232) Pause Remark 237M->237M(256M) 0,278ms
[2020-10-16T11:21:07.577+1000][220,242s][info ][gc] GC(232) Pause Cleanup 238M->238M(256M) 0,085ms
[2020-10-16T11:21:07.578+1000][220,242s][info ][gc] GC(232) Concurrent Cycle 215,126ms
[2020-10-16T11:21:07.771+1000][220,436s][info ][gc] GC(233) Pause Young (Normal) (G1 Evacuation Pause) 243M->233M(256M) 2,386ms
[2020-10-16T11:21:08.149+1000][220,813s][info ][gc] GC(234) Pause Young (Concurrent Start) (G1 Evacuation Pause) 243M->233M(256M) 1,115ms
[2020-10-16T11:21:08.149+1000][220,813s][info ][gc] GC(235) Concurrent Cycle
[2020-10-16T11:21:08.300+1000][220,964s][info ][gc] GC(235) Pause Remark 237M->237M(256M) 0,178ms
[2020-10-16T11:21:08.371+1000][221,036s][info ][gc] GC(235) Pause Cleanup 239M->239M(256M) 0,079ms
[2020-10-16T11:21:08.372+1000][221,036s][info ][gc] GC(235) Concurrent Cycle 222,673ms
[2020-10-16T11:21:08.526+1000][221,190s][info ][gc] GC(236) Pause Young (Normal) (G1 Evacuation Pause) 243M->234M(256M) 1,243ms
[2020-10-16T11:21:08.914+1000][221,578s][info ][gc] GC(237) Pause Young (Concurrent Start) (G1 Evacuation Pause) 244M->234M(256M) 1,446ms
[2020-10-16T11:21:08.914+1000][221,578s][info ][gc] GC(238) Concurrent Cycle
[2020-10-16T11:21:09.059+1000][221,723s][info ][gc] GC(238) Pause Remark 238M->238M(256M) 0,330ms
[2020-10-16T11:21:09.127+1000][221,791s][info ][gc] GC(238) Pause Cleanup 240M->240M(256M) 0,088ms
[2020-10-16T11:21:09.127+1000][221,791s][info ][gc] GC(238) Concurrent Cycle 213,277ms
[2020-10-16T11:21:09.321+1000][221,985s][info ][gc] GC(239) Pause Young (Normal) (G1 Evacuation Pause) 245M->235M(256M) 1,349ms
[2020-10-16T11:21:09.700+1000][222,365s][info ][gc] GC(240) Pause Young (Concurrent Start) (G1 Evacuation Pause) 245M->235M(256M) 3,023ms
[2020-10-16T11:21:09.700+1000][222,365s][info ][gc] GC(241) Concurrent Cycle
[2020-10-16T11:21:09.852+1000][222,517s][info ][gc] GC(241) Pause Remark 239M->239M(256M) 0,225ms
[2020-10-16T11:21:09.923+1000][222,587s][info ][gc] GC(241) Pause Cleanup 241M->241M(256M) 0,092ms
[2020-10-16T11:21:09.923+1000][222,587s][info ][gc] GC(241) Concurrent Cycle 222,699ms
[2020-10-16T11:21:10.077+1000][222,742s][info ][gc] GC(242) Pause Young (Normal) (G1 Evacuation Pause) 245M->236M(256M) 1,119ms
[2020-10-16T11:21:10.466+1000][223,130s][info ][gc] GC(243) Pause Young (Concurrent Start) (G1 Evacuation Pause) 246M->236M(256M) 2,087ms
[2020-10-16T11:21:10.466+1000][223,130s][info ][gc] GC(244) Concurrent Cycle
[2020-10-16T11:21:10.613+1000][223,277s][info ][gc] GC(244) Pause Remark 240M->240M(256M) 0,185ms
[2020-10-16T11:21:10.686+1000][223,350s][info ][gc] GC(244) Pause Cleanup 242M->242M(256M) 0,156ms
[2020-10-16T11:21:10.686+1000][223,350s][info ][gc] GC(244) Concurrent Cycle 219,978ms
[2020-10-16T11:21:10.874+1000][223,538s][info ][gc] GC(245) Pause Young (Normal) (G1 Evacuation Pause) 247M->237M(256M) 1,209ms
[2020-10-16T11:21:11.252+1000][223,916s][info ][gc] GC(246) Pause Young (Concurrent Start) (G1 Evacuation Pause) 247M->237M(256M) 1,969ms
[2020-10-16T11:21:11.252+1000][223,916s][info ][gc] GC(247) Concurrent Cycle
[2020-10-16T11:21:11.399+1000][224,064s][info ][gc] GC(247) Pause Remark 241M->241M(256M) 0,184ms
[2020-10-16T11:21:11.468+1000][224,133s][info ][gc] GC(247) Pause Cleanup 243M->243M(256M) 0,080ms
[2020-10-16T11:21:11.468+1000][224,133s][info ][gc] GC(247) Concurrent Cycle 216,445ms
[2020-10-16T11:21:11.629+1000][224,294s][info ][gc] GC(248) Pause Young (Normal) (G1 Evacuation Pause) 247M->237M(256M) 1,631ms
[2020-10-16T11:21:12.017+1000][224,681s][info ][gc] GC(249) Pause Young (Concurrent Start) (G1 Evacuation Pause) 247M->238M(256M) 1,297ms
[2020-10-16T11:21:12.017+1000][224,682s][info ][gc] GC(250) Concurrent Cycle
[2020-10-16T11:21:12.170+1000][224,835s][info ][gc] GC(250) Pause Remark 242M->242M(256M) 0,204ms
[2020-10-16T11:21:12.246+1000][224,910s][info ][gc] GC(250) Pause Cleanup 244M->244M(256M) 0,148ms
[2020-10-16T11:21:12.246+1000][224,911s][info ][gc] GC(250) Concurrent Cycle 229,198ms
[2020-10-16T11:21:12.424+1000][225,089s][info ][gc] GC(251) Pause Young (Normal) (G1 Evacuation Pause) 249M->238M(256M) 0,977ms
[2020-10-16T11:21:12.803+1000][225,467s][info ][gc] GC(252) Pause Young (Concurrent Start) (G1 Evacuation Pause) 248M->239M(256M) 2,215ms
[2020-10-16T11:21:12.803+1000][225,467s][info ][gc] GC(253) Concurrent Cycle
[2020-10-16T11:21:12.949+1000][225,613s][info ][gc] GC(253) Pause Remark 242M->242M(256M) 0,237ms
[2020-10-16T11:21:13.021+1000][225,685s][info ][gc] GC(253) Pause Cleanup 244M->244M(256M) 0,103ms
[2020-10-16T11:21:13.021+1000][225,685s][info ][gc] GC(253) Concurrent Cycle 217,996ms
[2020-10-16T11:21:13.180+1000][225,844s][info ][gc] GC(254) Pause Young (Normal) (G1 Evacuation Pause) 249M->239M(256M) 1,271ms
[2020-10-16T11:21:13.599+1000][226,264s][info ][gc] GC(255) Pause Young (Concurrent Start) (G1 Evacuation Pause) 250M->240M(256M) 2,404ms
[2020-10-16T11:21:13.599+1000][226,264s][info ][gc] GC(256) Concurrent Cycle
[2020-10-16T11:21:13.752+1000][226,417s][info ][gc] GC(256) Pause Remark 244M->244M(256M) 0,222ms
[2020-10-16T11:21:13.825+1000][226,489s][info ][gc] GC(256) Pause Cleanup 246M->246M(256M) 0,083ms
[2020-10-16T11:21:13.825+1000][226,489s][info ][gc] GC(256) Concurrent Cycle 225,443ms
[2020-10-16T11:21:14.018+1000][226,682s][info ][gc] GC(257) Pause Young (Normal) (G1 Evacuation Pause) 251M->240M(256M) 1,381ms
[2020-10-16T11:21:14.439+1000][227,103s][info ][gc] GC(258) To-space exhausted
[2020-10-16T11:21:14.439+1000][227,103s][info ][gc] GC(258) Pause Young (Concurrent Start) (G1 Evacuation Pause) 251M->247M(256M) 4,363ms
[2020-10-16T11:21:14.439+1000][227,103s][info ][gc] GC(259) Concurrent Cycle
[2020-10-16T11:21:14.596+1000][227,260s][info ][gc] GC(259) Pause Remark 251M->251M(256M) 0,244ms
[2020-10-16T11:21:14.624+1000][227,288s][info ][gc] GC(260) To-space exhausted
[2020-10-16T11:21:14.624+1000][227,288s][info ][gc] GC(260) Pause Young (Normal) (G1 Evacuation Pause) 252M->252M(256M) 2,210ms
[2020-10-16T11:21:14.624+1000][227,289s][debug][gc] GC(261) Clear Next Bitmap 0,178ms
[2020-10-16T11:21:14.728+1000][227,392s][info ][gc] GC(261) Pause Full (G1 Evacuation Pause) 252M->239M(256M) 103,791ms
[2020-10-16T11:21:14.728+1000][227,392s][info ][gc] GC(259) Concurrent Cycle 288,975ms
[2020-10-16T11:21:15.186+1000][227,851s][info ][gc] GC(262) Pause Young (Normal) (G1 Evacuation Pause) 251M->240M(256M) 0,779ms
[2020-10-16T11:21:15.605+1000][228,269s][info ][gc] GC(263) Pause Young (Concurrent Start) (G1 Evacuation Pause) 251M->240M(256M) 1,098ms
[2020-10-16T11:21:15.605+1000][228,269s][info ][gc] GC(264) Concurrent Cycle
[2020-10-16T11:21:15.756+1000][228,421s][info ][gc] GC(264) Pause Remark 244M->244M(256M) 0,206ms
[2020-10-16T11:21:15.828+1000][228,493s][info ][gc] GC(264) Pause Cleanup 247M->247M(256M) 0,081ms
[2020-10-16T11:21:15.829+1000][228,493s][info ][gc] GC(264) Concurrent Cycle 223,877ms
[2020-10-16T11:21:15.982+1000][228,647s][info ][gc] GC(265) Pause Young (Normal) (G1 Evacuation Pause) 250M->241M(256M) 1,659ms
[2020-10-16T11:21:16.360+1000][229,025s][info ][gc] GC(266) Pause Young (Concurrent Start) (G1 Evacuation Pause) 251M->241M(256M) 2,075ms
[2020-10-16T11:21:16.361+1000][229,025s][info ][gc] GC(267) Concurrent Cycle
[2020-10-16T11:21:16.511+1000][229,175s][info ][gc] GC(267) Pause Remark 245M->245M(256M) 0,192ms
[2020-10-16T11:21:16.581+1000][229,246s][info ][gc] GC(267) Pause Cleanup 247M->247M(256M) 0,111ms
[2020-10-16T11:21:16.582+1000][229,246s][info ][gc] GC(267) Concurrent Cycle 221,140ms
[2020-10-16T11:21:16.780+1000][229,444s][info ][gc] GC(268) To-space exhausted
[2020-10-16T11:21:16.780+1000][229,445s][info ][gc] GC(268) Pause Young (Normal) (G1 Evacuation Pause) 252M->242M(256M) 2,936ms
[2020-10-16T11:21:17.205+1000][229,869s][info ][gc] GC(269) To-space exhausted
[2020-10-16T11:21:17.205+1000][229,869s][info ][gc] GC(269) Pause Young (Concurrent Start) (G1 Evacuation Pause) 253M->253M(256M) 7,922ms
[2020-10-16T11:21:17.205+1000][229,870s][info ][gc] GC(271) Concurrent Cycle
[2020-10-16T11:21:17.205+1000][229,870s][debug][gc] GC(270) Clear Next Bitmap 0,241ms
[2020-10-16T11:21:17.309+1000][229,974s][info ][gc] GC(270) Pause Full (G1 Evacuation Pause) 253M->242M(256M) 103,936ms
[2020-10-16T11:21:17.309+1000][229,974s][info ][gc] GC(271) Concurrent Cycle 104,124ms
[2020-10-16T11:21:17.720+1000][230,385s][info ][gc] GC(272) To-space exhausted
[2020-10-16T11:21:17.721+1000][230,385s][info ][gc] GC(272) Pause Young (Normal) (G1 Evacuation Pause) 253M->253M(256M) 4,490ms
[2020-10-16T11:21:17.826+1000][230,491s][info ][gc] GC(273) Pause Full (G1 Evacuation Pause) 253M->242M(256M) 105,537ms
[2020-10-16T11:21:18.176+1000][230,840s][info ][gc] GC(274) To-space exhausted
[2020-10-16T11:21:18.176+1000][230,840s][info ][gc] GC(274) Pause Young (Concurrent Start) (G1 Evacuation Pause) 251M->251M(256M) 3,521ms
[2020-10-16T11:21:18.176+1000][230,840s][info ][gc] GC(276) Concurrent Cycle
[2020-10-16T11:21:18.176+1000][230,840s][debug][gc] GC(275) Clear Next Bitmap 0,201ms
[2020-10-16T11:21:18.284+1000][230,948s][info ][gc] GC(275) Pause Full (G1 Evacuation Pause) 251M->243M(256M) 108,102ms
[2020-10-16T11:21:18.284+1000][230,948s][info ][gc] GC(276) Concurrent Cycle 108,253ms
[2020-10-16T11:21:18.665+1000][231,329s][info ][gc] GC(277) To-space exhausted
[2020-10-16T11:21:18.665+1000][231,329s][info ][gc] GC(277) Pause Young (Normal) (G1 Evacuation Pause) 253M->253M(256M) 4,626ms
[2020-10-16T11:21:18.770+1000][231,434s][info ][gc] GC(278) Pause Full (G1 Evacuation Pause) 253M->243M(256M) 104,764ms
[2020-10-16T11:21:19.109+1000][231,774s][info ][gc] GC(279) To-space exhausted
[2020-10-16T11:21:19.110+1000][231,774s][info ][gc] GC(279) Pause Young (Concurrent Start) (G1 Evacuation Pause) 252M->252M(256M) 4,348ms
[2020-10-16T11:21:19.110+1000][231,774s][info ][gc] GC(281) Concurrent Cycle
[2020-10-16T11:21:19.110+1000][231,774s][debug][gc] GC(280) Clear Next Bitmap 0,205ms
[2020-10-16T11:21:19.219+1000][231,883s][info ][gc] GC(280) Pause Full (G1 Evacuation Pause) 252M->243M(256M) 109,476ms
[2020-10-16T11:21:19.219+1000][231,884s][info ][gc] GC(281) Concurrent Cycle 109,608ms
[2020-10-16T11:21:19.527+1000][232,191s][info ][gc] GC(282) To-space exhausted
[2020-10-16T11:21:19.527+1000][232,191s][info ][gc] GC(282) Pause Young (Normal) (G1 Evacuation Pause) 251M->251M(256M) 2,319ms
[2020-10-16T11:21:19.630+1000][232,294s][info ][gc] GC(283) Pause Full (G1 Evacuation Pause) 251M->244M(256M) 102,886ms
[2020-10-16T11:21:19.940+1000][232,604s][info ][gc] GC(284) To-space exhausted
[2020-10-16T11:21:19.940+1000][232,605s][info ][gc] GC(284) Pause Young (Concurrent Start) (G1 Evacuation Pause) 252M->252M(256M) 4,945ms
[2020-10-16T11:21:19.940+1000][232,605s][info ][gc] GC(286) Concurrent Cycle
[2020-10-16T11:21:19.940+1000][232,605s][debug][gc] GC(285) Clear Next Bitmap 0,223ms
[2020-10-16T11:21:20.042+1000][232,706s][info ][gc] GC(285) Pause Full (G1 Evacuation Pause) 252M->244M(256M) 101,494ms
[2020-10-16T11:21:20.042+1000][232,706s][info ][gc] GC(286) Concurrent Cycle 101,602ms
[2020-10-16T11:21:20.340+1000][233,004s][info ][gc] GC(287) To-space exhausted
[2020-10-16T11:21:20.340+1000][233,004s][info ][gc] GC(287) Pause Young (Normal) (G1 Evacuation Pause) 252M->252M(256M) 3,002ms
[2020-10-16T11:21:20.442+1000][233,106s][info ][gc] GC(288) Pause Full (G1 Evacuation Pause) 252M->244M(256M) 102,116ms
[2020-10-16T11:21:20.671+1000][233,335s][info ][gc] GC(289) To-space exhausted
[2020-10-16T11:21:20.671+1000][233,335s][info ][gc] GC(289) Pause Young (Concurrent Start) (G1 Evacuation Pause) 250M->250M(256M) 5,042ms
[2020-10-16T11:21:20.671+1000][233,335s][info ][gc] GC(290) Concurrent Cycle
[2020-10-16T11:21:20.671+1000][233,336s][debug][gc] GC(291) Clear Next Bitmap 0,211ms
[2020-10-16T11:21:20.772+1000][233,437s][info ][gc] GC(291) Pause Full (G1 Evacuation Pause) 250M->245M(256M) 101,234ms
[2020-10-16T11:21:20.772+1000][233,437s][info ][gc] GC(290) Concurrent Cycle 101,342ms
[2020-10-16T11:21:21.008+1000][233,673s][info ][gc] GC(292) To-space exhausted
[2020-10-16T11:21:21.008+1000][233,673s][info ][gc] GC(292) Pause Young (Normal) (G1 Evacuation Pause) 251M->251M(256M) 2,147ms
[2020-10-16T11:21:21.116+1000][233,780s][info ][gc] GC(293) Pause Full (G1 Evacuation Pause) 251M->245M(256M) 107,325ms
[2020-10-16T11:21:21.415+1000][234,079s][info ][gc] GC(294) To-space exhausted
[2020-10-16T11:21:21.415+1000][234,079s][info ][gc] GC(294) Pause Young (Concurrent Start) (G1 Evacuation Pause) 253M->253M(256M) 4,368ms
[2020-10-16T11:21:21.415+1000][234,080s][info ][gc] GC(296) Concurrent Cycle
[2020-10-16T11:21:21.415+1000][234,080s][debug][gc] GC(295) Clear Next Bitmap 0,231ms
[2020-10-16T11:21:21.515+1000][234,179s][info ][gc] GC(295) Pause Full (G1 Evacuation Pause) 253M->245M(256M) 99,422ms
[2020-10-16T11:21:21.515+1000][234,179s][info ][gc] GC(296) Concurrent Cycle 99,547ms
[2020-10-16T11:21:21.751+1000][234,415s][info ][gc] GC(297) To-space exhausted
[2020-10-16T11:21:21.751+1000][234,415s][info ][gc] GC(297) Pause Young (Normal) (G1 Evacuation Pause) 251M->251M(256M) 2,175ms
[2020-10-16T11:21:21.852+1000][234,516s][info ][gc] GC(298) Pause Full (G1 Evacuation Pause) 251M->245M(256M) 100,752ms
[2020-10-16T11:21:22.080+1000][234,744s][info ][gc] GC(299) To-space exhausted
[2020-10-16T11:21:22.080+1000][234,744s][info ][gc] GC(299) Pause Young (Concurrent Start) (G1 Evacuation Pause) 251M->251M(256M) 4,115ms
[2020-10-16T11:21:22.080+1000][234,744s][info ][gc] GC(300) Concurrent Cycle
[2020-10-16T11:21:22.080+1000][234,744s][debug][gc] GC(301) Clear Next Bitmap 0,191ms
[2020-10-16T11:21:22.184+1000][234,848s][info ][gc] GC(301) Pause Full (G1 Evacuation Pause) 251M->246M(256M) 103,946ms
[2020-10-16T11:21:22.184+1000][234,848s][info ][gc] GC(300) Concurrent Cycle 104,056ms
[2020-10-16T11:21:22.410+1000][235,074s][info ][gc] GC(302) To-space exhausted
[2020-10-16T11:21:22.410+1000][235,075s][info ][gc] GC(302) Pause Young (Normal) (G1 Evacuation Pause) 252M->252M(256M) 2,758ms
[2020-10-16T11:21:22.511+1000][235,175s][info ][gc] GC(303) Pause Full (G1 Evacuation Pause) 252M->246M(256M) 100,460ms
[2020-10-16T11:21:22.739+1000][235,403s][info ][gc] GC(304) To-space exhausted
[2020-10-16T11:21:22.739+1000][235,403s][info ][gc] GC(304) Pause Young (Concurrent Start) (G1 Evacuation Pause) 252M->252M(256M) 3,988ms
[2020-10-16T11:21:22.739+1000][235,403s][info ][gc] GC(306) Concurrent Cycle
[2020-10-16T11:21:22.739+1000][235,403s][debug][gc] GC(305) Clear Next Bitmap 0,244ms
[2020-10-16T11:21:22.840+1000][235,505s][info ][gc] GC(305) Pause Full (G1 Evacuation Pause) 252M->246M(256M) 101,782ms
[2020-10-16T11:21:22.841+1000][235,505s][info ][gc] GC(306) Concurrent Cycle 101,902ms
[2020-10-16T11:21:23.038+1000][235,702s][info ][gc] GC(307) To-space exhausted
[2020-10-16T11:21:23.038+1000][235,702s][info ][gc] GC(307) Pause Young (Normal) (G1 Evacuation Pause) 251M->251M(256M) 4,122ms
[2020-10-16T11:21:23.144+1000][235,809s][info ][gc] GC(308) Pause Full (G1 Evacuation Pause) 251M->246M(256M) 106,147ms
[2020-10-16T11:21:23.340+1000][236,005s][info ][gc] GC(309) To-space exhausted
[2020-10-16T11:21:23.340+1000][236,005s][info ][gc] GC(309) Pause Young (Concurrent Start) (G1 Evacuation Pause) 251M->251M(256M) 2,742ms
[2020-10-16T11:21:23.340+1000][236,005s][info ][gc] GC(311) Concurrent Cycle
[2020-10-16T11:21:23.341+1000][236,005s][debug][gc] GC(310) Clear Next Bitmap 0,189ms
[2020-10-16T11:21:23.441+1000][236,105s][info ][gc] GC(310) Pause Full (G1 Evacuation Pause) 251M->246M(256M) 100,632ms
[2020-10-16T11:21:23.441+1000][236,106s][info ][gc] GC(311) Concurrent Cycle 100,727ms
[2020-10-16T11:21:23.667+1000][236,331s][info ][gc] GC(312) To-space exhausted
[2020-10-16T11:21:23.667+1000][236,331s][info ][gc] GC(312) Pause Young (Normal) (G1 Evacuation Pause) 252M->252M(256M) 2,184ms
[2020-10-16T11:21:23.771+1000][236,435s][info ][gc] GC(313) Pause Full (G1 Evacuation Pause) 252M->247M(256M) 103,924ms
[2020-10-16T11:21:23.958+1000][236,622s][info ][gc] GC(314) To-space exhausted
[2020-10-16T11:21:23.958+1000][236,622s][info ][gc] GC(314) Pause Young (Concurrent Start) (G1 Evacuation Pause) 252M->252M(256M) 3,629ms
[2020-10-16T11:21:23.958+1000][236,622s][info ][gc] GC(316) Concurrent Cycle
[2020-10-16T11:21:23.958+1000][236,623s][debug][gc] GC(315) Clear Next Bitmap 0,213ms
[2020-10-16T11:21:24.063+1000][236,727s][info ][gc] GC(315) Pause Full (G1 Evacuation Pause) 252M->247M(256M) 105,002ms
[2020-10-16T11:21:24.063+1000][236,727s][info ][gc] GC(316) Concurrent Cycle 105,100ms
[2020-10-16T11:21:24.258+1000][236,923s][info ][gc] GC(317) To-space exhausted
[2020-10-16T11:21:24.258+1000][236,923s][info ][gc] GC(317) Pause Young (Normal) (G1 Evacuation Pause) 252M->252M(256M) 2,071ms
[2020-10-16T11:21:24.358+1000][237,022s][info ][gc] GC(318) Pause Full (G1 Evacuation Pause) 252M->247M(256M) 99,547ms
[2020-10-16T11:21:24.473+1000][237,137s][info ][gc] GC(319) To-space exhausted
[2020-10-16T11:21:24.473+1000][237,137s][info ][gc] GC(319) Pause Young (Concurrent Start) (G1 Evacuation Pause) 250M->250M(256M) 3,121ms
[2020-10-16T11:21:24.473+1000][237,137s][info ][gc] GC(321) Concurrent Cycle
[2020-10-16T11:21:24.473+1000][237,138s][debug][gc] GC(320) Clear Next Bitmap 0,197ms
[2020-10-16T11:21:24.575+1000][237,239s][info ][gc] GC(320) Pause Full (G1 Evacuation Pause) 250M->247M(256M) 101,578ms
[2020-10-16T11:21:24.575+1000][237,239s][info ][gc] GC(321) Concurrent Cycle 101,694ms
[2020-10-16T11:21:24.771+1000][237,435s][info ][gc] GC(322) To-space exhausted
[2020-10-16T11:21:24.771+1000][237,436s][info ][gc] GC(322) Pause Young (Normal) (G1 Evacuation Pause) 252M->252M(256M) 3,118ms
[2020-10-16T11:21:24.873+1000][237,537s][info ][gc] GC(323) Pause Full (G1 Evacuation Pause) 252M->247M(256M) 101,397ms
[2020-10-16T11:21:25.018+1000][237,683s][info ][gc] GC(324) To-space exhausted
[2020-10-16T11:21:25.018+1000][237,683s][info ][gc] GC(324) Pause Young (Concurrent Start) (G1 Evacuation Pause) 251M->251M(256M) 2,874ms
[2020-10-16T11:21:25.018+1000][237,683s][info ][gc] GC(326) Concurrent Cycle
[2020-10-16T11:21:25.018+1000][237,683s][debug][gc] GC(325) Clear Next Bitmap 0,189ms
[2020-10-16T11:21:25.118+1000][237,782s][info ][gc] GC(325) Pause Full (G1 Evacuation Pause) 251M->248M(256M) 99,782ms
[2020-10-16T11:21:25.118+1000][237,782s][info ][gc] GC(326) Concurrent Cycle 99,879ms
[2020-10-16T11:21:25.234+1000][237,898s][info ][gc] GC(327) To-space exhausted
[2020-10-16T11:21:25.234+1000][237,898s][info ][gc] GC(327) Pause Young (Normal) (G1 Evacuation Pause) 251M->251M(256M) 3,728ms
[2020-10-16T11:21:25.336+1000][238,000s][info ][gc] GC(328) Pause Full (G1 Evacuation Pause) 251M->248M(256M) 101,826ms
[2020-10-16T11:21:25.491+1000][238,155s][info ][gc] GC(329) To-space exhausted
[2020-10-16T11:21:25.491+1000][238,155s][info ][gc] GC(329) Pause Young (Concurrent Start) (G1 Evacuation Pause) 252M->252M(256M) 2,694ms
[2020-10-16T11:21:25.491+1000][238,156s][info ][gc] GC(331) Concurrent Cycle
[2020-10-16T11:21:25.491+1000][238,156s][debug][gc] GC(330) Clear Next Bitmap 0,194ms
[2020-10-16T11:21:25.594+1000][238,258s][info ][gc] GC(330) Pause Full (G1 Evacuation Pause) 252M->248M(256M) 102,635ms
[2020-10-16T11:21:25.594+1000][238,258s][info ][gc] GC(331) Concurrent Cycle 102,731ms
[2020-10-16T11:21:25.749+1000][238,414s][info ][gc] GC(332) To-space exhausted
[2020-10-16T11:21:25.749+1000][238,414s][info ][gc] GC(332) Pause Young (Normal) (G1 Evacuation Pause) 252M->252M(256M) 2,914ms
[2020-10-16T11:21:25.851+1000][238,516s][info ][gc] GC(333) Pause Full (G1 Evacuation Pause) 252M->248M(256M) 101,623ms
[2020-10-16T11:21:26.007+1000][238,671s][info ][gc] GC(334) To-space exhausted
[2020-10-16T11:21:26.007+1000][238,671s][info ][gc] GC(334) Pause Young (Concurrent Start) (G1 Evacuation Pause) 252M->252M(256M) 3,041ms
[2020-10-16T11:21:26.007+1000][238,671s][info ][gc] GC(336) Concurrent Cycle
[2020-10-16T11:21:26.007+1000][238,671s][debug][gc] GC(335) Clear Next Bitmap 0,213ms
[2020-10-16T11:21:26.110+1000][238,774s][info ][gc] GC(335) Pause Full (G1 Evacuation Pause) 252M->248M(256M) 103,218ms
[2020-10-16T11:21:26.110+1000][238,775s][info ][gc] GC(336) Concurrent Cycle 103,312ms
[2020-10-16T11:21:26.185+1000][238,849s][info ][gc] GC(337) To-space exhausted
[2020-10-16T11:21:26.185+1000][238,849s][info ][gc] GC(337) Pause Young (Normal) (G1 Evacuation Pause) 250M->250M(256M) 2,918ms
[2020-10-16T11:21:26.285+1000][238,950s][info ][gc] GC(338) Pause Full (G1 Evacuation Pause) 250M->248M(256M) 100,491ms
[2020-10-16T11:21:26.409+1000][239,073s][info ][gc] GC(339) To-space exhausted
[2020-10-16T11:21:26.409+1000][239,073s][info ][gc] GC(339) Pause Young (Concurrent Start) (G1 Evacuation Pause) 251M->251M(256M) 1,566ms
[2020-10-16T11:21:26.409+1000][239,073s][info ][gc] GC(341) Concurrent Cycle
[2020-10-16T11:21:26.409+1000][239,074s][debug][gc] GC(340) Clear Next Bitmap 0,178ms
[2020-10-16T11:21:26.523+1000][239,188s][info ][gc] GC(340) Pause Full (G1 Evacuation Pause) 251M->248M(256M) 114,303ms
[2020-10-16T11:21:26.523+1000][239,188s][info ][gc] GC(341) Concurrent Cycle 114,426ms
[2020-10-16T11:21:26.669+1000][239,333s][info ][gc] GC(342) To-space exhausted
[2020-10-16T11:21:26.669+1000][239,333s][info ][gc] GC(342) Pause Young (Normal) (G1 Evacuation Pause) 252M->252M(256M) 2,933ms
[2020-10-16T11:21:26.779+1000][239,443s][info ][gc] GC(343) Pause Full (G1 Evacuation Pause) 252M->249M(256M) 109,981ms
[2020-10-16T11:21:26.934+1000][239,599s][info ][gc] GC(344) To-space exhausted
[2020-10-16T11:21:26.934+1000][239,599s][info ][gc] GC(344) Pause Young (Concurrent Start) (G1 Evacuation Pause) 253M->253M(256M) 2,809ms
[2020-10-16T11:21:26.934+1000][239,599s][info ][gc] GC(346) Concurrent Cycle
[2020-10-16T11:21:26.935+1000][239,599s][debug][gc] GC(345) Clear Next Bitmap 0,233ms
[2020-10-16T11:21:27.041+1000][239,705s][info ][gc] GC(345) Pause Full (G1 Evacuation Pause) 253M->249M(256M) 106,634ms
[2020-10-16T11:21:27.041+1000][239,706s][info ][gc] GC(346) Concurrent Cycle 106,742ms
[2020-10-16T11:21:27.083+1000][239,748s][info ][gc] GC(347) To-space exhausted
[2020-10-16T11:21:27.083+1000][239,748s][info ][gc] GC(347) Pause Young (Normal) (G1 Evacuation Pause) 250M->250M(256M) 1,670ms
[2020-10-16T11:21:27.194+1000][239,858s][info ][gc] GC(348) Pause Full (G1 Evacuation Pause) 250M->249M(256M) 110,502ms
[2020-10-16T11:21:27.309+1000][239,974s][info ][gc] GC(349) To-space exhausted
[2020-10-16T11:21:27.309+1000][239,974s][info ][gc] GC(349) Pause Young (Concurrent Start) (G1 Evacuation Pause) 252M->252M(256M) 2,991ms
[2020-10-16T11:21:27.309+1000][239,974s][info ][gc] GC(351) Concurrent Cycle
[2020-10-16T11:21:27.310+1000][239,974s][debug][gc] GC(350) Clear Next Bitmap 0,214ms
[2020-10-16T11:21:27.418+1000][240,082s][info ][gc] GC(350) Pause Full (G1 Evacuation Pause) 252M->249M(256M) 108,407ms
[2020-10-16T11:21:27.418+1000][240,082s][info ][gc] GC(351) Concurrent Cycle 108,562ms
[2020-10-16T11:21:27.532+1000][240,197s][info ][gc] GC(352) To-space exhausted
[2020-10-16T11:21:27.533+1000][240,197s][info ][gc] GC(352) Pause Young (Normal) (G1 Evacuation Pause) 252M->252M(256M) 2,783ms
[2020-10-16T11:21:27.643+1000][240,307s][info ][gc] GC(353) Pause Full (G1 Evacuation Pause) 252M->249M(256M) 110,295ms
[2020-10-16T11:21:27.757+1000][240,422s][info ][gc] GC(354) To-space exhausted
[2020-10-16T11:21:27.757+1000][240,422s][info ][gc] GC(354) Pause Young (Concurrent Start) (G1 Evacuation Pause) 252M->252M(256M) 2,697ms
[2020-10-16T11:21:27.758+1000][240,422s][info ][gc] GC(356) Concurrent Cycle
[2020-10-16T11:21:27.758+1000][240,422s][debug][gc] GC(355) Clear Next Bitmap 0,209ms
[2020-10-16T11:21:27.861+1000][240,525s][info ][gc] GC(355) Pause Full (G1 Evacuation Pause) 252M->249M(256M) 103,051ms
[2020-10-16T11:21:27.861+1000][240,525s][info ][gc] GC(356) Concurrent Cycle 103,157ms
[2020-10-16T11:21:27.904+1000][240,568s][info ][gc] GC(357) To-space exhausted
[2020-10-16T11:21:27.904+1000][240,568s][info ][gc] GC(357) Pause Young (Normal) (G1 Evacuation Pause) 250M->250M(256M) 2,309ms
[2020-10-16T11:21:28.006+1000][240,671s][info ][gc] GC(358) Pause Full (G1 Evacuation Pause) 250M->249M(256M) 102,525ms
[2020-10-16T11:21:28.081+1000][240,745s][info ][gc] GC(359) To-space exhausted
[2020-10-16T11:21:28.081+1000][240,746s][info ][gc] GC(359) Pause Young (Concurrent Start) (G1 Evacuation Pause) 251M->251M(256M) 3,614ms
[2020-10-16T11:21:28.081+1000][240,746s][info ][gc] GC(361) Concurrent Cycle
[2020-10-16T11:21:28.082+1000][240,746s][debug][gc] GC(360) Clear Next Bitmap 0,269ms
[2020-10-16T11:21:28.187+1000][240,851s][info ][gc] GC(360) Pause Full (G1 Evacuation Pause) 251M->249M(256M) 105,090ms
[2020-10-16T11:21:28.187+1000][240,851s][info ][gc] GC(361) Concurrent Cycle 105,224ms
[2020-10-16T11:21:28.310+1000][240,975s][info ][gc] GC(362) To-space exhausted
[2020-10-16T11:21:28.311+1000][240,975s][info ][gc] GC(362) Pause Young (Normal) (G1 Evacuation Pause) 252M->252M(256M) 1,805ms
[2020-10-16T11:21:28.412+1000][241,076s][info ][gc] GC(363) Pause Full (G1 Evacuation Pause) 252M->249M(256M) 101,494ms
[2020-10-16T11:21:28.557+1000][241,221s][info ][gc] GC(364) To-space exhausted
[2020-10-16T11:21:28.557+1000][241,221s][info ][gc] GC(364) Pause Young (Concurrent Start) (G1 Evacuation Pause) 253M->253M(256M) 2,448ms
[2020-10-16T11:21:28.557+1000][241,222s][info ][gc] GC(365) Concurrent Cycle
[2020-10-16T11:21:28.557+1000][241,222s][debug][gc] GC(366) Clear Next Bitmap 0,205ms
[2020-10-16T11:21:28.660+1000][241,324s][info ][gc] GC(366) Pause Full (G1 Evacuation Pause) 253M->250M(256M) 102,518ms
[2020-10-16T11:21:28.660+1000][241,324s][info ][gc] GC(365) Concurrent Cycle 102,624ms
[2020-10-16T11:21:28.775+1000][241,439s][info ][gc] GC(367) To-space exhausted
[2020-10-16T11:21:28.775+1000][241,440s][info ][gc] GC(367) Pause Young (Normal) (G1 Evacuation Pause) 253M->253M(256M) 3,349ms
[2020-10-16T11:21:28.876+1000][241,540s][info ][gc] GC(368) Pause Full (G1 Evacuation Pause) 253M->250M(256M) 100,684ms
[2020-10-16T11:21:28.960+1000][241,624s][info ][gc] GC(369) To-space exhausted
[2020-10-16T11:21:28.960+1000][241,624s][info ][gc] GC(369) Pause Young (Concurrent Start) (G1 Evacuation Pause) 252M->252M(256M) 1,985ms
[2020-10-16T11:21:28.960+1000][241,624s][info ][gc] GC(371) Concurrent Cycle
[2020-10-16T11:21:28.960+1000][241,624s][debug][gc] GC(370) Clear Next Bitmap 0,192ms
[2020-10-16T11:21:29.064+1000][241,728s][info ][gc] GC(370) Pause Full (G1 Evacuation Pause) 252M->250M(256M) 104,237ms
[2020-10-16T11:21:29.064+1000][241,728s][info ][gc] GC(371) Concurrent Cycle 104,335ms
[2020-10-16T11:21:29.138+1000][241,803s][info ][gc] GC(372) To-space exhausted
[2020-10-16T11:21:29.139+1000][241,803s][info ][gc] GC(372) Pause Young (Normal) (G1 Evacuation Pause) 252M->252M(256M) 3,244ms
[2020-10-16T11:21:29.242+1000][241,906s][info ][gc] GC(373) Pause Full (G1 Evacuation Pause) 252M->250M(256M) 103,419ms
[2020-10-16T11:21:29.325+1000][241,989s][info ][gc] GC(374) To-space exhausted
[2020-10-16T11:21:29.325+1000][241,990s][info ][gc] GC(374) Pause Young (Concurrent Start) (G1 Evacuation Pause) 252M->252M(256M) 1,657ms
[2020-10-16T11:21:29.325+1000][241,990s][info ][gc] GC(376) Concurrent Cycle
[2020-10-16T11:21:29.326+1000][241,990s][debug][gc] GC(375) Clear Next Bitmap 0,248ms
[2020-10-16T11:21:29.428+1000][242,093s][info ][gc] GC(375) Pause Full (G1 Evacuation Pause) 252M->250M(256M) 102,833ms
[2020-10-16T11:21:29.428+1000][242,093s][info ][gc] GC(376) Concurrent Cycle 102,935ms
[2020-10-16T11:21:29.502+1000][242,167s][info ][gc] GC(377) To-space exhausted
[2020-10-16T11:21:29.503+1000][242,167s][info ][gc] GC(377) Pause Young (Normal) (G1 Evacuation Pause) 252M->252M(256M) 2,956ms
[2020-10-16T11:21:29.605+1000][242,269s][info ][gc] GC(378) Pause Full (G1 Evacuation Pause) 252M->250M(256M) 101,999ms
[2020-10-16T11:21:29.719+1000][242,383s][info ][gc] GC(379) To-space exhausted
[2020-10-16T11:21:29.719+1000][242,384s][info ][gc] GC(379) Pause Young (Concurrent Start) (G1 Evacuation Pause) 253M->253M(256M) 2,486ms
[2020-10-16T11:21:29.719+1000][242,384s][info ][gc] GC(381) Concurrent Cycle
[2020-10-16T11:21:29.719+1000][242,384s][debug][gc] GC(380) Clear Next Bitmap 0,185ms
[2020-10-16T11:21:29.822+1000][242,486s][info ][gc] GC(380) Pause Full (G1 Evacuation Pause) 253M->250M(256M) 102,440ms
[2020-10-16T11:21:29.822+1000][242,486s][info ][gc] GC(381) Concurrent Cycle 102,540ms
[2020-10-16T11:21:29.905+1000][242,569s][info ][gc] GC(382) To-space exhausted
[2020-10-16T11:21:29.905+1000][242,569s][info ][gc] GC(382) Pause Young (Normal) (G1 Evacuation Pause) 252M->252M(256M) 1,856ms
[2020-10-16T11:21:30.010+1000][242,674s][info ][gc] GC(383) Pause Full (G1 Evacuation Pause) 252M->250M(256M) 104,600ms
[2020-10-16T11:21:30.166+1000][242,830s][info ][gc] GC(384) To-space exhausted
[2020-10-16T11:21:30.166+1000][242,830s][info ][gc] GC(384) Pause Young (Concurrent Start) (G1 Evacuation Pause) 254M->254M(256M) 3,230ms
[2020-10-16T11:21:30.166+1000][242,830s][info ][gc] GC(386) Concurrent Cycle
[2020-10-16T11:21:30.166+1000][242,830s][debug][gc] GC(385) Clear Next Bitmap 0,183ms
[2020-10-16T11:21:30.267+1000][242,931s][info ][gc] GC(385) Pause Full (G1 Evacuation Pause) 254M->250M(256M) 101,236ms
[2020-10-16T11:21:30.267+1000][242,931s][info ][gc] GC(386) Concurrent Cycle 101,331ms
[2020-10-16T11:21:30.299+1000][242,963s][info ][gc] GC(387) To-space exhausted
[2020-10-16T11:21:30.299+1000][242,963s][info ][gc] GC(387) Pause Young (Normal) (G1 Evacuation Pause) 251M->251M(256M) 1,483ms
[2020-10-16T11:21:30.404+1000][243,069s][info ][gc] GC(388) Pause Full (G1 Evacuation Pause) 251M->250M(256M) 105,303ms
[2020-10-16T11:21:30.520+1000][243,184s][info ][gc] GC(389) To-space exhausted
[2020-10-16T11:21:30.520+1000][243,184s][info ][gc] GC(389) Pause Young (Concurrent Start) (G1 Evacuation Pause) 253M->253M(256M) 3,540ms
[2020-10-16T11:21:30.520+1000][243,184s][info ][gc] GC(391) Concurrent Cycle
[2020-10-16T11:21:30.520+1000][243,184s][debug][gc] GC(390) Clear Next Bitmap 0,212ms
[2020-10-16T11:21:30.623+1000][243,287s][info ][gc] GC(390) Pause Full (G1 Evacuation Pause) 253M->251M(256M) 102,894ms
[2020-10-16T11:21:30.623+1000][243,287s][info ][gc] GC(391) Concurrent Cycle 102,986ms
[2020-10-16T11:21:30.738+1000][243,403s][info ][gc] GC(392) To-space exhausted
[2020-10-16T11:21:30.738+1000][243,403s][info ][gc] GC(392) Pause Young (Normal) (G1 Evacuation Pause) 254M->254M(256M) 3,766ms
[2020-10-16T11:21:30.840+1000][243,505s][info ][gc] GC(393) Pause Full (G1 Evacuation Pause) 254M->251M(256M) 101,982ms
[2020-10-16T11:21:30.924+1000][243,588s][info ][gc] GC(394) To-space exhausted
[2020-10-16T11:21:30.924+1000][243,588s][info ][gc] GC(394) Pause Young (Concurrent Start) (G1 Evacuation Pause) 253M->253M(256M) 1,843ms
[2020-10-16T11:21:30.924+1000][243,588s][info ][gc] GC(396) Concurrent Cycle
[2020-10-16T11:21:30.924+1000][243,588s][debug][gc] GC(395) Clear Next Bitmap 0,208ms
[2020-10-16T11:21:31.030+1000][243,695s][info ][gc] GC(395) Pause Full (G1 Evacuation Pause) 253M->251M(256M) 106,509ms
[2020-10-16T11:21:31.030+1000][243,695s][info ][gc] GC(396) Concurrent Cycle 106,611ms
[2020-10-16T11:21:31.074+1000][243,738s][info ][gc] GC(397) To-space exhausted
[2020-10-16T11:21:31.074+1000][243,738s][info ][gc] GC(397) Pause Young (Normal) (G1 Evacuation Pause) 252M->252M(256M) 2,860ms
[2020-10-16T11:21:31.176+1000][243,841s][info ][gc] GC(398) Pause Full (G1 Evacuation Pause) 252M->251M(256M) 102,373ms
[2020-10-16T11:21:31.210+1000][243,874s][info ][gc] GC(399) To-space exhausted
[2020-10-16T11:21:31.210+1000][243,874s][info ][gc] GC(399) Pause Young (Concurrent Start) (G1 Evacuation Pause) 252M->252M(256M) 2,792ms
[2020-10-16T11:21:31.210+1000][243,874s][info ][gc] GC(401) Concurrent Cycle
[2020-10-16T11:21:31.210+1000][243,875s][debug][gc] GC(400) Clear Next Bitmap 0,199ms
[2020-10-16T11:21:31.322+1000][243,987s][info ][gc] GC(400) Pause Full (G1 Evacuation Pause) 252M->251M(256M) 112,546ms
[2020-10-16T11:21:31.322+1000][243,987s][info ][gc] GC(401) Concurrent Cycle 112,648ms
[2020-10-16T11:21:31.406+1000][244,070s][info ][gc] GC(402) To-space exhausted
[2020-10-16T11:21:31.406+1000][244,071s][info ][gc] GC(402) Pause Young (Normal) (G1 Evacuation Pause) 253M->253M(256M) 2,235ms
[2020-10-16T11:21:31.508+1000][244,172s][info ][gc] GC(403) Pause Full (G1 Evacuation Pause) 253M->251M(256M) 101,773ms
[2020-10-16T11:21:31.582+1000][244,246s][info ][gc] GC(404) To-space exhausted
[2020-10-16T11:21:31.582+1000][244,246s][info ][gc] GC(404) Pause Young (Concurrent Start) (G1 Evacuation Pause) 253M->253M(256M) 2,584ms
[2020-10-16T11:21:31.582+1000][244,246s][info ][gc] GC(406) Concurrent Cycle
[2020-10-16T11:21:31.582+1000][244,247s][debug][gc] GC(405) Clear Next Bitmap 0,302ms
[2020-10-16T11:21:31.688+1000][244,352s][info ][gc] GC(405) Pause Full (G1 Evacuation Pause) 253M->251M(256M) 106,085ms
[2020-10-16T11:21:31.688+1000][244,352s][info ][gc] GC(406) Concurrent Cycle 106,185ms
[2020-10-16T11:21:31.803+1000][244,467s][info ][gc] GC(407) To-space exhausted
[2020-10-16T11:21:31.803+1000][244,467s][info ][gc] GC(407) Pause Young (Normal) (G1 Evacuation Pause) 254M->254M(256M) 2,685ms
[2020-10-16T11:21:31.906+1000][244,571s][info ][gc] GC(408) Pause Full (G1 Evacuation Pause) 254M->251M(256M) 103,563ms
[2020-10-16T11:21:31.950+1000][244,614s][info ][gc] GC(409) To-space exhausted
[2020-10-16T11:21:31.950+1000][244,614s][info ][gc] GC(409) Pause Young (Concurrent Start) (G1 Evacuation Pause) 252M->252M(256M) 2,690ms
[2020-10-16T11:21:31.950+1000][244,614s][info ][gc] GC(411) Concurrent Cycle
[2020-10-16T11:21:31.950+1000][244,615s][debug][gc] GC(410) Clear Next Bitmap 0,262ms
[2020-10-16T11:21:32.057+1000][244,722s][info ][gc] GC(410) Pause Full (G1 Evacuation Pause) 252M->251M(256M) 107,251ms
[2020-10-16T11:21:32.057+1000][244,722s][info ][gc] GC(411) Concurrent Cycle 107,357ms
[2020-10-16T11:21:32.132+1000][244,796s][info ][gc] GC(412) To-space exhausted
[2020-10-16T11:21:32.132+1000][244,796s][info ][gc] GC(412) Pause Young (Normal) (G1 Evacuation Pause) 253M->253M(256M) 3,348ms
[2020-10-16T11:21:32.238+1000][244,902s][info ][gc] GC(413) Pause Full (G1 Evacuation Pause) 253M->251M(256M) 105,596ms
[2020-10-16T11:21:32.321+1000][244,985s][info ][gc] GC(414) To-space exhausted
[2020-10-16T11:21:32.321+1000][244,985s][info ][gc] GC(414) Pause Young (Concurrent Start) (G1 Evacuation Pause) 253M->253M(256M) 1,919ms
[2020-10-16T11:21:32.321+1000][244,985s][info ][gc] GC(416) Concurrent Cycle
[2020-10-16T11:21:32.321+1000][244,986s][debug][gc] GC(415) Clear Next Bitmap 0,196ms
[2020-10-16T11:21:32.425+1000][245,089s][info ][gc] GC(415) Pause Full (G1 Evacuation Pause) 253M->251M(256M) 103,997ms
[2020-10-16T11:21:32.425+1000][245,089s][info ][gc] GC(416) Concurrent Cycle 104,097ms
[2020-10-16T11:21:32.499+1000][245,163s][info ][gc] GC(417) To-space exhausted
[2020-10-16T11:21:32.499+1000][245,163s][info ][gc] GC(417) Pause Young (Normal) (G1 Evacuation Pause) 253M->253M(256M) 2,256ms
[2020-10-16T11:21:32.606+1000][245,271s][info ][gc] GC(418) Pause Full (G1 Evacuation Pause) 253M->251M(256M) 107,694ms
[2020-10-16T11:21:32.681+1000][245,346s][info ][gc] GC(419) To-space exhausted
[2020-10-16T11:21:32.681+1000][245,346s][info ][gc] GC(419) Pause Young (Concurrent Start) (G1 Evacuation Pause) 253M->253M(256M) 3,584ms
[2020-10-16T11:21:32.681+1000][245,346s][info ][gc] GC(421) Concurrent Cycle
[2020-10-16T11:21:32.682+1000][245,346s][debug][gc] GC(420) Clear Next Bitmap 0,324ms
[2020-10-16T11:21:32.791+1000][245,456s][info ][gc] GC(420) Pause Full (G1 Evacuation Pause) 253M->251M(256M) 109,833ms
[2020-10-16T11:21:32.791+1000][245,456s][info ][gc] GC(421) Concurrent Cycle 109,950ms
[2020-10-16T11:21:32.875+1000][245,539s][info ][gc] GC(422) To-space exhausted
[2020-10-16T11:21:32.875+1000][245,540s][info ][gc] GC(422) Pause Young (Normal) (G1 Evacuation Pause) 253M->253M(256M) 2,298ms
[2020-10-16T11:21:32.982+1000][245,646s][info ][gc] GC(423) Pause Full (G1 Evacuation Pause) 253M->251M(256M) 106,455ms
[2020-10-16T11:21:33.056+1000][245,721s][info ][gc] GC(424) To-space exhausted
[2020-10-16T11:21:33.056+1000][245,721s][info ][gc] GC(424) Pause Young (Concurrent Start) (G1 Evacuation Pause) 253M->253M(256M) 3,458ms
[2020-10-16T11:21:33.056+1000][245,721s][info ][gc] GC(426) Concurrent Cycle
[2020-10-16T11:21:33.057+1000][245,721s][debug][gc] GC(425) Clear Next Bitmap 0,220ms
[2020-10-16T11:21:33.162+1000][245,827s][info ][gc] GC(425) Pause Full (G1 Evacuation Pause) 253M->252M(256M) 105,787ms
[2020-10-16T11:21:33.162+1000][245,827s][info ][gc] GC(426) Concurrent Cycle 105,874ms
[2020-10-16T11:21:33.245+1000][245,909s][info ][gc] GC(427) To-space exhausted
[2020-10-16T11:21:33.245+1000][245,910s][info ][gc] GC(427) Pause Young (Normal) (G1 Evacuation Pause) 254M->254M(256M) 1,595ms
[2020-10-16T11:21:33.348+1000][246,012s][info ][gc] GC(428) Pause Full (G1 Evacuation Pause) 254M->251M(256M) 102,470ms
[2020-10-16T11:21:33.380+1000][246,044s][info ][gc] GC(429) To-space exhausted
[2020-10-16T11:21:33.380+1000][246,044s][info ][gc] GC(429) Pause Young (Concurrent Start) (G1 Evacuation Pause) 252M->252M(256M) 1,646ms
[2020-10-16T11:21:33.380+1000][246,044s][info ][gc] GC(431) Concurrent Cycle
[2020-10-16T11:21:33.380+1000][246,045s][debug][gc] GC(430) Clear Next Bitmap 0,229ms
[2020-10-16T11:21:33.483+1000][246,148s][info ][gc] GC(430) Pause Full (G1 Evacuation Pause) 252M->252M(256M) 103,356ms
[2020-10-16T11:21:33.483+1000][246,148s][info ][gc] GC(431) Concurrent Cycle 103,447ms
[2020-10-16T11:21:33.567+1000][246,231s][info ][gc] GC(432) To-space exhausted
[2020-10-16T11:21:33.567+1000][246,231s][info ][gc] GC(432) Pause Young (Normal) (G1 Evacuation Pause) 254M->254M(256M) 2,061ms
[2020-10-16T11:21:33.673+1000][246,337s][info ][gc] GC(433) Pause Full (G1 Evacuation Pause) 254M->252M(256M) 104,898ms
[2020-10-16T11:21:33.707+1000][246,371s][info ][gc] GC(434) To-space exhausted
[2020-10-16T11:21:33.707+1000][246,371s][info ][gc] GC(434) Pause Young (Concurrent Start) (G1 Evacuation Pause) 253M->253M(256M) 2,804ms
[2020-10-16T11:21:33.707+1000][246,371s][info ][gc] GC(436) Concurrent Cycle
[2020-10-16T11:21:33.707+1000][246,372s][debug][gc] GC(435) Clear Next Bitmap 0,347ms
[2020-10-16T11:21:33.811+1000][246,475s][info ][gc] GC(435) Pause Full (G1 Evacuation Pause) 253M->252M(256M) 103,884ms
[2020-10-16T11:21:33.811+1000][246,475s][info ][gc] GC(436) Concurrent Cycle 103,990ms
[2020-10-16T11:21:33.853+1000][246,518s][info ][gc] GC(437) To-space exhausted
[2020-10-16T11:21:33.853+1000][246,518s][info ][gc] GC(437) Pause Young (Normal) (G1 Evacuation Pause) 253M->253M(256M) 1,991ms
[2020-10-16T11:21:33.959+1000][246,624s][info ][gc] GC(438) Pause Full (G1 Evacuation Pause) 253M->252M(256M) 105,886ms
[2020-10-16T11:21:34.033+1000][246,698s][info ][gc] GC(439) To-space exhausted
[2020-10-16T11:21:34.033+1000][246,698s][info ][gc] GC(439) Pause Young (Concurrent Start) (G1 Evacuation Pause) 254M->254M(256M) 2,634ms
[2020-10-16T11:21:34.033+1000][246,698s][info ][gc] GC(441) Concurrent Cycle
[2020-10-16T11:21:34.033+1000][246,698s][debug][gc] GC(440) Clear Next Bitmap 0,218ms
[2020-10-16T11:21:34.144+1000][246,808s][info ][gc] GC(440) Pause Full (G1 Evacuation Pause) 254M->252M(256M) 110,324ms
[2020-10-16T11:21:34.144+1000][246,808s][info ][gc] GC(441) Concurrent Cycle 110,414ms
[2020-10-16T11:21:34.187+1000][246,851s][info ][gc] GC(442) To-space exhausted
[2020-10-16T11:21:34.187+1000][246,851s][info ][gc] GC(442) Pause Young (Normal) (G1 Evacuation Pause) 253M->253M(256M) 2,387ms
[2020-10-16T11:21:34.293+1000][246,957s][info ][gc] GC(443) Pause Full (G1 Evacuation Pause) 253M->252M(256M) 106,271ms
[2020-10-16T11:21:34.367+1000][247,032s][info ][gc] GC(444) To-space exhausted
[2020-10-16T11:21:34.367+1000][247,032s][info ][gc] GC(444) Pause Young (Concurrent Start) (G1 Evacuation Pause) 254M->254M(256M) 3,025ms
[2020-10-16T11:21:34.367+1000][247,032s][info ][gc] GC(446) Concurrent Cycle
[2020-10-16T11:21:34.368+1000][247,032s][debug][gc] GC(445) Clear Next Bitmap 0,218ms
[2020-10-16T11:21:34.470+1000][247,135s][info ][gc] GC(445) Pause Full (G1 Evacuation Pause) 254M->252M(256M) 103,130ms
[2020-10-16T11:21:34.471+1000][247,135s][info ][gc] GC(446) Concurrent Cycle 103,251ms
[2020-10-16T11:21:34.554+1000][247,218s][info ][gc] GC(447) To-space exhausted
[2020-10-16T11:21:34.554+1000][247,218s][info ][gc] GC(447) Pause Young (Normal) (G1 Evacuation Pause) 254M->254M(256M) 1,921ms
[2020-10-16T11:21:34.665+1000][247,329s][info ][gc] GC(448) Pause Full (G1 Evacuation Pause) 254M->252M(256M) 110,817ms
[2020-10-16T11:21:34.709+1000][247,373s][info ][gc] GC(449) To-space exhausted
[2020-10-16T11:21:34.709+1000][247,374s][info ][gc] GC(449) Pause Young (Concurrent Start) (G1 Evacuation Pause) 253M->253M(256M) 3,346ms
[2020-10-16T11:21:34.709+1000][247,374s][info ][gc] GC(451) Concurrent Cycle
[2020-10-16T11:21:34.710+1000][247,374s][debug][gc] GC(450) Clear Next Bitmap 0,376ms
[2020-10-16T11:21:34.814+1000][247,479s][info ][gc] GC(450) Pause Full (G1 Evacuation Pause) 253M->252M(256M) 104,998ms
[2020-10-16T11:21:34.814+1000][247,479s][info ][gc] GC(451) Concurrent Cycle 105,117ms
[2020-10-16T11:21:34.888+1000][247,552s][info ][gc] GC(452) To-space exhausted
[2020-10-16T11:21:34.888+1000][247,552s][info ][gc] GC(452) Pause Young (Normal) (G1 Evacuation Pause) 254M->254M(256M) 2,042ms
[2020-10-16T11:21:34.995+1000][247,659s][info ][gc] GC(453) Pause Full (G1 Evacuation Pause) 254M->252M(256M) 106,944ms
[2020-10-16T11:21:35.068+1000][247,733s][info ][gc] GC(454) To-space exhausted
[2020-10-16T11:21:35.069+1000][247,733s][info ][gc] GC(454) Pause Young (Concurrent Start) (G1 Evacuation Pause) 254M->254M(256M) 2,681ms
[2020-10-16T11:21:35.069+1000][247,733s][info ][gc] GC(456) Concurrent Cycle
[2020-10-16T11:21:35.069+1000][247,733s][debug][gc] GC(455) Clear Next Bitmap 0,196ms
[2020-10-16T11:21:35.172+1000][247,837s][info ][gc] GC(455) Pause Full (G1 Evacuation Pause) 254M->252M(256M) 103,622ms
[2020-10-16T11:21:35.172+1000][247,837s][info ][gc] GC(456) Concurrent Cycle 103,711ms
[2020-10-16T11:21:35.215+1000][247,880s][info ][gc] GC(457) To-space exhausted
[2020-10-16T11:21:35.215+1000][247,880s][info ][gc] GC(457) Pause Young (Normal) (G1 Evacuation Pause) 253M->253M(256M) 2,214ms
[2020-10-16T11:21:35.322+1000][247,986s][info ][gc] GC(458) Pause Full (G1 Evacuation Pause) 253M->252M(256M) 106,235ms
[2020-10-16T11:21:35.364+1000][248,028s][info ][gc] GC(459) To-space exhausted
[2020-10-16T11:21:35.364+1000][248,029s][info ][gc] GC(459) Pause Young (Concurrent Start) (G1 Evacuation Pause) 253M->253M(256M) 1,815ms
[2020-10-16T11:21:35.364+1000][248,029s][info ][gc] GC(461) Concurrent Cycle
[2020-10-16T11:21:35.364+1000][248,029s][debug][gc] GC(460) Clear Next Bitmap 0,190ms
[2020-10-16T11:21:35.468+1000][248,132s][info ][gc] GC(460) Pause Full (G1 Evacuation Pause) 253M->252M(256M) 103,758ms
[2020-10-16T11:21:35.468+1000][248,132s][info ][gc] GC(461) Concurrent Cycle 103,862ms
[2020-10-16T11:21:35.502+1000][248,166s][info ][gc] GC(462) To-space exhausted
[2020-10-16T11:21:35.502+1000][248,166s][info ][gc] GC(462) Pause Young (Normal) (G1 Evacuation Pause) 253M->253M(256M) 3,003ms
[2020-10-16T11:21:35.609+1000][248,273s][info ][gc] GC(463) Pause Full (G1 Evacuation Pause) 253M->253M(256M) 107,275ms
[2020-10-16T11:21:35.652+1000][248,316s][info ][gc] GC(464) To-space exhausted
[2020-10-16T11:21:35.652+1000][248,316s][info ][gc] GC(464) Pause Young (Concurrent Start) (G1 Evacuation Pause) 254M->254M(256M) 2,070ms
[2020-10-16T11:21:35.652+1000][248,316s][info ][gc] GC(466) Concurrent Cycle
[2020-10-16T11:21:35.652+1000][248,317s][debug][gc] GC(465) Clear Next Bitmap 0,186ms
[2020-10-16T11:21:35.758+1000][248,422s][info ][gc] GC(465) Pause Full (G1 Evacuation Pause) 254M->253M(256M) 105,737ms
[2020-10-16T11:21:35.758+1000][248,422s][info ][gc] GC(466) Concurrent Cycle 105,840ms
[2020-10-16T11:21:35.800+1000][248,464s][info ][gc] GC(467) To-space exhausted
[2020-10-16T11:21:35.800+1000][248,465s][info ][gc] GC(467) Pause Young (Normal) (G1 Evacuation Pause) 254M->254M(256M) 1,611ms
[2020-10-16T11:21:35.907+1000][248,571s][info ][gc] GC(468) Pause Full (G1 Evacuation Pause) 254M->252M(256M) 106,403ms
[2020-10-16T11:21:35.950+1000][248,615s][info ][gc] GC(469) To-space exhausted
[2020-10-16T11:21:35.950+1000][248,615s][info ][gc] GC(469) Pause Young (Concurrent Start) (G1 Evacuation Pause) 253M->253M(256M) 2,999ms
[2020-10-16T11:21:35.950+1000][248,615s][info ][gc] GC(471) Concurrent Cycle
[2020-10-16T11:21:35.951+1000][248,615s][debug][gc] GC(470) Clear Next Bitmap 0,211ms
[2020-10-16T11:21:36.056+1000][248,721s][info ][gc] GC(470) Pause Full (G1 Evacuation Pause) 253M->252M(256M) 105,939ms
[2020-10-16T11:21:36.056+1000][248,721s][info ][gc] GC(471) Concurrent Cycle 106,055ms
[2020-10-16T11:21:36.089+1000][248,753s][info ][gc] GC(472) To-space exhausted
[2020-10-16T11:21:36.089+1000][248,753s][info ][gc] GC(472) Pause Young (Normal) (G1 Evacuation Pause) 253M->253M(256M) 1,655ms
[2020-10-16T11:21:36.195+1000][248,859s][info ][gc] GC(473) Pause Full (G1 Evacuation Pause) 253M->253M(256M) 106,370ms
[2020-10-16T11:21:36.238+1000][248,903s][info ][gc] GC(474) To-space exhausted
[2020-10-16T11:21:36.238+1000][248,903s][info ][gc] GC(474) Pause Young (Concurrent Start) (G1 Evacuation Pause) 254M->254M(256M) 2,433ms
[2020-10-16T11:21:36.238+1000][248,903s][info ][gc] GC(476) Concurrent Cycle
[2020-10-16T11:21:36.239+1000][248,903s][debug][gc] GC(475) Clear Next Bitmap 0,237ms
[2020-10-16T11:21:36.347+1000][249,011s][info ][gc] GC(475) Pause Full (G1 Evacuation Pause) 254M->253M(256M) 108,288ms
[2020-10-16T11:21:36.347+1000][249,011s][info ][gc] GC(476) Concurrent Cycle 108,420ms
[2020-10-16T11:21:36.390+1000][249,054s][info ][gc] GC(477) To-space exhausted
[2020-10-16T11:21:36.390+1000][249,054s][info ][gc] GC(477) Pause Young (Normal) (G1 Evacuation Pause) 254M->254M(256M) 2,581ms
[2020-10-16T11:21:36.496+1000][249,161s][info ][gc] GC(478) Pause Full (G1 Evacuation Pause) 254M->253M(256M) 106,245ms
[2020-10-16T11:21:36.530+1000][249,194s][info ][gc] GC(479) To-space exhausted
[2020-10-16T11:21:36.530+1000][249,194s][info ][gc] GC(479) Pause Young (Concurrent Start) (G1 Evacuation Pause) 254M->254M(256M) 2,899ms
[2020-10-16T11:21:36.530+1000][249,194s][info ][gc] GC(481) Concurrent Cycle
[2020-10-16T11:21:36.530+1000][249,195s][debug][gc] GC(480) Clear Next Bitmap 0,207ms
[2020-10-16T11:21:36.637+1000][249,301s][info ][gc] GC(480) Pause Full (G1 Evacuation Pause) 254M->253M(256M) 106,564ms
[2020-10-16T11:21:36.637+1000][249,301s][info ][gc] GC(481) Concurrent Cycle 106,676ms
[2020-10-16T11:21:36.679+1000][249,344s][info ][gc] GC(482) To-space exhausted
[2020-10-16T11:21:36.680+1000][249,344s][info ][gc] GC(482) Pause Young (Normal) (G1 Evacuation Pause) 254M->254M(256M) 2,182ms
[2020-10-16T11:21:36.784+1000][249,448s][info ][gc] GC(483) Pause Full (G1 Evacuation Pause) 254M->253M(256M) 104,078ms
[2020-10-16T11:21:36.827+1000][249,491s][info ][gc] GC(484) To-space exhausted
[2020-10-16T11:21:36.827+1000][249,492s][info ][gc] GC(484) Pause Young (Concurrent Start) (G1 Evacuation Pause) 254M->254M(256M) 2,577ms
[2020-10-16T11:21:36.827+1000][249,492s][info ][gc] GC(486) Concurrent Cycle
[2020-10-16T11:21:36.827+1000][249,492s][debug][gc] GC(485) Clear Next Bitmap 0,197ms
[2020-10-16T11:21:36.932+1000][249,597s][info ][gc] GC(485) Pause Full (G1 Evacuation Pause) 254M->253M(256M) 105,043ms
[2020-10-16T11:21:36.932+1000][249,597s][info ][gc] GC(486) Concurrent Cycle 105,148ms
[2020-10-16T11:21:36.966+1000][249,630s][info ][gc] GC(487) To-space exhausted
[2020-10-16T11:21:36.966+1000][249,630s][info ][gc] GC(487) Pause Young (Normal) (G1 Evacuation Pause) 254M->254M(256M) 2,876ms
[2020-10-16T11:21:37.075+1000][249,740s][info ][gc] GC(488) Pause Full (G1 Evacuation Pause) 254M->253M(256M) 109,432ms
[2020-10-16T11:21:37.117+1000][249,782s][info ][gc] GC(489) To-space exhausted
[2020-10-16T11:21:37.118+1000][249,782s][info ][gc] GC(489) Pause Young (Concurrent Start) (G1 Evacuation Pause) 254M->254M(256M) 1,689ms
[2020-10-16T11:21:37.118+1000][249,782s][info ][gc] GC(491) Concurrent Cycle
[2020-10-16T11:21:37.118+1000][249,782s][debug][gc] GC(490) Clear Next Bitmap 0,196ms
[2020-10-16T11:21:37.227+1000][249,891s][info ][gc] GC(490) Pause Full (G1 Evacuation Pause) 254M->253M(256M) 109,034ms
[2020-10-16T11:21:37.227+1000][249,891s][info ][gc] GC(491) Concurrent Cycle 109,165ms
[2020-10-16T11:21:37.270+1000][249,934s][info ][gc] GC(492) To-space exhausted
[2020-10-16T11:21:37.270+1000][249,934s][info ][gc] GC(492) Pause Young (Normal) (G1 Evacuation Pause) 254M->254M(256M) 2,589ms
[2020-10-16T11:21:37.372+1000][250,037s][info ][gc] GC(493) Pause Full (G1 Evacuation Pause) 254M->253M(256M) 102,232ms
[2020-10-16T11:21:37.404+1000][250,069s][info ][gc] GC(494) To-space exhausted
[2020-10-16T11:21:37.405+1000][250,069s][info ][gc] GC(494) Pause Young (Concurrent Start) (G1 Evacuation Pause) 254M->254M(256M) 1,558ms
[2020-10-16T11:21:37.405+1000][250,069s][info ][gc] GC(496) Concurrent Cycle
[2020-10-16T11:21:37.405+1000][250,069s][debug][gc] GC(495) Clear Next Bitmap 0,207ms
[2020-10-16T11:21:37.513+1000][250,177s][info ][gc] GC(495) Pause Full (G1 Evacuation Pause) 254M->253M(256M) 108,456ms
[2020-10-16T11:21:37.513+1000][250,178s][info ][gc] GC(496) Concurrent Cycle 108,545ms
[2020-10-16T11:21:37.555+1000][250,220s][info ][gc] GC(497) To-space exhausted
[2020-10-16T11:21:37.555+1000][250,220s][info ][gc] GC(497) Pause Young (Normal) (G1 Evacuation Pause) 254M->254M(256M) 1,501ms
[2020-10-16T11:21:37.665+1000][250,330s][info ][gc] GC(498) Pause Full (G1 Evacuation Pause) 254M->253M(256M) 109,856ms
[2020-10-16T11:21:37.709+1000][250,373s][info ][gc] GC(499) To-space exhausted
[2020-10-16T11:21:37.709+1000][250,373s][info ][gc] GC(499) Pause Young (Concurrent Start) (G1 Evacuation Pause) 254M->254M(256M) 2,700ms
[2020-10-16T11:21:37.709+1000][250,373s][info ][gc] GC(501) Concurrent Cycle
[2020-10-16T11:21:37.709+1000][250,373s][debug][gc] GC(500) Clear Next Bitmap 0,261ms
[2020-10-16T11:21:37.816+1000][250,481s][info ][gc] GC(500) Pause Full (G1 Evacuation Pause) 254M->253M(256M) 107,549ms
[2020-10-16T11:21:37.816+1000][250,481s][info ][gc] GC(501) Concurrent Cycle 107,656ms
[2020-10-16T11:21:37.849+1000][250,513s][info ][gc] GC(502) To-space exhausted
[2020-10-16T11:21:37.849+1000][250,514s][info ][gc] GC(502) Pause Young (Normal) (G1 Evacuation Pause) 254M->254M(256M) 2,070ms
[2020-10-16T11:21:37.955+1000][250,620s][info ][gc] GC(503) Pause Full (G1 Evacuation Pause) 254M->253M(256M) 105,954ms
[2020-10-16T11:21:37.999+1000][250,664s][info ][gc] GC(504) To-space exhausted
[2020-10-16T11:21:38.000+1000][250,664s][info ][gc] GC(504) Pause Young (Concurrent Start) (G1 Evacuation Pause) 254M->254M(256M) 3,544ms
[2020-10-16T11:21:38.000+1000][250,664s][info ][gc] GC(506) Concurrent Cycle
[2020-10-16T11:21:38.000+1000][250,664s][debug][gc] GC(505) Clear Next Bitmap 0,304ms
[2020-10-16T11:21:38.120+1000][250,784s][info ][gc] GC(505) Pause Full (G1 Evacuation Pause) 254M->253M(256M) 120,434ms
[2020-10-16T11:21:38.120+1000][250,785s][info ][gc] GC(506) Concurrent Cycle 120,538ms
[2020-10-16T11:21:38.163+1000][250,827s][info ][gc] GC(507) To-space exhausted
[2020-10-16T11:21:38.163+1000][250,827s][info ][gc] GC(507) Pause Young (Normal) (G1 Evacuation Pause) 254M->254M(256M) 1,693ms
[2020-10-16T11:21:38.268+1000][250,932s][info ][gc] GC(508) Pause Full (G1 Evacuation Pause) 254M->253M(256M) 105,330ms
[2020-10-16T11:21:38.302+1000][250,966s][info ][gc] GC(509) To-space exhausted
[2020-10-16T11:21:38.302+1000][250,966s][info ][gc] GC(509) Pause Young (Concurrent Start) (G1 Evacuation Pause) 254M->254M(256M) 2,865ms
[2020-10-16T11:21:38.302+1000][250,966s][info ][gc] GC(511) Concurrent Cycle
[2020-10-16T11:21:38.302+1000][250,966s][debug][gc] GC(510) Clear Next Bitmap 0,209ms
[2020-10-16T11:21:38.416+1000][251,080s][info ][gc] GC(510) Pause Full (G1 Evacuation Pause) 254M->253M(256M) 113,891ms
[2020-10-16T11:21:38.416+1000][251,080s][info ][gc] GC(511) Concurrent Cycle 113,987ms
[2020-10-16T11:21:38.458+1000][251,123s][info ][gc] GC(512) To-space exhausted
[2020-10-16T11:21:38.458+1000][251,123s][info ][gc] GC(512) Pause Young (Normal) (G1 Evacuation Pause) 254M->254M(256M) 2,098ms
[2020-10-16T11:21:38.565+1000][251,230s][info ][gc] GC(513) Pause Full (G1 Evacuation Pause) 254M->253M(256M) 106,802ms
[2020-10-16T11:21:38.609+1000][251,273s][info ][gc] GC(514) To-space exhausted
[2020-10-16T11:21:38.609+1000][251,273s][info ][gc] GC(514) Pause Young (Concurrent Start) (G1 Evacuation Pause) 254M->254M(256M) 3,113ms
[2020-10-16T11:21:38.609+1000][251,274s][info ][gc] GC(516) Concurrent Cycle
[2020-10-16T11:21:38.610+1000][251,274s][debug][gc] GC(515) Clear Next Bitmap 0,266ms
[2020-10-16T11:21:38.718+1000][251,382s][info ][gc] GC(515) Pause Full (G1 Evacuation Pause) 254M->253M(256M) 108,326ms
[2020-10-16T11:21:38.718+1000][251,382s][info ][gc] GC(516) Concurrent Cycle 108,447ms
[2020-10-16T11:21:38.751+1000][251,416s][info ][gc] GC(517) To-space exhausted
[2020-10-16T11:21:38.751+1000][251,416s][info ][gc] GC(517) Pause Young (Normal) (G1 Evacuation Pause) 254M->254M(256M) 3,043ms
[2020-10-16T11:21:38.857+1000][251,521s][info ][gc] GC(518) Pause Full (G1 Evacuation Pause) 254M->253M(256M) 105,154ms
[2020-10-16T11:21:38.963+1000][251,628s][info ][gc] GC(519) Pause Full (G1 Evacuation Pause) 253M->253M(256M) 106,823ms
[2020-10-16T11:21:38.964+1000][251,628s][info ][gc] GC(520) Pause Young (Concurrent Start) (G1 Evacuation Pause) 253M->253M(256M) 0,179ms
[2020-10-16T11:21:38.964+1000][251,628s][info ][gc] GC(522) Concurrent Cycle
[2020-10-16T11:21:38.964+1000][251,628s][debug][gc] GC(521) Clear Next Bitmap 0,176ms
[2020-10-16T11:21:39.070+1000][251,734s][info ][gc] GC(521) Pause Full (G1 Evacuation Pause) 253M->253M(256M) 106,057ms
[2020-10-16T11:21:39.173+1000][251,838s][info ][gc] GC(523) Pause Full (G1 Evacuation Pause) 253M->253M(256M) 103,538ms
[2020-10-16T11:21:39.174+1000][251,838s][info ][gc] GC(522) Concurrent Cycle 209,769ms
[2020-10-16T11:21:39.174+1000][251,838s][info ][gc] GC(524) Pause Young (Normal) (G1 Evacuation Pause) 253M->253M(256M) 0,178ms
[2020-10-16T11:21:39.175+1000][251,840s][info ][gc] GC(525) Pause Full (G1 Evacuation Pause) 253M->1M(256M) 1,423ms
