[2020-10-16T12:45:46.299+1000][0.002s][debug][gc] ConcGCThreads: 2 offset 16
[2020-10-16T12:45:46.299+1000][0.002s][debug][gc] ParallelGCThreads: 8
[2020-10-16T12:45:46.299+1000][0.002s][debug][gc] Initialize mark stack with 4096 chunks, maximum 16384
[2020-10-16T12:45:46.312+1000][0.015s][info ][gc] Using G1
[2020-10-16T12:45:46.320+1000][0,023s][info ][gc] Periodic GC disabled
[2020-10-16T12:45:53.981+1000][7,684s][info ][gc] GC(0) Pause Young (Normal) (G1 Evacuation Pause) 205M->10M(4096M) 10,885ms
[2020-10-16T12:46:01.326+1000][15,029s][info ][gc] GC(1) Pause Young (Normal) (G1 Evacuation Pause) 204M->19M(4096M) 15,376ms
[2020-10-16T12:46:09.118+1000][22,821s][info ][gc] GC(2) Pause Young (Normal) (G1 Evacuation Pause) 225M->28M(4096M) 17,593ms
[2020-10-16T12:46:19.561+1000][33,264s][info ][gc] GC(3) Pause Young (Normal) (G1 Evacuation Pause) 304M->39M(4096M) 19,564ms
[2020-10-16T12:46:34.325+1000][48,028s][info ][gc] GC(4) Pause Young (Normal) (G1 Evacuation Pause) 429M->56M(4096M) 26,724ms
[2020-10-16T12:46:50.722+1000][64,425s][info ][gc] GC(5) Pause Young (Normal) (G1 Evacuation Pause) 490M->74M(4096M) 26,118ms
[2020-10-16T12:47:09.684+1000][83,386s][info ][gc] GC(6) Pause Young (Normal) (G1 Evacuation Pause) 576M->95M(4096M) 30,837ms
[2020-10-16T12:47:33.485+1000][107,188s][info ][gc] GC(7) Pause Young (Normal) (G1 Evacuation Pause) 725M->122M(4096M) 34,607ms
[2020-10-16T12:48:02.801+1000][136,504s][info ][gc] GC(8) Pause Young (Normal) (G1 Evacuation Pause) 898M->152M(4096M) 44,604ms
[2020-10-16T12:48:38.713+1000][172,416s][info ][gc] GC(9) Pause Young (Normal) (G1 Evacuation Pause) 1102M->194M(4096M) 53,310ms
[2020-10-16T12:49:21.354+1000][215,056s][info ][gc] GC(10) Pause Young (Normal) (G1 Evacuation Pause) 1322M->238M(4096M) 65,710ms
[2020-10-16T12:50:08.738+1000][262,441s][info ][gc] GC(11) Pause Young (Normal) (G1 Evacuation Pause) 1492M->292M(4096M) 77,356ms
