[2020-10-16T11:44:03.526+1000][0.003s][debug][gc] ConcGCThreads: 2 offset 16
[2020-10-16T11:44:03.526+1000][0.003s][debug][gc] ParallelGCThreads: 8
[2020-10-16T11:44:03.526+1000][0.003s][debug][gc] Initialize mark stack with 4096 chunks, maximum 16384
[2020-10-16T11:44:03.529+1000][0.005s][info ][gc] Using G1
[2020-10-16T11:44:03.540+1000][0,017s][info ][gc] Periodic GC disabled
[2020-10-16T11:44:04.359+1000][0,836s][info ][gc] GC(0) Pause Young (Normal) (G1 Evacuation Pause) 23M->1M(256M) 3,085ms
[2020-10-16T11:44:06.184+1000][2,660s][info ][gc] GC(1) Pause Young (Normal) (G1 Evacuation Pause) 49M->4M(256M) 4,726ms
[2020-10-16T11:44:11.836+1000][8,312s][info ][gc] GC(2) Pause Young (Normal) (G1 Evacuation Pause) 153M->10M(256M) 8,268ms
[2020-10-16T11:44:17.242+1000][13,718s][info ][gc] GC(3) Pause Young (Normal) (G1 Evacuation Pause) 153M->16M(256M) 9,750ms
[2020-10-16T11:44:22.430+1000][18,906s][info ][gc] GC(4) Pause Young (Normal) (G1 Evacuation Pause) 153M->21M(256M) 14,743ms
[2020-10-16T11:44:27.757+1000][24,233s][info ][gc] GC(5) Pause Young (Normal) (G1 Evacuation Pause) 162M->28M(256M) 10,658ms
[2020-10-16T11:44:33.053+1000][29,529s][info ][gc] GC(6) Pause Young (Normal) (G1 Evacuation Pause) 168M->34M(256M) 10,725ms
[2020-10-16T11:44:38.350+1000][34,826s][info ][gc] GC(7) Pause Young (Normal) (G1 Evacuation Pause) 174M->40M(256M) 10,521ms
[2020-10-16T11:44:43.644+1000][40,121s][info ][gc] GC(8) Pause Young (Normal) (G1 Evacuation Pause) 180M->47M(256M) 9,615ms
[2020-10-16T11:44:48.939+1000][45,415s][info ][gc] GC(9) Pause Young (Normal) (G1 Evacuation Pause) 187M->53M(256M) 10,153ms
[2020-10-16T11:44:54.237+1000][50,713s][info ][gc] GC(10) Pause Young (Normal) (G1 Evacuation Pause) 193M->59M(256M) 12,948ms
[2020-10-16T11:44:59.526+1000][56,002s][info ][gc] GC(11) Pause Young (Normal) (G1 Evacuation Pause) 199M->65M(256M) 8,090ms
[2020-10-16T11:45:04.816+1000][61,293s][info ][gc] GC(12) Pause Young (Normal) (G1 Evacuation Pause) 205M->71M(256M) 10,284ms
[2020-10-16T11:45:10.106+1000][66,583s][info ][gc] GC(13) Pause Young (Normal) (G1 Evacuation Pause) 211M->78M(256M) 10,310ms
[2020-10-16T11:45:15.290+1000][71,767s][info ][gc] GC(14) Pause Young (Normal) (G1 Evacuation Pause) 215M->85M(256M) 13,422ms
[2020-10-16T11:45:20.207+1000][76,683s][info ][gc] GC(15) Pause Young (Normal) (G1 Evacuation Pause) 215M->90M(256M) 11,253ms
[2020-10-16T11:45:24.970+1000][81,446s][info ][gc] GC(16) Pause Young (Normal) (G1 Evacuation Pause) 216M->95M(256M) 10,221ms
[2020-10-16T11:45:29.509+1000][85,985s][info ][gc] GC(17) Pause Young (Normal) (G1 Evacuation Pause) 215M->100M(256M) 10,007ms
[2020-10-16T11:45:33.895+1000][90,372s][info ][gc] GC(18) Pause Young (Normal) (G1 Evacuation Pause) 216M->106M(256M) 9,630ms
[2020-10-16T11:45:38.088+1000][94,564s][info ][gc] GC(19) Pause Young (Normal) (G1 Evacuation Pause) 217M->110M(256M) 9,439ms
[2020-10-16T11:45:42.095+1000][98,571s][info ][gc] GC(20) Pause Young (Normal) (G1 Evacuation Pause) 216M->115M(256M) 6,192ms
[2020-10-16T11:45:45.953+1000][102,429s][info ][gc] GC(21) Pause Young (Normal) (G1 Evacuation Pause) 217M->119M(256M) 9,743ms
[2020-10-16T11:45:49.655+1000][106,131s][info ][gc] GC(22) Pause Young (Normal) (G1 Evacuation Pause) 217M->124M(256M) 6,142ms
[2020-10-16T11:45:53.238+1000][109,714s][info ][gc] GC(23) Pause Young (Concurrent Start) (G1 Evacuation Pause) 219M->129M(256M) 7,313ms
[2020-10-16T11:45:53.238+1000][109,714s][info ][gc] GC(24) Concurrent Cycle
[2020-10-16T11:45:53.307+1000][109,784s][info ][gc] GC(24) Pause Remark 131M->131M(256M) 0,209ms
[2020-10-16T11:45:53.343+1000][109,820s][info ][gc] GC(24) Pause Cleanup 132M->132M(256M) 0,087ms
[2020-10-16T11:45:53.344+1000][109,820s][info ][gc] GC(24) Concurrent Cycle 105,908ms
[2020-10-16T11:45:56.647+1000][113,124s][info ][gc] GC(25) Pause Young (Normal) (G1 Evacuation Pause) 219M->132M(256M) 7,765ms
[2020-10-16T11:45:59.933+1000][116,410s][info ][gc] GC(26) Pause Young (Concurrent Start) (G1 Evacuation Pause) 219M->136M(256M) 6,165ms
[2020-10-16T11:45:59.933+1000][116,410s][info ][gc] GC(27) Concurrent Cycle
[2020-10-16T11:46:00.010+1000][116,486s][info ][gc] GC(27) Pause Remark 138M->138M(256M) 0,202ms
[2020-10-16T11:46:00.049+1000][116,525s][info ][gc] GC(27) Pause Cleanup 139M->139M(256M) 0,119ms
[2020-10-16T11:46:00.049+1000][116,525s][info ][gc] GC(27) Concurrent Cycle 115,871ms
[2020-10-16T11:46:03.107+1000][119,584s][info ][gc] GC(28) Pause Young (Normal) (G1 Evacuation Pause) 220M->140M(256M) 5,575ms
[2020-10-16T11:46:06.090+1000][122,567s][info ][gc] GC(29) Pause Young (Concurrent Start) (G1 Evacuation Pause) 219M->143M(256M) 7,105ms
[2020-10-16T11:46:06.090+1000][122,567s][info ][gc] GC(30) Concurrent Cycle
[2020-10-16T11:46:06.173+1000][122,650s][info ][gc] GC(30) Pause Remark 146M->146M(256M) 0,236ms
[2020-10-16T11:46:06.210+1000][122,686s][info ][gc] GC(30) Pause Cleanup 147M->147M(256M) 0,081ms
[2020-10-16T11:46:06.210+1000][122,686s][info ][gc] GC(30) Concurrent Cycle 119,781ms
[2020-10-16T11:46:08.970+1000][125,446s][info ][gc] GC(31) Pause Young (Normal) (G1 Evacuation Pause) 219M->146M(256M) 6,360ms
[2020-10-16T11:46:11.730+1000][128,207s][info ][gc] GC(32) Pause Young (Concurrent Start) (G1 Evacuation Pause) 219M->150M(256M) 7,191ms
[2020-10-16T11:46:11.730+1000][128,207s][info ][gc] GC(33) Concurrent Cycle
[2020-10-16T11:46:11.815+1000][128,291s][info ][gc] GC(33) Pause Remark 152M->152M(256M) 0,227ms
[2020-10-16T11:46:11.856+1000][128,332s][info ][gc] GC(33) Pause Cleanup 153M->153M(256M) 0,100ms
[2020-10-16T11:46:11.856+1000][128,332s][info ][gc] GC(33) Concurrent Cycle 125,339ms
[2020-10-16T11:46:14.406+1000][130,882s][info ][gc] GC(34) Pause Young (Normal) (G1 Evacuation Pause) 221M->153M(256M) 4,424ms
[2020-10-16T11:46:16.941+1000][133,418s][info ][gc] GC(35) Pause Young (Concurrent Start) (G1 Evacuation Pause) 220M->156M(256M) 7,091ms
[2020-10-16T11:46:16.941+1000][133,418s][info ][gc] GC(36) Concurrent Cycle
[2020-10-16T11:46:17.028+1000][133,504s][info ][gc] GC(36) Pause Remark 159M->159M(256M) 0,181ms
[2020-10-16T11:46:17.074+1000][133,550s][info ][gc] GC(36) Pause Cleanup 160M->160M(256M) 0,096ms
[2020-10-16T11:46:17.074+1000][133,550s][info ][gc] GC(36) Concurrent Cycle 132,674ms
[2020-10-16T11:46:19.364+1000][135,840s][info ][gc] GC(37) Pause Young (Prepare Mixed) (G1 Evacuation Pause) 220M->159M(256M) 4,423ms
[2020-10-16T11:46:19.603+1000][136,079s][info ][gc] GC(38) Pause Young (Mixed) (G1 Evacuation Pause) 165M->148M(256M) 15,087ms
[2020-10-16T11:46:22.328+1000][138,804s][info ][gc] GC(39) Pause Young (Concurrent Start) (G1 Evacuation Pause) 220M->151M(256M) 2,551ms
[2020-10-16T11:46:22.328+1000][138,805s][info ][gc] GC(40) Concurrent Cycle
[2020-10-16T11:46:22.438+1000][138,915s][info ][gc] GC(40) Pause Remark 154M->154M(256M) 0,244ms
[2020-10-16T11:46:22.487+1000][138,963s][info ][gc] GC(40) Pause Cleanup 155M->155M(256M) 0,087ms
[2020-10-16T11:46:22.487+1000][138,963s][info ][gc] GC(40) Concurrent Cycle 158,642ms
[2020-10-16T11:46:24.935+1000][141,411s][info ][gc] GC(41) Pause Young (Normal) (G1 Evacuation Pause) 220M->154M(256M) 5,537ms
[2020-10-16T11:46:27.431+1000][143,908s][info ][gc] GC(42) Pause Young (Concurrent Start) (G1 Evacuation Pause) 220M->157M(256M) 6,500ms
[2020-10-16T11:46:27.431+1000][143,908s][info ][gc] GC(43) Concurrent Cycle
[2020-10-16T11:46:27.521+1000][143,997s][info ][gc] GC(43) Pause Remark 159M->159M(256M) 0,149ms
[2020-10-16T11:46:27.565+1000][144,041s][info ][gc] GC(43) Pause Cleanup 161M->161M(256M) 0,113ms
[2020-10-16T11:46:27.565+1000][144,041s][info ][gc] GC(43) Concurrent Cycle 133,448ms
[2020-10-16T11:46:29.851+1000][146,328s][info ][gc] GC(44) Pause Young (Normal) (G1 Evacuation Pause) 221M->159M(256M) 3,948ms
[2020-10-16T11:46:32.193+1000][148,669s][info ][gc] GC(45) Pause Young (Concurrent Start) (G1 Evacuation Pause) 221M->162M(256M) 5,189ms
[2020-10-16T11:46:32.193+1000][148,669s][info ][gc] GC(46) Concurrent Cycle
[2020-10-16T11:46:32.295+1000][148,771s][info ][gc] GC(46) Pause Remark 165M->165M(256M) 0,225ms
[2020-10-16T11:46:32.343+1000][148,819s][info ][gc] GC(46) Pause Cleanup 166M->166M(256M) 0,098ms
[2020-10-16T11:46:32.343+1000][148,819s][info ][gc] GC(46) Concurrent Cycle 149,943ms
[2020-10-16T11:46:34.421+1000][150,897s][info ][gc] GC(47) Pause Young (Normal) (G1 Evacuation Pause) 221M->165M(256M) 3,911ms
[2020-10-16T11:46:36.580+1000][153,056s][info ][gc] GC(48) Pause Young (Concurrent Start) (G1 Evacuation Pause) 222M->167M(256M) 5,565ms
[2020-10-16T11:46:36.580+1000][153,056s][info ][gc] GC(49) Concurrent Cycle
[2020-10-16T11:46:36.679+1000][153,155s][info ][gc] GC(49) Pause Remark 170M->170M(256M) 0,236ms
[2020-10-16T11:46:36.735+1000][153,211s][info ][gc] GC(49) Pause Cleanup 172M->172M(256M) 0,093ms
[2020-10-16T11:46:36.735+1000][153,211s][info ][gc] GC(49) Concurrent Cycle 154,955ms
[2020-10-16T11:46:38.658+1000][155,134s][info ][gc] GC(50) Pause Young (Normal) (G1 Evacuation Pause) 222M->170M(256M) 5,694ms
[2020-10-16T11:46:40.622+1000][157,098s][info ][gc] GC(51) Pause Young (Concurrent Start) (G1 Evacuation Pause) 222M->172M(256M) 3,722ms
[2020-10-16T11:46:40.622+1000][157,099s][info ][gc] GC(52) Concurrent Cycle
[2020-10-16T11:46:40.725+1000][157,202s][info ][gc] GC(52) Pause Remark 175M->175M(256M) 0,165ms
[2020-10-16T11:46:40.777+1000][157,253s][info ][gc] GC(52) Pause Cleanup 177M->177M(256M) 0,090ms
[2020-10-16T11:46:40.777+1000][157,254s][info ][gc] GC(52) Concurrent Cycle 155,142ms
[2020-10-16T11:46:42.515+1000][158,991s][info ][gc] GC(53) Pause Young (Normal) (G1 Evacuation Pause) 222M->174M(256M) 3,939ms
[2020-10-16T11:46:44.326+1000][160,802s][info ][gc] GC(54) Pause Young (Concurrent Start) (G1 Evacuation Pause) 222M->176M(256M) 3,543ms
[2020-10-16T11:46:44.326+1000][160,802s][info ][gc] GC(55) Concurrent Cycle
[2020-10-16T11:46:44.445+1000][160,921s][info ][gc] GC(55) Pause Remark 179M->179M(256M) 0,302ms
[2020-10-16T11:46:44.501+1000][160,977s][info ][gc] GC(55) Pause Cleanup 181M->181M(256M) 0,088ms
[2020-10-16T11:46:44.501+1000][160,978s][info ][gc] GC(55) Concurrent Cycle 175,561ms
[2020-10-16T11:46:46.066+1000][162,542s][info ][gc] GC(56) Pause Young (Normal) (G1 Evacuation Pause) 222M->178M(256M) 3,842ms
[2020-10-16T11:46:47.736+1000][164,212s][info ][gc] GC(57) Pause Young (Concurrent Start) (G1 Evacuation Pause) 222M->180M(256M) 3,399ms
[2020-10-16T11:46:47.736+1000][164,212s][info ][gc] GC(58) Concurrent Cycle
[2020-10-16T11:46:47.858+1000][164,334s][info ][gc] GC(58) Pause Remark 184M->184M(256M) 0,194ms
[2020-10-16T11:46:47.910+1000][164,386s][info ][gc] GC(58) Pause Cleanup 185M->185M(256M) 0,108ms
[2020-10-16T11:46:47.910+1000][164,386s][info ][gc] GC(58) Concurrent Cycle 173,992ms
[2020-10-16T11:46:49.355+1000][165,831s][info ][gc] GC(59) Pause Young (Normal) (G1 Evacuation Pause) 223M->182M(256M) 3,144ms
[2020-10-16T11:46:50.912+1000][167,389s][info ][gc] GC(60) Pause Young (Concurrent Start) (G1 Evacuation Pause) 223M->184M(256M) 3,262ms
[2020-10-16T11:46:50.912+1000][167,389s][info ][gc] GC(61) Concurrent Cycle
[2020-10-16T11:46:51.021+1000][167,497s][info ][gc] GC(61) Pause Remark 187M->187M(256M) 0,177ms
[2020-10-16T11:46:51.075+1000][167,551s][info ][gc] GC(61) Pause Cleanup 188M->188M(256M) 0,092ms
[2020-10-16T11:46:51.075+1000][167,551s][info ][gc] GC(61) Concurrent Cycle 162,612ms
[2020-10-16T11:46:52.390+1000][168,867s][info ][gc] GC(62) Pause Young (Normal) (G1 Evacuation Pause) 223M->185M(256M) 4,637ms
[2020-10-16T11:46:53.825+1000][170,302s][info ][gc] GC(63) Pause Young (Concurrent Start) (G1 Evacuation Pause) 223M->187M(256M) 2,987ms
[2020-10-16T11:46:53.826+1000][170,302s][info ][gc] GC(64) Concurrent Cycle
[2020-10-16T11:46:53.935+1000][170,411s][info ][gc] GC(64) Pause Remark 190M->190M(256M) 0,212ms
[2020-10-16T11:46:53.989+1000][170,465s][info ][gc] GC(64) Pause Cleanup 192M->192M(256M) 0,090ms
[2020-10-16T11:46:53.989+1000][170,465s][info ][gc] GC(64) Concurrent Cycle 163,550ms
[2020-10-16T11:46:55.179+1000][171,655s][info ][gc] GC(65) Pause Young (Normal) (G1 Evacuation Pause) 223M->189M(256M) 3,047ms
[2020-10-16T11:46:56.472+1000][172,948s][info ][gc] GC(66) Pause Young (Concurrent Start) (G1 Evacuation Pause) 223M->190M(256M) 3,143ms
[2020-10-16T11:46:56.472+1000][172,948s][info ][gc] GC(67) Concurrent Cycle
[2020-10-16T11:46:56.589+1000][173,065s][info ][gc] GC(67) Pause Remark 194M->194M(256M) 0,183ms
[2020-10-16T11:46:56.644+1000][173,121s][info ][gc] GC(67) Pause Cleanup 195M->195M(256M) 0,098ms
[2020-10-16T11:46:56.645+1000][173,121s][info ][gc] GC(67) Concurrent Cycle 172,730ms
[2020-10-16T11:46:57.715+1000][174,192s][info ][gc] GC(68) Pause Young (Normal) (G1 Evacuation Pause) 223M->192M(256M) 4,449ms
[2020-10-16T11:46:58.887+1000][175,363s][info ][gc] GC(69) Pause Young (Concurrent Start) (G1 Evacuation Pause) 223M->193M(256M) 3,768ms
[2020-10-16T11:46:58.887+1000][175,364s][info ][gc] GC(70) Concurrent Cycle
[2020-10-16T11:46:59.010+1000][175,486s][info ][gc] GC(70) Pause Remark 197M->197M(256M) 0,209ms
[2020-10-16T11:46:59.071+1000][175,548s][info ][gc] GC(70) Pause Cleanup 198M->198M(256M) 0,115ms
[2020-10-16T11:46:59.071+1000][175,548s][info ][gc] GC(70) Concurrent Cycle 184,288ms
[2020-10-16T11:47:00.068+1000][176,544s][info ][gc] GC(71) Pause Young (Normal) (G1 Evacuation Pause) 224M->194M(256M) 2,669ms
[2020-10-16T11:47:01.158+1000][177,634s][info ][gc] GC(72) Pause Young (Concurrent Start) (G1 Evacuation Pause) 223M->196M(256M) 2,861ms
[2020-10-16T11:47:01.158+1000][177,634s][info ][gc] GC(73) Concurrent Cycle
[2020-10-16T11:47:01.271+1000][177,748s][info ][gc] GC(73) Pause Remark 199M->199M(256M) 0,163ms
[2020-10-16T11:47:01.331+1000][177,807s][info ][gc] GC(73) Pause Cleanup 201M->201M(256M) 0,091ms
[2020-10-16T11:47:01.331+1000][177,808s][info ][gc] GC(73) Concurrent Cycle 173,694ms
[2020-10-16T11:47:02.217+1000][178,694s][info ][gc] GC(74) Pause Young (Normal) (G1 Evacuation Pause) 224M->197M(256M) 3,546ms
[2020-10-16T11:47:03.246+1000][179,723s][info ][gc] GC(75) Pause Young (Concurrent Start) (G1 Evacuation Pause) 224M->198M(256M) 3,092ms
[2020-10-16T11:47:03.246+1000][179,723s][info ][gc] GC(76) Concurrent Cycle
[2020-10-16T11:47:03.363+1000][179,839s][info ][gc] GC(76) Pause Remark 202M->202M(256M) 0,174ms
[2020-10-16T11:47:03.421+1000][179,897s][info ][gc] GC(76) Pause Cleanup 203M->203M(256M) 0,095ms
[2020-10-16T11:47:03.421+1000][179,897s][info ][gc] GC(76) Concurrent Cycle 174,464ms
[2020-10-16T11:47:04.224+1000][180,700s][info ][gc] GC(77) Pause Young (Normal) (G1 Evacuation Pause) 224M->199M(256M) 2,693ms
[2020-10-16T11:47:05.170+1000][181,646s][info ][gc] GC(78) Pause Young (Concurrent Start) (G1 Evacuation Pause) 224M->200M(256M) 1,900ms
[2020-10-16T11:47:05.170+1000][181,646s][info ][gc] GC(79) Concurrent Cycle
[2020-10-16T11:47:05.296+1000][181,772s][info ][gc] GC(79) Pause Remark 204M->204M(256M) 0,263ms
[2020-10-16T11:47:05.354+1000][181,831s][info ][gc] GC(79) Pause Cleanup 205M->205M(256M) 0,091ms
[2020-10-16T11:47:05.355+1000][181,831s][info ][gc] GC(79) Concurrent Cycle 184,416ms
[2020-10-16T11:47:06.076+1000][182,553s][info ][gc] GC(80) Pause Young (Normal) (G1 Evacuation Pause) 224M->202M(256M) 2,416ms
[2020-10-16T11:47:06.941+1000][183,417s][info ][gc] GC(81) Pause Young (Concurrent Start) (G1 Evacuation Pause) 225M->203M(256M) 2,094ms
[2020-10-16T11:47:06.941+1000][183,417s][info ][gc] GC(82) Concurrent Cycle
[2020-10-16T11:47:07.093+1000][183,569s][info ][gc] GC(82) Pause Remark 206M->206M(256M) 0,156ms
[2020-10-16T11:47:07.156+1000][183,633s][info ][gc] GC(82) Pause Cleanup 208M->208M(256M) 0,093ms
[2020-10-16T11:47:07.157+1000][183,633s][info ][gc] GC(82) Concurrent Cycle 215,476ms
[2020-10-16T11:47:07.775+1000][184,251s][info ][gc] GC(83) Pause Young (Normal) (G1 Evacuation Pause) 225M->203M(256M) 1,549ms
[2020-10-16T11:47:08.538+1000][185,014s][info ][gc] GC(84) Pause Young (Concurrent Start) (G1 Evacuation Pause) 223M->204M(256M) 1,549ms
[2020-10-16T11:47:08.538+1000][185,015s][info ][gc] GC(85) Concurrent Cycle
[2020-10-16T11:47:08.668+1000][185,144s][info ][gc] GC(85) Pause Remark 208M->208M(256M) 0,199ms
[2020-10-16T11:47:08.729+1000][185,205s][info ][gc] GC(85) Pause Cleanup 210M->210M(256M) 0,097ms
[2020-10-16T11:47:08.729+1000][185,205s][info ][gc] GC(85) Concurrent Cycle 190,788ms
[2020-10-16T11:47:09.292+1000][185,768s][info ][gc] GC(86) Pause Young (Normal) (G1 Evacuation Pause) 224M->205M(256M) 2,268ms
[2020-10-16T11:47:10.047+1000][186,523s][info ][gc] GC(87) Pause Young (Concurrent Start) (G1 Evacuation Pause) 225M->206M(256M) 3,236ms
[2020-10-16T11:47:10.047+1000][186,523s][info ][gc] GC(88) Concurrent Cycle
[2020-10-16T11:47:10.175+1000][186,651s][info ][gc] GC(88) Pause Remark 209M->209M(256M) 0,182ms
[2020-10-16T11:47:10.237+1000][186,714s][info ][gc] GC(88) Pause Cleanup 211M->211M(256M) 0,103ms
[2020-10-16T11:47:10.238+1000][186,714s][info ][gc] GC(88) Concurrent Cycle 190,757ms
[2020-10-16T11:47:10.770+1000][187,246s][info ][gc] GC(89) Pause Young (Normal) (G1 Evacuation Pause) 225M->207M(256M) 1,662ms
[2020-10-16T11:47:11.452+1000][187,928s][info ][gc] GC(90) Pause Young (Concurrent Start) (G1 Evacuation Pause) 225M->208M(256M) 1,810ms
[2020-10-16T11:47:11.452+1000][187,929s][info ][gc] GC(91) Concurrent Cycle
[2020-10-16T11:47:11.585+1000][188,061s][info ][gc] GC(91) Pause Remark 212M->212M(256M) 0,229ms
[2020-10-16T11:47:11.646+1000][188,122s][info ][gc] GC(91) Pause Cleanup 213M->213M(256M) 0,120ms
[2020-10-16T11:47:11.646+1000][188,123s][info ][gc] GC(91) Concurrent Cycle 194,154ms
[2020-10-16T11:47:12.124+1000][188,601s][info ][gc] GC(92) Pause Young (Normal) (G1 Evacuation Pause) 226M->209M(256M) 1,864ms
[2020-10-16T11:47:12.737+1000][189,213s][info ][gc] GC(93) Pause Young (Concurrent Start) (G1 Evacuation Pause) 225M->209M(256M) 2,786ms
[2020-10-16T11:47:12.737+1000][189,213s][info ][gc] GC(94) Concurrent Cycle
[2020-10-16T11:47:12.865+1000][189,341s][info ][gc] GC(94) Pause Remark 213M->213M(256M) 0,174ms
[2020-10-16T11:47:12.928+1000][189,405s][info ][gc] GC(94) Pause Cleanup 214M->214M(256M) 0,098ms
[2020-10-16T11:47:12.928+1000][189,405s][info ][gc] GC(94) Concurrent Cycle 191,456ms
[2020-10-16T11:47:13.338+1000][189,814s][info ][gc] GC(95) Pause Young (Normal) (G1 Evacuation Pause) 225M->210M(256M) 1,420ms
[2020-10-16T11:47:13.869+1000][190,345s][info ][gc] GC(96) Pause Young (Concurrent Start) (G1 Evacuation Pause) 224M->210M(256M) 1,719ms
[2020-10-16T11:47:13.869+1000][190,345s][info ][gc] GC(97) Concurrent Cycle
[2020-10-16T11:47:13.995+1000][190,471s][info ][gc] GC(97) Pause Remark 214M->214M(256M) 0,180ms
[2020-10-16T11:47:14.056+1000][190,533s][info ][gc] GC(97) Pause Cleanup 215M->215M(256M) 0,101ms
[2020-10-16T11:47:14.056+1000][190,533s][info ][gc] GC(97) Concurrent Cycle 187,743ms
[2020-10-16T11:47:14.399+1000][190,875s][info ][gc] GC(98) Pause Young (Normal) (G1 Evacuation Pause) 224M->211M(256M) 1,611ms
[2020-10-16T11:47:14.969+1000][191,446s][info ][gc] GC(99) Pause Young (Concurrent Start) (G1 Evacuation Pause) 226M->212M(256M) 1,559ms
[2020-10-16T11:47:14.969+1000][191,446s][info ][gc] GC(100) Concurrent Cycle
[2020-10-16T11:47:15.105+1000][191,581s][info ][gc] GC(100) Pause Remark 215M->215M(256M) 0,176ms
[2020-10-16T11:47:15.166+1000][191,643s][info ][gc] GC(100) Pause Cleanup 217M->217M(256M) 0,097ms
[2020-10-16T11:47:15.167+1000][191,643s][info ][gc] GC(100) Concurrent Cycle 197,207ms
[2020-10-16T11:47:15.499+1000][191,975s][info ][gc] GC(101) Pause Young (Normal) (G1 Evacuation Pause) 226M->212M(256M) 1,684ms
[2020-10-16T11:47:15.988+1000][192,465s][info ][gc] GC(102) Pause Young (Concurrent Start) (G1 Evacuation Pause) 225M->213M(256M) 1,744ms
[2020-10-16T11:47:15.988+1000][192,465s][info ][gc] GC(103) Concurrent Cycle
[2020-10-16T11:47:16.112+1000][192,589s][info ][gc] GC(103) Pause Remark 216M->216M(256M) 0,215ms
[2020-10-16T11:47:16.176+1000][192,652s][info ][gc] GC(103) Pause Cleanup 218M->218M(256M) 0,102ms
[2020-10-16T11:47:16.176+1000][192,652s][info ][gc] GC(103) Concurrent Cycle 187,782ms
[2020-10-16T11:47:16.447+1000][192,924s][info ][gc] GC(104) Pause Young (Normal) (G1 Evacuation Pause) 225M->213M(256M) 1,882ms
[2020-10-16T11:47:16.896+1000][193,372s][info ][gc] GC(105) Pause Young (Concurrent Start) (G1 Evacuation Pause) 225M->214M(256M) 1,490ms
[2020-10-16T11:47:16.896+1000][193,373s][info ][gc] GC(106) Concurrent Cycle
[2020-10-16T11:47:17.023+1000][193,499s][info ][gc] GC(106) Pause Remark 217M->217M(256M) 0,214ms
[2020-10-16T11:47:17.084+1000][193,560s][info ][gc] GC(106) Pause Cleanup 219M->219M(256M) 0,103ms
[2020-10-16T11:47:17.084+1000][193,561s][info ][gc] GC(106) Concurrent Cycle 188,075ms
[2020-10-16T11:47:17.355+1000][193,831s][info ][gc] GC(107) Pause Young (Normal) (G1 Evacuation Pause) 226M->214M(256M) 1,910ms
[2020-10-16T11:47:17.763+1000][194,240s][info ][gc] GC(108) Pause Young (Concurrent Start) (G1 Evacuation Pause) 225M->215M(256M) 1,280ms
[2020-10-16T11:47:17.763+1000][194,240s][info ][gc] GC(109) Concurrent Cycle
[2020-10-16T11:47:17.893+1000][194,369s][info ][gc] GC(109) Pause Remark 218M->218M(256M) 0,183ms
[2020-10-16T11:47:17.955+1000][194,431s][info ][gc] GC(109) Pause Cleanup 220M->220M(256M) 0,127ms
[2020-10-16T11:47:17.955+1000][194,431s][info ][gc] GC(109) Concurrent Cycle 191,698ms
[2020-10-16T11:47:18.182+1000][194,658s][info ][gc] GC(110) Pause Young (Normal) (G1 Evacuation Pause) 226M->215M(256M) 2,239ms
[2020-10-16T11:47:18.559+1000][195,036s][info ][gc] GC(111) Pause Young (Concurrent Start) (G1 Evacuation Pause) 225M->216M(256M) 1,204ms
[2020-10-16T11:47:18.559+1000][195,036s][info ][gc] GC(112) Concurrent Cycle
[2020-10-16T11:47:18.691+1000][195,168s][info ][gc] GC(112) Pause Remark 219M->219M(256M) 0,209ms
[2020-10-16T11:47:18.752+1000][195,228s][info ][gc] GC(112) Pause Cleanup 221M->221M(256M) 0,092ms
[2020-10-16T11:47:18.752+1000][195,229s][info ][gc] GC(112) Concurrent Cycle 193,137ms
[2020-10-16T11:47:18.936+1000][195,412s][info ][gc] GC(113) Pause Young (Normal) (G1 Evacuation Pause) 226M->216M(256M) 0,991ms
[2020-10-16T11:47:19.315+1000][195,791s][info ][gc] GC(114) Pause Young (Concurrent Start) (G1 Evacuation Pause) 226M->217M(256M) 2,438ms
[2020-10-16T11:47:19.315+1000][195,791s][info ][gc] GC(115) Concurrent Cycle
[2020-10-16T11:47:19.449+1000][195,925s][info ][gc] GC(115) Pause Remark 220M->220M(256M) 0,197ms
[2020-10-16T11:47:19.510+1000][195,986s][info ][gc] GC(115) Pause Cleanup 222M->222M(256M) 0,124ms
[2020-10-16T11:47:19.510+1000][195,987s][info ][gc] GC(115) Concurrent Cycle 195,438ms
[2020-10-16T11:47:19.702+1000][196,178s][info ][gc] GC(116) Pause Young (Normal) (G1 Evacuation Pause) 227M->217M(256M) 0,845ms
[2020-10-16T11:47:20.110+1000][196,586s][info ][gc] GC(117) Pause Young (Concurrent Start) (G1 Evacuation Pause) 228M->217M(256M) 1,031ms
[2020-10-16T11:47:20.110+1000][196,586s][info ][gc] GC(118) Concurrent Cycle
[2020-10-16T11:47:20.242+1000][196,718s][info ][gc] GC(118) Pause Remark 221M->221M(256M) 0,247ms
[2020-10-16T11:47:20.306+1000][196,782s][info ][gc] GC(118) Pause Cleanup 223M->223M(256M) 0,130ms
[2020-10-16T11:47:20.306+1000][196,782s][info ][gc] GC(118) Concurrent Cycle 195,986ms
[2020-10-16T11:47:20.488+1000][196,964s][info ][gc] GC(119) Pause Young (Normal) (G1 Evacuation Pause) 227M->218M(256M) 1,742ms
[2020-10-16T11:47:20.866+1000][197,342s][info ][gc] GC(120) Pause Young (Concurrent Start) (G1 Evacuation Pause) 228M->218M(256M) 1,933ms
[2020-10-16T11:47:20.866+1000][197,342s][info ][gc] GC(121) Concurrent Cycle
[2020-10-16T11:47:21.004+1000][197,481s][info ][gc] GC(121) Pause Remark 222M->222M(256M) 0,183ms
[2020-10-16T11:47:21.067+1000][197,543s][info ][gc] GC(121) Pause Cleanup 224M->224M(256M) 0,092ms
[2020-10-16T11:47:21.067+1000][197,544s][info ][gc] GC(121) Concurrent Cycle 201,280ms
[2020-10-16T11:47:21.253+1000][197,730s][info ][gc] GC(122) Pause Young (Normal) (G1 Evacuation Pause) 228M->219M(256M) 1,486ms
[2020-10-16T11:47:21.662+1000][198,138s][info ][gc] GC(123) Pause Young (Concurrent Start) (G1 Evacuation Pause) 230M->219M(256M) 1,256ms
[2020-10-16T11:47:21.662+1000][198,138s][info ][gc] GC(124) Concurrent Cycle
[2020-10-16T11:47:21.811+1000][198,287s][info ][gc] GC(124) Pause Remark 223M->223M(256M) 0,176ms
[2020-10-16T11:47:21.882+1000][198,358s][info ][gc] GC(124) Pause Cleanup 225M->225M(256M) 0,173ms
[2020-10-16T11:47:21.882+1000][198,358s][info ][gc] GC(124) Concurrent Cycle 220,344ms
[2020-10-16T11:47:22.039+1000][198,515s][info ][gc] GC(125) Pause Young (Normal) (G1 Evacuation Pause) 229M->220M(256M) 1,458ms
[2020-10-16T11:47:22.417+1000][198,893s][info ][gc] GC(126) Pause Young (Concurrent Start) (G1 Evacuation Pause) 230M->220M(256M) 2,128ms
[2020-10-16T11:47:22.417+1000][198,894s][info ][gc] GC(127) Concurrent Cycle
[2020-10-16T11:47:22.549+1000][199,026s][info ][gc] GC(127) Pause Remark 223M->223M(256M) 0,218ms
[2020-10-16T11:47:22.615+1000][199,092s][info ][gc] GC(127) Pause Cleanup 225M->225M(256M) 0,130ms
[2020-10-16T11:47:22.616+1000][199,092s][info ][gc] GC(127) Concurrent Cycle 198,514ms
[2020-10-16T11:47:22.804+1000][199,280s][info ][gc] GC(128) Pause Young (Normal) (G1 Evacuation Pause) 230M->220M(256M) 0,945ms
[2020-10-16T11:47:23.211+1000][199,688s][info ][gc] GC(129) Pause Young (Concurrent Start) (G1 Evacuation Pause) 231M->221M(256M) 1,216ms
[2020-10-16T11:47:23.211+1000][199,688s][info ][gc] GC(130) Concurrent Cycle
[2020-10-16T11:47:23.372+1000][199,848s][info ][gc] GC(130) Pause Remark 225M->225M(256M) 0,185ms
[2020-10-16T11:47:23.443+1000][199,920s][info ][gc] GC(130) Pause Cleanup 227M->227M(256M) 0,132ms
[2020-10-16T11:47:23.444+1000][199,920s][info ][gc] GC(130) Concurrent Cycle 232,349ms
[2020-10-16T11:47:23.588+1000][200,065s][info ][gc] GC(131) Pause Young (Normal) (G1 Evacuation Pause) 231M->221M(256M) 1,320ms
[2020-10-16T11:47:23.966+1000][200,442s][info ][gc] GC(132) Pause Young (Concurrent Start) (G1 Evacuation Pause) 231M->222M(256M) 1,036ms
[2020-10-16T11:47:23.966+1000][200,442s][info ][gc] GC(133) Concurrent Cycle
[2020-10-16T11:47:24.100+1000][200,577s][info ][gc] GC(133) Pause Remark 226M->226M(256M) 0,210ms
[2020-10-16T11:47:24.166+1000][200,642s][info ][gc] GC(133) Pause Cleanup 227M->227M(256M) 0,128ms
[2020-10-16T11:47:24.166+1000][200,642s][info ][gc] GC(133) Concurrent Cycle 200,470ms
[2020-10-16T11:47:24.353+1000][200,829s][info ][gc] GC(134) Pause Young (Normal) (G1 Evacuation Pause) 232M->222M(256M) 1,808ms
[2020-10-16T11:47:24.760+1000][201,237s][info ][gc] GC(135) Pause Young (Concurrent Start) (G1 Evacuation Pause) 233M->223M(256M) 0,980ms
[2020-10-16T11:47:24.760+1000][201,237s][info ][gc] GC(136) Concurrent Cycle
[2020-10-16T11:47:24.898+1000][201,374s][info ][gc] GC(136) Pause Remark 226M->226M(256M) 0,214ms
[2020-10-16T11:47:24.962+1000][201,439s][info ][gc] GC(136) Pause Cleanup 228M->228M(256M) 0,098ms
[2020-10-16T11:47:24.963+1000][201,439s][info ][gc] GC(136) Concurrent Cycle 202,264ms
[2020-10-16T11:47:25.137+1000][201,613s][info ][gc] GC(137) Pause Young (Normal) (G1 Evacuation Pause) 233M->223M(256M) 1,152ms
[2020-10-16T11:47:25.515+1000][201,991s][info ][gc] GC(138) Pause Young (Concurrent Start) (G1 Evacuation Pause) 233M->224M(256M) 2,295ms
[2020-10-16T11:47:25.515+1000][201,992s][info ][gc] GC(139) Concurrent Cycle
[2020-10-16T11:47:25.675+1000][202,151s][info ][gc] GC(139) Pause Remark 228M->228M(256M) 0,213ms
[2020-10-16T11:47:25.746+1000][202,222s][info ][gc] GC(139) Pause Cleanup 230M->230M(256M) 0,101ms
[2020-10-16T11:47:25.746+1000][202,222s][info ][gc] GC(139) Concurrent Cycle 230,639ms
[2020-10-16T11:47:25.902+1000][202,378s][info ][gc] GC(140) Pause Young (Normal) (G1 Evacuation Pause) 234M->224M(256M) 0,870ms
[2020-10-16T11:47:26.310+1000][202,786s][info ][gc] GC(141) Pause Young (Concurrent Start) (G1 Evacuation Pause) 235M->224M(256M) 1,507ms
[2020-10-16T11:47:26.310+1000][202,787s][info ][gc] GC(142) Concurrent Cycle
[2020-10-16T11:47:26.444+1000][202,921s][info ][gc] GC(142) Pause Remark 228M->228M(256M) 0,226ms
[2020-10-16T11:47:26.508+1000][202,984s][info ][gc] GC(142) Pause Cleanup 230M->230M(256M) 0,127ms
[2020-10-16T11:47:26.508+1000][202,984s][info ][gc] GC(142) Concurrent Cycle 197,883ms
[2020-10-16T11:47:26.687+1000][203,164s][info ][gc] GC(143) Pause Young (Normal) (G1 Evacuation Pause) 234M->225M(256M) 1,509ms
[2020-10-16T11:47:27.065+1000][203,542s][info ][gc] GC(144) Pause Young (Concurrent Start) (G1 Evacuation Pause) 235M->225M(256M) 1,632ms
[2020-10-16T11:47:27.065+1000][203,542s][info ][gc] GC(145) Concurrent Cycle
[2020-10-16T11:47:27.214+1000][203,691s][info ][gc] GC(145) Pause Remark 229M->229M(256M) 0,283ms
[2020-10-16T11:47:27.284+1000][203,761s][info ][gc] GC(145) Pause Cleanup 231M->231M(256M) 0,118ms
[2020-10-16T11:47:27.285+1000][203,761s][info ][gc] GC(145) Concurrent Cycle 219,365ms
[2020-10-16T11:47:27.452+1000][203,928s][info ][gc] GC(146) Pause Young (Normal) (G1 Evacuation Pause) 235M->225M(256M) 0,881ms
[2020-10-16T11:47:27.860+1000][204,336s][info ][gc] GC(147) Pause Young (Concurrent Start) (G1 Evacuation Pause) 236M->226M(256M) 1,089ms
[2020-10-16T11:47:27.860+1000][204,336s][info ][gc] GC(148) Concurrent Cycle
[2020-10-16T11:47:28.002+1000][204,478s][info ][gc] GC(148) Pause Remark 230M->230M(256M) 0,226ms
[2020-10-16T11:47:28.072+1000][204,549s][info ][gc] GC(148) Pause Cleanup 232M->232M(256M) 0,100ms
[2020-10-16T11:47:28.072+1000][204,549s][info ][gc] GC(148) Concurrent Cycle 212,558ms
[2020-10-16T11:47:28.238+1000][204,714s][info ][gc] GC(149) Pause Young (Normal) (G1 Evacuation Pause) 236M->227M(256M) 2,156ms
[2020-10-16T11:47:28.615+1000][205,091s][info ][gc] GC(150) Pause Young (Concurrent Start) (G1 Evacuation Pause) 237M->227M(256M) 1,357ms
[2020-10-16T11:47:28.615+1000][205,091s][info ][gc] GC(151) Concurrent Cycle
[2020-10-16T11:47:28.754+1000][205,231s][info ][gc] GC(151) Pause Remark 231M->231M(256M) 0,174ms
[2020-10-16T11:47:28.820+1000][205,296s][info ][gc] GC(151) Pause Cleanup 232M->232M(256M) 0,093ms
[2020-10-16T11:47:28.820+1000][205,296s][info ][gc] GC(151) Concurrent Cycle 204,754ms
[2020-10-16T11:47:29.002+1000][205,478s][info ][gc] GC(152) Pause Young (Normal) (G1 Evacuation Pause) 237M->227M(256M) 0,903ms
[2020-10-16T11:47:29.409+1000][205,886s][info ][gc] GC(153) Pause Young (Concurrent Start) (G1 Evacuation Pause) 238M->228M(256M) 0,954ms
[2020-10-16T11:47:29.410+1000][205,886s][info ][gc] GC(154) Concurrent Cycle
[2020-10-16T11:47:29.552+1000][206,028s][info ][gc] GC(154) Pause Remark 232M->232M(256M) 0,186ms
[2020-10-16T11:47:29.621+1000][206,097s][info ][gc] GC(154) Pause Cleanup 233M->233M(256M) 0,097ms
[2020-10-16T11:47:29.621+1000][206,098s][info ][gc] GC(154) Concurrent Cycle 211,845ms
[2020-10-16T11:47:29.786+1000][206,263s][info ][gc] GC(155) Pause Young (Normal) (G1 Evacuation Pause) 238M->228M(256M) 1,191ms
[2020-10-16T11:47:30.164+1000][206,640s][info ][gc] GC(156) Pause Young (Concurrent Start) (G1 Evacuation Pause) 238M->229M(256M) 1,206ms
[2020-10-16T11:47:30.164+1000][206,641s][info ][gc] GC(157) Concurrent Cycle
[2020-10-16T11:47:30.307+1000][206,783s][info ][gc] GC(157) Pause Remark 233M->233M(256M) 0,188ms
[2020-10-16T11:47:30.378+1000][206,854s][info ][gc] GC(157) Pause Cleanup 235M->235M(256M) 0,105ms
[2020-10-16T11:47:30.378+1000][206,854s][info ][gc] GC(157) Concurrent Cycle 213,724ms
[2020-10-16T11:47:30.551+1000][207,027s][info ][gc] GC(158) Pause Young (Normal) (G1 Evacuation Pause) 239M->229M(256M) 0,908ms
[2020-10-16T11:47:30.958+1000][207,435s][info ][gc] GC(159) Pause Young (Concurrent Start) (G1 Evacuation Pause) 240M->230M(256M) 1,144ms
[2020-10-16T11:47:30.958+1000][207,435s][info ][gc] GC(160) Concurrent Cycle
[2020-10-16T11:47:31.107+1000][207,583s][info ][gc] GC(160) Pause Remark 234M->234M(256M) 0,190ms
[2020-10-16T11:47:31.173+1000][207,650s][info ][gc] GC(160) Pause Cleanup 235M->235M(256M) 0,096ms
[2020-10-16T11:47:31.174+1000][207,650s][info ][gc] GC(160) Concurrent Cycle 215,232ms
[2020-10-16T11:47:31.336+1000][207,813s][info ][gc] GC(161) Pause Young (Normal) (G1 Evacuation Pause) 240M->230M(256M) 2,160ms
[2020-10-16T11:47:31.714+1000][208,191s][info ][gc] GC(162) Pause Young (Concurrent Start) (G1 Evacuation Pause) 240M->230M(256M) 1,598ms
[2020-10-16T11:47:31.715+1000][208,191s][info ][gc] GC(163) Concurrent Cycle
[2020-10-16T11:47:31.850+1000][208,326s][info ][gc] GC(163) Pause Remark 234M->234M(256M) 0,185ms
[2020-10-16T11:47:31.917+1000][208,393s][info ][gc] GC(163) Pause Cleanup 236M->236M(256M) 0,101ms
[2020-10-16T11:47:31.917+1000][208,394s][info ][gc] GC(163) Concurrent Cycle 202,735ms
[2020-10-16T11:47:32.102+1000][208,579s][info ][gc] GC(164) Pause Young (Normal) (G1 Evacuation Pause) 240M->231M(256M) 1,704ms
[2020-10-16T11:47:32.510+1000][208,986s][info ][gc] GC(165) Pause Young (Concurrent Start) (G1 Evacuation Pause) 242M->231M(256M) 1,051ms
[2020-10-16T11:47:32.510+1000][208,986s][info ][gc] GC(166) Concurrent Cycle
[2020-10-16T11:47:32.656+1000][209,132s][info ][gc] GC(166) Pause Remark 235M->235M(256M) 0,157ms
[2020-10-16T11:47:32.723+1000][209,199s][info ][gc] GC(166) Pause Cleanup 237M->237M(256M) 0,102ms
[2020-10-16T11:47:32.723+1000][209,199s][info ][gc] GC(166) Concurrent Cycle 212,975ms
[2020-10-16T11:47:32.888+1000][209,365s][info ][gc] GC(167) Pause Young (Normal) (G1 Evacuation Pause) 241M->232M(256M) 2,387ms
[2020-10-16T11:47:33.266+1000][209,742s][info ][gc] GC(168) Pause Young (Concurrent Start) (G1 Evacuation Pause) 242M->232M(256M) 1,059ms
[2020-10-16T11:47:33.266+1000][209,742s][info ][gc] GC(169) Concurrent Cycle
[2020-10-16T11:47:33.408+1000][209,884s][info ][gc] GC(169) Pause Remark 236M->236M(256M) 0,160ms
[2020-10-16T11:47:33.481+1000][209,957s][info ][gc] GC(169) Pause Cleanup 238M->238M(256M) 0,098ms
[2020-10-16T11:47:33.481+1000][209,957s][info ][gc] GC(169) Concurrent Cycle 215,203ms
[2020-10-16T11:47:33.653+1000][210,129s][info ][gc] GC(170) Pause Young (Normal) (G1 Evacuation Pause) 242M->232M(256M) 1,201ms
[2020-10-16T11:47:34.061+1000][210,537s][info ][gc] GC(171) Pause Young (Concurrent Start) (G1 Evacuation Pause) 243M->233M(256M) 1,299ms
[2020-10-16T11:47:34.061+1000][210,537s][info ][gc] GC(172) Concurrent Cycle
[2020-10-16T11:47:34.199+1000][210,676s][info ][gc] GC(172) Pause Remark 237M->237M(256M) 0,215ms
[2020-10-16T11:47:34.266+1000][210,743s][info ][gc] GC(172) Pause Cleanup 239M->239M(256M) 0,102ms
[2020-10-16T11:47:34.267+1000][210,743s][info ][gc] GC(172) Concurrent Cycle 205,926ms
[2020-10-16T11:47:34.439+1000][210,915s][info ][gc] GC(173) Pause Young (Normal) (G1 Evacuation Pause) 243M->234M(256M) 2,129ms
[2020-10-16T11:47:34.816+1000][211,292s][info ][gc] GC(174) Pause Young (Concurrent Start) (G1 Evacuation Pause) 244M->234M(256M) 1,208ms
[2020-10-16T11:47:34.816+1000][211,292s][info ][gc] GC(175) Concurrent Cycle
[2020-10-16T11:47:34.958+1000][211,435s][info ][gc] GC(175) Pause Remark 238M->238M(256M) 0,175ms
[2020-10-16T11:47:35.027+1000][211,503s][info ][gc] GC(175) Pause Cleanup 239M->239M(256M) 0,103ms
[2020-10-16T11:47:35.027+1000][211,503s][info ][gc] GC(175) Concurrent Cycle 210,892ms
[2020-10-16T11:47:35.203+1000][211,680s][info ][gc] GC(176) Pause Young (Normal) (G1 Evacuation Pause) 244M->234M(256M) 1,493ms
[2020-10-16T11:47:35.611+1000][212,087s][info ][gc] GC(177) Pause Young (Concurrent Start) (G1 Evacuation Pause) 245M->235M(256M) 1,186ms
[2020-10-16T11:47:35.611+1000][212,088s][info ][gc] GC(178) Concurrent Cycle
[2020-10-16T11:47:35.752+1000][212,228s][info ][gc] GC(178) Pause Remark 238M->238M(256M) 0,199ms
[2020-10-16T11:47:35.817+1000][212,293s][info ][gc] GC(178) Pause Cleanup 240M->240M(256M) 0,091ms
[2020-10-16T11:47:35.817+1000][212,294s][info ][gc] GC(178) Concurrent Cycle 206,225ms
[2020-10-16T11:47:35.988+1000][212,464s][info ][gc] GC(179) Pause Young (Normal) (G1 Evacuation Pause) 245M->235M(256M) 1,099ms
[2020-10-16T11:47:36.367+1000][212,843s][info ][gc] GC(180) Pause Young (Concurrent Start) (G1 Evacuation Pause) 245M->236M(256M) 1,936ms
[2020-10-16T11:47:36.367+1000][212,843s][info ][gc] GC(181) Concurrent Cycle
[2020-10-16T11:47:36.508+1000][212,984s][info ][gc] GC(181) Pause Remark 239M->239M(256M) 0,201ms
[2020-10-16T11:47:36.577+1000][213,053s][info ][gc] GC(181) Pause Cleanup 241M->241M(256M) 0,105ms
[2020-10-16T11:47:36.577+1000][213,054s][info ][gc] GC(181) Concurrent Cycle 210,482ms
[2020-10-16T11:47:36.753+1000][213,229s][info ][gc] GC(182) Pause Young (Normal) (G1 Evacuation Pause) 246M->236M(256M) 0,983ms
[2020-10-16T11:47:37.161+1000][213,638s][info ][gc] GC(183) Pause Young (Concurrent Start) (G1 Evacuation Pause) 247M->237M(256M) 1,215ms
[2020-10-16T11:47:37.161+1000][213,638s][info ][gc] GC(184) Concurrent Cycle
[2020-10-16T11:47:37.310+1000][213,787s][info ][gc] GC(184) Pause Remark 240M->240M(256M) 0,206ms
[2020-10-16T11:47:37.392+1000][213,868s][info ][gc] GC(184) Pause Cleanup 243M->243M(256M) 0,139ms
[2020-10-16T11:47:37.392+1000][213,868s][info ][gc] GC(184) Concurrent Cycle 230,761ms
[2020-10-16T11:47:37.539+1000][214,016s][info ][gc] GC(185) Pause Young (Normal) (G1 Evacuation Pause) 247M->237M(256M) 2,324ms
[2020-10-16T11:47:37.917+1000][214,393s][info ][gc] GC(186) Pause Young (Concurrent Start) (G1 Evacuation Pause) 247M->237M(256M) 1,278ms
[2020-10-16T11:47:37.917+1000][214,393s][info ][gc] GC(187) Concurrent Cycle
[2020-10-16T11:47:38.059+1000][214,535s][info ][gc] GC(187) Pause Remark 241M->241M(256M) 0,227ms
[2020-10-16T11:47:38.131+1000][214,607s][info ][gc] GC(187) Pause Cleanup 243M->243M(256M) 0,118ms
[2020-10-16T11:47:38.131+1000][214,608s][info ][gc] GC(187) Concurrent Cycle 214,374ms
[2020-10-16T11:47:38.304+1000][214,780s][info ][gc] GC(188) Pause Young (Normal) (G1 Evacuation Pause) 247M->238M(256M) 0,957ms
[2020-10-16T11:47:38.712+1000][215,188s][info ][gc] GC(189) Pause Young (Concurrent Start) (G1 Evacuation Pause) 249M->238M(256M) 1,678ms
[2020-10-16T11:47:38.712+1000][215,188s][info ][gc] GC(190) Concurrent Cycle
[2020-10-16T11:47:38.854+1000][215,330s][info ][gc] GC(190) Pause Remark 242M->242M(256M) 0,269ms
[2020-10-16T11:47:38.919+1000][215,396s][info ][gc] GC(190) Pause Cleanup 244M->244M(256M) 0,102ms
[2020-10-16T11:47:38.920+1000][215,396s][info ][gc] GC(190) Concurrent Cycle 207,498ms
[2020-10-16T11:47:39.089+1000][215,566s][info ][gc] GC(191) Pause Young (Normal) (G1 Evacuation Pause) 248M->239M(256M) 1,192ms
[2020-10-16T11:47:39.467+1000][215,944s][info ][gc] GC(192) Pause Young (Concurrent Start) (G1 Evacuation Pause) 249M->239M(256M) 1,810ms
[2020-10-16T11:47:39.467+1000][215,944s][info ][gc] GC(193) Concurrent Cycle
[2020-10-16T11:47:39.631+1000][216,108s][info ][gc] GC(193) Pause Remark 244M->244M(256M) 0,438ms
[2020-10-16T11:47:39.700+1000][216,176s][info ][gc] GC(193) Pause Cleanup 245M->245M(256M) 0,130ms
[2020-10-16T11:47:39.700+1000][216,177s][info ][gc] GC(193) Concurrent Cycle 232,999ms
[2020-10-16T11:47:39.854+1000][216,330s][info ][gc] GC(194) Pause Young (Normal) (G1 Evacuation Pause) 249M->239M(256M) 0,914ms
[2020-10-16T11:47:40.262+1000][216,738s][info ][gc] GC(195) Pause Young (Concurrent Start) (G1 Evacuation Pause) 250M->240M(256M) 1,611ms
[2020-10-16T11:47:40.262+1000][216,739s][info ][gc] GC(196) Concurrent Cycle
[2020-10-16T11:47:40.406+1000][216,883s][info ][gc] GC(196) Pause Remark 244M->244M(256M) 0,219ms
[2020-10-16T11:47:40.480+1000][216,956s][info ][gc] GC(196) Pause Cleanup 246M->246M(256M) 0,133ms
[2020-10-16T11:47:40.480+1000][216,956s][info ][gc] GC(196) Concurrent Cycle 217,901ms
[2020-10-16T11:47:40.640+1000][217,117s][info ][gc] GC(197) Pause Young (Normal) (G1 Evacuation Pause) 250M->240M(256M) 2,632ms
[2020-10-16T11:47:41.018+1000][217,494s][info ][gc] GC(198) Pause Young (Concurrent Start) (G1 Evacuation Pause) 250M->241M(256M) 1,279ms
[2020-10-16T11:47:41.018+1000][217,494s][info ][gc] GC(199) Concurrent Cycle
[2020-10-16T11:47:41.161+1000][217,638s][info ][gc] GC(199) Pause Remark 245M->245M(256M) 0,170ms
[2020-10-16T11:47:41.239+1000][217,715s][info ][gc] GC(199) Pause Cleanup 247M->247M(256M) 0,104ms
[2020-10-16T11:47:41.239+1000][217,716s][info ][gc] GC(199) Concurrent Cycle 221,439ms
[2020-10-16T11:47:41.404+1000][217,881s][info ][gc] GC(200) Pause Young (Normal) (G1 Evacuation Pause) 251M->241M(256M) 1,330ms
[2020-10-16T11:47:41.813+1000][218,289s][info ][gc] GC(201) Pause Young (Concurrent Start) (G1 Evacuation Pause) 252M->242M(256M) 1,788ms
[2020-10-16T11:47:41.813+1000][218,290s][info ][gc] GC(202) Concurrent Cycle
[2020-10-16T11:47:41.960+1000][218,436s][info ][gc] GC(202) Pause Remark 246M->246M(256M) 0,233ms
[2020-10-16T11:47:42.028+1000][218,505s][info ][gc] GC(202) Pause Cleanup 248M->248M(256M) 0,124ms
[2020-10-16T11:47:42.028+1000][218,505s][info ][gc] GC(202) Concurrent Cycle 215,284ms
[2020-10-16T11:47:42.190+1000][218,667s][info ][gc] GC(203) Pause Young (Normal) (G1 Evacuation Pause) 252M->242M(256M) 1,209ms
[2020-10-16T11:47:42.609+1000][219,086s][info ][gc] GC(204) To-space exhausted
[2020-10-16T11:47:42.609+1000][219,086s][info ][gc] GC(204) Pause Young (Concurrent Start) (G1 Evacuation Pause) 253M->243M(256M) 2,392ms
[2020-10-16T11:47:42.609+1000][219,086s][info ][gc] GC(205) Concurrent Cycle
[2020-10-16T11:47:42.757+1000][219,233s][info ][gc] GC(205) Pause Remark 247M->247M(256M) 0,181ms
[2020-10-16T11:47:42.829+1000][219,306s][info ][gc] GC(205) Pause Cleanup 249M->249M(256M) 0,101ms
[2020-10-16T11:47:42.829+1000][219,306s][info ][gc] GC(205) Concurrent Cycle 219,970ms
[2020-10-16T11:47:43.030+1000][219,506s][info ][gc] GC(206) To-space exhausted
[2020-10-16T11:47:43.030+1000][219,506s][info ][gc] GC(206) Pause Young (Normal) (G1 Evacuation Pause) 254M->254M(256M) 4,232ms
[2020-10-16T11:47:43.147+1000][219,624s][info ][gc] GC(207) Pause Full (G1 Evacuation Pause) 254M->232M(256M) 117,647ms
[2020-10-16T11:47:43.606+1000][220,082s][info ][gc] GC(208) Pause Young (Concurrent Start) (G1 Evacuation Pause) 244M->232M(256M) 0,950ms
[2020-10-16T11:47:43.606+1000][220,082s][info ][gc] GC(209) Concurrent Cycle
[2020-10-16T11:47:43.754+1000][220,230s][info ][gc] GC(209) Pause Remark 237M->237M(256M) 0,198ms
[2020-10-16T11:47:43.826+1000][220,302s][info ][gc] GC(209) Pause Cleanup 238M->238M(256M) 0,101ms
[2020-10-16T11:47:43.826+1000][220,303s][info ][gc] GC(209) Concurrent Cycle 220,195ms
[2020-10-16T11:47:44.013+1000][220,490s][info ][gc] GC(210) Pause Young (Normal) (G1 Evacuation Pause) 243M->233M(256M) 0,937ms
[2020-10-16T11:47:44.391+1000][220,867s][info ][gc] GC(211) Pause Young (Concurrent Start) (G1 Evacuation Pause) 243M->233M(256M) 1,407ms
[2020-10-16T11:47:44.391+1000][220,867s][info ][gc] GC(212) Concurrent Cycle
[2020-10-16T11:47:44.560+1000][221,036s][info ][gc] GC(212) Pause Remark 238M->238M(256M) 0,211ms
[2020-10-16T11:47:44.632+1000][221,108s][info ][gc] GC(212) Pause Cleanup 240M->240M(256M) 0,104ms
[2020-10-16T11:47:44.632+1000][221,109s][info ][gc] GC(212) Concurrent Cycle 241,297ms
[2020-10-16T11:47:44.768+1000][221,244s][info ][gc] GC(213) Pause Young (Normal) (G1 Evacuation Pause) 243M->234M(256M) 1,269ms
[2020-10-16T11:47:45.155+1000][221,632s][info ][gc] GC(214) Pause Young (Concurrent Start) (G1 Evacuation Pause) 244M->234M(256M) 1,273ms
[2020-10-16T11:47:45.155+1000][221,632s][info ][gc] GC(215) Concurrent Cycle
[2020-10-16T11:47:45.301+1000][221,778s][info ][gc] GC(215) Pause Remark 238M->238M(256M) 0,178ms
[2020-10-16T11:47:45.374+1000][221,851s][info ][gc] GC(215) Pause Cleanup 240M->240M(256M) 0,133ms
[2020-10-16T11:47:45.375+1000][221,851s][info ][gc] GC(215) Concurrent Cycle 219,387ms
[2020-10-16T11:47:45.562+1000][222,039s][info ][gc] GC(216) Pause Young (Normal) (G1 Evacuation Pause) 245M->235M(256M) 1,068ms
[2020-10-16T11:47:45.940+1000][222,416s][info ][gc] GC(217) Pause Young (Concurrent Start) (G1 Evacuation Pause) 245M->235M(256M) 1,511ms
[2020-10-16T11:47:45.940+1000][222,416s][info ][gc] GC(218) Concurrent Cycle
[2020-10-16T11:47:46.099+1000][222,575s][info ][gc] GC(218) Pause Remark 239M->239M(256M) 0,217ms
[2020-10-16T11:47:46.171+1000][222,647s][info ][gc] GC(218) Pause Cleanup 241M->241M(256M) 0,085ms
[2020-10-16T11:47:46.171+1000][222,647s][info ][gc] GC(218) Concurrent Cycle 230,827ms
[2020-10-16T11:47:46.317+1000][222,794s][info ][gc] GC(219) Pause Young (Normal) (G1 Evacuation Pause) 245M->235M(256M) 1,347ms
[2020-10-16T11:47:46.704+1000][223,181s][info ][gc] GC(220) Pause Young (Concurrent Start) (G1 Evacuation Pause) 245M->236M(256M) 1,269ms
[2020-10-16T11:47:46.704+1000][223,181s][info ][gc] GC(221) Concurrent Cycle
[2020-10-16T11:47:46.854+1000][223,331s][info ][gc] GC(221) Pause Remark 240M->240M(256M) 0,201ms
[2020-10-16T11:47:46.928+1000][223,404s][info ][gc] GC(221) Pause Cleanup 242M->242M(256M) 0,098ms
[2020-10-16T11:47:46.928+1000][223,404s][info ][gc] GC(221) Concurrent Cycle 223,632ms
[2020-10-16T11:47:47.112+1000][223,588s][info ][gc] GC(222) Pause Young (Normal) (G1 Evacuation Pause) 247M->236M(256M) 1,031ms
[2020-10-16T11:47:47.489+1000][223,965s][info ][gc] GC(223) Pause Young (Concurrent Start) (G1 Evacuation Pause) 246M->237M(256M) 1,088ms
[2020-10-16T11:47:47.489+1000][223,965s][info ][gc] GC(224) Concurrent Cycle
[2020-10-16T11:47:47.645+1000][224,121s][info ][gc] GC(224) Pause Remark 241M->241M(256M) 0,209ms
[2020-10-16T11:47:47.717+1000][224,194s][info ][gc] GC(224) Pause Cleanup 243M->243M(256M) 0,102ms
[2020-10-16T11:47:47.718+1000][224,194s][info ][gc] GC(224) Concurrent Cycle 228,852ms
[2020-10-16T11:47:47.866+1000][224,343s][info ][gc] GC(225) Pause Young (Normal) (G1 Evacuation Pause) 247M->237M(256M) 1,922ms
[2020-10-16T11:47:48.253+1000][224,730s][info ][gc] GC(226) Pause Young (Concurrent Start) (G1 Evacuation Pause) 247M->237M(256M) 0,911ms
[2020-10-16T11:47:48.253+1000][224,730s][info ][gc] GC(227) Concurrent Cycle
[2020-10-16T11:47:48.409+1000][224,885s][info ][gc] GC(227) Pause Remark 242M->242M(256M) 0,233ms
[2020-10-16T11:47:48.480+1000][224,957s][info ][gc] GC(227) Pause Cleanup 244M->244M(256M) 0,121ms
[2020-10-16T11:47:48.481+1000][224,957s][info ][gc] GC(227) Concurrent Cycle 227,333ms
[2020-10-16T11:47:48.661+1000][225,137s][info ][gc] GC(228) Pause Young (Normal) (G1 Evacuation Pause) 248M->238M(256M) 1,643ms
[2020-10-16T11:47:49.039+1000][225,515s][info ][gc] GC(229) Pause Young (Concurrent Start) (G1 Evacuation Pause) 248M->238M(256M) 1,703ms
[2020-10-16T11:47:49.039+1000][225,516s][info ][gc] GC(230) Concurrent Cycle
[2020-10-16T11:47:49.195+1000][225,671s][info ][gc] GC(230) Pause Remark 243M->243M(256M) 0,241ms
[2020-10-16T11:47:49.268+1000][225,744s][info ][gc] GC(230) Pause Cleanup 244M->244M(256M) 0,092ms
[2020-10-16T11:47:49.268+1000][225,744s][info ][gc] GC(230) Concurrent Cycle 228,872ms
[2020-10-16T11:47:49.458+1000][225,934s][info ][gc] GC(231) To-space exhausted
[2020-10-16T11:47:49.458+1000][225,934s][info ][gc] GC(231) Pause Young (Normal) (G1 Evacuation Pause) 249M->240M(256M) 2,239ms
[2020-10-16T11:47:49.879+1000][226,355s][info ][gc] GC(232) To-space exhausted
[2020-10-16T11:47:49.879+1000][226,355s][info ][gc] GC(232) Pause Young (Concurrent Start) (G1 Evacuation Pause) 251M->251M(256M) 4,563ms
[2020-10-16T11:47:49.879+1000][226,355s][info ][gc] GC(234) Concurrent Cycle
[2020-10-16T11:47:49.879+1000][226,356s][debug][gc] GC(233) Clear Next Bitmap 0,196ms
[2020-10-16T11:47:49.990+1000][226,467s][info ][gc] GC(233) Pause Full (G1 Evacuation Pause) 251M->239M(256M) 111,483ms
[2020-10-16T11:47:49.991+1000][226,467s][info ][gc] GC(234) Concurrent Cycle 111,690ms
[2020-10-16T11:47:50.450+1000][226,927s][info ][gc] GC(235) To-space exhausted
[2020-10-16T11:47:50.451+1000][226,927s][info ][gc] GC(235) Pause Young (Normal) (G1 Evacuation Pause) 251M->251M(256M) 2,785ms
[2020-10-16T11:47:50.552+1000][227,028s][info ][gc] GC(236) Pause Full (G1 Evacuation Pause) 251M->239M(256M) 101,525ms
[2020-10-16T11:47:51.001+1000][227,477s][info ][gc] GC(237) Pause Young (Concurrent Start) (G1 Evacuation Pause) 251M->240M(256M) 1,014ms
[2020-10-16T11:47:51.001+1000][227,477s][info ][gc] GC(238) Concurrent Cycle
[2020-10-16T11:47:51.155+1000][227,631s][info ][gc] GC(238) Pause Remark 244M->244M(256M) 0,158ms
[2020-10-16T11:47:51.254+1000][227,731s][info ][gc] GC(238) Pause Cleanup 247M->247M(256M) 0,112ms
[2020-10-16T11:47:51.255+1000][227,731s][info ][gc] GC(238) Concurrent Cycle 254,130ms
[2020-10-16T11:47:51.418+1000][227,895s][info ][gc] GC(239) To-space exhausted
[2020-10-16T11:47:51.418+1000][227,895s][info ][gc] GC(239) Pause Young (Normal) (G1 Evacuation Pause) 251M->241M(256M) 1,543ms
[2020-10-16T11:47:51.840+1000][228,317s][info ][gc] GC(240) To-space exhausted
[2020-10-16T11:47:51.841+1000][228,317s][info ][gc] GC(240) Pause Young (Concurrent Start) (G1 Evacuation Pause) 252M->252M(256M) 5,222ms
[2020-10-16T11:47:51.841+1000][228,317s][info ][gc] GC(242) Concurrent Cycle
[2020-10-16T11:47:51.841+1000][228,317s][debug][gc] GC(241) Clear Next Bitmap 0,247ms
[2020-10-16T11:47:51.944+1000][228,420s][info ][gc] GC(241) Pause Full (G1 Evacuation Pause) 252M->240M(256M) 103,179ms
[2020-10-16T11:47:51.944+1000][228,420s][info ][gc] GC(242) Concurrent Cycle 103,316ms
[2020-10-16T11:47:52.355+1000][228,831s][info ][gc] GC(243) To-space exhausted
[2020-10-16T11:47:52.355+1000][228,831s][info ][gc] GC(243) Pause Young (Normal) (G1 Evacuation Pause) 251M->251M(256M) 3,926ms
[2020-10-16T11:47:52.464+1000][228,940s][info ][gc] GC(244) Pause Full (G1 Evacuation Pause) 251M->241M(256M) 108,739ms
[2020-10-16T11:47:52.883+1000][229,360s][info ][gc] GC(245) To-space exhausted
[2020-10-16T11:47:52.883+1000][229,360s][info ][gc] GC(245) Pause Young (Concurrent Start) (G1 Evacuation Pause) 252M->252M(256M) 2,546ms
[2020-10-16T11:47:52.883+1000][229,360s][info ][gc] GC(247) Concurrent Cycle
[2020-10-16T11:47:52.884+1000][229,360s][debug][gc] GC(246) Clear Next Bitmap 0,231ms
[2020-10-16T11:47:52.992+1000][229,468s][info ][gc] GC(246) Pause Full (G1 Evacuation Pause) 252M->242M(256M) 108,528ms
[2020-10-16T11:47:52.992+1000][229,468s][info ][gc] GC(247) Concurrent Cycle 108,656ms
[2020-10-16T11:47:53.372+1000][229,848s][info ][gc] GC(248) To-space exhausted
[2020-10-16T11:47:53.372+1000][229,848s][info ][gc] GC(248) Pause Young (Normal) (G1 Evacuation Pause) 252M->252M(256M) 4,124ms
[2020-10-16T11:47:53.477+1000][229,954s][info ][gc] GC(249) Pause Full (G1 Evacuation Pause) 252M->242M(256M) 105,258ms
[2020-10-16T11:47:53.825+1000][230,301s][info ][gc] GC(250) To-space exhausted
[2020-10-16T11:47:53.825+1000][230,301s][info ][gc] GC(250) Pause Young (Concurrent Start) (G1 Evacuation Pause) 251M->251M(256M) 2,030ms
[2020-10-16T11:47:53.825+1000][230,301s][info ][gc] GC(252) Concurrent Cycle
[2020-10-16T11:47:53.825+1000][230,301s][debug][gc] GC(251) Clear Next Bitmap 0,175ms
[2020-10-16T11:47:53.929+1000][230,405s][info ][gc] GC(251) Pause Full (G1 Evacuation Pause) 251M->242M(256M) 103,780ms
[2020-10-16T11:47:53.929+1000][230,405s][info ][gc] GC(252) Concurrent Cycle 103,892ms
[2020-10-16T11:47:54.349+1000][230,825s][info ][gc] GC(253) To-space exhausted
[2020-10-16T11:47:54.349+1000][230,825s][info ][gc] GC(253) Pause Young (Normal) (G1 Evacuation Pause) 253M->253M(256M) 3,431ms
[2020-10-16T11:47:54.449+1000][230,925s][info ][gc] GC(254) Pause Full (G1 Evacuation Pause) 253M->242M(256M) 99,866ms
[2020-10-16T11:47:54.788+1000][231,264s][info ][gc] GC(255) To-space exhausted
[2020-10-16T11:47:54.788+1000][231,264s][info ][gc] GC(255) Pause Young (Concurrent Start) (G1 Evacuation Pause) 251M->251M(256M) 3,127ms
[2020-10-16T11:47:54.788+1000][231,264s][info ][gc] GC(257) Concurrent Cycle
[2020-10-16T11:47:54.788+1000][231,264s][debug][gc] GC(256) Clear Next Bitmap 0,209ms
[2020-10-16T11:47:54.893+1000][231,369s][info ][gc] GC(256) Pause Full (G1 Evacuation Pause) 251M->243M(256M) 105,381ms
[2020-10-16T11:47:54.893+1000][231,370s][info ][gc] GC(257) Concurrent Cycle 105,463ms
[2020-10-16T11:47:55.233+1000][231,709s][info ][gc] GC(258) To-space exhausted
[2020-10-16T11:47:55.233+1000][231,709s][info ][gc] GC(258) Pause Young (Normal) (G1 Evacuation Pause) 252M->252M(256M) 3,896ms
[2020-10-16T11:47:55.335+1000][231,811s][info ][gc] GC(259) Pause Full (G1 Evacuation Pause) 252M->243M(256M) 102,138ms
[2020-10-16T11:47:55.682+1000][232,159s][info ][gc] GC(260) To-space exhausted
[2020-10-16T11:47:55.682+1000][232,159s][info ][gc] GC(260) Pause Young (Concurrent Start) (G1 Evacuation Pause) 252M->252M(256M) 1,996ms
[2020-10-16T11:47:55.682+1000][232,159s][info ][gc] GC(262) Concurrent Cycle
[2020-10-16T11:47:55.683+1000][232,159s][debug][gc] GC(261) Clear Next Bitmap 0,254ms
[2020-10-16T11:47:55.787+1000][232,263s][info ][gc] GC(261) Pause Full (G1 Evacuation Pause) 252M->244M(256M) 104,807ms
[2020-10-16T11:47:55.787+1000][232,264s][info ][gc] GC(262) Concurrent Cycle 104,892ms
[2020-10-16T11:47:56.126+1000][232,603s][info ][gc] GC(263) To-space exhausted
[2020-10-16T11:47:56.126+1000][232,603s][info ][gc] GC(263) Pause Young (Normal) (G1 Evacuation Pause) 253M->253M(256M) 3,541ms
[2020-10-16T11:47:56.244+1000][232,720s][info ][gc] GC(264) Pause Full (G1 Evacuation Pause) 253M->244M(256M) 117,619ms
[2020-10-16T11:47:56.551+1000][233,027s][info ][gc] GC(265) To-space exhausted
[2020-10-16T11:47:56.551+1000][233,027s][info ][gc] GC(265) Pause Young (Concurrent Start) (G1 Evacuation Pause) 252M->252M(256M) 2,024ms
[2020-10-16T11:47:56.551+1000][233,027s][info ][gc] GC(267) Concurrent Cycle
[2020-10-16T11:47:56.551+1000][233,028s][debug][gc] GC(266) Clear Next Bitmap 0,210ms
[2020-10-16T11:47:56.651+1000][233,127s][info ][gc] GC(266) Pause Full (G1 Evacuation Pause) 252M->244M(256M) 100,031ms
[2020-10-16T11:47:56.651+1000][233,127s][info ][gc] GC(267) Concurrent Cycle 100,161ms
[2020-10-16T11:47:56.989+1000][233,466s][info ][gc] GC(268) To-space exhausted
[2020-10-16T11:47:56.989+1000][233,466s][info ][gc] GC(268) Pause Young (Normal) (G1 Evacuation Pause) 253M->253M(256M) 2,509ms
[2020-10-16T11:47:57.092+1000][233,568s][info ][gc] GC(269) Pause Full (G1 Evacuation Pause) 253M->245M(256M) 102,451ms
[2020-10-16T11:47:57.358+1000][233,835s][info ][gc] GC(270) To-space exhausted
[2020-10-16T11:47:57.358+1000][233,835s][info ][gc] GC(270) Pause Young (Concurrent Start) (G1 Evacuation Pause) 252M->252M(256M) 2,738ms
[2020-10-16T11:47:57.358+1000][233,835s][info ][gc] GC(272) Concurrent Cycle
[2020-10-16T11:47:57.359+1000][233,835s][debug][gc] GC(271) Clear Next Bitmap 0,191ms
[2020-10-16T11:47:57.460+1000][233,937s][info ][gc] GC(271) Pause Full (G1 Evacuation Pause) 252M->245M(256M) 101,790ms
[2020-10-16T11:47:57.460+1000][233,937s][info ][gc] GC(272) Concurrent Cycle 101,889ms
[2020-10-16T11:47:57.767+1000][234,244s][info ][gc] GC(273) To-space exhausted
[2020-10-16T11:47:57.768+1000][234,244s][info ][gc] GC(273) Pause Young (Normal) (G1 Evacuation Pause) 253M->253M(256M) 2,003ms
[2020-10-16T11:47:57.871+1000][234,347s][info ][gc] GC(274) Pause Full (G1 Evacuation Pause) 253M->245M(256M) 103,184ms
[2020-10-16T11:47:58.138+1000][234,614s][info ][gc] GC(275) To-space exhausted
[2020-10-16T11:47:58.138+1000][234,614s][info ][gc] GC(275) Pause Young (Concurrent Start) (G1 Evacuation Pause) 252M->252M(256M) 2,815ms
[2020-10-16T11:47:58.138+1000][234,614s][info ][gc] GC(277) Concurrent Cycle
[2020-10-16T11:47:58.138+1000][234,615s][debug][gc] GC(276) Clear Next Bitmap 0,181ms
[2020-10-16T11:47:58.238+1000][234,715s][info ][gc] GC(276) Pause Full (G1 Evacuation Pause) 252M->246M(256M) 100,187ms
[2020-10-16T11:47:58.238+1000][234,715s][info ][gc] GC(277) Concurrent Cycle 100,287ms
[2020-10-16T11:47:58.393+1000][234,869s][info ][gc] GC(278) To-space exhausted
[2020-10-16T11:47:58.393+1000][234,869s][info ][gc] GC(278) Pause Young (Normal) (G1 Evacuation Pause) 250M->250M(256M) 2,234ms
[2020-10-16T11:47:58.505+1000][234,981s][info ][gc] GC(279) Pause Full (G1 Evacuation Pause) 250M->246M(256M) 112,010ms
[2020-10-16T11:47:58.771+1000][235,247s][info ][gc] GC(280) To-space exhausted
[2020-10-16T11:47:58.771+1000][235,247s][info ][gc] GC(280) Pause Young (Concurrent Start) (G1 Evacuation Pause) 252M->252M(256M) 4,302ms
[2020-10-16T11:47:58.771+1000][235,247s][info ][gc] GC(282) Concurrent Cycle
[2020-10-16T11:47:58.771+1000][235,247s][debug][gc] GC(281) Clear Next Bitmap 0,204ms
[2020-10-16T11:47:58.871+1000][235,348s][info ][gc] GC(281) Pause Full (G1 Evacuation Pause) 252M->246M(256M) 100,640ms
[2020-10-16T11:47:58.871+1000][235,348s][info ][gc] GC(282) Concurrent Cycle 100,745ms
[2020-10-16T11:47:59.098+1000][235,574s][info ][gc] GC(283) To-space exhausted
[2020-10-16T11:47:59.098+1000][235,574s][info ][gc] GC(283) Pause Young (Normal) (G1 Evacuation Pause) 252M->252M(256M) 2,793ms
[2020-10-16T11:47:59.212+1000][235,688s][info ][gc] GC(284) Pause Full (G1 Evacuation Pause) 252M->246M(256M) 113,840ms
[2020-10-16T11:47:59.407+1000][235,883s][info ][gc] GC(285) To-space exhausted
[2020-10-16T11:47:59.407+1000][235,884s][info ][gc] GC(285) Pause Young (Concurrent Start) (G1 Evacuation Pause) 251M->251M(256M) 2,366ms
[2020-10-16T11:47:59.407+1000][235,884s][info ][gc] GC(287) Concurrent Cycle
[2020-10-16T11:47:59.407+1000][235,884s][debug][gc] GC(286) Clear Next Bitmap 0,199ms
[2020-10-16T11:47:59.519+1000][235,995s][info ][gc] GC(286) Pause Full (G1 Evacuation Pause) 251M->246M(256M) 111,570ms
[2020-10-16T11:47:59.519+1000][235,995s][info ][gc] GC(287) Concurrent Cycle 111,661ms
[2020-10-16T11:47:59.674+1000][236,151s][info ][gc] GC(288) To-space exhausted
[2020-10-16T11:47:59.675+1000][236,151s][info ][gc] GC(288) Pause Young (Normal) (G1 Evacuation Pause) 250M->250M(256M) 3,141ms
[2020-10-16T11:47:59.783+1000][236,260s][info ][gc] GC(289) Pause Full (G1 Evacuation Pause) 250M->246M(256M) 108,630ms
[2020-10-16T11:48:00.008+1000][236,485s][info ][gc] GC(290) To-space exhausted
[2020-10-16T11:48:00.008+1000][236,485s][info ][gc] GC(290) Pause Young (Concurrent Start) (G1 Evacuation Pause) 252M->252M(256M) 1,468ms
[2020-10-16T11:48:00.008+1000][236,485s][info ][gc] GC(292) Concurrent Cycle
[2020-10-16T11:48:00.009+1000][236,485s][debug][gc] GC(291) Clear Next Bitmap 0,163ms
[2020-10-16T11:48:00.111+1000][236,587s][info ][gc] GC(291) Pause Full (G1 Evacuation Pause) 252M->247M(256M) 102,231ms
[2020-10-16T11:48:00.111+1000][236,587s][info ][gc] GC(292) Concurrent Cycle 102,328ms
[2020-10-16T11:48:00.298+1000][236,774s][info ][gc] GC(293) To-space exhausted
[2020-10-16T11:48:00.298+1000][236,774s][info ][gc] GC(293) Pause Young (Normal) (G1 Evacuation Pause) 252M->252M(256M) 3,672ms
[2020-10-16T11:48:00.398+1000][236,875s][info ][gc] GC(294) Pause Full (G1 Evacuation Pause) 252M->247M(256M) 100,664ms
[2020-10-16T11:48:00.594+1000][237,070s][info ][gc] GC(295) To-space exhausted
[2020-10-16T11:48:00.594+1000][237,071s][info ][gc] GC(295) Pause Young (Concurrent Start) (G1 Evacuation Pause) 252M->252M(256M) 2,417ms
[2020-10-16T11:48:00.594+1000][237,071s][info ][gc] GC(297) Concurrent Cycle
[2020-10-16T11:48:00.594+1000][237,071s][debug][gc] GC(296) Clear Next Bitmap 0,186ms
[2020-10-16T11:48:00.699+1000][237,176s][info ][gc] GC(296) Pause Full (G1 Evacuation Pause) 252M->247M(256M) 105,055ms
[2020-10-16T11:48:00.699+1000][237,176s][info ][gc] GC(297) Concurrent Cycle 105,138ms
[2020-10-16T11:48:00.885+1000][237,361s][info ][gc] GC(298) To-space exhausted
[2020-10-16T11:48:00.885+1000][237,362s][info ][gc] GC(298) Pause Young (Normal) (G1 Evacuation Pause) 252M->252M(256M) 3,169ms
[2020-10-16T11:48:00.993+1000][237,470s][info ][gc] GC(299) Pause Full (G1 Evacuation Pause) 252M->248M(256M) 107,904ms
[2020-10-16T11:48:01.148+1000][237,624s][info ][gc] GC(300) To-space exhausted
[2020-10-16T11:48:01.148+1000][237,624s][info ][gc] GC(300) Pause Young (Concurrent Start) (G1 Evacuation Pause) 252M->252M(256M) 1,910ms
[2020-10-16T11:48:01.148+1000][237,624s][info ][gc] GC(302) Concurrent Cycle
[2020-10-16T11:48:01.148+1000][237,624s][debug][gc] GC(301) Clear Next Bitmap 0,191ms
[2020-10-16T11:48:01.249+1000][237,725s][info ][gc] GC(301) Pause Full (G1 Evacuation Pause) 252M->248M(256M) 101,426ms
[2020-10-16T11:48:01.249+1000][237,726s][info ][gc] GC(302) Concurrent Cycle 101,521ms
[2020-10-16T11:48:01.403+1000][237,880s][info ][gc] GC(303) To-space exhausted
[2020-10-16T11:48:01.403+1000][237,880s][info ][gc] GC(303) Pause Young (Normal) (G1 Evacuation Pause) 252M->252M(256M) 1,707ms
[2020-10-16T11:48:01.512+1000][237,989s][info ][gc] GC(304) Pause Full (G1 Evacuation Pause) 252M->248M(256M) 109,057ms
[2020-10-16T11:48:01.627+1000][238,104s][info ][gc] GC(305) To-space exhausted
[2020-10-16T11:48:01.628+1000][238,104s][info ][gc] GC(305) Pause Young (Concurrent Start) (G1 Evacuation Pause) 251M->251M(256M) 3,229ms
[2020-10-16T11:48:01.628+1000][238,104s][info ][gc] GC(307) Concurrent Cycle
[2020-10-16T11:48:01.628+1000][238,104s][debug][gc] GC(306) Clear Next Bitmap 0,216ms
[2020-10-16T11:48:01.738+1000][238,214s][info ][gc] GC(306) Pause Full (G1 Evacuation Pause) 251M->248M(256M) 110,245ms
[2020-10-16T11:48:01.738+1000][238,214s][info ][gc] GC(307) Concurrent Cycle 110,354ms
[2020-10-16T11:48:01.853+1000][238,329s][info ][gc] GC(308) To-space exhausted
[2020-10-16T11:48:01.853+1000][238,329s][info ][gc] GC(308) Pause Young (Normal) (G1 Evacuation Pause) 251M->251M(256M) 2,943ms
[2020-10-16T11:48:01.957+1000][238,434s][info ][gc] GC(309) Pause Full (G1 Evacuation Pause) 251M->248M(256M) 104,250ms
[2020-10-16T11:48:02.081+1000][238,557s][info ][gc] GC(310) To-space exhausted
[2020-10-16T11:48:02.081+1000][238,558s][info ][gc] GC(310) Pause Young (Concurrent Start) (G1 Evacuation Pause) 251M->251M(256M) 1,664ms
[2020-10-16T11:48:02.081+1000][238,558s][info ][gc] GC(311) Concurrent Cycle
[2020-10-16T11:48:02.081+1000][238,558s][debug][gc] GC(312) Clear Next Bitmap 0,209ms
[2020-10-16T11:48:02.190+1000][238,667s][info ][gc] GC(312) Pause Full (G1 Evacuation Pause) 251M->248M(256M) 109,035ms
[2020-10-16T11:48:02.190+1000][238,667s][info ][gc] GC(311) Concurrent Cycle 109,142ms
[2020-10-16T11:48:02.376+1000][238,852s][info ][gc] GC(313) To-space exhausted
[2020-10-16T11:48:02.376+1000][238,852s][info ][gc] GC(313) Pause Young (Normal) (G1 Evacuation Pause) 253M->253M(256M) 2,392ms
[2020-10-16T11:48:02.481+1000][238,957s][info ][gc] GC(314) Pause Full (G1 Evacuation Pause) 253M->248M(256M) 105,220ms
[2020-10-16T11:48:02.595+1000][239,072s][info ][gc] GC(315) To-space exhausted
[2020-10-16T11:48:02.596+1000][239,072s][info ][gc] GC(315) Pause Young (Concurrent Start) (G1 Evacuation Pause) 251M->251M(256M) 2,573ms
[2020-10-16T11:48:02.596+1000][239,072s][info ][gc] GC(317) Concurrent Cycle
[2020-10-16T11:48:02.596+1000][239,072s][debug][gc] GC(316) Clear Next Bitmap 0,201ms
[2020-10-16T11:48:02.699+1000][239,175s][info ][gc] GC(316) Pause Full (G1 Evacuation Pause) 251M->248M(256M) 102,864ms
[2020-10-16T11:48:02.699+1000][239,175s][info ][gc] GC(317) Concurrent Cycle 102,967ms
[2020-10-16T11:48:02.853+1000][239,329s][info ][gc] GC(318) To-space exhausted
[2020-10-16T11:48:02.853+1000][239,329s][info ][gc] GC(318) Pause Young (Normal) (G1 Evacuation Pause) 252M->252M(256M) 1,717ms
[2020-10-16T11:48:02.956+1000][239,432s][info ][gc] GC(319) Pause Full (G1 Evacuation Pause) 252M->249M(256M) 102,897ms
[2020-10-16T11:48:03.110+1000][239,587s][info ][gc] GC(320) To-space exhausted
[2020-10-16T11:48:03.110+1000][239,587s][info ][gc] GC(320) Pause Young (Concurrent Start) (G1 Evacuation Pause) 253M->253M(256M) 1,953ms
[2020-10-16T11:48:03.110+1000][239,587s][info ][gc] GC(322) Concurrent Cycle
[2020-10-16T11:48:03.111+1000][239,587s][debug][gc] GC(321) Clear Next Bitmap 0,196ms
[2020-10-16T11:48:03.220+1000][239,696s][info ][gc] GC(321) Pause Full (G1 Evacuation Pause) 253M->249M(256M) 109,468ms
[2020-10-16T11:48:03.220+1000][239,696s][info ][gc] GC(322) Concurrent Cycle 109,564ms
[2020-10-16T11:48:03.294+1000][239,770s][info ][gc] GC(323) To-space exhausted
[2020-10-16T11:48:03.294+1000][239,771s][info ][gc] GC(323) Pause Young (Normal) (G1 Evacuation Pause) 251M->251M(256M) 2,953ms
[2020-10-16T11:48:03.401+1000][239,877s][info ][gc] GC(324) Pause Full (G1 Evacuation Pause) 251M->249M(256M) 106,300ms
[2020-10-16T11:48:03.555+1000][240,031s][info ][gc] GC(325) To-space exhausted
[2020-10-16T11:48:03.555+1000][240,031s][info ][gc] GC(325) Pause Young (Concurrent Start) (G1 Evacuation Pause) 253M->253M(256M) 1,700ms
[2020-10-16T11:48:03.555+1000][240,031s][info ][gc] GC(327) Concurrent Cycle
[2020-10-16T11:48:03.555+1000][240,031s][debug][gc] GC(326) Clear Next Bitmap 0,200ms
[2020-10-16T11:48:03.664+1000][240,141s][info ][gc] GC(326) Pause Full (G1 Evacuation Pause) 253M->249M(256M) 109,676ms
[2020-10-16T11:48:03.664+1000][240,141s][info ][gc] GC(327) Concurrent Cycle 109,804ms
[2020-10-16T11:48:03.779+1000][240,256s][info ][gc] GC(328) To-space exhausted
[2020-10-16T11:48:03.780+1000][240,256s][info ][gc] GC(328) Pause Young (Normal) (G1 Evacuation Pause) 252M->252M(256M) 3,149ms
[2020-10-16T11:48:03.885+1000][240,361s][info ][gc] GC(329) Pause Full (G1 Evacuation Pause) 252M->249M(256M) 105,162ms
[2020-10-16T11:48:03.999+1000][240,475s][info ][gc] GC(330) To-space exhausted
[2020-10-16T11:48:03.999+1000][240,475s][info ][gc] GC(330) Pause Young (Concurrent Start) (G1 Evacuation Pause) 252M->252M(256M) 2,073ms
[2020-10-16T11:48:03.999+1000][240,475s][info ][gc] GC(332) Concurrent Cycle
[2020-10-16T11:48:03.999+1000][240,475s][debug][gc] GC(331) Clear Next Bitmap 0,332ms
[2020-10-16T11:48:04.103+1000][240,580s][info ][gc] GC(331) Pause Full (G1 Evacuation Pause) 252M->249M(256M) 104,570ms
[2020-10-16T11:48:04.103+1000][240,580s][info ][gc] GC(332) Concurrent Cycle 104,684ms
[2020-10-16T11:48:04.186+1000][240,663s][info ][gc] GC(333) To-space exhausted
[2020-10-16T11:48:04.186+1000][240,663s][info ][gc] GC(333) Pause Young (Normal) (G1 Evacuation Pause) 251M->251M(256M) 1,578ms
[2020-10-16T11:48:04.294+1000][240,770s][info ][gc] GC(334) Pause Full (G1 Evacuation Pause) 251M->249M(256M) 107,328ms
[2020-10-16T11:48:04.368+1000][240,844s][info ][gc] GC(335) To-space exhausted
[2020-10-16T11:48:04.368+1000][240,844s][info ][gc] GC(335) Pause Young (Concurrent Start) (G1 Evacuation Pause) 251M->251M(256M) 2,931ms
[2020-10-16T11:48:04.368+1000][240,844s][info ][gc] GC(337) Concurrent Cycle
[2020-10-16T11:48:04.368+1000][240,845s][debug][gc] GC(336) Clear Next Bitmap 0,193ms
[2020-10-16T11:48:04.471+1000][240,947s][info ][gc] GC(336) Pause Full (G1 Evacuation Pause) 251M->249M(256M) 103,045ms
[2020-10-16T11:48:04.471+1000][240,948s][info ][gc] GC(337) Concurrent Cycle 103,149ms
[2020-10-16T11:48:04.585+1000][241,062s][info ][gc] GC(338) To-space exhausted
[2020-10-16T11:48:04.585+1000][241,062s][info ][gc] GC(338) Pause Young (Normal) (G1 Evacuation Pause) 252M->252M(256M) 2,263ms
[2020-10-16T11:48:04.688+1000][241,165s][info ][gc] GC(339) Pause Full (G1 Evacuation Pause) 252M->250M(256M) 102,935ms
[2020-10-16T11:48:04.730+1000][241,207s][info ][gc] GC(340) To-space exhausted
[2020-10-16T11:48:04.731+1000][241,207s][info ][gc] GC(340) Pause Young (Concurrent Start) (G1 Evacuation Pause) 251M->251M(256M) 1,546ms
[2020-10-16T11:48:04.731+1000][241,207s][info ][gc] GC(342) Concurrent Cycle
[2020-10-16T11:48:04.731+1000][241,207s][debug][gc] GC(341) Clear Next Bitmap 0,220ms
[2020-10-16T11:48:04.842+1000][241,318s][info ][gc] GC(341) Pause Full (G1 Evacuation Pause) 251M->250M(256M) 111,053ms
[2020-10-16T11:48:04.842+1000][241,318s][info ][gc] GC(342) Concurrent Cycle 111,149ms
[2020-10-16T11:48:04.956+1000][241,432s][info ][gc] GC(343) To-space exhausted
[2020-10-16T11:48:04.956+1000][241,432s][info ][gc] GC(343) Pause Young (Normal) (G1 Evacuation Pause) 253M->253M(256M) 2,141ms
[2020-10-16T11:48:05.065+1000][241,542s][info ][gc] GC(344) Pause Full (G1 Evacuation Pause) 253M->250M(256M) 109,428ms
[2020-10-16T11:48:05.148+1000][241,625s][info ][gc] GC(345) To-space exhausted
[2020-10-16T11:48:05.148+1000][241,625s][info ][gc] GC(345) Pause Young (Concurrent Start) (G1 Evacuation Pause) 252M->252M(256M) 1,573ms
[2020-10-16T11:48:05.148+1000][241,625s][info ][gc] GC(347) Concurrent Cycle
[2020-10-16T11:48:05.149+1000][241,625s][debug][gc] GC(346) Clear Next Bitmap 0,253ms
[2020-10-16T11:48:05.252+1000][241,728s][info ][gc] GC(346) Pause Full (G1 Evacuation Pause) 252M->250M(256M) 103,384ms
[2020-10-16T11:48:05.252+1000][241,728s][info ][gc] GC(347) Concurrent Cycle 103,482ms
[2020-10-16T11:48:05.284+1000][241,760s][info ][gc] GC(348) To-space exhausted
[2020-10-16T11:48:05.284+1000][241,760s][info ][gc] GC(348) Pause Young (Normal) (G1 Evacuation Pause) 251M->251M(256M) 1,783ms
[2020-10-16T11:48:05.389+1000][241,865s][info ][gc] GC(349) Pause Full (G1 Evacuation Pause) 251M->250M(256M) 104,391ms
[2020-10-16T11:48:05.471+1000][241,947s][info ][gc] GC(350) To-space exhausted
[2020-10-16T11:48:05.471+1000][241,947s][info ][gc] GC(350) Pause Young (Concurrent Start) (G1 Evacuation Pause) 252M->252M(256M) 1,124ms
[2020-10-16T11:48:05.471+1000][241,947s][info ][gc] GC(352) Concurrent Cycle
[2020-10-16T11:48:05.471+1000][241,948s][debug][gc] GC(351) Clear Next Bitmap 0,175ms
[2020-10-16T11:48:05.580+1000][242,056s][info ][gc] GC(351) Pause Full (G1 Evacuation Pause) 252M->250M(256M) 109,141ms
[2020-10-16T11:48:05.580+1000][242,057s][info ][gc] GC(352) Concurrent Cycle 109,244ms
[2020-10-16T11:48:05.623+1000][242,099s][info ][gc] GC(353) To-space exhausted
[2020-10-16T11:48:05.623+1000][242,099s][info ][gc] GC(353) Pause Young (Normal) (G1 Evacuation Pause) 251M->251M(256M) 1,976ms
[2020-10-16T11:48:05.726+1000][242,203s][info ][gc] GC(354) Pause Full (G1 Evacuation Pause) 251M->250M(256M) 103,365ms
[2020-10-16T11:48:05.799+1000][242,276s][info ][gc] GC(355) To-space exhausted
[2020-10-16T11:48:05.800+1000][242,276s][info ][gc] GC(355) Pause Young (Concurrent Start) (G1 Evacuation Pause) 252M->252M(256M) 2,070ms
[2020-10-16T11:48:05.800+1000][242,276s][info ][gc] GC(357) Concurrent Cycle
[2020-10-16T11:48:05.800+1000][242,276s][debug][gc] GC(356) Clear Next Bitmap 0,202ms
[2020-10-16T11:48:05.907+1000][242,384s][info ][gc] GC(356) Pause Full (G1 Evacuation Pause) 252M->250M(256M) 107,672ms
[2020-10-16T11:48:05.907+1000][242,384s][info ][gc] GC(357) Concurrent Cycle 107,768ms
[2020-10-16T11:48:06.021+1000][242,498s][info ][gc] GC(358) To-space exhausted
[2020-10-16T11:48:06.021+1000][242,498s][info ][gc] GC(358) Pause Young (Normal) (G1 Evacuation Pause) 253M->253M(256M) 1,984ms
[2020-10-16T11:48:06.123+1000][242,600s][info ][gc] GC(359) Pause Full (G1 Evacuation Pause) 253M->250M(256M) 101,953ms
[2020-10-16T11:48:06.197+1000][242,674s][info ][gc] GC(360) To-space exhausted
[2020-10-16T11:48:06.197+1000][242,674s][info ][gc] GC(360) Pause Young (Concurrent Start) (G1 Evacuation Pause) 252M->252M(256M) 2,901ms
[2020-10-16T11:48:06.197+1000][242,674s][info ][gc] GC(362) Concurrent Cycle
[2020-10-16T11:48:06.198+1000][242,674s][debug][gc] GC(361) Clear Next Bitmap 0,295ms
[2020-10-16T11:48:06.311+1000][242,787s][info ][gc] GC(361) Pause Full (G1 Evacuation Pause) 252M->250M(256M) 113,523ms
[2020-10-16T11:48:06.311+1000][242,787s][info ][gc] GC(362) Concurrent Cycle 113,643ms
[2020-10-16T11:48:06.354+1000][242,830s][info ][gc] GC(363) To-space exhausted
[2020-10-16T11:48:06.354+1000][242,830s][info ][gc] GC(363) Pause Young (Normal) (G1 Evacuation Pause) 251M->251M(256M) 1,846ms
[2020-10-16T11:48:06.458+1000][242,935s][info ][gc] GC(364) Pause Full (G1 Evacuation Pause) 251M->250M(256M) 104,578ms
[2020-10-16T11:48:06.501+1000][242,977s][info ][gc] GC(365) To-space exhausted
[2020-10-16T11:48:06.501+1000][242,977s][info ][gc] GC(365) Pause Young (Concurrent Start) (G1 Evacuation Pause) 251M->251M(256M) 1,820ms
[2020-10-16T11:48:06.501+1000][242,977s][info ][gc] GC(367) Concurrent Cycle
[2020-10-16T11:48:06.501+1000][242,978s][debug][gc] GC(366) Clear Next Bitmap 0,203ms
[2020-10-16T11:48:06.606+1000][243,082s][info ][gc] GC(366) Pause Full (G1 Evacuation Pause) 251M->250M(256M) 105,031ms
[2020-10-16T11:48:06.606+1000][243,082s][info ][gc] GC(367) Concurrent Cycle 105,123ms
[2020-10-16T11:48:06.648+1000][243,125s][info ][gc] GC(368) To-space exhausted
[2020-10-16T11:48:06.648+1000][243,125s][info ][gc] GC(368) Pause Young (Normal) (G1 Evacuation Pause) 251M->251M(256M) 1,535ms
[2020-10-16T11:48:06.751+1000][243,228s][info ][gc] GC(369) Pause Full (G1 Evacuation Pause) 251M->250M(256M) 103,035ms
[2020-10-16T11:48:06.784+1000][243,260s][info ][gc] GC(370) To-space exhausted
[2020-10-16T11:48:06.784+1000][243,260s][info ][gc] GC(370) Pause Young (Concurrent Start) (G1 Evacuation Pause) 251M->251M(256M) 1,794ms
[2020-10-16T11:48:06.784+1000][243,260s][info ][gc] GC(372) Concurrent Cycle
[2020-10-16T11:48:06.784+1000][243,260s][debug][gc] GC(371) Clear Next Bitmap 0,225ms
[2020-10-16T11:48:06.887+1000][243,363s][info ][gc] GC(371) Pause Full (G1 Evacuation Pause) 251M->250M(256M) 102,950ms
[2020-10-16T11:48:06.887+1000][243,363s][info ][gc] GC(372) Concurrent Cycle 103,043ms
[2020-10-16T11:48:06.970+1000][243,447s][info ][gc] GC(373) To-space exhausted
[2020-10-16T11:48:06.971+1000][243,447s][info ][gc] GC(373) Pause Young (Normal) (G1 Evacuation Pause) 252M->252M(256M) 2,383ms
[2020-10-16T11:48:07.076+1000][243,552s][info ][gc] GC(374) Pause Full (G1 Evacuation Pause) 252M->250M(256M) 105,345ms
[2020-10-16T11:48:07.149+1000][243,625s][info ][gc] GC(375) To-space exhausted
[2020-10-16T11:48:07.149+1000][243,625s][info ][gc] GC(375) Pause Young (Concurrent Start) (G1 Evacuation Pause) 252M->252M(256M) 1,382ms
[2020-10-16T11:48:07.149+1000][243,625s][info ][gc] GC(377) Concurrent Cycle
[2020-10-16T11:48:07.149+1000][243,625s][debug][gc] GC(376) Clear Next Bitmap 0,203ms
[2020-10-16T11:48:07.268+1000][243,745s][info ][gc] GC(376) Pause Full (G1 Evacuation Pause) 252M->250M(256M) 119,551ms
[2020-10-16T11:48:07.268+1000][243,745s][info ][gc] GC(377) Concurrent Cycle 119,657ms
[2020-10-16T11:48:07.342+1000][243,818s][info ][gc] GC(378) To-space exhausted
[2020-10-16T11:48:07.342+1000][243,818s][info ][gc] GC(378) Pause Young (Normal) (G1 Evacuation Pause) 252M->252M(256M) 2,523ms
[2020-10-16T11:48:07.446+1000][243,922s][info ][gc] GC(379) Pause Full (G1 Evacuation Pause) 252M->251M(256M) 103,633ms
[2020-10-16T11:48:07.560+1000][244,036s][info ][gc] GC(380) To-space exhausted
[2020-10-16T11:48:07.560+1000][244,036s][info ][gc] GC(380) Pause Young (Concurrent Start) (G1 Evacuation Pause) 254M->254M(256M) 2,419ms
[2020-10-16T11:48:07.560+1000][244,036s][info ][gc] GC(382) Concurrent Cycle
[2020-10-16T11:48:07.560+1000][244,037s][debug][gc] GC(381) Clear Next Bitmap 0,201ms
[2020-10-16T11:48:07.668+1000][244,145s][info ][gc] GC(381) Pause Full (G1 Evacuation Pause) 254M->251M(256M) 108,461ms
[2020-10-16T11:48:07.669+1000][244,145s][info ][gc] GC(382) Concurrent Cycle 108,564ms
[2020-10-16T11:48:07.711+1000][244,187s][info ][gc] GC(383) To-space exhausted
[2020-10-16T11:48:07.711+1000][244,187s][info ][gc] GC(383) Pause Young (Normal) (G1 Evacuation Pause) 252M->252M(256M) 1,675ms
[2020-10-16T11:48:07.812+1000][244,288s][info ][gc] GC(384) Pause Full (G1 Evacuation Pause) 252M->251M(256M) 100,539ms
[2020-10-16T11:48:07.854+1000][244,331s][info ][gc] GC(385) To-space exhausted
[2020-10-16T11:48:07.854+1000][244,331s][info ][gc] GC(385) Pause Young (Concurrent Start) (G1 Evacuation Pause) 252M->252M(256M) 2,167ms
[2020-10-16T11:48:07.854+1000][244,331s][info ][gc] GC(387) Concurrent Cycle
[2020-10-16T11:48:07.855+1000][244,331s][debug][gc] GC(386) Clear Next Bitmap 0,199ms
[2020-10-16T11:48:07.957+1000][244,434s][info ][gc] GC(386) Pause Full (G1 Evacuation Pause) 252M->251M(256M) 102,916ms
[2020-10-16T11:48:07.958+1000][244,434s][info ][gc] GC(387) Concurrent Cycle 103,061ms
[2020-10-16T11:48:08.032+1000][244,508s][info ][gc] GC(388) To-space exhausted
[2020-10-16T11:48:08.032+1000][244,509s][info ][gc] GC(388) Pause Young (Normal) (G1 Evacuation Pause) 253M->253M(256M) 3,428ms
[2020-10-16T11:48:08.138+1000][244,614s][info ][gc] GC(389) Pause Full (G1 Evacuation Pause) 253M->251M(256M) 105,483ms
[2020-10-16T11:48:08.252+1000][244,728s][info ][gc] GC(390) To-space exhausted
[2020-10-16T11:48:08.252+1000][244,728s][info ][gc] GC(390) Pause Young (Concurrent Start) (G1 Evacuation Pause) 254M->254M(256M) 2,261ms
[2020-10-16T11:48:08.252+1000][244,728s][info ][gc] GC(392) Concurrent Cycle
[2020-10-16T11:48:08.252+1000][244,728s][debug][gc] GC(391) Clear Next Bitmap 0,200ms
[2020-10-16T11:48:08.355+1000][244,832s][info ][gc] GC(391) Pause Full (G1 Evacuation Pause) 254M->251M(256M) 103,299ms
[2020-10-16T11:48:08.355+1000][244,832s][info ][gc] GC(392) Concurrent Cycle 103,388ms
[2020-10-16T11:48:08.438+1000][244,914s][info ][gc] GC(393) To-space exhausted
[2020-10-16T11:48:08.438+1000][244,914s][info ][gc] GC(393) Pause Young (Normal) (G1 Evacuation Pause) 253M->253M(256M) 1,607ms
[2020-10-16T11:48:08.544+1000][245,020s][info ][gc] GC(394) Pause Full (G1 Evacuation Pause) 253M->251M(256M) 105,872ms
[2020-10-16T11:48:08.618+1000][245,094s][info ][gc] GC(395) To-space exhausted
[2020-10-16T11:48:08.618+1000][245,094s][info ][gc] GC(395) Pause Young (Concurrent Start) (G1 Evacuation Pause) 253M->253M(256M) 2,897ms
[2020-10-16T11:48:08.618+1000][245,094s][info ][gc] GC(397) Concurrent Cycle
[2020-10-16T11:48:08.618+1000][245,095s][debug][gc] GC(396) Clear Next Bitmap 0,211ms
[2020-10-16T11:48:08.726+1000][245,202s][info ][gc] GC(396) Pause Full (G1 Evacuation Pause) 253M->251M(256M) 107,847ms
[2020-10-16T11:48:08.726+1000][245,202s][info ][gc] GC(397) Concurrent Cycle 108,020ms
[2020-10-16T11:48:08.840+1000][245,316s][info ][gc] GC(398) To-space exhausted
[2020-10-16T11:48:08.840+1000][245,316s][info ][gc] GC(398) Pause Young (Normal) (G1 Evacuation Pause) 254M->254M(256M) 2,055ms
[2020-10-16T11:48:08.943+1000][245,420s][info ][gc] GC(399) Pause Full (G1 Evacuation Pause) 254M->251M(256M) 103,066ms
[2020-10-16T11:48:08.986+1000][245,462s][info ][gc] GC(400) To-space exhausted
[2020-10-16T11:48:08.986+1000][245,462s][info ][gc] GC(400) Pause Young (Concurrent Start) (G1 Evacuation Pause) 252M->252M(256M) 1,812ms
[2020-10-16T11:48:08.986+1000][245,462s][info ][gc] GC(401) Concurrent Cycle
[2020-10-16T11:48:08.986+1000][245,462s][debug][gc] GC(402) Clear Next Bitmap 0,203ms
[2020-10-16T11:48:09.091+1000][245,568s][info ][gc] GC(402) Pause Full (G1 Evacuation Pause) 252M->251M(256M) 105,439ms
[2020-10-16T11:48:09.091+1000][245,568s][info ][gc] GC(401) Concurrent Cycle 105,540ms
[2020-10-16T11:48:09.134+1000][245,610s][info ][gc] GC(403) To-space exhausted
[2020-10-16T11:48:09.134+1000][245,610s][info ][gc] GC(403) Pause Young (Normal) (G1 Evacuation Pause) 252M->252M(256M) 1,688ms
[2020-10-16T11:48:09.248+1000][245,724s][info ][gc] GC(404) Pause Full (G1 Evacuation Pause) 252M->251M(256M) 114,254ms
[2020-10-16T11:48:09.290+1000][245,767s][info ][gc] GC(405) To-space exhausted
[2020-10-16T11:48:09.290+1000][245,767s][info ][gc] GC(405) Pause Young (Concurrent Start) (G1 Evacuation Pause) 252M->252M(256M) 1,768ms
[2020-10-16T11:48:09.290+1000][245,767s][info ][gc] GC(407) Concurrent Cycle
[2020-10-16T11:48:09.291+1000][245,767s][debug][gc] GC(406) Clear Next Bitmap 0,187ms
[2020-10-16T11:48:09.394+1000][245,871s][info ][gc] GC(406) Pause Full (G1 Evacuation Pause) 252M->251M(256M) 103,688ms
[2020-10-16T11:48:09.394+1000][245,871s][info ][gc] GC(407) Concurrent Cycle 103,776ms
[2020-10-16T11:48:09.427+1000][245,904s][info ][gc] GC(408) To-space exhausted
[2020-10-16T11:48:09.428+1000][245,904s][info ][gc] GC(408) Pause Young (Normal) (G1 Evacuation Pause) 252M->252M(256M) 2,624ms
[2020-10-16T11:48:09.541+1000][246,017s][info ][gc] GC(409) Pause Full (G1 Evacuation Pause) 252M->251M(256M) 113,032ms
[2020-10-16T11:48:09.623+1000][246,100s][info ][gc] GC(410) To-space exhausted
[2020-10-16T11:48:09.624+1000][246,100s][info ][gc] GC(410) Pause Young (Concurrent Start) (G1 Evacuation Pause) 253M->253M(256M) 1,528ms
[2020-10-16T11:48:09.624+1000][246,100s][info ][gc] GC(412) Concurrent Cycle
[2020-10-16T11:48:09.624+1000][246,100s][debug][gc] GC(411) Clear Next Bitmap 0,170ms
[2020-10-16T11:48:09.734+1000][246,210s][info ][gc] GC(411) Pause Full (G1 Evacuation Pause) 253M->251M(256M) 110,403ms
[2020-10-16T11:48:09.734+1000][246,210s][info ][gc] GC(412) Concurrent Cycle 110,503ms
[2020-10-16T11:48:09.807+1000][246,283s][info ][gc] GC(413) To-space exhausted
[2020-10-16T11:48:09.807+1000][246,283s][info ][gc] GC(413) Pause Young (Normal) (G1 Evacuation Pause) 253M->253M(256M) 1,491ms
[2020-10-16T11:48:09.920+1000][246,396s][info ][gc] GC(414) Pause Full (G1 Evacuation Pause) 253M->252M(256M) 112,815ms
[2020-10-16T11:48:09.962+1000][246,439s][info ][gc] GC(415) To-space exhausted
[2020-10-16T11:48:09.962+1000][246,439s][info ][gc] GC(415) Pause Young (Concurrent Start) (G1 Evacuation Pause) 253M->253M(256M) 2,100ms
[2020-10-16T11:48:09.962+1000][246,439s][info ][gc] GC(417) Concurrent Cycle
[2020-10-16T11:48:09.963+1000][246,439s][debug][gc] GC(416) Clear Next Bitmap 0,179ms
[2020-10-16T11:48:10.070+1000][246,546s][info ][gc] GC(416) Pause Full (G1 Evacuation Pause) 253M->251M(256M) 107,210ms
[2020-10-16T11:48:10.070+1000][246,546s][info ][gc] GC(417) Concurrent Cycle 107,308ms
[2020-10-16T11:48:10.142+1000][246,619s][info ][gc] GC(418) To-space exhausted
[2020-10-16T11:48:10.142+1000][246,619s][info ][gc] GC(418) Pause Young (Normal) (G1 Evacuation Pause) 253M->253M(256M) 1,265ms
[2020-10-16T11:48:10.256+1000][246,732s][info ][gc] GC(419) Pause Full (G1 Evacuation Pause) 253M->252M(256M) 113,275ms
[2020-10-16T11:48:10.298+1000][246,774s][info ][gc] GC(420) To-space exhausted
[2020-10-16T11:48:10.298+1000][246,775s][info ][gc] GC(420) Pause Young (Concurrent Start) (G1 Evacuation Pause) 253M->253M(256M) 1,849ms
[2020-10-16T11:48:10.298+1000][246,775s][info ][gc] GC(422) Concurrent Cycle
[2020-10-16T11:48:10.298+1000][246,775s][debug][gc] GC(421) Clear Next Bitmap 0,215ms
[2020-10-16T11:48:10.405+1000][246,881s][info ][gc] GC(421) Pause Full (G1 Evacuation Pause) 253M->252M(256M) 106,394ms
[2020-10-16T11:48:10.405+1000][246,881s][info ][gc] GC(422) Concurrent Cycle 106,519ms
[2020-10-16T11:48:10.477+1000][246,954s][info ][gc] GC(423) To-space exhausted
[2020-10-16T11:48:10.477+1000][246,954s][info ][gc] GC(423) Pause Young (Normal) (G1 Evacuation Pause) 254M->254M(256M) 1,467ms
[2020-10-16T11:48:10.580+1000][247,056s][info ][gc] GC(424) Pause Full (G1 Evacuation Pause) 254M->252M(256M) 102,579ms
[2020-10-16T11:48:10.623+1000][247,099s][info ][gc] GC(425) To-space exhausted
[2020-10-16T11:48:10.623+1000][247,099s][info ][gc] GC(425) Pause Young (Concurrent Start) (G1 Evacuation Pause) 253M->253M(256M) 1,947ms
[2020-10-16T11:48:10.623+1000][247,099s][info ][gc] GC(427) Concurrent Cycle
[2020-10-16T11:48:10.623+1000][247,099s][debug][gc] GC(426) Clear Next Bitmap 0,188ms
[2020-10-16T11:48:10.733+1000][247,210s][info ][gc] GC(426) Pause Full (G1 Evacuation Pause) 253M->252M(256M) 110,474ms
[2020-10-16T11:48:10.733+1000][247,210s][info ][gc] GC(427) Concurrent Cycle 110,578ms
[2020-10-16T11:48:10.807+1000][247,283s][info ][gc] GC(428) To-space exhausted
[2020-10-16T11:48:10.807+1000][247,283s][info ][gc] GC(428) Pause Young (Normal) (G1 Evacuation Pause) 254M->254M(256M) 2,277ms
[2020-10-16T11:48:10.915+1000][247,391s][info ][gc] GC(429) Pause Full (G1 Evacuation Pause) 254M->252M(256M) 107,889ms
[2020-10-16T11:48:10.988+1000][247,465s][info ][gc] GC(430) To-space exhausted
[2020-10-16T11:48:10.988+1000][247,465s][info ][gc] GC(430) Pause Young (Concurrent Start) (G1 Evacuation Pause) 254M->254M(256M) 2,259ms
[2020-10-16T11:48:10.988+1000][247,465s][info ][gc] GC(432) Concurrent Cycle
[2020-10-16T11:48:10.988+1000][247,465s][debug][gc] GC(431) Clear Next Bitmap 0,184ms
[2020-10-16T11:48:11.097+1000][247,573s][info ][gc] GC(431) Pause Full (G1 Evacuation Pause) 254M->252M(256M) 108,456ms
[2020-10-16T11:48:11.097+1000][247,573s][info ][gc] GC(432) Concurrent Cycle 108,588ms
[2020-10-16T11:48:11.179+1000][247,656s][info ][gc] GC(433) To-space exhausted
[2020-10-16T11:48:11.179+1000][247,656s][info ][gc] GC(433) Pause Young (Normal) (G1 Evacuation Pause) 254M->254M(256M) 1,175ms
[2020-10-16T11:48:11.287+1000][247,763s][info ][gc] GC(434) Pause Full (G1 Evacuation Pause) 254M->252M(256M) 107,285ms
[2020-10-16T11:48:11.362+1000][247,838s][info ][gc] GC(435) To-space exhausted
[2020-10-16T11:48:11.362+1000][247,838s][info ][gc] GC(435) Pause Young (Concurrent Start) (G1 Evacuation Pause) 254M->254M(256M) 4,071ms
[2020-10-16T11:48:11.362+1000][247,839s][info ][gc] GC(436) Concurrent Cycle
[2020-10-16T11:48:11.362+1000][247,839s][debug][gc] GC(437) Clear Next Bitmap 0,195ms
[2020-10-16T11:48:11.471+1000][247,948s][info ][gc] GC(437) Pause Full (G1 Evacuation Pause) 254M->252M(256M) 109,149ms
[2020-10-16T11:48:11.471+1000][247,948s][info ][gc] GC(436) Concurrent Cycle 109,277ms
[2020-10-16T11:48:11.554+1000][248,031s][info ][gc] GC(438) To-space exhausted
[2020-10-16T11:48:11.554+1000][248,031s][info ][gc] GC(438) Pause Young (Normal) (G1 Evacuation Pause) 254M->254M(256M) 1,514ms
[2020-10-16T11:48:11.658+1000][248,135s][info ][gc] GC(439) Pause Full (G1 Evacuation Pause) 254M->252M(256M) 103,836ms
[2020-10-16T11:48:11.732+1000][248,208s][info ][gc] GC(440) To-space exhausted
[2020-10-16T11:48:11.732+1000][248,208s][info ][gc] GC(440) Pause Young (Concurrent Start) (G1 Evacuation Pause) 254M->254M(256M) 2,215ms
[2020-10-16T11:48:11.732+1000][248,208s][info ][gc] GC(442) Concurrent Cycle
[2020-10-16T11:48:11.732+1000][248,208s][debug][gc] GC(441) Clear Next Bitmap 0,206ms
[2020-10-16T11:48:11.839+1000][248,315s][info ][gc] GC(441) Pause Full (G1 Evacuation Pause) 254M->252M(256M) 107,175ms
[2020-10-16T11:48:11.839+1000][248,315s][info ][gc] GC(442) Concurrent Cycle 107,298ms
[2020-10-16T11:48:11.913+1000][248,389s][info ][gc] GC(443) To-space exhausted
[2020-10-16T11:48:11.913+1000][248,389s][info ][gc] GC(443) Pause Young (Normal) (G1 Evacuation Pause) 254M->254M(256M) 2,552ms
[2020-10-16T11:48:12.024+1000][248,500s][info ][gc] GC(444) Pause Full (G1 Evacuation Pause) 254M->252M(256M) 111,199ms
[2020-10-16T11:48:12.067+1000][248,544s][info ][gc] GC(445) To-space exhausted
[2020-10-16T11:48:12.067+1000][248,544s][info ][gc] GC(445) Pause Young (Concurrent Start) (G1 Evacuation Pause) 253M->253M(256M) 2,712ms
[2020-10-16T11:48:12.067+1000][248,544s][info ][gc] GC(447) Concurrent Cycle
[2020-10-16T11:48:12.068+1000][248,544s][debug][gc] GC(446) Clear Next Bitmap 0,233ms
[2020-10-16T11:48:12.180+1000][248,657s][info ][gc] GC(446) Pause Full (G1 Evacuation Pause) 253M->252M(256M) 112,907ms
[2020-10-16T11:48:12.180+1000][248,657s][info ][gc] GC(447) Concurrent Cycle 113,006ms
[2020-10-16T11:48:12.222+1000][248,699s][info ][gc] GC(448) To-space exhausted
[2020-10-16T11:48:12.223+1000][248,699s][info ][gc] GC(448) Pause Young (Normal) (G1 Evacuation Pause) 253M->253M(256M) 1,528ms
[2020-10-16T11:48:12.330+1000][248,806s][info ][gc] GC(449) Pause Full (G1 Evacuation Pause) 253M->252M(256M) 107,489ms
[2020-10-16T11:48:12.364+1000][248,841s][info ][gc] GC(450) To-space exhausted
[2020-10-16T11:48:12.364+1000][248,841s][info ][gc] GC(450) Pause Young (Concurrent Start) (G1 Evacuation Pause) 253M->253M(256M) 3,556ms
[2020-10-16T11:48:12.364+1000][248,841s][info ][gc] GC(452) Concurrent Cycle
[2020-10-16T11:48:12.365+1000][248,841s][debug][gc] GC(451) Clear Next Bitmap 0,289ms
[2020-10-16T11:48:12.473+1000][248,949s][info ][gc] GC(451) Pause Full (G1 Evacuation Pause) 253M->253M(256M) 108,405ms
[2020-10-16T11:48:12.473+1000][248,949s][info ][gc] GC(452) Concurrent Cycle 108,527ms
[2020-10-16T11:48:12.515+1000][248,991s][info ][gc] GC(453) To-space exhausted
[2020-10-16T11:48:12.515+1000][248,991s][info ][gc] GC(453) Pause Young (Normal) (G1 Evacuation Pause) 254M->254M(256M) 1,240ms
[2020-10-16T11:48:12.621+1000][249,097s][info ][gc] GC(454) Pause Full (G1 Evacuation Pause) 254M->253M(256M) 106,157ms
[2020-10-16T11:48:12.663+1000][249,140s][info ][gc] GC(455) To-space exhausted
[2020-10-16T11:48:12.663+1000][249,140s][info ][gc] GC(455) Pause Young (Concurrent Start) (G1 Evacuation Pause) 254M->254M(256M) 1,529ms
[2020-10-16T11:48:12.663+1000][249,140s][info ][gc] GC(457) Concurrent Cycle
[2020-10-16T11:48:12.664+1000][249,140s][debug][gc] GC(456) Clear Next Bitmap 0,296ms
[2020-10-16T11:48:12.770+1000][249,246s][info ][gc] GC(456) Pause Full (G1 Evacuation Pause) 254M->253M(256M) 106,481ms
[2020-10-16T11:48:12.770+1000][249,246s][info ][gc] GC(457) Concurrent Cycle 106,571ms
[2020-10-16T11:48:12.812+1000][249,289s][info ][gc] GC(458) To-space exhausted
[2020-10-16T11:48:12.813+1000][249,289s][info ][gc] GC(458) Pause Young (Normal) (G1 Evacuation Pause) 254M->254M(256M) 1,899ms
[2020-10-16T11:48:12.919+1000][249,395s][info ][gc] GC(459) Pause Full (G1 Evacuation Pause) 254M->253M(256M) 106,024ms
[2020-10-16T11:48:12.951+1000][249,427s][info ][gc] GC(460) To-space exhausted
[2020-10-16T11:48:12.951+1000][249,427s][info ][gc] GC(460) Pause Young (Concurrent Start) (G1 Evacuation Pause) 254M->254M(256M) 1,389ms
[2020-10-16T11:48:12.951+1000][249,427s][info ][gc] GC(462) Concurrent Cycle
[2020-10-16T11:48:12.951+1000][249,427s][debug][gc] GC(461) Clear Next Bitmap 0,295ms
[2020-10-16T11:48:13.060+1000][249,537s][info ][gc] GC(461) Pause Full (G1 Evacuation Pause) 254M->253M(256M) 109,320ms
[2020-10-16T11:48:13.060+1000][249,537s][info ][gc] GC(462) Concurrent Cycle 109,432ms
[2020-10-16T11:48:13.103+1000][249,580s][info ][gc] GC(463) To-space exhausted
[2020-10-16T11:48:13.103+1000][249,580s][info ][gc] GC(463) Pause Young (Normal) (G1 Evacuation Pause) 254M->254M(256M) 2,206ms
[2020-10-16T11:48:13.212+1000][249,688s][info ][gc] GC(464) Pause Full (G1 Evacuation Pause) 254M->253M(256M) 108,433ms
[2020-10-16T11:48:13.254+1000][249,730s][info ][gc] GC(465) To-space exhausted
[2020-10-16T11:48:13.254+1000][249,730s][info ][gc] GC(465) Pause Young (Concurrent Start) (G1 Evacuation Pause) 254M->254M(256M) 1,269ms
[2020-10-16T11:48:13.254+1000][249,730s][info ][gc] GC(467) Concurrent Cycle
[2020-10-16T11:48:13.254+1000][249,730s][debug][gc] GC(466) Clear Next Bitmap 0,181ms
[2020-10-16T11:48:13.365+1000][249,842s][info ][gc] GC(466) Pause Full (G1 Evacuation Pause) 254M->253M(256M) 111,508ms
[2020-10-16T11:48:13.365+1000][249,842s][info ][gc] GC(467) Concurrent Cycle 111,610ms
[2020-10-16T11:48:13.398+1000][249,875s][info ][gc] GC(468) To-space exhausted
[2020-10-16T11:48:13.398+1000][249,875s][info ][gc] GC(468) Pause Young (Normal) (G1 Evacuation Pause) 254M->254M(256M) 2,545ms
[2020-10-16T11:48:13.506+1000][249,982s][info ][gc] GC(469) Pause Full (G1 Evacuation Pause) 254M->253M(256M) 107,098ms
[2020-10-16T11:48:13.548+1000][250,024s][info ][gc] GC(470) To-space exhausted
[2020-10-16T11:48:13.548+1000][250,025s][info ][gc] GC(470) Pause Young (Concurrent Start) (G1 Evacuation Pause) 254M->254M(256M) 1,760ms
[2020-10-16T11:48:13.548+1000][250,025s][info ][gc] GC(472) Concurrent Cycle
[2020-10-16T11:48:13.548+1000][250,025s][debug][gc] GC(471) Clear Next Bitmap 0,226ms
[2020-10-16T11:48:13.653+1000][250,130s][info ][gc] GC(471) Pause Full (G1 Evacuation Pause) 254M->253M(256M) 105,184ms
[2020-10-16T11:48:13.654+1000][250,130s][info ][gc] GC(472) Concurrent Cycle 105,293ms
[2020-10-16T11:48:13.696+1000][250,172s][info ][gc] GC(473) To-space exhausted
[2020-10-16T11:48:13.696+1000][250,172s][info ][gc] GC(473) Pause Young (Normal) (G1 Evacuation Pause) 254M->254M(256M) 1,608ms
[2020-10-16T11:48:13.803+1000][250,279s][info ][gc] GC(474) Pause Full (G1 Evacuation Pause) 254M->253M(256M) 107,176ms
[2020-10-16T11:48:13.836+1000][250,313s][info ][gc] GC(475) To-space exhausted
[2020-10-16T11:48:13.836+1000][250,313s][info ][gc] GC(475) Pause Young (Concurrent Start) (G1 Evacuation Pause) 254M->254M(256M) 2,705ms
[2020-10-16T11:48:13.837+1000][250,313s][info ][gc] GC(477) Concurrent Cycle
[2020-10-16T11:48:13.837+1000][250,313s][debug][gc] GC(476) Clear Next Bitmap 0,191ms
[2020-10-16T11:48:13.943+1000][250,420s][info ][gc] GC(476) Pause Full (G1 Evacuation Pause) 254M->253M(256M) 106,937ms
[2020-10-16T11:48:13.944+1000][250,420s][info ][gc] GC(477) Concurrent Cycle 107,043ms
[2020-10-16T11:48:13.986+1000][250,462s][info ][gc] GC(478) To-space exhausted
[2020-10-16T11:48:13.986+1000][250,462s][info ][gc] GC(478) Pause Young (Normal) (G1 Evacuation Pause) 254M->254M(256M) 1,553ms
[2020-10-16T11:48:14.096+1000][250,572s][info ][gc] GC(479) Pause Full (G1 Evacuation Pause) 254M->253M(256M) 110,159ms
[2020-10-16T11:48:14.139+1000][250,615s][info ][gc] GC(480) To-space exhausted
[2020-10-16T11:48:14.139+1000][250,616s][info ][gc] GC(480) Pause Young (Concurrent Start) (G1 Evacuation Pause) 254M->254M(256M) 2,516ms
[2020-10-16T11:48:14.139+1000][250,616s][info ][gc] GC(482) Concurrent Cycle
[2020-10-16T11:48:14.139+1000][250,616s][debug][gc] GC(481) Clear Next Bitmap 0,199ms
[2020-10-16T11:48:14.249+1000][250,726s][info ][gc] GC(481) Pause Full (G1 Evacuation Pause) 254M->253M(256M) 110,200ms
[2020-10-16T11:48:14.250+1000][250,726s][info ][gc] GC(482) Concurrent Cycle 110,327ms
[2020-10-16T11:48:14.282+1000][250,758s][info ][gc] GC(483) To-space exhausted
[2020-10-16T11:48:14.282+1000][250,758s][info ][gc] GC(483) Pause Young (Normal) (G1 Evacuation Pause) 254M->254M(256M) 1,709ms
[2020-10-16T11:48:14.387+1000][250,864s][info ][gc] GC(484) Pause Full (G1 Evacuation Pause) 254M->253M(256M) 105,460ms
[2020-10-16T11:48:14.430+1000][250,907s][info ][gc] GC(485) To-space exhausted
[2020-10-16T11:48:14.430+1000][250,907s][info ][gc] GC(485) Pause Young (Concurrent Start) (G1 Evacuation Pause) 254M->254M(256M) 2,248ms
[2020-10-16T11:48:14.430+1000][250,907s][info ][gc] GC(487) Concurrent Cycle
[2020-10-16T11:48:14.431+1000][250,907s][debug][gc] GC(486) Clear Next Bitmap 0,350ms
[2020-10-16T11:48:14.545+1000][251,021s][info ][gc] GC(486) Pause Full (G1 Evacuation Pause) 254M->253M(256M) 114,403ms
[2020-10-16T11:48:14.545+1000][251,021s][info ][gc] GC(487) Concurrent Cycle 114,504ms
[2020-10-16T11:48:14.587+1000][251,064s][info ][gc] GC(488) To-space exhausted
[2020-10-16T11:48:14.588+1000][251,064s][info ][gc] GC(488) Pause Young (Normal) (G1 Evacuation Pause) 254M->254M(256M) 2,031ms
[2020-10-16T11:48:14.696+1000][251,172s][info ][gc] GC(489) Pause Full (G1 Evacuation Pause) 254M->253M(256M) 107,962ms
[2020-10-16T11:48:14.728+1000][251,204s][info ][gc] GC(490) To-space exhausted
[2020-10-16T11:48:14.728+1000][251,205s][info ][gc] GC(490) Pause Young (Concurrent Start) (G1 Evacuation Pause) 254M->254M(256M) 1,889ms
[2020-10-16T11:48:14.728+1000][251,205s][info ][gc] GC(492) Concurrent Cycle
[2020-10-16T11:48:14.728+1000][251,205s][debug][gc] GC(491) Clear Next Bitmap 0,209ms
[2020-10-16T11:48:14.833+1000][251,309s][info ][gc] GC(491) Pause Full (G1 Evacuation Pause) 254M->253M(256M) 104,872ms
[2020-10-16T11:48:14.833+1000][251,310s][info ][gc] GC(492) Concurrent Cycle 104,980ms
[2020-10-16T11:48:14.875+1000][251,352s][info ][gc] GC(493) To-space exhausted
[2020-10-16T11:48:14.875+1000][251,352s][info ][gc] GC(493) Pause Young (Normal) (G1 Evacuation Pause) 254M->254M(256M) 1,671ms
[2020-10-16T11:48:14.979+1000][251,455s][info ][gc] GC(494) Pause Full (G1 Evacuation Pause) 254M->253M(256M) 103,458ms
[2020-10-16T11:48:15.021+1000][251,498s][info ][gc] GC(495) To-space exhausted
[2020-10-16T11:48:15.021+1000][251,498s][info ][gc] GC(495) Pause Young (Concurrent Start) (G1 Evacuation Pause) 254M->254M(256M) 1,806ms
[2020-10-16T11:48:15.022+1000][251,498s][info ][gc] GC(497) Concurrent Cycle
[2020-10-16T11:48:15.022+1000][251,498s][debug][gc] GC(496) Clear Next Bitmap 0,195ms
[2020-10-16T11:48:15.136+1000][251,613s][info ][gc] GC(496) Pause Full (G1 Evacuation Pause) 254M->253M(256M) 114,685ms
[2020-10-16T11:48:15.136+1000][251,613s][info ][gc] GC(497) Concurrent Cycle 114,782ms
[2020-10-16T11:48:15.168+1000][251,644s][info ][gc] GC(498) To-space exhausted
[2020-10-16T11:48:15.168+1000][251,644s][info ][gc] GC(498) Pause Young (Normal) (G1 Evacuation Pause) 254M->254M(256M) 1,280ms
[2020-10-16T11:48:15.279+1000][251,756s][info ][gc] GC(499) Pause Full (G1 Evacuation Pause) 254M->253M(256M) 111,256ms
[2020-10-16T11:48:15.389+1000][251,865s][info ][gc] GC(500) Pause Full (G1 Evacuation Pause) 253M->253M(256M) 109,405ms
[2020-10-16T11:48:15.389+1000][251,866s][info ][gc] GC(501) Pause Young (Concurrent Start) (G1 Evacuation Pause) 253M->253M(256M) 0,168ms
[2020-10-16T11:48:15.389+1000][251,866s][info ][gc] GC(503) Concurrent Cycle
[2020-10-16T11:48:15.389+1000][251,866s][debug][gc] GC(502) Clear Next Bitmap 0,181ms
[2020-10-16T11:48:15.501+1000][251,978s][info ][gc] GC(502) Pause Full (G1 Evacuation Pause) 253M->253M(256M) 112,285ms
[2020-10-16T11:48:15.605+1000][252,082s][info ][gc] GC(504) Pause Full (G1 Evacuation Pause) 253M->253M(256M) 103,918ms
[2020-10-16T11:48:15.606+1000][252,082s][info ][gc] GC(503) Concurrent Cycle 216,377ms
[2020-10-16T11:48:15.606+1000][252,082s][info ][gc] GC(505) Pause Young (Normal) (G1 Evacuation Pause) 253M->253M(256M) 0,143ms
[2020-10-16T11:48:15.607+1000][252,083s][info ][gc] GC(506) Pause Full (G1 Evacuation Pause) 253M->1M(256M) 1,179ms
