[2020-10-16T11:50:06.948+1000][0.003s][debug][gc] ConcGCThreads: 2 offset 16
[2020-10-16T11:50:06.948+1000][0.003s][debug][gc] ParallelGCThreads: 8
[2020-10-16T11:50:06.948+1000][0.003s][debug][gc] Initialize mark stack with 4096 chunks, maximum 16384
[2020-10-16T11:50:06.950+1000][0.006s][info ][gc] Using G1
[2020-10-16T11:50:06.962+1000][0,017s][info ][gc] Periodic GC disabled
[2020-10-16T11:50:07.775+1000][0,830s][info ][gc] GC(0) Pause Young (Normal) (G1 Evacuation Pause) 23M->1M(256M) 2,889ms
[2020-10-16T11:50:09.595+1000][2,651s][info ][gc] GC(1) Pause Young (Normal) (G1 Evacuation Pause) 49M->4M(256M) 4,094ms
[2020-10-16T11:50:15.253+1000][8,309s][info ][gc] GC(2) Pause Young (Normal) (G1 Evacuation Pause) 153M->10M(256M) 10,168ms
[2020-10-16T11:50:20.656+1000][13,711s][info ][gc] GC(3) Pause Young (Normal) (G1 Evacuation Pause) 153M->16M(256M) 8,134ms
[2020-10-16T11:50:25.840+1000][18,896s][info ][gc] GC(4) Pause Young (Normal) (G1 Evacuation Pause) 153M->22M(256M) 14,240ms
[2020-10-16T11:50:31.135+1000][24,191s][info ][gc] GC(5) Pause Young (Normal) (G1 Evacuation Pause) 162M->28M(256M) 11,627ms
[2020-10-16T11:50:36.462+1000][29,518s][info ][gc] GC(6) Pause Young (Normal) (G1 Evacuation Pause) 169M->34M(256M) 11,827ms
[2020-10-16T11:50:41.757+1000][34,812s][info ][gc] GC(7) Pause Young (Normal) (G1 Evacuation Pause) 174M->40M(256M) 9,655ms
[2020-10-16T11:50:47.095+1000][40,150s][info ][gc] GC(8) Pause Young (Normal) (G1 Evacuation Pause) 181M->46M(256M) 10,942ms
[2020-10-16T11:50:52.391+1000][45,447s][info ][gc] GC(9) Pause Young (Normal) (G1 Evacuation Pause) 186M->52M(256M) 12,536ms
[2020-10-16T11:50:57.688+1000][50,743s][info ][gc] GC(10) Pause Young (Normal) (G1 Evacuation Pause) 192M->59M(256M) 12,036ms
[2020-10-16T11:51:02.982+1000][56,037s][info ][gc] GC(11) Pause Young (Normal) (G1 Evacuation Pause) 199M->65M(256M) 11,628ms
[2020-10-16T11:51:08.272+1000][61,327s][info ][gc] GC(12) Pause Young (Normal) (G1 Evacuation Pause) 205M->71M(256M) 8,485ms
[2020-10-16T11:51:13.563+1000][66,618s][info ][gc] GC(13) Pause Young (Normal) (G1 Evacuation Pause) 211M->77M(256M) 11,597ms
[2020-10-16T11:51:18.782+1000][71,838s][info ][gc] GC(14) Pause Young (Normal) (G1 Evacuation Pause) 215M->82M(256M) 10,377ms
[2020-10-16T11:51:23.811+1000][76,866s][info ][gc] GC(15) Pause Young (Normal) (G1 Evacuation Pause) 215M->88M(256M) 11,313ms
[2020-10-16T11:51:28.643+1000][81,699s][info ][gc] GC(16) Pause Young (Normal) (G1 Evacuation Pause) 216M->94M(256M) 8,642ms
[2020-10-16T11:51:33.251+1000][86,307s][info ][gc] GC(17) Pause Young (Normal) (G1 Evacuation Pause) 216M->99M(256M) 7,800ms
[2020-10-16T11:51:37.676+1000][90,732s][info ][gc] GC(18) Pause Young (Normal) (G1 Evacuation Pause) 216M->105M(256M) 8,364ms
[2020-10-16T11:51:41.908+1000][94,963s][info ][gc] GC(19) Pause Young (Normal) (G1 Evacuation Pause) 217M->110M(256M) 9,982ms
[2020-10-16T11:51:45.947+1000][99,003s][info ][gc] GC(20) Pause Young (Normal) (G1 Evacuation Pause) 217M->114M(256M) 8,886ms
[2020-10-16T11:51:49.883+1000][102,938s][info ][gc] GC(21) Pause Young (Normal) (G1 Evacuation Pause) 218M->119M(256M) 6,719ms
[2020-10-16T11:51:53.615+1000][106,670s][info ][gc] GC(22) Pause Young (Normal) (G1 Evacuation Pause) 218M->123M(256M) 7,303ms
[2020-10-16T11:51:57.207+1000][110,263s][info ][gc] GC(23) Pause Young (Concurrent Start) (G1 Evacuation Pause) 218M->128M(256M) 9,999ms
[2020-10-16T11:51:57.207+1000][110,263s][info ][gc] GC(24) Concurrent Cycle
[2020-10-16T11:51:57.278+1000][110,334s][info ][gc] GC(24) Pause Remark 130M->130M(256M) 0,163ms
[2020-10-16T11:51:57.317+1000][110,372s][info ][gc] GC(24) Pause Cleanup 131M->131M(256M) 0,076ms
[2020-10-16T11:51:57.317+1000][110,373s][info ][gc] GC(24) Concurrent Cycle 110,106ms
[2020-10-16T11:52:00.644+1000][113,699s][info ][gc] GC(25) Pause Young (Normal) (G1 Evacuation Pause) 219M->132M(256M) 6,477ms
[2020-10-16T11:52:03.932+1000][116,988s][info ][gc] GC(26) Pause Young (Concurrent Start) (G1 Evacuation Pause) 219M->136M(256M) 8,092ms
[2020-10-16T11:52:03.932+1000][116,988s][info ][gc] GC(27) Concurrent Cycle
[2020-10-16T11:52:04.010+1000][117,066s][info ][gc] GC(27) Pause Remark 138M->138M(256M) 0,272ms
[2020-10-16T11:52:04.045+1000][117,100s][info ][gc] GC(27) Pause Cleanup 139M->139M(256M) 0,081ms
[2020-10-16T11:52:04.045+1000][117,100s][info ][gc] GC(27) Concurrent Cycle 112,598ms
[2020-10-16T11:52:07.078+1000][120,134s][info ][gc] GC(28) Pause Young (Normal) (G1 Evacuation Pause) 219M->139M(256M) 8,660ms
[2020-10-16T11:52:10.101+1000][123,157s][info ][gc] GC(29) Pause Young (Concurrent Start) (G1 Evacuation Pause) 219M->143M(256M) 8,099ms
[2020-10-16T11:52:10.101+1000][123,157s][info ][gc] GC(30) Concurrent Cycle
[2020-10-16T11:52:10.183+1000][123,239s][info ][gc] GC(30) Pause Remark 145M->145M(256M) 0,260ms
[2020-10-16T11:52:10.229+1000][123,284s][info ][gc] GC(30) Pause Cleanup 146M->146M(256M) 0,084ms
[2020-10-16T11:52:10.229+1000][123,284s][info ][gc] GC(30) Concurrent Cycle 127,745ms
[2020-10-16T11:52:12.971+1000][126,027s][info ][gc] GC(31) Pause Young (Normal) (G1 Evacuation Pause) 219M->146M(256M) 6,038ms
[2020-10-16T11:52:15.771+1000][128,827s][info ][gc] GC(32) Pause Young (Concurrent Start) (G1 Evacuation Pause) 220M->149M(256M) 7,271ms
[2020-10-16T11:52:15.771+1000][128,827s][info ][gc] GC(33) Concurrent Cycle
[2020-10-16T11:52:15.855+1000][128,910s][info ][gc] GC(33) Pause Remark 152M->152M(256M) 0,223ms
[2020-10-16T11:52:15.894+1000][128,950s][info ][gc] GC(33) Pause Cleanup 153M->153M(256M) 0,118ms
[2020-10-16T11:52:15.894+1000][128,950s][info ][gc] GC(33) Concurrent Cycle 123,245ms
[2020-10-16T11:52:18.457+1000][131,512s][info ][gc] GC(34) Pause Young (Normal) (G1 Evacuation Pause) 220M->152M(256M) 4,603ms
[2020-10-16T11:52:21.021+1000][134,076s][info ][gc] GC(35) Pause Young (Concurrent Start) (G1 Evacuation Pause) 220M->155M(256M) 4,631ms
[2020-10-16T11:52:21.021+1000][134,076s][info ][gc] GC(36) Concurrent Cycle
[2020-10-16T11:52:21.108+1000][134,164s][info ][gc] GC(36) Pause Remark 158M->158M(256M) 0,212ms
[2020-10-16T11:52:21.153+1000][134,208s][info ][gc] GC(36) Pause Cleanup 159M->159M(256M) 0,104ms
[2020-10-16T11:52:21.153+1000][134,209s][info ][gc] GC(36) Concurrent Cycle 132,191ms
[2020-10-16T11:52:23.485+1000][136,540s][info ][gc] GC(37) Pause Young (Normal) (G1 Evacuation Pause) 220M->158M(256M) 6,352ms
[2020-10-16T11:52:25.868+1000][138,924s][info ][gc] GC(38) Pause Young (Concurrent Start) (G1 Evacuation Pause) 221M->161M(256M) 6,762ms
[2020-10-16T11:52:25.868+1000][138,924s][info ][gc] GC(39) Concurrent Cycle
[2020-10-16T11:52:25.955+1000][139,011s][info ][gc] GC(39) Pause Remark 164M->164M(256M) 0,165ms
[2020-10-16T11:52:26.000+1000][139,055s][info ][gc] GC(39) Pause Cleanup 165M->165M(256M) 0,094ms
[2020-10-16T11:52:26.000+1000][139,056s][info ][gc] GC(39) Concurrent Cycle 131,675ms
[2020-10-16T11:52:28.129+1000][141,185s][info ][gc] GC(40) Pause Young (Normal) (G1 Evacuation Pause) 221M->164M(256M) 6,556ms
[2020-10-16T11:52:30.330+1000][143,385s][info ][gc] GC(41) Pause Young (Concurrent Start) (G1 Evacuation Pause) 222M->166M(256M) 6,633ms
[2020-10-16T11:52:30.330+1000][143,385s][info ][gc] GC(42) Concurrent Cycle
[2020-10-16T11:52:30.423+1000][143,479s][info ][gc] GC(42) Pause Remark 169M->169M(256M) 0,206ms
[2020-10-16T11:52:30.471+1000][143,527s][info ][gc] GC(42) Pause Cleanup 170M->170M(256M) 0,087ms
[2020-10-16T11:52:30.471+1000][143,527s][info ][gc] GC(42) Concurrent Cycle 141,479ms
[2020-10-16T11:52:32.407+1000][145,463s][info ][gc] GC(43) Pause Young (Normal) (G1 Evacuation Pause) 221M->169M(256M) 5,132ms
[2020-10-16T11:52:34.415+1000][147,471s][info ][gc] GC(44) Pause Young (Concurrent Start) (G1 Evacuation Pause) 222M->171M(256M) 7,241ms
[2020-10-16T11:52:34.415+1000][147,471s][info ][gc] GC(45) Concurrent Cycle
[2020-10-16T11:52:34.507+1000][147,563s][info ][gc] GC(45) Pause Remark 174M->174M(256M) 0,226ms
[2020-10-16T11:52:34.557+1000][147,613s][info ][gc] GC(45) Pause Cleanup 175M->175M(256M) 0,138ms
[2020-10-16T11:52:34.557+1000][147,613s][info ][gc] GC(45) Concurrent Cycle 141,812ms
[2020-10-16T11:52:36.341+1000][149,397s][info ][gc] GC(46) Pause Young (Prepare Mixed) (G1 Evacuation Pause) 222M->174M(256M) 6,144ms
[2020-10-16T11:52:36.620+1000][149,675s][info ][gc] GC(47) Pause Young (Mixed) (G1 Evacuation Pause) 181M->164M(256M) 13,721ms
[2020-10-16T11:52:38.776+1000][151,832s][info ][gc] GC(48) Pause Young (Concurrent Start) (G1 Evacuation Pause) 221M->166M(256M) 3,207ms
[2020-10-16T11:52:38.776+1000][151,832s][info ][gc] GC(49) Concurrent Cycle
[2020-10-16T11:52:38.892+1000][151,948s][info ][gc] GC(49) Pause Remark 169M->169M(256M) 0,198ms
[2020-10-16T11:52:38.942+1000][151,998s][info ][gc] GC(49) Pause Cleanup 170M->170M(256M) 0,185ms
[2020-10-16T11:52:38.942+1000][151,998s][info ][gc] GC(49) Concurrent Cycle 165,941ms
[2020-10-16T11:52:40.892+1000][153,947s][info ][gc] GC(50) Pause Young (Normal) (G1 Evacuation Pause) 222M->168M(256M) 3,698ms
[2020-10-16T11:52:42.899+1000][155,955s][info ][gc] GC(51) Pause Young (Concurrent Start) (G1 Evacuation Pause) 221M->171M(256M) 7,152ms
[2020-10-16T11:52:42.899+1000][155,955s][info ][gc] GC(52) Concurrent Cycle
[2020-10-16T11:52:42.997+1000][156,053s][info ][gc] GC(52) Pause Remark 174M->174M(256M) 0,186ms
[2020-10-16T11:52:43.048+1000][156,104s][info ][gc] GC(52) Pause Cleanup 175M->175M(256M) 0,080ms
[2020-10-16T11:52:43.048+1000][156,104s][info ][gc] GC(52) Concurrent Cycle 149,066ms
[2020-10-16T11:52:44.823+1000][157,879s][info ][gc] GC(53) Pause Young (Normal) (G1 Evacuation Pause) 222M->173M(256M) 5,687ms
[2020-10-16T11:52:46.676+1000][159,731s][info ][gc] GC(54) Pause Young (Concurrent Start) (G1 Evacuation Pause) 222M->175M(256M) 4,150ms
[2020-10-16T11:52:46.676+1000][159,731s][info ][gc] GC(55) Concurrent Cycle
[2020-10-16T11:52:46.781+1000][159,836s][info ][gc] GC(55) Pause Remark 178M->178M(256M) 0,183ms
[2020-10-16T11:52:46.829+1000][159,885s][info ][gc] GC(55) Pause Cleanup 180M->180M(256M) 0,081ms
[2020-10-16T11:52:46.830+1000][159,885s][info ][gc] GC(55) Concurrent Cycle 153,763ms
[2020-10-16T11:52:48.456+1000][161,511s][info ][gc] GC(56) Pause Young (Normal) (G1 Evacuation Pause) 222M->177M(256M) 3,502ms
[2020-10-16T11:52:50.156+1000][163,211s][info ][gc] GC(57) Pause Young (Concurrent Start) (G1 Evacuation Pause) 222M->179M(256M) 3,126ms
[2020-10-16T11:52:50.156+1000][163,211s][info ][gc] GC(58) Concurrent Cycle
[2020-10-16T11:52:50.262+1000][163,318s][info ][gc] GC(58) Pause Remark 182M->182M(256M) 0,166ms
[2020-10-16T11:52:50.314+1000][163,370s][info ][gc] GC(58) Pause Cleanup 184M->184M(256M) 0,093ms
[2020-10-16T11:52:50.315+1000][163,370s][info ][gc] GC(58) Concurrent Cycle 158,876ms
[2020-10-16T11:52:51.783+1000][164,839s][info ][gc] GC(59) Pause Young (Normal) (G1 Evacuation Pause) 222M->181M(256M) 3,979ms
[2020-10-16T11:52:53.372+1000][166,427s][info ][gc] GC(60) Pause Young (Concurrent Start) (G1 Evacuation Pause) 223M->183M(256M) 4,696ms
[2020-10-16T11:52:53.372+1000][166,427s][info ][gc] GC(61) Concurrent Cycle
[2020-10-16T11:52:53.481+1000][166,537s][info ][gc] GC(61) Pause Remark 186M->186M(256M) 0,173ms
[2020-10-16T11:52:53.535+1000][166,590s][info ][gc] GC(61) Pause Cleanup 187M->187M(256M) 0,085ms
[2020-10-16T11:52:53.535+1000][166,590s][info ][gc] GC(61) Concurrent Cycle 163,206ms
[2020-10-16T11:52:54.879+1000][167,934s][info ][gc] GC(62) Pause Young (Normal) (G1 Evacuation Pause) 223M->185M(256M) 4,357ms
[2020-10-16T11:52:56.355+1000][169,411s][info ][gc] GC(63) Pause Young (Concurrent Start) (G1 Evacuation Pause) 224M->187M(256M) 4,033ms
[2020-10-16T11:52:56.355+1000][169,411s][info ][gc] GC(64) Concurrent Cycle
[2020-10-16T11:52:56.464+1000][169,520s][info ][gc] GC(64) Pause Remark 190M->190M(256M) 0,180ms
[2020-10-16T11:52:56.517+1000][169,573s][info ][gc] GC(64) Pause Cleanup 191M->191M(256M) 0,092ms
[2020-10-16T11:52:56.517+1000][169,573s][info ][gc] GC(64) Concurrent Cycle 161,830ms
[2020-10-16T11:52:57.759+1000][170,815s][info ][gc] GC(65) Pause Young (Normal) (G1 Evacuation Pause) 224M->188M(256M) 3,070ms
[2020-10-16T11:52:59.082+1000][172,137s][info ][gc] GC(66) Pause Young (Concurrent Start) (G1 Evacuation Pause) 223M->190M(256M) 2,856ms
[2020-10-16T11:52:59.082+1000][172,137s][info ][gc] GC(67) Concurrent Cycle
[2020-10-16T11:52:59.213+1000][172,268s][info ][gc] GC(67) Pause Remark 193M->193M(256M) 0,182ms
[2020-10-16T11:52:59.269+1000][172,325s][info ][gc] GC(67) Pause Cleanup 195M->195M(256M) 0,099ms
[2020-10-16T11:52:59.270+1000][172,325s][info ][gc] GC(67) Concurrent Cycle 187,875ms
[2020-10-16T11:53:00.363+1000][173,419s][info ][gc] GC(68) Pause Young (Normal) (G1 Evacuation Pause) 224M->191M(256M) 2,342ms
[2020-10-16T11:53:01.575+1000][174,630s][info ][gc] GC(69) Pause Young (Concurrent Start) (G1 Evacuation Pause) 223M->192M(256M) 3,263ms
[2020-10-16T11:53:02.076+1000][175,131s][info ][gc] GC(70) Concurrent Cycle
[2020-10-16T11:53:02.200+1000][175,255s][info ][gc] GC(70) Pause Remark 196M->196M(256M) 0,219ms
[2020-10-16T11:53:02.258+1000][175,313s][info ][gc] GC(70) Pause Cleanup 197M->197M(256M) 0,158ms
[2020-10-16T11:53:02.258+1000][175,314s][info ][gc] GC(70) Concurrent Cycle 182,392ms
[2020-10-16T11:53:03.245+1000][176,300s][info ][gc] GC(71) Pause Young (Normal) (G1 Evacuation Pause) 223M->194M(256M) 2,656ms
[2020-10-16T11:53:04.390+1000][177,445s][info ][gc] GC(72) Pause Young (Concurrent Start) (G1 Evacuation Pause) 224M->195M(256M) 3,368ms
[2020-10-16T11:53:04.390+1000][177,445s][info ][gc] GC(73) Concurrent Cycle
[2020-10-16T11:53:04.520+1000][177,576s][info ][gc] GC(73) Pause Remark 199M->199M(256M) 0,175ms
[2020-10-16T11:53:04.584+1000][177,639s][info ][gc] GC(73) Pause Cleanup 201M->201M(256M) 0,092ms
[2020-10-16T11:53:04.584+1000][177,640s][info ][gc] GC(73) Concurrent Cycle 194,396ms
[2020-10-16T11:53:05.448+1000][178,504s][info ][gc] GC(74) Pause Young (Normal) (G1 Evacuation Pause) 223M->197M(256M) 3,067ms
[2020-10-16T11:53:06.478+1000][179,533s][info ][gc] GC(75) Pause Young (Concurrent Start) (G1 Evacuation Pause) 224M->197M(256M) 3,130ms
[2020-10-16T11:53:06.478+1000][179,533s][info ][gc] GC(76) Concurrent Cycle
[2020-10-16T11:53:06.600+1000][179,655s][info ][gc] GC(76) Pause Remark 201M->201M(256M) 0,209ms
[2020-10-16T11:53:06.664+1000][179,720s][info ][gc] GC(76) Pause Cleanup 203M->203M(256M) 0,110ms
[2020-10-16T11:53:06.665+1000][179,720s][info ][gc] GC(76) Concurrent Cycle 187,034ms
[2020-10-16T11:53:07.495+1000][180,551s][info ][gc] GC(77) Pause Young (Normal) (G1 Evacuation Pause) 224M->199M(256M) 2,593ms
[2020-10-16T11:53:08.482+1000][181,538s][info ][gc] GC(78) Pause Young (Concurrent Start) (G1 Evacuation Pause) 225M->200M(256M) 1,677ms
[2020-10-16T11:53:08.482+1000][181,538s][info ][gc] GC(79) Concurrent Cycle
[2020-10-16T11:53:08.616+1000][181,672s][info ][gc] GC(79) Pause Remark 204M->204M(256M) 0,255ms
[2020-10-16T11:53:08.677+1000][181,733s][info ][gc] GC(79) Pause Cleanup 205M->205M(256M) 0,094ms
[2020-10-16T11:53:08.677+1000][181,733s][info ][gc] GC(79) Concurrent Cycle 195,350ms
[2020-10-16T11:53:09.387+1000][182,443s][info ][gc] GC(80) Pause Young (Normal) (G1 Evacuation Pause) 224M->201M(256M) 1,739ms
[2020-10-16T11:53:10.252+1000][183,308s][info ][gc] GC(81) Pause Young (Concurrent Start) (G1 Evacuation Pause) 224M->202M(256M) 1,854ms
[2020-10-16T11:53:10.252+1000][183,308s][info ][gc] GC(82) Concurrent Cycle
[2020-10-16T11:53:10.391+1000][183,447s][info ][gc] GC(82) Pause Remark 206M->206M(256M) 0,242ms
[2020-10-16T11:53:10.457+1000][183,512s][info ][gc] GC(82) Pause Cleanup 208M->208M(256M) 0,104ms
[2020-10-16T11:53:10.457+1000][183,513s][info ][gc] GC(82) Concurrent Cycle 204,643ms
[2020-10-16T11:53:11.046+1000][184,102s][info ][gc] GC(83) Pause Young (Normal) (G1 Evacuation Pause) 223M->203M(256M) 2,511ms
[2020-10-16T11:53:11.880+1000][184,936s][info ][gc] GC(84) Pause Young (Concurrent Start) (G1 Evacuation Pause) 225M->204M(256M) 2,269ms
[2020-10-16T11:53:11.880+1000][184,936s][info ][gc] GC(85) Concurrent Cycle
[2020-10-16T11:53:12.010+1000][185,065s][info ][gc] GC(85) Pause Remark 207M->207M(256M) 0,178ms
[2020-10-16T11:53:12.076+1000][185,131s][info ][gc] GC(85) Pause Cleanup 209M->209M(256M) 0,116ms
[2020-10-16T11:53:12.076+1000][185,132s][info ][gc] GC(85) Concurrent Cycle 195,813ms
[2020-10-16T11:53:12.677+1000][185,732s][info ][gc] GC(86) Pause Young (Normal) (G1 Evacuation Pause) 225M->205M(256M) 2,355ms
[2020-10-16T11:53:13.430+1000][186,485s][info ][gc] GC(87) Pause Young (Concurrent Start) (G1 Evacuation Pause) 225M->206M(256M) 1,702ms
[2020-10-16T11:53:13.430+1000][186,485s][info ][gc] GC(88) Concurrent Cycle
[2020-10-16T11:53:13.566+1000][186,622s][info ][gc] GC(88) Pause Remark 209M->209M(256M) 0,233ms
[2020-10-16T11:53:13.630+1000][186,686s][info ][gc] GC(88) Pause Cleanup 211M->211M(256M) 0,177ms
[2020-10-16T11:53:13.631+1000][186,686s][info ][gc] GC(88) Concurrent Cycle 200,822ms
[2020-10-16T11:53:14.153+1000][187,208s][info ][gc] GC(89) Pause Young (Normal) (G1 Evacuation Pause) 225M->206M(256M) 2,100ms
[2020-10-16T11:53:14.866+1000][187,922s][info ][gc] GC(90) Pause Young (Concurrent Start) (G1 Evacuation Pause) 225M->207M(256M) 2,003ms
[2020-10-16T11:53:14.866+1000][187,922s][info ][gc] GC(91) Concurrent Cycle
[2020-10-16T11:53:15.026+1000][188,081s][info ][gc] GC(91) Pause Remark 212M->212M(256M) 0,190ms
[2020-10-16T11:53:15.118+1000][188,174s][info ][gc] GC(91) Pause Cleanup 214M->214M(256M) 0,098ms
[2020-10-16T11:53:15.118+1000][188,174s][info ][gc] GC(91) Concurrent Cycle 252,431ms
[2020-10-16T11:53:15.549+1000][188,605s][info ][gc] GC(92) Pause Young (Normal) (G1 Evacuation Pause) 225M->208M(256M) 2,871ms
[2020-10-16T11:53:17.018+1000][190,074s][info ][gc] GC(93) Pause Young (Concurrent Start) (G1 Evacuation Pause) 226M->209M(256M) 2,973ms
[2020-10-16T11:53:17.018+1000][190,074s][info ][gc] GC(94) Concurrent Cycle
[2020-10-16T11:53:17.158+1000][190,214s][info ][gc] GC(94) Pause Remark 213M->213M(256M) 0,258ms
[2020-10-16T11:53:17.237+1000][190,292s][info ][gc] GC(94) Pause Cleanup 215M->215M(256M) 0,095ms
[2020-10-16T11:53:17.237+1000][190,293s][info ][gc] GC(94) Concurrent Cycle 218,827ms
[2020-10-16T11:53:17.660+1000][190,715s][info ][gc] GC(95) Pause Young (Normal) (G1 Evacuation Pause) 226M->209M(256M) 1,720ms
[2020-10-16T11:53:18.261+1000][191,316s][info ][gc] GC(96) Pause Young (Concurrent Start) (G1 Evacuation Pause) 225M->210M(256M) 2,312ms
[2020-10-16T11:53:18.261+1000][191,316s][info ][gc] GC(97) Concurrent Cycle
[2020-10-16T11:53:18.418+1000][191,474s][info ][gc] GC(97) Pause Remark 215M->215M(256M) 1,681ms
[2020-10-16T11:53:18.481+1000][191,537s][info ][gc] GC(97) Pause Cleanup 216M->216M(256M) 0,266ms
[2020-10-16T11:53:18.482+1000][191,537s][info ][gc] GC(97) Concurrent Cycle 220,627ms
[2020-10-16T11:53:18.831+1000][191,887s][info ][gc] GC(98) Pause Young (Normal) (G1 Evacuation Pause) 225M->211M(256M) 1,579ms
[2020-10-16T11:53:19.361+1000][192,417s][info ][gc] GC(99) Pause Young (Concurrent Start) (G1 Evacuation Pause) 225M->211M(256M) 1,939ms
[2020-10-16T11:53:19.361+1000][192,417s][info ][gc] GC(100) Concurrent Cycle
[2020-10-16T11:53:19.491+1000][192,546s][info ][gc] GC(100) Pause Remark 215M->215M(256M) 0,188ms
[2020-10-16T11:53:19.550+1000][192,605s][info ][gc] GC(100) Pause Cleanup 216M->216M(256M) 0,100ms
[2020-10-16T11:53:19.550+1000][192,605s][info ][gc] GC(100) Concurrent Cycle 188,873ms
[2020-10-16T11:53:19.891+1000][192,946s][info ][gc] GC(101) Pause Young (Normal) (G1 Evacuation Pause) 225M->212M(256M) 1,616ms
[2020-10-16T11:53:20.379+1000][193,434s][info ][gc] GC(102) Pause Young (Concurrent Start) (G1 Evacuation Pause) 225M->213M(256M) 1,003ms
[2020-10-16T11:53:20.379+1000][193,434s][info ][gc] GC(103) Concurrent Cycle
[2020-10-16T11:53:20.538+1000][193,594s][info ][gc] GC(103) Pause Remark 217M->217M(256M) 0,206ms
[2020-10-16T11:53:20.609+1000][193,664s][info ][gc] GC(103) Pause Cleanup 219M->219M(256M) 0,116ms
[2020-10-16T11:53:20.609+1000][193,664s][info ][gc] GC(103) Concurrent Cycle 229,927ms
[2020-10-16T11:53:20.840+1000][193,895s][info ][gc] GC(104) Pause Young (Normal) (G1 Evacuation Pause) 225M->213M(256M) 1,633ms
[2020-10-16T11:53:21.288+1000][194,343s][info ][gc] GC(105) Pause Young (Concurrent Start) (G1 Evacuation Pause) 225M->214M(256M) 1,255ms
[2020-10-16T11:53:21.288+1000][194,343s][info ][gc] GC(106) Concurrent Cycle
[2020-10-16T11:53:21.443+1000][194,499s][info ][gc] GC(106) Pause Remark 218M->218M(256M) 0,174ms
[2020-10-16T11:53:21.518+1000][194,573s][info ][gc] GC(106) Pause Cleanup 220M->220M(256M) 0,099ms
[2020-10-16T11:53:21.518+1000][194,574s][info ][gc] GC(106) Concurrent Cycle 230,219ms
[2020-10-16T11:53:21.706+1000][194,761s][info ][gc] GC(107) Pause Young (Normal) (G1 Evacuation Pause) 225M->214M(256M) 1,068ms
[2020-10-16T11:53:22.123+1000][195,179s][info ][gc] GC(108) Pause Young (Concurrent Start) (G1 Evacuation Pause) 225M->215M(256M) 1,288ms
[2020-10-16T11:53:22.123+1000][195,179s][info ][gc] GC(109) Concurrent Cycle
[2020-10-16T11:53:22.299+1000][195,355s][info ][gc] GC(109) Pause Remark 219M->219M(256M) 0,235ms
[2020-10-16T11:53:22.370+1000][195,426s][info ][gc] GC(109) Pause Cleanup 221M->221M(256M) 0,151ms
[2020-10-16T11:53:22.371+1000][195,426s][info ][gc] GC(109) Concurrent Cycle 247,409ms
[2020-10-16T11:53:22.500+1000][195,555s][info ][gc] GC(110) Pause Young (Normal) (G1 Evacuation Pause) 225M->215M(256M) 0,881ms
[2020-10-16T11:53:22.877+1000][195,932s][info ][gc] GC(111) Pause Young (Concurrent Start) (G1 Evacuation Pause) 225M->216M(256M) 0,956ms
[2020-10-16T11:53:22.877+1000][195,932s][info ][gc] GC(112) Concurrent Cycle
[2020-10-16T11:53:23.030+1000][196,085s][info ][gc] GC(112) Pause Remark 220M->220M(256M) 0,287ms
[2020-10-16T11:53:23.106+1000][196,162s][info ][gc] GC(112) Pause Cleanup 222M->222M(256M) 0,090ms
[2020-10-16T11:53:23.106+1000][196,162s][info ][gc] GC(112) Concurrent Cycle 229,726ms
[2020-10-16T11:53:23.255+1000][196,311s][info ][gc] GC(113) Pause Young (Normal) (G1 Evacuation Pause) 226M->216M(256M) 2,707ms
[2020-10-16T11:53:23.633+1000][196,688s][info ][gc] GC(114) Pause Young (Concurrent Start) (G1 Evacuation Pause) 226M->216M(256M) 1,921ms
[2020-10-16T11:53:23.633+1000][196,688s][info ][gc] GC(115) Concurrent Cycle
[2020-10-16T11:53:23.779+1000][196,835s][info ][gc] GC(115) Pause Remark 220M->220M(256M) 0,176ms
[2020-10-16T11:53:23.855+1000][196,910s][info ][gc] GC(115) Pause Cleanup 222M->222M(256M) 0,099ms
[2020-10-16T11:53:23.855+1000][196,911s][info ][gc] GC(115) Concurrent Cycle 222,329ms
[2020-10-16T11:53:24.010+1000][197,066s][info ][gc] GC(116) Pause Young (Normal) (G1 Evacuation Pause) 226M->217M(256M) 1,318ms
[2020-10-16T11:53:24.387+1000][197,443s][info ][gc] GC(117) Pause Young (Concurrent Start) (G1 Evacuation Pause) 227M->217M(256M) 1,802ms
[2020-10-16T11:53:24.387+1000][197,443s][info ][gc] GC(118) Concurrent Cycle
[2020-10-16T11:53:24.558+1000][197,614s][info ][gc] GC(118) Pause Remark 222M->222M(256M) 0,242ms
[2020-10-16T11:53:24.629+1000][197,684s][info ][gc] GC(118) Pause Cleanup 224M->224M(256M) 0,099ms
[2020-10-16T11:53:24.629+1000][197,684s][info ][gc] GC(118) Concurrent Cycle 241,379ms
[2020-10-16T11:53:24.764+1000][197,820s][info ][gc] GC(119) Pause Young (Normal) (G1 Evacuation Pause) 227M->218M(256M) 1,173ms
[2020-10-16T11:53:25.151+1000][198,207s][info ][gc] GC(120) Pause Young (Concurrent Start) (G1 Evacuation Pause) 228M->218M(256M) 1,324ms
[2020-10-16T11:53:25.151+1000][198,207s][info ][gc] GC(121) Concurrent Cycle
[2020-10-16T11:53:25.292+1000][198,347s][info ][gc] GC(121) Pause Remark 222M->222M(256M) 0,202ms
[2020-10-16T11:53:25.355+1000][198,411s][info ][gc] GC(121) Pause Cleanup 224M->224M(256M) 0,112ms
[2020-10-16T11:53:25.356+1000][198,411s][info ][gc] GC(121) Concurrent Cycle 204,270ms
[2020-10-16T11:53:25.559+1000][198,614s][info ][gc] GC(122) Pause Young (Normal) (G1 Evacuation Pause) 229M->219M(256M) 1,382ms
[2020-10-16T11:53:25.936+1000][198,991s][info ][gc] GC(123) Pause Young (Concurrent Start) (G1 Evacuation Pause) 229M->219M(256M) 1,254ms
[2020-10-16T11:53:25.936+1000][198,991s][info ][gc] GC(124) Concurrent Cycle
[2020-10-16T11:53:26.078+1000][199,134s][info ][gc] GC(124) Pause Remark 223M->223M(256M) 0,240ms
[2020-10-16T11:53:26.149+1000][199,204s][info ][gc] GC(124) Pause Cleanup 225M->225M(256M) 0,113ms
[2020-10-16T11:53:26.149+1000][199,204s][info ][gc] GC(124) Concurrent Cycle 212,962ms
[2020-10-16T11:53:26.315+1000][199,370s][info ][gc] GC(125) Pause Young (Normal) (G1 Evacuation Pause) 229M->220M(256M) 1,540ms
[2020-10-16T11:53:26.702+1000][199,757s][info ][gc] GC(126) Pause Young (Concurrent Start) (G1 Evacuation Pause) 230M->220M(256M) 0,863ms
[2020-10-16T11:53:26.702+1000][199,757s][info ][gc] GC(127) Concurrent Cycle
[2020-10-16T11:53:26.845+1000][199,900s][info ][gc] GC(127) Pause Remark 224M->224M(256M) 0,210ms
[2020-10-16T11:53:26.919+1000][199,975s][info ][gc] GC(127) Pause Cleanup 226M->226M(256M) 0,107ms
[2020-10-16T11:53:26.919+1000][199,975s][info ][gc] GC(127) Concurrent Cycle 217,747ms
[2020-10-16T11:53:27.110+1000][200,165s][info ][gc] GC(128) Pause Young (Normal) (G1 Evacuation Pause) 231M->220M(256M) 1,905ms
[2020-10-16T11:53:27.487+1000][200,543s][info ][gc] GC(129) Pause Young (Concurrent Start) (G1 Evacuation Pause) 230M->221M(256M) 1,636ms
[2020-10-16T11:53:27.487+1000][200,543s][info ][gc] GC(130) Concurrent Cycle
[2020-10-16T11:53:27.628+1000][200,683s][info ][gc] GC(130) Pause Remark 225M->225M(256M) 0,271ms
[2020-10-16T11:53:27.697+1000][200,753s][info ][gc] GC(130) Pause Cleanup 226M->226M(256M) 0,096ms
[2020-10-16T11:53:27.697+1000][200,753s][info ][gc] GC(130) Concurrent Cycle 210,027ms
[2020-10-16T11:53:27.864+1000][200,920s][info ][gc] GC(131) Pause Young (Normal) (G1 Evacuation Pause) 231M->221M(256M) 1,194ms
[2020-10-16T11:53:28.252+1000][201,307s][info ][gc] GC(132) Pause Young (Concurrent Start) (G1 Evacuation Pause) 231M->222M(256M) 1,436ms
[2020-10-16T11:53:28.252+1000][201,307s][info ][gc] GC(133) Concurrent Cycle
[2020-10-16T11:53:28.393+1000][201,449s][info ][gc] GC(133) Pause Remark 226M->226M(256M) 0,200ms
[2020-10-16T11:53:28.470+1000][201,526s][info ][gc] GC(133) Pause Cleanup 228M->228M(256M) 0,094ms
[2020-10-16T11:53:28.470+1000][201,526s][info ][gc] GC(133) Concurrent Cycle 218,795ms
[2020-10-16T11:53:28.659+1000][201,715s][info ][gc] GC(134) Pause Young (Normal) (G1 Evacuation Pause) 233M->222M(256M) 1,285ms
[2020-10-16T11:53:29.036+1000][202,092s][info ][gc] GC(135) Pause Young (Concurrent Start) (G1 Evacuation Pause) 232M->223M(256M) 1,607ms
[2020-10-16T11:53:29.036+1000][202,092s][info ][gc] GC(136) Concurrent Cycle
[2020-10-16T11:53:29.186+1000][202,242s][info ][gc] GC(136) Pause Remark 227M->227M(256M) 0,180ms
[2020-10-16T11:53:29.255+1000][202,311s][info ][gc] GC(136) Pause Cleanup 228M->228M(256M) 0,125ms
[2020-10-16T11:53:29.256+1000][202,311s][info ][gc] GC(136) Concurrent Cycle 219,312ms
[2020-10-16T11:53:29.413+1000][202,469s][info ][gc] GC(137) Pause Young (Normal) (G1 Evacuation Pause) 233M->223M(256M) 1,347ms
[2020-10-16T11:53:29.800+1000][202,856s][info ][gc] GC(138) Pause Young (Concurrent Start) (G1 Evacuation Pause) 233M->223M(256M) 0,888ms
[2020-10-16T11:53:29.800+1000][202,856s][info ][gc] GC(139) Concurrent Cycle
[2020-10-16T11:53:29.992+1000][203,048s][info ][gc] GC(139) Pause Remark 229M->229M(256M) 0,301ms
[2020-10-16T11:53:30.064+1000][203,120s][info ][gc] GC(139) Pause Cleanup 231M->231M(256M) 0,116ms
[2020-10-16T11:53:30.065+1000][203,120s][info ][gc] GC(139) Concurrent Cycle 264,353ms
[2020-10-16T11:53:30.208+1000][203,263s][info ][gc] GC(140) Pause Young (Normal) (G1 Evacuation Pause) 234M->224M(256M) 1,336ms
[2020-10-16T11:53:30.587+1000][203,642s][info ][gc] GC(141) Pause Young (Concurrent Start) (G1 Evacuation Pause) 234M->224M(256M) 2,823ms
[2020-10-16T11:53:30.587+1000][203,642s][info ][gc] GC(142) Concurrent Cycle
[2020-10-16T11:53:30.729+1000][203,784s][info ][gc] GC(142) Pause Remark 228M->228M(256M) 0,177ms
[2020-10-16T11:53:30.801+1000][203,857s][info ][gc] GC(142) Pause Cleanup 230M->230M(256M) 0,094ms
[2020-10-16T11:53:30.802+1000][203,857s][info ][gc] GC(142) Concurrent Cycle 214,967ms
[2020-10-16T11:53:30.964+1000][204,020s][info ][gc] GC(143) Pause Young (Normal) (G1 Evacuation Pause) 234M->225M(256M) 1,796ms
[2020-10-16T11:53:31.352+1000][204,407s][info ][gc] GC(144) Pause Young (Concurrent Start) (G1 Evacuation Pause) 235M->225M(256M) 1,509ms
[2020-10-16T11:53:31.352+1000][204,407s][info ][gc] GC(145) Concurrent Cycle
[2020-10-16T11:53:31.549+1000][204,604s][info ][gc] GC(145) Pause Remark 231M->231M(256M) 0,310ms
[2020-10-16T11:53:31.621+1000][204,676s][info ][gc] GC(145) Pause Cleanup 233M->233M(256M) 0,117ms
[2020-10-16T11:53:31.621+1000][204,677s][info ][gc] GC(145) Concurrent Cycle 269,254ms
[2020-10-16T11:53:31.759+1000][204,815s][info ][gc] GC(146) Pause Young (Normal) (G1 Evacuation Pause) 236M->226M(256M) 1,140ms
[2020-10-16T11:53:32.136+1000][205,192s][info ][gc] GC(147) Pause Young (Concurrent Start) (G1 Evacuation Pause) 236M->226M(256M) 1,337ms
[2020-10-16T11:53:32.136+1000][205,192s][info ][gc] GC(148) Concurrent Cycle
[2020-10-16T11:53:32.294+1000][205,349s][info ][gc] GC(148) Pause Remark 230M->230M(256M) 0,202ms
[2020-10-16T11:53:32.369+1000][205,425s][info ][gc] GC(148) Pause Cleanup 232M->232M(256M) 0,092ms
[2020-10-16T11:53:32.369+1000][205,425s][info ][gc] GC(148) Concurrent Cycle 233,048ms
[2020-10-16T11:53:32.513+1000][205,569s][info ][gc] GC(149) Pause Young (Normal) (G1 Evacuation Pause) 236M->227M(256M) 1,416ms
[2020-10-16T11:53:32.901+1000][205,956s][info ][gc] GC(150) Pause Young (Concurrent Start) (G1 Evacuation Pause) 237M->227M(256M) 1,472ms
[2020-10-16T11:53:32.901+1000][205,956s][info ][gc] GC(151) Concurrent Cycle
[2020-10-16T11:53:33.059+1000][206,114s][info ][gc] GC(151) Pause Remark 231M->231M(256M) 0,230ms
[2020-10-16T11:53:33.134+1000][206,190s][info ][gc] GC(151) Pause Cleanup 233M->233M(256M) 0,093ms
[2020-10-16T11:53:33.134+1000][206,190s][info ][gc] GC(151) Concurrent Cycle 233,486ms
[2020-10-16T11:53:33.308+1000][206,364s][info ][gc] GC(152) Pause Young (Normal) (G1 Evacuation Pause) 238M->227M(256M) 1,069ms
[2020-10-16T11:53:33.686+1000][206,742s][info ][gc] GC(153) Pause Young (Concurrent Start) (G1 Evacuation Pause) 237M->228M(256M) 1,664ms
[2020-10-16T11:53:33.686+1000][206,742s][info ][gc] GC(154) Concurrent Cycle
[2020-10-16T11:53:33.859+1000][206,915s][info ][gc] GC(154) Pause Remark 233M->233M(256M) 0,215ms
[2020-10-16T11:53:33.933+1000][206,989s][info ][gc] GC(154) Pause Cleanup 235M->235M(256M) 0,131ms
[2020-10-16T11:53:33.933+1000][206,989s][info ][gc] GC(154) Concurrent Cycle 247,110ms
[2020-10-16T11:53:34.063+1000][207,119s][info ][gc] GC(155) Pause Young (Normal) (G1 Evacuation Pause) 238M->228M(256M) 1,073ms
[2020-10-16T11:53:34.450+1000][207,505s][info ][gc] GC(156) Pause Young (Concurrent Start) (G1 Evacuation Pause) 238M->229M(256M) 0,805ms
[2020-10-16T11:53:34.450+1000][207,505s][info ][gc] GC(157) Concurrent Cycle
[2020-10-16T11:53:34.617+1000][207,673s][info ][gc] GC(157) Pause Remark 233M->233M(256M) 0,231ms
[2020-10-16T11:53:34.692+1000][207,748s][info ][gc] GC(157) Pause Cleanup 235M->235M(256M) 0,142ms
[2020-10-16T11:53:34.692+1000][207,748s][info ][gc] GC(157) Concurrent Cycle 242,706ms
[2020-10-16T11:53:34.857+1000][207,912s][info ][gc] GC(158) Pause Young (Normal) (G1 Evacuation Pause) 240M->229M(256M) 0,984ms
[2020-10-16T11:53:35.236+1000][208,291s][info ][gc] GC(159) Pause Young (Concurrent Start) (G1 Evacuation Pause) 239M->230M(256M) 3,155ms
[2020-10-16T11:53:35.236+1000][208,291s][info ][gc] GC(160) Concurrent Cycle
[2020-10-16T11:53:35.402+1000][208,458s][info ][gc] GC(160) Pause Remark 234M->234M(256M) 0,249ms
[2020-10-16T11:53:35.477+1000][208,532s][info ][gc] GC(160) Pause Cleanup 236M->236M(256M) 0,096ms
[2020-10-16T11:53:35.477+1000][208,533s][info ][gc] GC(160) Concurrent Cycle 241,582ms
[2020-10-16T11:53:35.613+1000][208,669s][info ][gc] GC(161) Pause Young (Normal) (G1 Evacuation Pause) 240M->230M(256M) 2,006ms
[2020-10-16T11:53:36.001+1000][209,056s][info ][gc] GC(162) Pause Young (Concurrent Start) (G1 Evacuation Pause) 240M->230M(256M) 1,649ms
[2020-10-16T11:53:36.001+1000][209,057s][info ][gc] GC(163) Concurrent Cycle
[2020-10-16T11:53:36.152+1000][209,207s][info ][gc] GC(163) Pause Remark 234M->234M(256M) 0,176ms
[2020-10-16T11:53:36.221+1000][209,277s][info ][gc] GC(163) Pause Cleanup 236M->236M(256M) 0,094ms
[2020-10-16T11:53:36.221+1000][209,277s][info ][gc] GC(163) Concurrent Cycle 220,186ms
[2020-10-16T11:53:36.408+1000][209,464s][info ][gc] GC(164) Pause Young (Normal) (G1 Evacuation Pause) 241M->231M(256M) 1,157ms
[2020-10-16T11:53:36.785+1000][209,841s][info ][gc] GC(165) Pause Young (Concurrent Start) (G1 Evacuation Pause) 241M->231M(256M) 1,239ms
[2020-10-16T11:53:36.785+1000][209,841s][info ][gc] GC(166) Concurrent Cycle
[2020-10-16T11:53:36.925+1000][209,981s][info ][gc] GC(166) Pause Remark 235M->235M(256M) 0,182ms
[2020-10-16T11:53:36.994+1000][210,050s][info ][gc] GC(166) Pause Cleanup 237M->237M(256M) 0,089ms
[2020-10-16T11:53:36.994+1000][210,050s][info ][gc] GC(166) Concurrent Cycle 209,042ms
[2020-10-16T11:53:37.163+1000][210,218s][info ][gc] GC(167) Pause Young (Normal) (G1 Evacuation Pause) 241M->232M(256M) 1,663ms
[2020-10-16T11:53:37.550+1000][210,606s][info ][gc] GC(168) Pause Young (Concurrent Start) (G1 Evacuation Pause) 242M->232M(256M) 1,129ms
[2020-10-16T11:53:37.550+1000][210,606s][info ][gc] GC(169) Concurrent Cycle
[2020-10-16T11:53:37.700+1000][210,756s][info ][gc] GC(169) Pause Remark 236M->236M(256M) 0,194ms
[2020-10-16T11:53:37.770+1000][210,826s][info ][gc] GC(169) Pause Cleanup 238M->238M(256M) 0,098ms
[2020-10-16T11:53:37.771+1000][210,826s][info ][gc] GC(169) Concurrent Cycle 220,661ms
[2020-10-16T11:53:37.958+1000][211,013s][info ][gc] GC(170) Pause Young (Normal) (G1 Evacuation Pause) 243M->233M(256M) 1,494ms
[2020-10-16T11:53:38.335+1000][211,391s][info ][gc] GC(171) Pause Young (Concurrent Start) (G1 Evacuation Pause) 243M->233M(256M) 1,228ms
[2020-10-16T11:53:38.335+1000][211,391s][info ][gc] GC(172) Concurrent Cycle
[2020-10-16T11:53:38.492+1000][211,547s][info ][gc] GC(172) Pause Remark 237M->237M(256M) 0,190ms
[2020-10-16T11:53:38.559+1000][211,615s][info ][gc] GC(172) Pause Cleanup 239M->239M(256M) 0,096ms
[2020-10-16T11:53:38.559+1000][211,615s][info ][gc] GC(172) Concurrent Cycle 224,146ms
[2020-10-16T11:53:38.712+1000][211,768s][info ][gc] GC(173) Pause Young (Normal) (G1 Evacuation Pause) 243M->234M(256M) 1,502ms
[2020-10-16T11:53:39.099+1000][212,155s][info ][gc] GC(174) Pause Young (Concurrent Start) (G1 Evacuation Pause) 244M->234M(256M) 0,922ms
[2020-10-16T11:53:39.099+1000][212,155s][info ][gc] GC(175) Concurrent Cycle
[2020-10-16T11:53:39.243+1000][212,299s][info ][gc] GC(175) Pause Remark 238M->238M(256M) 0,195ms
[2020-10-16T11:53:39.322+1000][212,377s][info ][gc] GC(175) Pause Cleanup 240M->240M(256M) 0,092ms
[2020-10-16T11:53:39.322+1000][212,377s][info ][gc] GC(175) Concurrent Cycle 222,477ms
[2020-10-16T11:53:39.506+1000][212,562s][info ][gc] GC(176) Pause Young (Normal) (G1 Evacuation Pause) 245M->234M(256M) 0,905ms
[2020-10-16T11:53:39.884+1000][212,940s][info ][gc] GC(177) Pause Young (Concurrent Start) (G1 Evacuation Pause) 244M->235M(256M) 2,072ms
[2020-10-16T11:53:39.884+1000][212,940s][info ][gc] GC(178) Concurrent Cycle
[2020-10-16T11:53:40.032+1000][213,088s][info ][gc] GC(178) Pause Remark 239M->239M(256M) 0,261ms
[2020-10-16T11:53:40.113+1000][213,168s][info ][gc] GC(178) Pause Cleanup 241M->241M(256M) 0,109ms
[2020-10-16T11:53:40.113+1000][213,169s][info ][gc] GC(178) Concurrent Cycle 228,801ms
[2020-10-16T11:53:40.261+1000][213,316s][info ][gc] GC(179) Pause Young (Normal) (G1 Evacuation Pause) 245M->235M(256M) 1,146ms
[2020-10-16T11:53:40.648+1000][213,704s][info ][gc] GC(180) Pause Young (Concurrent Start) (G1 Evacuation Pause) 245M->235M(256M) 1,281ms
[2020-10-16T11:53:40.648+1000][213,704s][info ][gc] GC(181) Concurrent Cycle
[2020-10-16T11:53:40.793+1000][213,849s][info ][gc] GC(181) Pause Remark 240M->240M(256M) 0,209ms
[2020-10-16T11:53:40.867+1000][213,922s][info ][gc] GC(181) Pause Cleanup 241M->241M(256M) 0,097ms
[2020-10-16T11:53:40.867+1000][213,923s][info ][gc] GC(181) Concurrent Cycle 218,945ms
[2020-10-16T11:53:41.056+1000][214,111s][info ][gc] GC(182) Pause Young (Normal) (G1 Evacuation Pause) 246M->236M(256M) 1,415ms
[2020-10-16T11:53:41.433+1000][214,489s][info ][gc] GC(183) Pause Young (Concurrent Start) (G1 Evacuation Pause) 246M->237M(256M) 1,489ms
[2020-10-16T11:53:41.433+1000][214,489s][info ][gc] GC(184) Concurrent Cycle
[2020-10-16T11:53:41.589+1000][214,644s][info ][gc] GC(184) Pause Remark 241M->241M(256M) 0,199ms
[2020-10-16T11:53:41.662+1000][214,718s][info ][gc] GC(184) Pause Cleanup 243M->243M(256M) 0,103ms
[2020-10-16T11:53:41.662+1000][214,718s][info ][gc] GC(184) Concurrent Cycle 229,136ms
[2020-10-16T11:53:41.811+1000][214,866s][info ][gc] GC(185) Pause Young (Normal) (G1 Evacuation Pause) 247M->237M(256M) 2,044ms
[2020-10-16T11:53:42.197+1000][215,253s][info ][gc] GC(186) Pause Young (Concurrent Start) (G1 Evacuation Pause) 247M->237M(256M) 0,882ms
[2020-10-16T11:53:42.198+1000][215,253s][info ][gc] GC(187) Concurrent Cycle
[2020-10-16T11:53:42.346+1000][215,401s][info ][gc] GC(187) Pause Remark 241M->241M(256M) 0,233ms
[2020-10-16T11:53:42.414+1000][215,469s][info ][gc] GC(187) Pause Cleanup 243M->243M(256M) 0,108ms
[2020-10-16T11:53:42.414+1000][215,470s][info ][gc] GC(187) Concurrent Cycle 216,492ms
[2020-10-16T11:53:42.604+1000][215,660s][info ][gc] GC(188) Pause Young (Normal) (G1 Evacuation Pause) 248M->238M(256M) 0,867ms
[2020-10-16T11:53:42.982+1000][216,038s][info ][gc] GC(189) Pause Young (Concurrent Start) (G1 Evacuation Pause) 248M->238M(256M) 1,744ms
[2020-10-16T11:53:42.982+1000][216,038s][info ][gc] GC(190) Concurrent Cycle
[2020-10-16T11:53:43.129+1000][216,185s][info ][gc] GC(190) Pause Remark 242M->242M(256M) 0,213ms
[2020-10-16T11:53:43.200+1000][216,255s][info ][gc] GC(190) Pause Cleanup 244M->244M(256M) 0,088ms
[2020-10-16T11:53:43.200+1000][216,255s][info ][gc] GC(190) Concurrent Cycle 217,715ms
[2020-10-16T11:53:43.359+1000][216,415s][info ][gc] GC(191) Pause Young (Normal) (G1 Evacuation Pause) 248M->239M(256M) 1,240ms
[2020-10-16T11:53:43.747+1000][216,802s][info ][gc] GC(192) Pause Young (Concurrent Start) (G1 Evacuation Pause) 249M->239M(256M) 1,817ms
[2020-10-16T11:53:43.747+1000][216,803s][info ][gc] GC(193) Concurrent Cycle
[2020-10-16T11:53:43.901+1000][216,956s][info ][gc] GC(193) Pause Remark 243M->243M(256M) 0,183ms
[2020-10-16T11:53:43.971+1000][217,027s][info ][gc] GC(193) Pause Cleanup 245M->245M(256M) 0,091ms
[2020-10-16T11:53:43.972+1000][217,027s][info ][gc] GC(193) Concurrent Cycle 224,644ms
[2020-10-16T11:53:44.155+1000][217,211s][info ][gc] GC(194) Pause Young (Normal) (G1 Evacuation Pause) 250M->240M(256M) 1,773ms
[2020-10-16T11:53:44.533+1000][217,588s][info ][gc] GC(195) Pause Young (Concurrent Start) (G1 Evacuation Pause) 250M->240M(256M) 1,510ms
[2020-10-16T11:53:44.533+1000][217,588s][info ][gc] GC(196) Concurrent Cycle
[2020-10-16T11:53:44.682+1000][217,737s][info ][gc] GC(196) Pause Remark 244M->244M(256M) 0,189ms
[2020-10-16T11:53:44.754+1000][217,810s][info ][gc] GC(196) Pause Cleanup 246M->246M(256M) 0,121ms
[2020-10-16T11:53:44.754+1000][217,810s][info ][gc] GC(196) Concurrent Cycle 221,740ms
[2020-10-16T11:53:44.910+1000][217,966s][info ][gc] GC(197) Pause Young (Normal) (G1 Evacuation Pause) 250M->241M(256M) 1,847ms
[2020-10-16T11:53:45.298+1000][218,353s][info ][gc] GC(198) Pause Young (Concurrent Start) (G1 Evacuation Pause) 251M->241M(256M) 1,334ms
[2020-10-16T11:53:45.298+1000][218,353s][info ][gc] GC(199) Concurrent Cycle
[2020-10-16T11:53:45.449+1000][218,505s][info ][gc] GC(199) Pause Remark 245M->245M(256M) 0,191ms
[2020-10-16T11:53:45.520+1000][218,575s][info ][gc] GC(199) Pause Cleanup 247M->247M(256M) 0,106ms
[2020-10-16T11:53:45.520+1000][218,576s][info ][gc] GC(199) Concurrent Cycle 222,322ms
[2020-10-16T11:53:45.706+1000][218,761s][info ][gc] GC(200) Pause Young (Normal) (G1 Evacuation Pause) 252M->241M(256M) 1,390ms
[2020-10-16T11:53:46.084+1000][219,139s][info ][gc] GC(201) Pause Young (Concurrent Start) (G1 Evacuation Pause) 251M->242M(256M) 2,038ms
[2020-10-16T11:53:46.084+1000][219,140s][info ][gc] GC(202) Concurrent Cycle
[2020-10-16T11:53:46.236+1000][219,292s][info ][gc] GC(202) Pause Remark 246M->246M(256M) 0,209ms
[2020-10-16T11:53:46.313+1000][219,369s][info ][gc] GC(202) Pause Cleanup 248M->248M(256M) 0,145ms
[2020-10-16T11:53:46.314+1000][219,369s][info ][gc] GC(202) Concurrent Cycle 229,601ms
[2020-10-16T11:53:46.502+1000][219,558s][info ][gc] GC(203) Pause Young (Normal) (G1 Evacuation Pause) 253M->242M(256M) 1,131ms
[2020-10-16T11:53:46.921+1000][219,977s][info ][gc] GC(204) To-space exhausted
[2020-10-16T11:53:46.921+1000][219,977s][info ][gc] GC(204) Pause Young (Concurrent Start) (G1 Evacuation Pause) 253M->247M(256M) 2,012ms
[2020-10-16T11:53:46.921+1000][219,977s][info ][gc] GC(205) Concurrent Cycle
[2020-10-16T11:53:47.073+1000][220,129s][info ][gc] GC(205) Pause Remark 251M->251M(256M) 0,206ms
[2020-10-16T11:53:47.151+1000][220,206s][info ][gc] GC(205) Pause Cleanup 254M->254M(256M) 0,106ms
[2020-10-16T11:53:47.151+1000][220,207s][info ][gc] GC(205) Concurrent Cycle 229,987ms
[2020-10-16T11:53:47.188+1000][220,244s][info ][gc] GC(206) To-space exhausted
[2020-10-16T11:53:47.189+1000][220,244s][info ][gc] GC(206) Pause Young (Normal) (G1 Evacuation Pause) 254M->254M(256M) 3,518ms
[2020-10-16T11:53:47.306+1000][220,362s][info ][gc] GC(207) Pause Full (G1 Evacuation Pause) 254M->231M(256M) 117,365ms
[2020-10-16T11:53:47.765+1000][220,820s][info ][gc] GC(208) Pause Young (Concurrent Start) (G1 Evacuation Pause) 243M->232M(256M) 1,076ms
[2020-10-16T11:53:47.765+1000][220,820s][info ][gc] GC(209) Concurrent Cycle
[2020-10-16T11:53:47.962+1000][221,017s][info ][gc] GC(209) Pause Remark 237M->237M(256M) 0,212ms
[2020-10-16T11:53:48.065+1000][221,120s][info ][gc] GC(209) Pause Cleanup 240M->240M(256M) 0,137ms
[2020-10-16T11:53:48.065+1000][221,120s][info ][gc] GC(209) Concurrent Cycle 300,027ms
[2020-10-16T11:53:48.173+1000][221,229s][info ][gc] GC(210) Pause Young (Normal) (G1 Evacuation Pause) 243M->232M(256M) 1,623ms
[2020-10-16T11:53:48.551+1000][221,606s][info ][gc] GC(211) Pause Young (Concurrent Start) (G1 Evacuation Pause) 242M->233M(256M) 0,985ms
[2020-10-16T11:53:48.551+1000][221,607s][info ][gc] GC(212) Concurrent Cycle
[2020-10-16T11:53:48.721+1000][221,777s][info ][gc] GC(212) Pause Remark 237M->237M(256M) 0,234ms
[2020-10-16T11:53:48.800+1000][221,855s][info ][gc] GC(212) Pause Cleanup 239M->239M(256M) 0,097ms
[2020-10-16T11:53:48.800+1000][221,856s][info ][gc] GC(212) Concurrent Cycle 249,065ms
[2020-10-16T11:53:48.928+1000][221,983s][info ][gc] GC(213) Pause Young (Normal) (G1 Evacuation Pause) 243M->233M(256M) 1,382ms
[2020-10-16T11:53:49.315+1000][222,370s][info ][gc] GC(214) Pause Young (Concurrent Start) (G1 Evacuation Pause) 243M->233M(256M) 0,863ms
[2020-10-16T11:53:49.315+1000][222,370s][info ][gc] GC(215) Concurrent Cycle
[2020-10-16T11:53:49.474+1000][222,529s][info ][gc] GC(215) Pause Remark 238M->238M(256M) 0,169ms
[2020-10-16T11:53:49.547+1000][222,603s][info ][gc] GC(215) Pause Cleanup 240M->240M(256M) 0,117ms
[2020-10-16T11:53:49.548+1000][222,603s][info ][gc] GC(215) Concurrent Cycle 232,832ms
[2020-10-16T11:53:49.722+1000][222,777s][info ][gc] GC(216) Pause Young (Normal) (G1 Evacuation Pause) 244M->234M(256M) 0,937ms
[2020-10-16T11:53:50.099+1000][223,154s][info ][gc] GC(217) Pause Young (Concurrent Start) (G1 Evacuation Pause) 244M->235M(256M) 1,354ms
[2020-10-16T11:53:50.099+1000][223,154s][info ][gc] GC(218) Concurrent Cycle
[2020-10-16T11:53:50.258+1000][223,314s][info ][gc] GC(218) Pause Remark 239M->239M(256M) 0,209ms
[2020-10-16T11:53:50.331+1000][223,387s][info ][gc] GC(218) Pause Cleanup 240M->240M(256M) 0,117ms
[2020-10-16T11:53:50.332+1000][223,387s][info ][gc] GC(218) Concurrent Cycle 232,843ms
[2020-10-16T11:53:50.475+1000][223,531s][info ][gc] GC(219) Pause Young (Normal) (G1 Evacuation Pause) 245M->235M(256M) 0,929ms
[2020-10-16T11:53:50.863+1000][223,918s][info ][gc] GC(220) Pause Young (Concurrent Start) (G1 Evacuation Pause) 245M->235M(256M) 1,574ms
[2020-10-16T11:53:50.863+1000][223,919s][info ][gc] GC(221) Concurrent Cycle
[2020-10-16T11:53:51.016+1000][224,072s][info ][gc] GC(221) Pause Remark 240M->240M(256M) 0,216ms
[2020-10-16T11:53:51.097+1000][224,152s][info ][gc] GC(221) Pause Cleanup 242M->242M(256M) 0,122ms
[2020-10-16T11:53:51.097+1000][224,152s][info ][gc] GC(221) Concurrent Cycle 233,886ms
[2020-10-16T11:53:51.270+1000][224,326s][info ][gc] GC(222) Pause Young (Normal) (G1 Evacuation Pause) 246M->236M(256M) 1,036ms
[2020-10-16T11:53:51.648+1000][224,704s][info ][gc] GC(223) Pause Young (Concurrent Start) (G1 Evacuation Pause) 246M->236M(256M) 1,961ms
[2020-10-16T11:53:51.648+1000][224,704s][info ][gc] GC(224) Concurrent Cycle
[2020-10-16T11:53:51.805+1000][224,861s][info ][gc] GC(224) Pause Remark 240M->240M(256M) 0,210ms
[2020-10-16T11:53:51.878+1000][224,933s][info ][gc] GC(224) Pause Cleanup 242M->242M(256M) 0,087ms
[2020-10-16T11:53:51.878+1000][224,934s][info ][gc] GC(224) Concurrent Cycle 229,893ms
[2020-10-16T11:53:52.026+1000][225,082s][info ][gc] GC(225) Pause Young (Normal) (G1 Evacuation Pause) 246M->237M(256M) 2,113ms
[2020-10-16T11:53:52.414+1000][225,469s][info ][gc] GC(226) Pause Young (Concurrent Start) (G1 Evacuation Pause) 247M->237M(256M) 1,258ms
[2020-10-16T11:53:52.414+1000][225,469s][info ][gc] GC(227) Concurrent Cycle
[2020-10-16T11:53:52.578+1000][225,633s][info ][gc] GC(227) Pause Remark 241M->241M(256M) 0,169ms
[2020-10-16T11:53:52.652+1000][225,708s][info ][gc] GC(227) Pause Cleanup 243M->243M(256M) 0,111ms
[2020-10-16T11:53:52.653+1000][225,708s][info ][gc] GC(227) Concurrent Cycle 238,990ms
[2020-10-16T11:53:52.822+1000][225,877s][info ][gc] GC(228) Pause Young (Normal) (G1 Evacuation Pause) 248M->237M(256M) 1,744ms
[2020-10-16T11:53:53.199+1000][226,255s][info ][gc] GC(229) Pause Young (Concurrent Start) (G1 Evacuation Pause) 247M->238M(256M) 1,080ms
[2020-10-16T11:53:53.199+1000][226,255s][info ][gc] GC(230) Concurrent Cycle
[2020-10-16T11:53:53.361+1000][226,417s][info ][gc] GC(230) Pause Remark 242M->242M(256M) 0,208ms
[2020-10-16T11:53:53.433+1000][226,488s][info ][gc] GC(230) Pause Cleanup 244M->244M(256M) 0,082ms
[2020-10-16T11:53:53.433+1000][226,489s][info ][gc] GC(230) Concurrent Cycle 234,056ms
[2020-10-16T11:53:53.576+1000][226,632s][info ][gc] GC(231) Pause Young (Normal) (G1 Evacuation Pause) 248M->238M(256M) 1,431ms
[2020-10-16T11:53:53.993+1000][227,049s][info ][gc] GC(232) Pause Young (Concurrent Start) (G1 Evacuation Pause) 249M->239M(256M) 0,901ms
[2020-10-16T11:53:53.993+1000][227,049s][info ][gc] GC(233) Concurrent Cycle
[2020-10-16T11:53:54.146+1000][227,202s][info ][gc] GC(233) Pause Remark 243M->243M(256M) 0,212ms
[2020-10-16T11:53:54.222+1000][227,277s][info ][gc] GC(233) Pause Cleanup 245M->245M(256M) 0,087ms
[2020-10-16T11:53:54.222+1000][227,277s][info ][gc] GC(233) Concurrent Cycle 228,380ms
[2020-10-16T11:53:54.412+1000][227,467s][info ][gc] GC(234) To-space exhausted
[2020-10-16T11:53:54.412+1000][227,467s][info ][gc] GC(234) Pause Young (Normal) (G1 Evacuation Pause) 250M->243M(256M) 2,215ms
[2020-10-16T11:53:54.722+1000][227,777s][info ][gc] GC(235) To-space exhausted
[2020-10-16T11:53:54.722+1000][227,778s][info ][gc] GC(235) Pause Young (Concurrent Start) (G1 Evacuation Pause) 251M->251M(256M) 5,036ms
[2020-10-16T11:53:54.722+1000][227,778s][info ][gc] GC(237) Concurrent Cycle
[2020-10-16T11:53:54.722+1000][227,778s][debug][gc] GC(236) Clear Next Bitmap 0,217ms
[2020-10-16T11:53:54.827+1000][227,883s][info ][gc] GC(236) Pause Full (G1 Evacuation Pause) 251M->239M(256M) 104,985ms
[2020-10-16T11:53:54.827+1000][227,883s][info ][gc] GC(237) Concurrent Cycle 105,304ms
[2020-10-16T11:53:55.247+1000][228,302s][info ][gc] GC(238) To-space exhausted
[2020-10-16T11:53:55.247+1000][228,303s][info ][gc] GC(238) Pause Young (Normal) (G1 Evacuation Pause) 250M->250M(256M) 3,187ms
[2020-10-16T11:53:55.361+1000][228,417s][info ][gc] GC(239) Pause Full (G1 Evacuation Pause) 250M->239M(256M) 114,080ms
[2020-10-16T11:53:55.740+1000][228,795s][info ][gc] GC(240) To-space exhausted
[2020-10-16T11:53:55.740+1000][228,795s][info ][gc] GC(240) Pause Young (Concurrent Start) (G1 Evacuation Pause) 249M->249M(256M) 2,287ms
[2020-10-16T11:53:55.740+1000][228,795s][info ][gc] GC(242) Concurrent Cycle
[2020-10-16T11:53:55.740+1000][228,795s][debug][gc] GC(241) Clear Next Bitmap 0,203ms
[2020-10-16T11:53:55.852+1000][228,907s][info ][gc] GC(241) Pause Full (G1 Evacuation Pause) 249M->240M(256M) 111,847ms
[2020-10-16T11:53:55.852+1000][228,907s][info ][gc] GC(242) Concurrent Cycle 112,121ms
[2020-10-16T11:53:56.302+1000][229,357s][info ][gc] GC(243) To-space exhausted
[2020-10-16T11:53:56.302+1000][229,357s][info ][gc] GC(243) Pause Young (Normal) (G1 Evacuation Pause) 252M->252M(256M) 3,453ms
[2020-10-16T11:53:56.402+1000][229,458s][info ][gc] GC(244) Pause Full (G1 Evacuation Pause) 252M->240M(256M) 99,998ms
[2020-10-16T11:53:56.822+1000][229,878s][info ][gc] GC(245) To-space exhausted
[2020-10-16T11:53:56.823+1000][229,878s][info ][gc] GC(245) Pause Young (Concurrent Start) (G1 Evacuation Pause) 251M->251M(256M) 3,898ms
[2020-10-16T11:53:56.823+1000][229,878s][info ][gc] GC(247) Concurrent Cycle
[2020-10-16T11:53:56.823+1000][229,878s][debug][gc] GC(246) Clear Next Bitmap 0,181ms
[2020-10-16T11:53:56.928+1000][229,983s][info ][gc] GC(246) Pause Full (G1 Evacuation Pause) 251M->241M(256M) 105,041ms
[2020-10-16T11:53:56.928+1000][229,983s][info ][gc] GC(247) Concurrent Cycle 105,271ms
[2020-10-16T11:53:57.378+1000][230,433s][info ][gc] GC(248) To-space exhausted
[2020-10-16T11:53:57.378+1000][230,433s][info ][gc] GC(248) Pause Young (Normal) (G1 Evacuation Pause) 253M->253M(256M) 3,004ms
[2020-10-16T11:53:57.485+1000][230,540s][info ][gc] GC(249) Pause Full (G1 Evacuation Pause) 253M->241M(256M) 107,066ms
[2020-10-16T11:53:57.833+1000][230,889s][info ][gc] GC(250) To-space exhausted
[2020-10-16T11:53:57.833+1000][230,889s][info ][gc] GC(250) Pause Young (Concurrent Start) (G1 Evacuation Pause) 250M->250M(256M) 2,544ms
[2020-10-16T11:53:57.833+1000][230,889s][info ][gc] GC(252) Concurrent Cycle
[2020-10-16T11:53:57.833+1000][230,889s][debug][gc] GC(251) Clear Next Bitmap 0,170ms
[2020-10-16T11:53:57.940+1000][230,996s][info ][gc] GC(251) Pause Full (G1 Evacuation Pause) 250M->241M(256M) 107,194ms
[2020-10-16T11:53:57.940+1000][230,996s][info ][gc] GC(252) Concurrent Cycle 107,350ms
[2020-10-16T11:53:58.278+1000][231,334s][info ][gc] GC(253) To-space exhausted
[2020-10-16T11:53:58.278+1000][231,334s][info ][gc] GC(253) Pause Young (Normal) (G1 Evacuation Pause) 250M->250M(256M) 2,700ms
[2020-10-16T11:53:58.379+1000][231,435s][info ][gc] GC(254) Pause Full (G1 Evacuation Pause) 250M->242M(256M) 100,750ms
[2020-10-16T11:53:58.800+1000][231,856s][info ][gc] GC(255) To-space exhausted
[2020-10-16T11:53:58.800+1000][231,856s][info ][gc] GC(255) Pause Young (Concurrent Start) (G1 Evacuation Pause) 253M->253M(256M) 4,262ms
[2020-10-16T11:53:58.800+1000][231,856s][info ][gc] GC(257) Concurrent Cycle
[2020-10-16T11:53:58.800+1000][231,856s][debug][gc] GC(256) Clear Next Bitmap 0,188ms
[2020-10-16T11:53:58.908+1000][231,964s][info ][gc] GC(256) Pause Full (G1 Evacuation Pause) 253M->242M(256M) 107,986ms
[2020-10-16T11:53:58.908+1000][231,964s][info ][gc] GC(257) Concurrent Cycle 108,168ms
[2020-10-16T11:53:59.217+1000][232,273s][info ][gc] GC(258) To-space exhausted
[2020-10-16T11:53:59.218+1000][232,273s][info ][gc] GC(258) Pause Young (Normal) (G1 Evacuation Pause) 250M->250M(256M) 4,175ms
[2020-10-16T11:53:59.321+1000][232,377s][info ][gc] GC(259) Pause Full (G1 Evacuation Pause) 250M->243M(256M) 103,534ms
[2020-10-16T11:53:59.661+1000][232,717s][info ][gc] GC(260) To-space exhausted
[2020-10-16T11:53:59.661+1000][232,717s][info ][gc] GC(260) Pause Young (Concurrent Start) (G1 Evacuation Pause) 252M->252M(256M) 4,748ms
[2020-10-16T11:53:59.661+1000][232,717s][info ][gc] GC(262) Concurrent Cycle
[2020-10-16T11:53:59.662+1000][232,717s][debug][gc] GC(261) Clear Next Bitmap 0,233ms
[2020-10-16T11:53:59.762+1000][232,818s][info ][gc] GC(261) Pause Full (G1 Evacuation Pause) 252M->243M(256M) 100,724ms
[2020-10-16T11:53:59.762+1000][232,818s][info ][gc] GC(262) Concurrent Cycle 100,873ms
[2020-10-16T11:54:00.069+1000][233,125s][info ][gc] GC(263) To-space exhausted
[2020-10-16T11:54:00.070+1000][233,125s][info ][gc] GC(263) Pause Young (Normal) (G1 Evacuation Pause) 251M->251M(256M) 2,192ms
[2020-10-16T11:54:00.182+1000][233,237s][info ][gc] GC(264) Pause Full (G1 Evacuation Pause) 251M->243M(256M) 112,012ms
[2020-10-16T11:54:00.521+1000][233,577s][info ][gc] GC(265) To-space exhausted
[2020-10-16T11:54:00.521+1000][233,577s][info ][gc] GC(265) Pause Young (Concurrent Start) (G1 Evacuation Pause) 252M->252M(256M) 4,025ms
[2020-10-16T11:54:00.521+1000][233,577s][info ][gc] GC(267) Concurrent Cycle
[2020-10-16T11:54:00.521+1000][233,577s][debug][gc] GC(266) Clear Next Bitmap 0,193ms
[2020-10-16T11:54:00.624+1000][233,680s][info ][gc] GC(266) Pause Full (G1 Evacuation Pause) 252M->244M(256M) 103,132ms
[2020-10-16T11:54:00.624+1000][233,680s][info ][gc] GC(267) Concurrent Cycle 103,237ms
[2020-10-16T11:54:00.932+1000][233,988s][info ][gc] GC(268) To-space exhausted
[2020-10-16T11:54:00.932+1000][233,988s][info ][gc] GC(268) Pause Young (Normal) (G1 Evacuation Pause) 252M->252M(256M) 2,757ms
[2020-10-16T11:54:01.038+1000][234,093s][info ][gc] GC(269) Pause Full (G1 Evacuation Pause) 252M->244M(256M) 105,682ms
[2020-10-16T11:54:01.346+1000][234,401s][info ][gc] GC(270) To-space exhausted
[2020-10-16T11:54:01.346+1000][234,401s][info ][gc] GC(270) Pause Young (Concurrent Start) (G1 Evacuation Pause) 252M->252M(256M) 3,268ms
[2020-10-16T11:54:01.346+1000][234,402s][info ][gc] GC(272) Concurrent Cycle
[2020-10-16T11:54:01.346+1000][234,402s][debug][gc] GC(271) Clear Next Bitmap 0,260ms
[2020-10-16T11:54:01.448+1000][234,504s][info ][gc] GC(271) Pause Full (G1 Evacuation Pause) 252M->244M(256M) 102,317ms
[2020-10-16T11:54:01.448+1000][234,504s][info ][gc] GC(272) Concurrent Cycle 102,527ms
[2020-10-16T11:54:01.746+1000][234,802s][info ][gc] GC(273) To-space exhausted
[2020-10-16T11:54:01.746+1000][234,802s][info ][gc] GC(273) Pause Young (Normal) (G1 Evacuation Pause) 252M->252M(256M) 2,764ms
[2020-10-16T11:54:01.848+1000][234,903s][info ][gc] GC(274) Pause Full (G1 Evacuation Pause) 252M->245M(256M) 101,535ms
[2020-10-16T11:54:02.115+1000][235,171s][info ][gc] GC(275) To-space exhausted
[2020-10-16T11:54:02.115+1000][235,171s][info ][gc] GC(275) Pause Young (Concurrent Start) (G1 Evacuation Pause) 252M->252M(256M) 3,545ms
[2020-10-16T11:54:02.115+1000][235,171s][info ][gc] GC(277) Concurrent Cycle
[2020-10-16T11:54:02.116+1000][235,171s][debug][gc] GC(276) Clear Next Bitmap 0,199ms
[2020-10-16T11:54:02.220+1000][235,276s][info ][gc] GC(276) Pause Full (G1 Evacuation Pause) 252M->245M(256M) 104,835ms
[2020-10-16T11:54:02.221+1000][235,276s][info ][gc] GC(277) Concurrent Cycle 105,029ms
[2020-10-16T11:54:02.487+1000][235,543s][info ][gc] GC(278) To-space exhausted
[2020-10-16T11:54:02.487+1000][235,543s][info ][gc] GC(278) Pause Young (Normal) (G1 Evacuation Pause) 252M->252M(256M) 2,699ms
[2020-10-16T11:54:02.591+1000][235,646s][info ][gc] GC(279) Pause Full (G1 Evacuation Pause) 252M->245M(256M) 103,118ms
[2020-10-16T11:54:02.859+1000][235,915s][info ][gc] GC(280) To-space exhausted
[2020-10-16T11:54:02.859+1000][235,915s][info ][gc] GC(280) Pause Young (Concurrent Start) (G1 Evacuation Pause) 252M->252M(256M) 4,094ms
[2020-10-16T11:54:02.859+1000][235,915s][info ][gc] GC(282) Concurrent Cycle
[2020-10-16T11:54:02.860+1000][235,915s][debug][gc] GC(281) Clear Next Bitmap 0,324ms
[2020-10-16T11:54:02.969+1000][236,025s][info ][gc] GC(281) Pause Full (G1 Evacuation Pause) 252M->245M(256M) 109,534ms
[2020-10-16T11:54:02.969+1000][236,025s][info ][gc] GC(282) Concurrent Cycle 109,739ms
[2020-10-16T11:54:03.276+1000][236,331s][info ][gc] GC(283) To-space exhausted
[2020-10-16T11:54:03.276+1000][236,331s][info ][gc] GC(283) Pause Young (Normal) (G1 Evacuation Pause) 253M->253M(256M) 1,789ms
[2020-10-16T11:54:03.378+1000][236,434s][info ][gc] GC(284) Pause Full (G1 Evacuation Pause) 253M->246M(256M) 102,402ms
[2020-10-16T11:54:03.647+1000][236,702s][info ][gc] GC(285) To-space exhausted
[2020-10-16T11:54:03.647+1000][236,703s][info ][gc] GC(285) Pause Young (Concurrent Start) (G1 Evacuation Pause) 253M->253M(256M) 4,436ms
[2020-10-16T11:54:03.647+1000][236,703s][info ][gc] GC(287) Concurrent Cycle
[2020-10-16T11:54:03.647+1000][236,703s][debug][gc] GC(286) Clear Next Bitmap 0,304ms
[2020-10-16T11:54:03.754+1000][236,810s][info ][gc] GC(286) Pause Full (G1 Evacuation Pause) 253M->246M(256M) 107,351ms
[2020-10-16T11:54:03.755+1000][236,810s][info ][gc] GC(287) Concurrent Cycle 107,565ms
[2020-10-16T11:54:04.023+1000][237,078s][info ][gc] GC(288) To-space exhausted
[2020-10-16T11:54:04.023+1000][237,078s][info ][gc] GC(288) Pause Young (Normal) (G1 Evacuation Pause) 253M->253M(256M) 3,981ms
[2020-10-16T11:54:04.131+1000][237,187s][info ][gc] GC(289) Pause Full (G1 Evacuation Pause) 253M->246M(256M) 108,312ms
[2020-10-16T11:54:04.358+1000][237,414s][info ][gc] GC(290) To-space exhausted
[2020-10-16T11:54:04.358+1000][237,414s][info ][gc] GC(290) Pause Young (Concurrent Start) (G1 Evacuation Pause) 252M->252M(256M) 3,350ms
[2020-10-16T11:54:04.358+1000][237,414s][info ][gc] GC(292) Concurrent Cycle
[2020-10-16T11:54:04.359+1000][237,414s][debug][gc] GC(291) Clear Next Bitmap 0,185ms
[2020-10-16T11:54:04.462+1000][237,517s][info ][gc] GC(291) Pause Full (G1 Evacuation Pause) 252M->247M(256M) 103,375ms
[2020-10-16T11:54:04.462+1000][237,517s][info ][gc] GC(292) Concurrent Cycle 103,559ms
[2020-10-16T11:54:04.657+1000][237,713s][info ][gc] GC(293) To-space exhausted
[2020-10-16T11:54:04.657+1000][237,713s][info ][gc] GC(293) Pause Young (Normal) (G1 Evacuation Pause) 252M->252M(256M) 2,411ms
[2020-10-16T11:54:04.759+1000][237,814s][info ][gc] GC(294) Pause Full (G1 Evacuation Pause) 252M->247M(256M) 101,540ms
[2020-10-16T11:54:04.944+1000][238,000s][info ][gc] GC(295) To-space exhausted
[2020-10-16T11:54:04.944+1000][238,000s][info ][gc] GC(295) Pause Young (Concurrent Start) (G1 Evacuation Pause) 252M->252M(256M) 2,460ms
[2020-10-16T11:54:04.944+1000][238,000s][info ][gc] GC(297) Concurrent Cycle
[2020-10-16T11:54:04.945+1000][238,000s][debug][gc] GC(296) Clear Next Bitmap 0,203ms
[2020-10-16T11:54:05.051+1000][238,106s][info ][gc] GC(296) Pause Full (G1 Evacuation Pause) 252M->247M(256M) 106,432ms
[2020-10-16T11:54:05.051+1000][238,106s][info ][gc] GC(297) Concurrent Cycle 106,650ms
[2020-10-16T11:54:05.247+1000][238,302s][info ][gc] GC(298) To-space exhausted
[2020-10-16T11:54:05.247+1000][238,302s][info ][gc] GC(298) Pause Young (Normal) (G1 Evacuation Pause) 252M->252M(256M) 2,815ms
[2020-10-16T11:54:05.352+1000][238,408s][info ][gc] GC(299) Pause Full (G1 Evacuation Pause) 252M->247M(256M) 105,067ms
[2020-10-16T11:54:05.537+1000][238,593s][info ][gc] GC(300) To-space exhausted
[2020-10-16T11:54:05.537+1000][238,593s][info ][gc] GC(300) Pause Young (Concurrent Start) (G1 Evacuation Pause) 252M->252M(256M) 2,097ms
[2020-10-16T11:54:05.537+1000][238,593s][info ][gc] GC(302) Concurrent Cycle
[2020-10-16T11:54:05.538+1000][238,593s][debug][gc] GC(301) Clear Next Bitmap 0,186ms
[2020-10-16T11:54:05.645+1000][238,700s][info ][gc] GC(301) Pause Full (G1 Evacuation Pause) 252M->247M(256M) 107,023ms
[2020-10-16T11:54:05.645+1000][238,700s][info ][gc] GC(302) Concurrent Cycle 107,214ms
[2020-10-16T11:54:05.798+1000][238,854s][info ][gc] GC(303) To-space exhausted
[2020-10-16T11:54:05.798+1000][238,854s][info ][gc] GC(303) Pause Young (Normal) (G1 Evacuation Pause) 251M->251M(256M) 1,478ms
[2020-10-16T11:54:05.901+1000][238,956s][info ][gc] GC(304) Pause Full (G1 Evacuation Pause) 251M->247M(256M) 102,087ms
[2020-10-16T11:54:06.015+1000][239,070s][info ][gc] GC(305) To-space exhausted
[2020-10-16T11:54:06.015+1000][239,070s][info ][gc] GC(305) Pause Young (Concurrent Start) (G1 Evacuation Pause) 250M->250M(256M) 2,423ms
[2020-10-16T11:54:06.015+1000][239,070s][info ][gc] GC(307) Concurrent Cycle
[2020-10-16T11:54:06.015+1000][239,071s][debug][gc] GC(306) Clear Next Bitmap 0,209ms
[2020-10-16T11:54:06.125+1000][239,180s][info ][gc] GC(306) Pause Full (G1 Evacuation Pause) 250M->248M(256M) 109,895ms
[2020-10-16T11:54:06.125+1000][239,180s][info ][gc] GC(307) Concurrent Cycle 110,020ms
[2020-10-16T11:54:06.238+1000][239,294s][info ][gc] GC(308) To-space exhausted
[2020-10-16T11:54:06.238+1000][239,294s][info ][gc] GC(308) Pause Young (Normal) (G1 Evacuation Pause) 251M->251M(256M) 1,428ms
[2020-10-16T11:54:06.342+1000][239,397s][info ][gc] GC(309) Pause Full (G1 Evacuation Pause) 251M->248M(256M) 103,364ms
[2020-10-16T11:54:06.497+1000][239,552s][info ][gc] GC(310) To-space exhausted
[2020-10-16T11:54:06.497+1000][239,552s][info ][gc] GC(310) Pause Young (Concurrent Start) (G1 Evacuation Pause) 252M->252M(256M) 2,337ms
[2020-10-16T11:54:06.497+1000][239,552s][info ][gc] GC(312) Concurrent Cycle
[2020-10-16T11:54:06.497+1000][239,552s][debug][gc] GC(311) Clear Next Bitmap 0,224ms
[2020-10-16T11:54:06.602+1000][239,658s][info ][gc] GC(311) Pause Full (G1 Evacuation Pause) 252M->248M(256M) 105,693ms
[2020-10-16T11:54:06.603+1000][239,658s][info ][gc] GC(312) Concurrent Cycle 105,886ms
[2020-10-16T11:54:06.716+1000][239,771s][info ][gc] GC(313) To-space exhausted
[2020-10-16T11:54:06.716+1000][239,772s][info ][gc] GC(313) Pause Young (Normal) (G1 Evacuation Pause) 251M->251M(256M) 1,635ms
[2020-10-16T11:54:06.830+1000][239,885s][info ][gc] GC(314) Pause Full (G1 Evacuation Pause) 251M->248M(256M) 113,897ms
[2020-10-16T11:54:06.944+1000][240,000s][info ][gc] GC(315) To-space exhausted
[2020-10-16T11:54:06.945+1000][240,000s][info ][gc] GC(315) Pause Young (Concurrent Start) (G1 Evacuation Pause) 251M->251M(256M) 2,740ms
[2020-10-16T11:54:06.945+1000][240,000s][info ][gc] GC(317) Concurrent Cycle
[2020-10-16T11:54:06.945+1000][240,001s][debug][gc] GC(316) Clear Next Bitmap 0,219ms
[2020-10-16T11:54:07.053+1000][240,108s][info ][gc] GC(316) Pause Full (G1 Evacuation Pause) 251M->248M(256M) 107,908ms
[2020-10-16T11:54:07.053+1000][240,108s][info ][gc] GC(317) Concurrent Cycle 108,119ms
[2020-10-16T11:54:07.248+1000][240,303s][info ][gc] GC(318) To-space exhausted
[2020-10-16T11:54:07.248+1000][240,303s][info ][gc] GC(318) Pause Young (Normal) (G1 Evacuation Pause) 253M->253M(256M) 2,058ms
[2020-10-16T11:54:07.352+1000][240,408s][info ][gc] GC(319) Pause Full (G1 Evacuation Pause) 253M->248M(256M) 104,488ms
[2020-10-16T11:54:07.465+1000][240,521s][info ][gc] GC(320) To-space exhausted
[2020-10-16T11:54:07.465+1000][240,521s][info ][gc] GC(320) Pause Young (Concurrent Start) (G1 Evacuation Pause) 251M->251M(256M) 1,445ms
[2020-10-16T11:54:07.465+1000][240,521s][info ][gc] GC(321) Concurrent Cycle
[2020-10-16T11:54:07.466+1000][240,521s][debug][gc] GC(322) Clear Next Bitmap 0,163ms
[2020-10-16T11:54:07.575+1000][240,631s][info ][gc] GC(322) Pause Full (G1 Evacuation Pause) 251M->248M(256M) 109,813ms
[2020-10-16T11:54:07.575+1000][240,631s][info ][gc] GC(321) Concurrent Cycle 109,915ms
[2020-10-16T11:54:07.689+1000][240,745s][info ][gc] GC(323) To-space exhausted
[2020-10-16T11:54:07.690+1000][240,745s][info ][gc] GC(323) Pause Young (Normal) (G1 Evacuation Pause) 251M->251M(256M) 2,325ms
[2020-10-16T11:54:07.807+1000][240,862s][info ][gc] GC(324) Pause Full (G1 Evacuation Pause) 251M->249M(256M) 117,034ms
[2020-10-16T11:54:07.961+1000][241,016s][info ][gc] GC(325) To-space exhausted
[2020-10-16T11:54:07.961+1000][241,016s][info ][gc] GC(325) Pause Young (Concurrent Start) (G1 Evacuation Pause) 253M->253M(256M) 1,765ms
[2020-10-16T11:54:07.961+1000][241,016s][info ][gc] GC(327) Concurrent Cycle
[2020-10-16T11:54:07.961+1000][241,017s][debug][gc] GC(326) Clear Next Bitmap 0,190ms
[2020-10-16T11:54:08.078+1000][241,134s][info ][gc] GC(326) Pause Full (G1 Evacuation Pause) 253M->249M(256M) 117,326ms
[2020-10-16T11:54:08.078+1000][241,134s][info ][gc] GC(327) Concurrent Cycle 117,421ms
[2020-10-16T11:54:08.192+1000][241,248s][info ][gc] GC(328) To-space exhausted
[2020-10-16T11:54:08.192+1000][241,248s][info ][gc] GC(328) Pause Young (Normal) (G1 Evacuation Pause) 252M->252M(256M) 2,151ms
[2020-10-16T11:54:08.302+1000][241,357s][info ][gc] GC(329) Pause Full (G1 Evacuation Pause) 252M->249M(256M) 109,420ms
[2020-10-16T11:54:08.456+1000][241,512s][info ][gc] GC(330) To-space exhausted
[2020-10-16T11:54:08.456+1000][241,512s][info ][gc] GC(330) Pause Young (Concurrent Start) (G1 Evacuation Pause) 253M->253M(256M) 2,061ms
[2020-10-16T11:54:08.456+1000][241,512s][info ][gc] GC(332) Concurrent Cycle
[2020-10-16T11:54:08.457+1000][241,512s][debug][gc] GC(331) Clear Next Bitmap 0,183ms
[2020-10-16T11:54:08.571+1000][241,626s][info ][gc] GC(331) Pause Full (G1 Evacuation Pause) 253M->249M(256M) 114,264ms
[2020-10-16T11:54:08.571+1000][241,626s][info ][gc] GC(332) Concurrent Cycle 114,356ms
[2020-10-16T11:54:08.684+1000][241,740s][info ][gc] GC(333) To-space exhausted
[2020-10-16T11:54:08.685+1000][241,740s][info ][gc] GC(333) Pause Young (Normal) (G1 Evacuation Pause) 252M->252M(256M) 1,948ms
[2020-10-16T11:54:08.799+1000][241,854s][info ][gc] GC(334) Pause Full (G1 Evacuation Pause) 252M->249M(256M) 113,986ms
[2020-10-16T11:54:08.953+1000][242,008s][info ][gc] GC(335) To-space exhausted
[2020-10-16T11:54:08.953+1000][242,008s][info ][gc] GC(335) Pause Young (Concurrent Start) (G1 Evacuation Pause) 253M->253M(256M) 1,863ms
[2020-10-16T11:54:08.953+1000][242,009s][info ][gc] GC(337) Concurrent Cycle
[2020-10-16T11:54:08.953+1000][242,009s][debug][gc] GC(336) Clear Next Bitmap 0,237ms
[2020-10-16T11:54:09.063+1000][242,119s][info ][gc] GC(336) Pause Full (G1 Evacuation Pause) 253M->249M(256M) 110,523ms
[2020-10-16T11:54:09.064+1000][242,119s][info ][gc] GC(337) Concurrent Cycle 110,614ms
[2020-10-16T11:54:09.219+1000][242,274s][info ][gc] GC(338) To-space exhausted
[2020-10-16T11:54:09.219+1000][242,275s][info ][gc] GC(338) Pause Young (Normal) (G1 Evacuation Pause) 253M->253M(256M) 3,163ms
[2020-10-16T11:54:09.326+1000][242,381s][info ][gc] GC(339) Pause Full (G1 Evacuation Pause) 253M->249M(256M) 106,743ms
[2020-10-16T11:54:09.440+1000][242,495s][info ][gc] GC(340) To-space exhausted
[2020-10-16T11:54:09.440+1000][242,495s][info ][gc] GC(340) Pause Young (Concurrent Start) (G1 Evacuation Pause) 252M->252M(256M) 1,855ms
[2020-10-16T11:54:09.440+1000][242,495s][info ][gc] GC(342) Concurrent Cycle
[2020-10-16T11:54:09.440+1000][242,495s][debug][gc] GC(341) Clear Next Bitmap 0,163ms
[2020-10-16T11:54:09.545+1000][242,600s][info ][gc] GC(341) Pause Full (G1 Evacuation Pause) 252M->250M(256M) 105,039ms
[2020-10-16T11:54:09.545+1000][242,600s][info ][gc] GC(342) Concurrent Cycle 105,150ms
[2020-10-16T11:54:09.618+1000][242,673s][info ][gc] GC(343) To-space exhausted
[2020-10-16T11:54:09.618+1000][242,673s][info ][gc] GC(343) Pause Young (Normal) (G1 Evacuation Pause) 252M->252M(256M) 1,901ms
[2020-10-16T11:54:09.733+1000][242,788s][info ][gc] GC(344) Pause Full (G1 Evacuation Pause) 252M->250M(256M) 114,986ms
[2020-10-16T11:54:09.816+1000][242,872s][info ][gc] GC(345) To-space exhausted
[2020-10-16T11:54:09.829+1000][242,885s][info ][gc] GC(345) Pause Young (Concurrent Start) (G1 Evacuation Pause) 252M->252M(256M) 14,672ms
[2020-10-16T11:54:09.829+1000][242,885s][info ][gc] GC(347) Concurrent Cycle
[2020-10-16T11:54:09.829+1000][242,885s][debug][gc] GC(346) Clear Next Bitmap 0,219ms
[2020-10-16T11:54:09.937+1000][242,993s][info ][gc] GC(346) Pause Full (G1 Evacuation Pause) 252M->250M(256M) 108,398ms
[2020-10-16T11:54:09.938+1000][242,993s][info ][gc] GC(347) Concurrent Cycle 108,505ms
[2020-10-16T11:54:10.051+1000][243,107s][info ][gc] GC(348) To-space exhausted
[2020-10-16T11:54:10.052+1000][243,107s][info ][gc] GC(348) Pause Young (Normal) (G1 Evacuation Pause) 253M->253M(256M) 2,319ms
[2020-10-16T11:54:10.159+1000][243,214s][info ][gc] GC(349) Pause Full (G1 Evacuation Pause) 253M->250M(256M) 107,134ms
[2020-10-16T11:54:10.201+1000][243,257s][info ][gc] GC(350) To-space exhausted
[2020-10-16T11:54:10.202+1000][243,257s][info ][gc] GC(350) Pause Young (Concurrent Start) (G1 Evacuation Pause) 251M->251M(256M) 2,038ms
[2020-10-16T11:54:10.202+1000][243,257s][info ][gc] GC(352) Concurrent Cycle
[2020-10-16T11:54:10.202+1000][243,257s][debug][gc] GC(351) Clear Next Bitmap 0,198ms
[2020-10-16T11:54:10.308+1000][243,364s][info ][gc] GC(351) Pause Full (G1 Evacuation Pause) 251M->250M(256M) 106,831ms
[2020-10-16T11:54:10.309+1000][243,364s][info ][gc] GC(352) Concurrent Cycle 106,919ms
[2020-10-16T11:54:10.421+1000][243,477s][info ][gc] GC(353) To-space exhausted
[2020-10-16T11:54:10.421+1000][243,477s][info ][gc] GC(353) Pause Young (Normal) (G1 Evacuation Pause) 253M->253M(256M) 0,946ms
[2020-10-16T11:54:10.536+1000][243,592s][info ][gc] GC(354) Pause Full (G1 Evacuation Pause) 253M->250M(256M) 115,074ms
[2020-10-16T11:54:10.609+1000][243,664s][info ][gc] GC(355) To-space exhausted
[2020-10-16T11:54:10.609+1000][243,664s][info ][gc] GC(355) Pause Young (Concurrent Start) (G1 Evacuation Pause) 252M->252M(256M) 1,245ms
[2020-10-16T11:54:10.609+1000][243,664s][info ][gc] GC(357) Concurrent Cycle
[2020-10-16T11:54:10.609+1000][243,665s][debug][gc] GC(356) Clear Next Bitmap 0,166ms
[2020-10-16T11:54:10.726+1000][243,781s][info ][gc] GC(356) Pause Full (G1 Evacuation Pause) 252M->250M(256M) 116,854ms
[2020-10-16T11:54:10.726+1000][243,781s][info ][gc] GC(357) Concurrent Cycle 116,967ms
[2020-10-16T11:54:10.770+1000][243,826s][info ][gc] GC(358) To-space exhausted
[2020-10-16T11:54:10.770+1000][243,826s][info ][gc] GC(358) Pause Young (Normal) (G1 Evacuation Pause) 251M->251M(256M) 3,896ms
[2020-10-16T11:54:10.891+1000][243,947s][info ][gc] GC(359) Pause Full (G1 Evacuation Pause) 251M->250M(256M) 120,896ms
[2020-10-16T11:54:10.924+1000][243,979s][info ][gc] GC(360) To-space exhausted
[2020-10-16T11:54:10.924+1000][243,979s][info ][gc] GC(360) Pause Young (Concurrent Start) (G1 Evacuation Pause) 251M->251M(256M) 2,004ms
[2020-10-16T11:54:10.924+1000][243,979s][info ][gc] GC(362) Concurrent Cycle
[2020-10-16T11:54:10.924+1000][243,980s][debug][gc] GC(361) Clear Next Bitmap 0,188ms
[2020-10-16T11:54:11.034+1000][244,090s][info ][gc] GC(361) Pause Full (G1 Evacuation Pause) 251M->250M(256M) 110,228ms
[2020-10-16T11:54:11.034+1000][244,090s][info ][gc] GC(362) Concurrent Cycle 110,318ms
[2020-10-16T11:54:11.148+1000][244,204s][info ][gc] GC(363) To-space exhausted
[2020-10-16T11:54:11.148+1000][244,204s][info ][gc] GC(363) Pause Young (Normal) (G1 Evacuation Pause) 253M->253M(256M) 2,500ms
[2020-10-16T11:54:11.256+1000][244,312s][info ][gc] GC(364) Pause Full (G1 Evacuation Pause) 253M->250M(256M) 107,835ms
[2020-10-16T11:54:11.339+1000][244,394s][info ][gc] GC(365) To-space exhausted
[2020-10-16T11:54:11.339+1000][244,395s][info ][gc] GC(365) Pause Young (Concurrent Start) (G1 Evacuation Pause) 252M->252M(256M) 1,237ms
[2020-10-16T11:54:11.339+1000][244,395s][info ][gc] GC(367) Concurrent Cycle
[2020-10-16T11:54:11.339+1000][244,395s][debug][gc] GC(366) Clear Next Bitmap 0,166ms
[2020-10-16T11:54:11.445+1000][244,500s][info ][gc] GC(366) Pause Full (G1 Evacuation Pause) 252M->250M(256M) 105,527ms
[2020-10-16T11:54:11.445+1000][244,500s][info ][gc] GC(367) Concurrent Cycle 105,624ms
[2020-10-16T11:54:11.477+1000][244,533s][info ][gc] GC(368) To-space exhausted
[2020-10-16T11:54:11.477+1000][244,533s][info ][gc] GC(368) Pause Young (Normal) (G1 Evacuation Pause) 251M->251M(256M) 2,227ms
[2020-10-16T11:54:11.585+1000][244,641s][info ][gc] GC(369) Pause Full (G1 Evacuation Pause) 251M->250M(256M) 107,943ms
[2020-10-16T11:54:11.628+1000][244,684s][info ][gc] GC(370) To-space exhausted
[2020-10-16T11:54:11.629+1000][244,684s][info ][gc] GC(370) Pause Young (Concurrent Start) (G1 Evacuation Pause) 251M->251M(256M) 2,368ms
[2020-10-16T11:54:11.629+1000][244,684s][info ][gc] GC(372) Concurrent Cycle
[2020-10-16T11:54:11.629+1000][244,684s][debug][gc] GC(371) Clear Next Bitmap 0,184ms
[2020-10-16T11:54:11.747+1000][244,803s][info ][gc] GC(371) Pause Full (G1 Evacuation Pause) 251M->250M(256M) 118,536ms
[2020-10-16T11:54:11.747+1000][244,803s][info ][gc] GC(372) Concurrent Cycle 118,665ms
[2020-10-16T11:54:11.789+1000][244,844s][info ][gc] GC(373) To-space exhausted
[2020-10-16T11:54:11.789+1000][244,844s][info ][gc] GC(373) Pause Young (Normal) (G1 Evacuation Pause) 251M->251M(256M) 1,073ms
[2020-10-16T11:54:11.903+1000][244,959s][info ][gc] GC(374) Pause Full (G1 Evacuation Pause) 251M->250M(256M) 114,196ms
[2020-10-16T11:54:11.946+1000][245,001s][info ][gc] GC(375) To-space exhausted
[2020-10-16T11:54:11.946+1000][245,001s][info ][gc] GC(375) Pause Young (Concurrent Start) (G1 Evacuation Pause) 251M->251M(256M) 1,873ms
[2020-10-16T11:54:11.946+1000][245,001s][info ][gc] GC(377) Concurrent Cycle
[2020-10-16T11:54:11.946+1000][245,001s][debug][gc] GC(376) Clear Next Bitmap 0,177ms
[2020-10-16T11:54:12.054+1000][245,110s][info ][gc] GC(376) Pause Full (G1 Evacuation Pause) 251M->250M(256M) 108,584ms
[2020-10-16T11:54:12.054+1000][245,110s][info ][gc] GC(377) Concurrent Cycle 108,679ms
[2020-10-16T11:54:12.127+1000][245,183s][info ][gc] GC(378) To-space exhausted
[2020-10-16T11:54:12.127+1000][245,183s][info ][gc] GC(378) Pause Young (Normal) (G1 Evacuation Pause) 252M->252M(256M) 1,864ms
[2020-10-16T11:54:12.236+1000][245,292s][info ][gc] GC(379) Pause Full (G1 Evacuation Pause) 252M->251M(256M) 108,771ms
[2020-10-16T11:54:12.285+1000][245,341s][info ][gc] GC(380) To-space exhausted
[2020-10-16T11:54:12.285+1000][245,341s][info ][gc] GC(380) Pause Young (Concurrent Start) (G1 Evacuation Pause) 252M->252M(256M) 8,396ms
[2020-10-16T11:54:12.285+1000][245,341s][info ][gc] GC(382) Concurrent Cycle
[2020-10-16T11:54:12.286+1000][245,341s][debug][gc] GC(381) Clear Next Bitmap 0,298ms
[2020-10-16T11:54:12.428+1000][245,484s][info ][gc] GC(381) Pause Full (G1 Evacuation Pause) 252M->250M(256M) 142,751ms
[2020-10-16T11:54:12.428+1000][245,484s][info ][gc] GC(382) Concurrent Cycle 142,850ms
[2020-10-16T11:54:12.502+1000][245,557s][info ][gc] GC(383) To-space exhausted
[2020-10-16T11:54:12.502+1000][245,557s][info ][gc] GC(383) Pause Young (Normal) (G1 Evacuation Pause) 252M->252M(256M) 2,164ms
[2020-10-16T11:54:12.608+1000][245,663s][info ][gc] GC(384) Pause Full (G1 Evacuation Pause) 252M->251M(256M) 106,055ms
[2020-10-16T11:54:12.722+1000][245,777s][info ][gc] GC(385) To-space exhausted
[2020-10-16T11:54:12.722+1000][245,777s][info ][gc] GC(385) Pause Young (Concurrent Start) (G1 Evacuation Pause) 254M->254M(256M) 2,101ms
[2020-10-16T11:54:12.722+1000][245,777s][info ][gc] GC(387) Concurrent Cycle
[2020-10-16T11:54:12.722+1000][245,777s][debug][gc] GC(386) Clear Next Bitmap 0,182ms
[2020-10-16T11:54:12.828+1000][245,883s][info ][gc] GC(386) Pause Full (G1 Evacuation Pause) 254M->251M(256M) 106,149ms
[2020-10-16T11:54:12.828+1000][245,884s][info ][gc] GC(387) Concurrent Cycle 106,288ms
[2020-10-16T11:54:12.871+1000][245,927s][info ][gc] GC(388) To-space exhausted
[2020-10-16T11:54:12.871+1000][245,927s][info ][gc] GC(388) Pause Young (Normal) (G1 Evacuation Pause) 252M->252M(256M) 2,456ms
[2020-10-16T11:54:12.976+1000][246,032s][info ][gc] GC(389) Pause Full (G1 Evacuation Pause) 252M->251M(256M) 104,909ms
[2020-10-16T11:54:13.050+1000][246,106s][info ][gc] GC(390) To-space exhausted
[2020-10-16T11:54:13.050+1000][246,106s][info ][gc] GC(390) Pause Young (Concurrent Start) (G1 Evacuation Pause) 253M->253M(256M) 2,886ms
[2020-10-16T11:54:13.050+1000][246,106s][info ][gc] GC(392) Concurrent Cycle
[2020-10-16T11:54:13.050+1000][246,106s][debug][gc] GC(391) Clear Next Bitmap 0,214ms
[2020-10-16T11:54:13.162+1000][246,218s][info ][gc] GC(391) Pause Full (G1 Evacuation Pause) 253M->251M(256M) 111,895ms
[2020-10-16T11:54:13.162+1000][246,218s][info ][gc] GC(392) Concurrent Cycle 111,989ms
[2020-10-16T11:54:13.205+1000][246,260s][info ][gc] GC(393) To-space exhausted
[2020-10-16T11:54:13.205+1000][246,260s][info ][gc] GC(393) Pause Young (Normal) (G1 Evacuation Pause) 252M->252M(256M) 1,685ms
[2020-10-16T11:54:13.321+1000][246,377s][info ][gc] GC(394) Pause Full (G1 Evacuation Pause) 252M->251M(256M) 116,444ms
[2020-10-16T11:54:13.436+1000][246,491s][info ][gc] GC(395) To-space exhausted
[2020-10-16T11:54:13.436+1000][246,491s][info ][gc] GC(395) Pause Young (Concurrent Start) (G1 Evacuation Pause) 254M->254M(256M) 2,708ms
[2020-10-16T11:54:13.436+1000][246,491s][info ][gc] GC(397) Concurrent Cycle
[2020-10-16T11:54:13.436+1000][246,492s][debug][gc] GC(396) Clear Next Bitmap 0,190ms
[2020-10-16T11:54:13.545+1000][246,601s][info ][gc] GC(396) Pause Full (G1 Evacuation Pause) 254M->251M(256M) 109,236ms
[2020-10-16T11:54:13.545+1000][246,601s][info ][gc] GC(397) Concurrent Cycle 109,329ms
[2020-10-16T11:54:13.619+1000][246,674s][info ][gc] GC(398) To-space exhausted
[2020-10-16T11:54:13.619+1000][246,674s][info ][gc] GC(398) Pause Young (Normal) (G1 Evacuation Pause) 253M->253M(256M) 2,288ms
[2020-10-16T11:54:13.729+1000][246,785s][info ][gc] GC(399) Pause Full (G1 Evacuation Pause) 253M->251M(256M) 110,421ms
[2020-10-16T11:54:13.813+1000][246,869s][info ][gc] GC(400) To-space exhausted
[2020-10-16T11:54:13.813+1000][246,869s][info ][gc] GC(400) Pause Young (Concurrent Start) (G1 Evacuation Pause) 253M->253M(256M) 2,649ms
[2020-10-16T11:54:13.813+1000][246,869s][info ][gc] GC(402) Concurrent Cycle
[2020-10-16T11:54:13.813+1000][246,869s][debug][gc] GC(401) Clear Next Bitmap 0,182ms
[2020-10-16T11:54:13.937+1000][246,992s][info ][gc] GC(401) Pause Full (G1 Evacuation Pause) 253M->251M(256M) 123,705ms
[2020-10-16T11:54:13.937+1000][246,992s][info ][gc] GC(402) Concurrent Cycle 123,792ms
[2020-10-16T11:54:13.979+1000][247,035s][info ][gc] GC(403) To-space exhausted
[2020-10-16T11:54:13.979+1000][247,035s][info ][gc] GC(403) Pause Young (Normal) (G1 Evacuation Pause) 252M->252M(256M) 1,686ms
[2020-10-16T11:54:14.087+1000][247,143s][info ][gc] GC(404) Pause Full (G1 Evacuation Pause) 252M->251M(256M) 107,749ms
[2020-10-16T11:54:14.161+1000][247,216s][info ][gc] GC(405) To-space exhausted
[2020-10-16T11:54:14.161+1000][247,216s][info ][gc] GC(405) Pause Young (Concurrent Start) (G1 Evacuation Pause) 253M->253M(256M) 2,364ms
[2020-10-16T11:54:14.161+1000][247,216s][info ][gc] GC(407) Concurrent Cycle
[2020-10-16T11:54:14.161+1000][247,217s][debug][gc] GC(406) Clear Next Bitmap 0,229ms
[2020-10-16T11:54:14.275+1000][247,331s][info ][gc] GC(406) Pause Full (G1 Evacuation Pause) 253M->251M(256M) 114,191ms
[2020-10-16T11:54:14.275+1000][247,331s][info ][gc] GC(407) Concurrent Cycle 114,314ms
[2020-10-16T11:54:14.348+1000][247,403s][info ][gc] GC(408) To-space exhausted
[2020-10-16T11:54:14.348+1000][247,404s][info ][gc] GC(408) Pause Young (Normal) (G1 Evacuation Pause) 253M->253M(256M) 1,770ms
[2020-10-16T11:54:14.452+1000][247,508s][info ][gc] GC(409) Pause Full (G1 Evacuation Pause) 253M->252M(256M) 104,273ms
[2020-10-16T11:54:14.496+1000][247,551s][info ][gc] GC(410) To-space exhausted
[2020-10-16T11:54:14.496+1000][247,551s][info ][gc] GC(410) Pause Young (Concurrent Start) (G1 Evacuation Pause) 253M->253M(256M) 2,437ms
[2020-10-16T11:54:14.496+1000][247,551s][info ][gc] GC(412) Concurrent Cycle
[2020-10-16T11:54:14.496+1000][247,551s][debug][gc] GC(411) Clear Next Bitmap 0,200ms
[2020-10-16T11:54:14.615+1000][247,671s][info ][gc] GC(411) Pause Full (G1 Evacuation Pause) 253M->251M(256M) 119,351ms
[2020-10-16T11:54:14.615+1000][247,671s][info ][gc] GC(412) Concurrent Cycle 119,455ms
[2020-10-16T11:54:14.688+1000][247,744s][info ][gc] GC(413) To-space exhausted
[2020-10-16T11:54:14.688+1000][247,744s][info ][gc] GC(413) Pause Young (Normal) (G1 Evacuation Pause) 253M->253M(256M) 1,787ms
[2020-10-16T11:54:14.795+1000][247,850s][info ][gc] GC(414) Pause Full (G1 Evacuation Pause) 253M->252M(256M) 106,415ms
[2020-10-16T11:54:14.837+1000][247,893s][info ][gc] GC(415) To-space exhausted
[2020-10-16T11:54:14.837+1000][247,893s][info ][gc] GC(415) Pause Young (Concurrent Start) (G1 Evacuation Pause) 253M->253M(256M) 2,088ms
[2020-10-16T11:54:14.837+1000][247,893s][info ][gc] GC(417) Concurrent Cycle
[2020-10-16T11:54:14.838+1000][247,893s][debug][gc] GC(416) Clear Next Bitmap 0,179ms
[2020-10-16T11:54:14.948+1000][248,004s][info ][gc] GC(416) Pause Full (G1 Evacuation Pause) 253M->252M(256M) 111,036ms
[2020-10-16T11:54:14.949+1000][248,004s][info ][gc] GC(417) Concurrent Cycle 111,142ms
[2020-10-16T11:54:15.031+1000][248,087s][info ][gc] GC(418) To-space exhausted
[2020-10-16T11:54:15.031+1000][248,087s][info ][gc] GC(418) Pause Young (Normal) (G1 Evacuation Pause) 254M->254M(256M) 1,756ms
[2020-10-16T11:54:15.145+1000][248,201s][info ][gc] GC(419) Pause Full (G1 Evacuation Pause) 254M->252M(256M) 113,631ms
[2020-10-16T11:54:15.178+1000][248,233s][info ][gc] GC(420) To-space exhausted
[2020-10-16T11:54:15.178+1000][248,233s][info ][gc] GC(420) Pause Young (Concurrent Start) (G1 Evacuation Pause) 253M->253M(256M) 2,104ms
[2020-10-16T11:54:15.178+1000][248,233s][info ][gc] GC(422) Concurrent Cycle
[2020-10-16T11:54:15.178+1000][248,234s][debug][gc] GC(421) Clear Next Bitmap 0,176ms
[2020-10-16T11:54:15.285+1000][248,341s][info ][gc] GC(421) Pause Full (G1 Evacuation Pause) 253M->252M(256M) 107,203ms
[2020-10-16T11:54:15.285+1000][248,341s][info ][gc] GC(422) Concurrent Cycle 107,297ms
[2020-10-16T11:54:15.369+1000][248,424s][info ][gc] GC(423) To-space exhausted
[2020-10-16T11:54:15.369+1000][248,424s][info ][gc] GC(423) Pause Young (Normal) (G1 Evacuation Pause) 254M->254M(256M) 2,383ms
[2020-10-16T11:54:15.482+1000][248,538s][info ][gc] GC(424) Pause Full (G1 Evacuation Pause) 254M->252M(256M) 113,180ms
[2020-10-16T11:54:15.514+1000][248,570s][info ][gc] GC(425) To-space exhausted
[2020-10-16T11:54:15.514+1000][248,570s][info ][gc] GC(425) Pause Young (Concurrent Start) (G1 Evacuation Pause) 253M->253M(256M) 1,713ms
[2020-10-16T11:54:15.514+1000][248,570s][info ][gc] GC(427) Concurrent Cycle
[2020-10-16T11:54:15.515+1000][248,570s][debug][gc] GC(426) Clear Next Bitmap 0,200ms
[2020-10-16T11:54:15.634+1000][248,689s][info ][gc] GC(426) Pause Full (G1 Evacuation Pause) 253M->252M(256M) 119,053ms
[2020-10-16T11:54:15.634+1000][248,689s][info ][gc] GC(427) Concurrent Cycle 119,223ms
[2020-10-16T11:54:15.716+1000][248,771s][info ][gc] GC(428) To-space exhausted
[2020-10-16T11:54:15.716+1000][248,771s][info ][gc] GC(428) Pause Young (Normal) (G1 Evacuation Pause) 254M->254M(256M) 0,816ms
[2020-10-16T11:54:15.836+1000][248,892s][info ][gc] GC(429) Pause Full (G1 Evacuation Pause) 254M->252M(256M) 120,473ms
[2020-10-16T11:54:15.868+1000][248,924s][info ][gc] GC(430) To-space exhausted
[2020-10-16T11:54:15.869+1000][248,924s][info ][gc] GC(430) Pause Young (Concurrent Start) (G1 Evacuation Pause) 253M->253M(256M) 1,588ms
[2020-10-16T11:54:15.869+1000][248,924s][info ][gc] GC(432) Concurrent Cycle
[2020-10-16T11:54:15.869+1000][248,924s][debug][gc] GC(431) Clear Next Bitmap 0,198ms
[2020-10-16T11:54:15.989+1000][249,044s][info ][gc] GC(431) Pause Full (G1 Evacuation Pause) 253M->252M(256M) 120,296ms
[2020-10-16T11:54:15.989+1000][249,045s][info ][gc] GC(432) Concurrent Cycle 120,402ms
[2020-10-16T11:54:16.031+1000][249,087s][info ][gc] GC(433) To-space exhausted
[2020-10-16T11:54:16.031+1000][249,087s][info ][gc] GC(433) Pause Young (Normal) (G1 Evacuation Pause) 253M->253M(256M) 1,833ms
[2020-10-16T11:54:16.143+1000][249,198s][info ][gc] GC(434) Pause Full (G1 Evacuation Pause) 253M->252M(256M) 111,473ms
[2020-10-16T11:54:16.216+1000][249,272s][info ][gc] GC(435) To-space exhausted
[2020-10-16T11:54:16.216+1000][249,272s][info ][gc] GC(435) Pause Young (Concurrent Start) (G1 Evacuation Pause) 254M->254M(256M) 1,988ms
[2020-10-16T11:54:16.216+1000][249,272s][info ][gc] GC(437) Concurrent Cycle
[2020-10-16T11:54:16.216+1000][249,272s][debug][gc] GC(436) Clear Next Bitmap 0,172ms
[2020-10-16T11:54:16.334+1000][249,389s][info ][gc] GC(436) Pause Full (G1 Evacuation Pause) 254M->252M(256M) 117,350ms
[2020-10-16T11:54:16.334+1000][249,389s][info ][gc] GC(437) Concurrent Cycle 117,476ms
[2020-10-16T11:54:16.377+1000][249,432s][info ][gc] GC(438) To-space exhausted
[2020-10-16T11:54:16.377+1000][249,432s][info ][gc] GC(438) Pause Young (Normal) (G1 Evacuation Pause) 253M->253M(256M) 2,352ms
[2020-10-16T11:54:16.539+1000][249,595s][info ][gc] GC(439) Pause Full (G1 Evacuation Pause) 253M->252M(256M) 162,655ms
[2020-10-16T11:54:16.582+1000][249,637s][info ][gc] GC(440) To-space exhausted
[2020-10-16T11:54:16.582+1000][249,637s][info ][gc] GC(440) Pause Young (Concurrent Start) (G1 Evacuation Pause) 253M->253M(256M) 1,682ms
[2020-10-16T11:54:16.582+1000][249,637s][info ][gc] GC(441) Concurrent Cycle
[2020-10-16T11:54:16.582+1000][249,638s][debug][gc] GC(442) Clear Next Bitmap 0,201ms
[2020-10-16T11:54:16.707+1000][249,762s][info ][gc] GC(442) Pause Full (G1 Evacuation Pause) 253M->252M(256M) 124,780ms
[2020-10-16T11:54:16.707+1000][249,762s][info ][gc] GC(441) Concurrent Cycle 124,888ms
[2020-10-16T11:54:16.741+1000][249,796s][info ][gc] GC(443) To-space exhausted
[2020-10-16T11:54:16.741+1000][249,796s][info ][gc] GC(443) Pause Young (Normal) (G1 Evacuation Pause) 253M->253M(256M) 3,577ms
[2020-10-16T11:54:16.853+1000][249,908s][info ][gc] GC(444) Pause Full (G1 Evacuation Pause) 253M->252M(256M) 111,805ms
[2020-10-16T11:54:16.896+1000][249,951s][info ][gc] GC(445) To-space exhausted
[2020-10-16T11:54:16.896+1000][249,951s][info ][gc] GC(445) Pause Young (Concurrent Start) (G1 Evacuation Pause) 253M->253M(256M) 2,456ms
[2020-10-16T11:54:16.896+1000][249,952s][info ][gc] GC(447) Concurrent Cycle
[2020-10-16T11:54:16.896+1000][249,952s][debug][gc] GC(446) Clear Next Bitmap 0,241ms
[2020-10-16T11:54:17.010+1000][250,066s][info ][gc] GC(446) Pause Full (G1 Evacuation Pause) 253M->252M(256M) 114,129ms
[2020-10-16T11:54:17.010+1000][250,066s][info ][gc] GC(447) Concurrent Cycle 114,235ms
[2020-10-16T11:54:17.052+1000][250,108s][info ][gc] GC(448) To-space exhausted
[2020-10-16T11:54:17.052+1000][250,108s][info ][gc] GC(448) Pause Young (Normal) (G1 Evacuation Pause) 253M->253M(256M) 1,424ms
[2020-10-16T11:54:17.158+1000][250,214s][info ][gc] GC(449) Pause Full (G1 Evacuation Pause) 253M->252M(256M) 105,915ms
[2020-10-16T11:54:17.233+1000][250,288s][info ][gc] GC(450) To-space exhausted
[2020-10-16T11:54:17.233+1000][250,289s][info ][gc] GC(450) Pause Young (Concurrent Start) (G1 Evacuation Pause) 254M->254M(256M) 3,426ms
[2020-10-16T11:54:17.233+1000][250,289s][info ][gc] GC(451) Concurrent Cycle
[2020-10-16T11:54:17.233+1000][250,289s][debug][gc] GC(452) Clear Next Bitmap 0,263ms
[2020-10-16T11:54:17.338+1000][250,393s][info ][gc] GC(452) Pause Full (G1 Evacuation Pause) 254M->252M(256M) 104,793ms
[2020-10-16T11:54:17.338+1000][250,393s][info ][gc] GC(451) Concurrent Cycle 104,908ms
[2020-10-16T11:54:17.380+1000][250,435s][info ][gc] GC(453) To-space exhausted
[2020-10-16T11:54:17.380+1000][250,435s][info ][gc] GC(453) Pause Young (Normal) (G1 Evacuation Pause) 253M->253M(256M) 1,227ms
[2020-10-16T11:54:17.484+1000][250,539s][info ][gc] GC(454) Pause Full (G1 Evacuation Pause) 253M->252M(256M) 103,879ms
[2020-10-16T11:54:17.527+1000][250,582s][info ][gc] GC(455) To-space exhausted
[2020-10-16T11:54:17.527+1000][250,582s][info ][gc] GC(455) Pause Young (Concurrent Start) (G1 Evacuation Pause) 253M->253M(256M) 2,492ms
[2020-10-16T11:54:17.527+1000][250,582s][info ][gc] GC(457) Concurrent Cycle
[2020-10-16T11:54:17.527+1000][250,583s][debug][gc] GC(456) Clear Next Bitmap 0,197ms
[2020-10-16T11:54:17.633+1000][250,689s][info ][gc] GC(456) Pause Full (G1 Evacuation Pause) 253M->252M(256M) 106,534ms
[2020-10-16T11:54:17.634+1000][250,689s][info ][gc] GC(457) Concurrent Cycle 106,654ms
[2020-10-16T11:54:17.667+1000][250,722s][info ][gc] GC(458) To-space exhausted
[2020-10-16T11:54:17.667+1000][250,722s][info ][gc] GC(458) Pause Young (Normal) (G1 Evacuation Pause) 253M->253M(256M) 2,621ms
[2020-10-16T11:54:17.781+1000][250,837s][info ][gc] GC(459) Pause Full (G1 Evacuation Pause) 253M->253M(256M) 114,476ms
[2020-10-16T11:54:17.823+1000][250,879s][info ][gc] GC(460) To-space exhausted
[2020-10-16T11:54:17.824+1000][250,879s][info ][gc] GC(460) Pause Young (Concurrent Start) (G1 Evacuation Pause) 254M->254M(256M) 1,516ms
[2020-10-16T11:54:17.824+1000][250,879s][info ][gc] GC(461) Concurrent Cycle
[2020-10-16T11:54:17.824+1000][250,879s][debug][gc] GC(462) Clear Next Bitmap 0,180ms
[2020-10-16T11:54:17.949+1000][251,005s][info ][gc] GC(462) Pause Full (G1 Evacuation Pause) 254M->253M(256M) 125,512ms
[2020-10-16T11:54:17.949+1000][251,005s][info ][gc] GC(461) Concurrent Cycle 125,632ms
[2020-10-16T11:54:17.991+1000][251,047s][info ][gc] GC(463) To-space exhausted
[2020-10-16T11:54:17.991+1000][251,047s][info ][gc] GC(463) Pause Young (Normal) (G1 Evacuation Pause) 254M->254M(256M) 1,516ms
[2020-10-16T11:54:18.114+1000][251,169s][info ][gc] GC(464) Pause Full (G1 Evacuation Pause) 254M->253M(256M) 122,270ms
[2020-10-16T11:54:18.156+1000][251,212s][info ][gc] GC(465) To-space exhausted
[2020-10-16T11:54:18.157+1000][251,212s][info ][gc] GC(465) Pause Young (Concurrent Start) (G1 Evacuation Pause) 254M->254M(256M) 2,251ms
[2020-10-16T11:54:18.157+1000][251,212s][info ][gc] GC(467) Concurrent Cycle
[2020-10-16T11:54:18.157+1000][251,212s][debug][gc] GC(466) Clear Next Bitmap 0,181ms
[2020-10-16T11:54:18.263+1000][251,319s][info ][gc] GC(466) Pause Full (G1 Evacuation Pause) 254M->252M(256M) 106,369ms
[2020-10-16T11:54:18.263+1000][251,319s][info ][gc] GC(467) Concurrent Cycle 106,474ms
[2020-10-16T11:54:18.295+1000][251,351s][info ][gc] GC(468) To-space exhausted
[2020-10-16T11:54:18.295+1000][251,351s][info ][gc] GC(468) Pause Young (Normal) (G1 Evacuation Pause) 253M->253M(256M) 1,777ms
[2020-10-16T11:54:18.408+1000][251,464s][info ][gc] GC(469) Pause Full (G1 Evacuation Pause) 253M->253M(256M) 112,887ms
[2020-10-16T11:54:18.451+1000][251,506s][info ][gc] GC(470) To-space exhausted
[2020-10-16T11:54:18.451+1000][251,506s][info ][gc] GC(470) Pause Young (Concurrent Start) (G1 Evacuation Pause) 254M->254M(256M) 1,757ms
[2020-10-16T11:54:18.451+1000][251,506s][info ][gc] GC(472) Concurrent Cycle
[2020-10-16T11:54:18.451+1000][251,507s][debug][gc] GC(471) Clear Next Bitmap 0,183ms
[2020-10-16T11:54:18.561+1000][251,616s][info ][gc] GC(471) Pause Full (G1 Evacuation Pause) 254M->253M(256M) 109,772ms
[2020-10-16T11:54:18.561+1000][251,616s][info ][gc] GC(472) Concurrent Cycle 109,890ms
[2020-10-16T11:54:18.604+1000][251,659s][info ][gc] GC(473) To-space exhausted
[2020-10-16T11:54:18.604+1000][251,659s][info ][gc] GC(473) Pause Young (Normal) (G1 Evacuation Pause) 254M->254M(256M) 2,414ms
[2020-10-16T11:54:18.715+1000][251,771s][info ][gc] GC(474) Pause Full (G1 Evacuation Pause) 254M->253M(256M) 111,542ms
[2020-10-16T11:54:18.748+1000][251,803s][info ][gc] GC(475) To-space exhausted
[2020-10-16T11:54:18.748+1000][251,803s][info ][gc] GC(475) Pause Young (Concurrent Start) (G1 Evacuation Pause) 254M->254M(256M) 1,694ms
[2020-10-16T11:54:18.748+1000][251,803s][info ][gc] GC(477) Concurrent Cycle
[2020-10-16T11:54:18.748+1000][251,803s][debug][gc] GC(476) Clear Next Bitmap 0,176ms
[2020-10-16T11:54:18.851+1000][251,907s][info ][gc] GC(476) Pause Full (G1 Evacuation Pause) 254M->253M(256M) 103,622ms
[2020-10-16T11:54:18.851+1000][251,907s][info ][gc] GC(477) Concurrent Cycle 103,701ms
[2020-10-16T11:54:18.894+1000][251,950s][info ][gc] GC(478) To-space exhausted
[2020-10-16T11:54:18.894+1000][251,950s][info ][gc] GC(478) Pause Young (Normal) (G1 Evacuation Pause) 254M->254M(256M) 2,313ms
[2020-10-16T11:54:19.003+1000][252,058s][info ][gc] GC(479) Pause Full (G1 Evacuation Pause) 254M->253M(256M) 108,147ms
[2020-10-16T11:54:19.046+1000][252,102s][info ][gc] GC(480) To-space exhausted
[2020-10-16T11:54:19.046+1000][252,102s][info ][gc] GC(480) Pause Young (Concurrent Start) (G1 Evacuation Pause) 254M->254M(256M) 2,885ms
[2020-10-16T11:54:19.046+1000][252,102s][info ][gc] GC(482) Concurrent Cycle
[2020-10-16T11:54:19.046+1000][252,102s][debug][gc] GC(481) Clear Next Bitmap 0,188ms
[2020-10-16T11:54:19.150+1000][252,206s][info ][gc] GC(481) Pause Full (G1 Evacuation Pause) 254M->253M(256M) 103,867ms
[2020-10-16T11:54:19.150+1000][252,206s][info ][gc] GC(482) Concurrent Cycle 103,965ms
[2020-10-16T11:54:19.183+1000][252,239s][info ][gc] GC(483) To-space exhausted
[2020-10-16T11:54:19.183+1000][252,239s][info ][gc] GC(483) Pause Young (Normal) (G1 Evacuation Pause) 254M->254M(256M) 2,558ms
[2020-10-16T11:54:19.290+1000][252,346s][info ][gc] GC(484) Pause Full (G1 Evacuation Pause) 254M->253M(256M) 106,842ms
[2020-10-16T11:54:19.333+1000][252,389s][info ][gc] GC(485) To-space exhausted
[2020-10-16T11:54:19.334+1000][252,389s][info ][gc] GC(485) Pause Young (Concurrent Start) (G1 Evacuation Pause) 254M->254M(256M) 2,485ms
[2020-10-16T11:54:19.334+1000][252,389s][info ][gc] GC(487) Concurrent Cycle
[2020-10-16T11:54:19.334+1000][252,389s][debug][gc] GC(486) Clear Next Bitmap 0,220ms
[2020-10-16T11:54:19.443+1000][252,499s][info ][gc] GC(486) Pause Full (G1 Evacuation Pause) 254M->253M(256M) 109,590ms
[2020-10-16T11:54:19.443+1000][252,499s][info ][gc] GC(487) Concurrent Cycle 109,709ms
[2020-10-16T11:54:19.486+1000][252,541s][info ][gc] GC(488) To-space exhausted
[2020-10-16T11:54:19.486+1000][252,541s][info ][gc] GC(488) Pause Young (Normal) (G1 Evacuation Pause) 254M->254M(256M) 1,781ms
[2020-10-16T11:54:19.600+1000][252,656s][info ][gc] GC(489) Pause Full (G1 Evacuation Pause) 254M->253M(256M) 114,335ms
[2020-10-16T11:54:19.634+1000][252,689s][info ][gc] GC(490) To-space exhausted
[2020-10-16T11:54:19.634+1000][252,690s][info ][gc] GC(490) Pause Young (Concurrent Start) (G1 Evacuation Pause) 254M->254M(256M) 3,132ms
[2020-10-16T11:54:19.634+1000][252,690s][info ][gc] GC(491) Concurrent Cycle
[2020-10-16T11:54:19.634+1000][252,690s][debug][gc] GC(492) Clear Next Bitmap 0,196ms
[2020-10-16T11:54:19.741+1000][252,796s][info ][gc] GC(492) Pause Full (G1 Evacuation Pause) 254M->253M(256M) 106,577ms
[2020-10-16T11:54:19.741+1000][252,796s][info ][gc] GC(491) Concurrent Cycle 106,697ms
[2020-10-16T11:54:19.783+1000][252,838s][info ][gc] GC(493) To-space exhausted
[2020-10-16T11:54:19.783+1000][252,838s][info ][gc] GC(493) Pause Young (Normal) (G1 Evacuation Pause) 254M->254M(256M) 1,198ms
[2020-10-16T11:54:19.890+1000][252,945s][info ][gc] GC(494) Pause Full (G1 Evacuation Pause) 254M->253M(256M) 106,960ms
[2020-10-16T11:54:19.934+1000][252,989s][info ][gc] GC(495) To-space exhausted
[2020-10-16T11:54:19.934+1000][252,990s][info ][gc] GC(495) Pause Young (Concurrent Start) (G1 Evacuation Pause) 254M->254M(256M) 3,507ms
[2020-10-16T11:54:19.934+1000][252,990s][info ][gc] GC(497) Concurrent Cycle
[2020-10-16T11:54:19.934+1000][252,990s][debug][gc] GC(496) Clear Next Bitmap 0,256ms
[2020-10-16T11:54:20.041+1000][253,096s][info ][gc] GC(496) Pause Full (G1 Evacuation Pause) 254M->253M(256M) 106,814ms
[2020-10-16T11:54:20.041+1000][253,097s][info ][gc] GC(497) Concurrent Cycle 106,934ms
[2020-10-16T11:54:20.073+1000][253,129s][info ][gc] GC(498) To-space exhausted
[2020-10-16T11:54:20.074+1000][253,129s][info ][gc] GC(498) Pause Young (Normal) (G1 Evacuation Pause) 254M->254M(256M) 1,916ms
[2020-10-16T11:54:20.187+1000][253,243s][info ][gc] GC(499) Pause Full (G1 Evacuation Pause) 254M->253M(256M) 113,849ms
[2020-10-16T11:54:20.230+1000][253,286s][info ][gc] GC(500) To-space exhausted
[2020-10-16T11:54:20.230+1000][253,286s][info ][gc] GC(500) Pause Young (Concurrent Start) (G1 Evacuation Pause) 254M->254M(256M) 1,920ms
[2020-10-16T11:54:20.230+1000][253,286s][info ][gc] GC(502) Concurrent Cycle
[2020-10-16T11:54:20.231+1000][253,286s][debug][gc] GC(501) Clear Next Bitmap 0,281ms
[2020-10-16T11:54:20.344+1000][253,400s][info ][gc] GC(501) Pause Full (G1 Evacuation Pause) 254M->253M(256M) 114,124ms
[2020-10-16T11:54:20.344+1000][253,400s][info ][gc] GC(502) Concurrent Cycle 114,250ms
[2020-10-16T11:54:20.387+1000][253,443s][info ][gc] GC(503) To-space exhausted
[2020-10-16T11:54:20.387+1000][253,443s][info ][gc] GC(503) Pause Young (Normal) (G1 Evacuation Pause) 254M->254M(256M) 1,949ms
[2020-10-16T11:54:20.495+1000][253,551s][info ][gc] GC(504) Pause Full (G1 Evacuation Pause) 254M->253M(256M) 108,158ms
[2020-10-16T11:54:20.529+1000][253,584s][info ][gc] GC(505) To-space exhausted
[2020-10-16T11:54:20.529+1000][253,584s][info ][gc] GC(505) Pause Young (Concurrent Start) (G1 Evacuation Pause) 254M->254M(256M) 2,764ms
[2020-10-16T11:54:20.529+1000][253,584s][info ][gc] GC(507) Concurrent Cycle
[2020-10-16T11:54:20.529+1000][253,585s][debug][gc] GC(506) Clear Next Bitmap 0,206ms
[2020-10-16T11:54:20.638+1000][253,694s][info ][gc] GC(506) Pause Full (G1 Evacuation Pause) 254M->253M(256M) 109,646ms
[2020-10-16T11:54:20.639+1000][253,694s][info ][gc] GC(507) Concurrent Cycle 110,014ms
[2020-10-16T11:54:20.681+1000][253,737s][info ][gc] GC(508) To-space exhausted
[2020-10-16T11:54:20.681+1000][253,737s][info ][gc] GC(508) Pause Young (Normal) (G1 Evacuation Pause) 254M->254M(256M) 1,834ms
[2020-10-16T11:54:20.786+1000][253,842s][info ][gc] GC(509) Pause Full (G1 Evacuation Pause) 254M->253M(256M) 104,691ms
[2020-10-16T11:54:20.830+1000][253,885s][info ][gc] GC(510) To-space exhausted
[2020-10-16T11:54:20.830+1000][253,885s][info ][gc] GC(510) Pause Young (Concurrent Start) (G1 Evacuation Pause) 254M->254M(256M) 2,717ms
[2020-10-16T11:54:20.830+1000][253,885s][info ][gc] GC(512) Concurrent Cycle
[2020-10-16T11:54:20.830+1000][253,886s][debug][gc] GC(511) Clear Next Bitmap 0,244ms
[2020-10-16T11:54:20.938+1000][253,993s][info ][gc] GC(511) Pause Full (G1 Evacuation Pause) 254M->253M(256M) 107,866ms
[2020-10-16T11:54:20.938+1000][253,993s][info ][gc] GC(512) Concurrent Cycle 108,002ms
[2020-10-16T11:54:20.970+1000][254,026s][info ][gc] GC(513) To-space exhausted
[2020-10-16T11:54:20.970+1000][254,026s][info ][gc] GC(513) Pause Young (Normal) (G1 Evacuation Pause) 254M->254M(256M) 1,895ms
[2020-10-16T11:54:21.076+1000][254,132s][info ][gc] GC(514) Pause Full (G1 Evacuation Pause) 254M->253M(256M) 105,778ms
[2020-10-16T11:54:21.187+1000][254,242s][info ][gc] GC(515) Pause Full (G1 Evacuation Pause) 253M->253M(256M) 110,722ms
[2020-10-16T11:54:21.187+1000][254,243s][info ][gc] GC(516) Pause Young (Concurrent Start) (G1 Evacuation Pause) 253M->253M(256M) 0,191ms
[2020-10-16T11:54:21.187+1000][254,243s][info ][gc] GC(518) Concurrent Cycle
[2020-10-16T11:54:21.187+1000][254,243s][debug][gc] GC(517) Clear Next Bitmap 0,195ms
[2020-10-16T11:54:21.292+1000][254,348s][info ][gc] GC(517) Pause Full (G1 Evacuation Pause) 253M->253M(256M) 105,339ms
[2020-10-16T11:54:21.398+1000][254,453s][info ][gc] GC(519) Pause Full (G1 Evacuation Pause) 253M->253M(256M) 104,996ms
[2020-10-16T11:54:21.398+1000][254,453s][info ][gc] GC(518) Concurrent Cycle 210,510ms
[2020-10-16T11:54:21.398+1000][254,453s][info ][gc] GC(520) Pause Young (Normal) (G1 Evacuation Pause) 253M->253M(256M) 0,163ms
[2020-10-16T11:54:21.399+1000][254,455s][info ][gc] GC(521) Pause Full (G1 Evacuation Pause) 253M->1M(256M) 1,081ms
