[2020-10-16T11:39:37.278+1000][0.005s][debug][gc] ConcGCThreads: 2 offset 16
[2020-10-16T11:39:37.279+1000][0.005s][debug][gc] ParallelGCThreads: 8
[2020-10-16T11:39:37.280+1000][0.007s][debug][gc] Initialize mark stack with 4096 chunks, maximum 16384
[2020-10-16T11:39:37.282+1000][0.008s][info ][gc] Using G1
[2020-10-16T11:39:37.291+1000][0,018s][info ][gc] Periodic GC disabled
[2020-10-16T11:39:38.104+1000][0,830s][info ][gc] GC(0) Pause Young (Normal) (G1 Evacuation Pause) 23M->1M(256M) 2,535ms
[2020-10-16T11:39:39.928+1000][2,655s][info ][gc] GC(1) Pause Young (Normal) (G1 Evacuation Pause) 49M->4M(256M) 3,668ms
[2020-10-16T11:39:45.581+1000][8,308s][info ][gc] GC(2) Pause Young (Normal) (G1 Evacuation Pause) 153M->10M(256M) 11,991ms
[2020-10-16T11:39:50.989+1000][13,716s][info ][gc] GC(3) Pause Young (Normal) (G1 Evacuation Pause) 153M->15M(256M) 10,097ms
[2020-10-16T11:39:56.206+1000][18,933s][info ][gc] GC(4) Pause Young (Normal) (G1 Evacuation Pause) 153M->22M(256M) 13,898ms
[2020-10-16T11:40:01.501+1000][24,228s][info ][gc] GC(5) Pause Young (Normal) (G1 Evacuation Pause) 162M->28M(256M) 9,157ms
[2020-10-16T11:40:06.796+1000][29,523s][info ][gc] GC(6) Pause Young (Normal) (G1 Evacuation Pause) 168M->34M(256M) 10,985ms
[2020-10-16T11:40:12.093+1000][34,820s][info ][gc] GC(7) Pause Young (Normal) (G1 Evacuation Pause) 174M->40M(256M) 12,003ms
[2020-10-16T11:40:17.389+1000][40,116s][info ][gc] GC(8) Pause Young (Normal) (G1 Evacuation Pause) 180M->46M(256M) 11,059ms
[2020-10-16T11:40:22.723+1000][45,450s][info ][gc] GC(9) Pause Young (Normal) (G1 Evacuation Pause) 187M->52M(256M) 9,896ms
[2020-10-16T11:40:28.018+1000][50,745s][info ][gc] GC(10) Pause Young (Normal) (G1 Evacuation Pause) 192M->58M(256M) 10,273ms
[2020-10-16T11:40:33.310+1000][56,037s][info ][gc] GC(11) Pause Young (Normal) (G1 Evacuation Pause) 198M->64M(256M) 9,558ms
[2020-10-16T11:40:38.602+1000][61,329s][info ][gc] GC(12) Pause Young (Normal) (G1 Evacuation Pause) 204M->70M(256M) 11,944ms
[2020-10-16T11:40:43.892+1000][66,619s][info ][gc] GC(13) Pause Young (Normal) (G1 Evacuation Pause) 210M->76M(256M) 9,123ms
[2020-10-16T11:40:49.143+1000][71,869s][info ][gc] GC(14) Pause Young (Normal) (G1 Evacuation Pause) 215M->83M(256M) 10,306ms
[2020-10-16T11:40:54.142+1000][76,869s][info ][gc] GC(15) Pause Young (Normal) (G1 Evacuation Pause) 215M->88M(256M) 12,154ms
[2020-10-16T11:40:58.934+1000][81,661s][info ][gc] GC(16) Pause Young (Normal) (G1 Evacuation Pause) 215M->93M(256M) 9,750ms
[2020-10-16T11:41:03.552+1000][86,279s][info ][gc] GC(17) Pause Young (Normal) (G1 Evacuation Pause) 215M->99M(256M) 8,614ms
[2020-10-16T11:41:07.966+1000][90,693s][info ][gc] GC(18) Pause Young (Normal) (G1 Evacuation Pause) 216M->104M(256M) 7,366ms
[2020-10-16T11:41:12.200+1000][94,927s][info ][gc] GC(19) Pause Young (Normal) (G1 Evacuation Pause) 216M->109M(256M) 10,201ms
[2020-10-16T11:41:16.281+1000][99,007s][info ][gc] GC(20) Pause Young (Normal) (G1 Evacuation Pause) 217M->114M(256M) 8,680ms
[2020-10-16T11:41:20.219+1000][102,946s][info ][gc] GC(21) Pause Young (Normal) (G1 Evacuation Pause) 218M->118M(256M) 8,587ms
[2020-10-16T11:41:23.957+1000][106,683s][info ][gc] GC(22) Pause Young (Normal) (G1 Evacuation Pause) 217M->123M(256M) 10,978ms
[2020-10-16T11:41:27.509+1000][110,236s][info ][gc] GC(23) Pause Young (Concurrent Start) (G1 Evacuation Pause) 217M->127M(256M) 7,411ms
[2020-10-16T11:41:27.509+1000][110,236s][info ][gc] GC(24) Concurrent Cycle
[2020-10-16T11:41:27.579+1000][110,306s][info ][gc] GC(24) Pause Remark 129M->129M(256M) 0,241ms
[2020-10-16T11:41:27.616+1000][110,343s][info ][gc] GC(24) Pause Cleanup 130M->130M(256M) 0,108ms
[2020-10-16T11:41:27.617+1000][110,344s][info ][gc] GC(24) Concurrent Cycle 108,151ms
[2020-10-16T11:41:30.946+1000][113,673s][info ][gc] GC(25) Pause Young (Normal) (G1 Evacuation Pause) 218M->131M(256M) 6,063ms
[2020-10-16T11:41:34.241+1000][116,968s][info ][gc] GC(26) Pause Young (Concurrent Start) (G1 Evacuation Pause) 218M->135M(256M) 5,228ms
[2020-10-16T11:41:34.241+1000][116,968s][info ][gc] GC(27) Concurrent Cycle
[2020-10-16T11:41:34.318+1000][117,045s][info ][gc] GC(27) Pause Remark 138M->138M(256M) 0,223ms
[2020-10-16T11:41:34.353+1000][117,079s][info ][gc] GC(27) Pause Cleanup 138M->138M(256M) 0,088ms
[2020-10-16T11:41:34.353+1000][117,080s][info ][gc] GC(27) Concurrent Cycle 111,549ms
[2020-10-16T11:41:37.420+1000][120,147s][info ][gc] GC(28) Pause Young (Normal) (G1 Evacuation Pause) 219M->139M(256M) 9,556ms
[2020-10-16T11:41:40.472+1000][123,199s][info ][gc] GC(29) Pause Young (Concurrent Start) (G1 Evacuation Pause) 220M->142M(256M) 5,082ms
[2020-10-16T11:41:40.472+1000][123,199s][info ][gc] GC(30) Concurrent Cycle
[2020-10-16T11:41:40.552+1000][123,279s][info ][gc] GC(30) Pause Remark 144M->144M(256M) 0,327ms
[2020-10-16T11:41:40.590+1000][123,317s][info ][gc] GC(30) Pause Cleanup 145M->145M(256M) 0,076ms
[2020-10-16T11:41:40.590+1000][123,317s][info ][gc] GC(30) Concurrent Cycle 118,354ms
[2020-10-16T11:41:43.386+1000][126,113s][info ][gc] GC(31) Pause Young (Normal) (G1 Evacuation Pause) 219M->146M(256M) 10,291ms
[2020-10-16T11:41:46.154+1000][128,881s][info ][gc] GC(32) Pause Young (Concurrent Start) (G1 Evacuation Pause) 219M->149M(256M) 5,757ms
[2020-10-16T11:41:46.154+1000][128,881s][info ][gc] GC(33) Concurrent Cycle
[2020-10-16T11:41:46.239+1000][128,965s][info ][gc] GC(33) Pause Remark 151M->151M(256M) 0,177ms
[2020-10-16T11:41:46.278+1000][129,005s][info ][gc] GC(33) Pause Cleanup 152M->152M(256M) 0,080ms
[2020-10-16T11:41:46.278+1000][129,005s][info ][gc] GC(33) Concurrent Cycle 124,299ms
[2020-10-16T11:41:48.870+1000][131,597s][info ][gc] GC(34) Pause Young (Normal) (G1 Evacuation Pause) 221M->152M(256M) 4,512ms
[2020-10-16T11:41:51.446+1000][134,173s][info ][gc] GC(35) Pause Young (Concurrent Start) (G1 Evacuation Pause) 220M->155M(256M) 7,376ms
[2020-10-16T11:41:51.446+1000][134,173s][info ][gc] GC(36) Concurrent Cycle
[2020-10-16T11:41:51.533+1000][134,260s][info ][gc] GC(36) Pause Remark 158M->158M(256M) 0,191ms
[2020-10-16T11:41:51.575+1000][134,302s][info ][gc] GC(36) Pause Cleanup 159M->159M(256M) 0,107ms
[2020-10-16T11:41:51.576+1000][134,302s][info ][gc] GC(36) Concurrent Cycle 129,396ms
[2020-10-16T11:41:53.899+1000][136,626s][info ][gc] GC(37) Pause Young (Normal) (G1 Evacuation Pause) 220M->158M(256M) 6,256ms
[2020-10-16T11:41:56.281+1000][139,008s][info ][gc] GC(38) Pause Young (Concurrent Start) (G1 Evacuation Pause) 221M->160M(256M) 5,710ms
[2020-10-16T11:41:56.281+1000][139,008s][info ][gc] GC(39) Concurrent Cycle
[2020-10-16T11:41:56.371+1000][139,098s][info ][gc] GC(39) Pause Remark 163M->163M(256M) 1,557ms
[2020-10-16T11:41:56.416+1000][139,143s][info ][gc] GC(39) Pause Cleanup 164M->164M(256M) 0,083ms
[2020-10-16T11:41:56.416+1000][139,143s][info ][gc] GC(39) Concurrent Cycle 135,242ms
[2020-10-16T11:41:58.590+1000][141,317s][info ][gc] GC(40) Pause Young (Normal) (G1 Evacuation Pause) 221M->163M(256M) 4,317ms
[2020-10-16T11:42:00.782+1000][143,508s][info ][gc] GC(41) Pause Young (Concurrent Start) (G1 Evacuation Pause) 221M->166M(256M) 7,491ms
[2020-10-16T11:42:00.782+1000][143,509s][info ][gc] GC(42) Concurrent Cycle
[2020-10-16T11:42:00.874+1000][143,601s][info ][gc] GC(42) Pause Remark 169M->169M(256M) 0,253ms
[2020-10-16T11:42:00.920+1000][143,647s][info ][gc] GC(42) Pause Cleanup 170M->170M(256M) 0,097ms
[2020-10-16T11:42:00.921+1000][143,647s][info ][gc] GC(42) Concurrent Cycle 138,839ms
[2020-10-16T11:42:02.860+1000][145,587s][info ][gc] GC(43) Pause Young (Normal) (G1 Evacuation Pause) 221M->168M(256M) 6,267ms
[2020-10-16T11:42:04.866+1000][147,592s][info ][gc] GC(44) Pause Young (Concurrent Start) (G1 Evacuation Pause) 221M->171M(256M) 4,527ms
[2020-10-16T11:42:04.866+1000][147,592s][info ][gc] GC(45) Concurrent Cycle
[2020-10-16T11:42:04.963+1000][147,690s][info ][gc] GC(45) Pause Remark 173M->173M(256M) 0,168ms
[2020-10-16T11:42:05.009+1000][147,735s][info ][gc] GC(45) Pause Cleanup 175M->175M(256M) 0,087ms
[2020-10-16T11:42:05.009+1000][147,736s][info ][gc] GC(45) Concurrent Cycle 143,230ms
[2020-10-16T11:42:06.801+1000][149,527s][info ][gc] GC(46) Pause Young (Normal) (G1 Evacuation Pause) 222M->173M(256M) 5,017ms
[2020-10-16T11:42:08.685+1000][151,412s][info ][gc] GC(47) Pause Young (Concurrent Start) (G1 Evacuation Pause) 223M->175M(256M) 4,424ms
[2020-10-16T11:42:08.685+1000][151,412s][info ][gc] GC(48) Concurrent Cycle
[2020-10-16T11:42:08.786+1000][151,513s][info ][gc] GC(48) Pause Remark 178M->178M(256M) 0,180ms
[2020-10-16T11:42:08.835+1000][151,562s][info ][gc] GC(48) Pause Cleanup 179M->179M(256M) 0,098ms
[2020-10-16T11:42:08.835+1000][151,562s][info ][gc] GC(48) Concurrent Cycle 150,139ms
[2020-10-16T11:42:10.508+1000][153,235s][info ][gc] GC(49) Pause Young (Normal) (G1 Evacuation Pause) 223M->177M(256M) 5,296ms
[2020-10-16T11:42:12.208+1000][154,935s][info ][gc] GC(50) Pause Young (Concurrent Start) (G1 Evacuation Pause) 222M->179M(256M) 3,296ms
[2020-10-16T11:42:12.208+1000][154,935s][info ][gc] GC(51) Concurrent Cycle
[2020-10-16T11:42:12.315+1000][155,042s][info ][gc] GC(51) Pause Remark 182M->182M(256M) 0,214ms
[2020-10-16T11:42:12.365+1000][155,092s][info ][gc] GC(51) Pause Cleanup 183M->183M(256M) 0,084ms
[2020-10-16T11:42:12.366+1000][155,092s][info ][gc] GC(51) Concurrent Cycle 157,283ms
[2020-10-16T11:42:13.826+1000][156,553s][info ][gc] GC(52) Pause Young (Normal) (G1 Evacuation Pause) 222M->181M(256M) 3,181ms
[2020-10-16T11:42:15.382+1000][158,109s][info ][gc] GC(53) Pause Young (Concurrent Start) (G1 Evacuation Pause) 222M->183M(256M) 3,176ms
[2020-10-16T11:42:15.383+1000][158,109s][info ][gc] GC(54) Concurrent Cycle
[2020-10-16T11:42:15.488+1000][158,215s][info ][gc] GC(54) Pause Remark 186M->186M(256M) 0,186ms
[2020-10-16T11:42:15.539+1000][158,266s][info ][gc] GC(54) Pause Cleanup 187M->187M(256M) 0,126ms
[2020-10-16T11:42:15.539+1000][158,266s][info ][gc] GC(54) Concurrent Cycle 156,462ms
[2020-10-16T11:42:16.888+1000][159,615s][info ][gc] GC(55) Pause Young (Normal) (G1 Evacuation Pause) 223M->185M(256M) 3,392ms
[2020-10-16T11:42:18.364+1000][161,091s][info ][gc] GC(56) Pause Young (Concurrent Start) (G1 Evacuation Pause) 224M->186M(256M) 3,230ms
[2020-10-16T11:42:18.364+1000][161,091s][info ][gc] GC(57) Concurrent Cycle
[2020-10-16T11:42:18.476+1000][161,203s][info ][gc] GC(57) Pause Remark 189M->189M(256M) 0,181ms
[2020-10-16T11:42:18.527+1000][161,254s][info ][gc] GC(57) Pause Cleanup 191M->191M(256M) 0,108ms
[2020-10-16T11:42:18.527+1000][161,254s][info ][gc] GC(57) Concurrent Cycle 162,841ms
[2020-10-16T11:42:19.770+1000][162,497s][info ][gc] GC(58) Pause Young (Normal) (G1 Evacuation Pause) 223M->188M(256M) 4,016ms
[2020-10-16T11:42:21.128+1000][163,855s][info ][gc] GC(59) Pause Young (Concurrent Start) (G1 Evacuation Pause) 224M->189M(256M) 7,535ms
[2020-10-16T11:42:21.128+1000][163,855s][info ][gc] GC(60) Concurrent Cycle
[2020-10-16T11:42:21.237+1000][163,964s][info ][gc] GC(60) Pause Remark 192M->192M(256M) 0,288ms
[2020-10-16T11:42:21.290+1000][164,017s][info ][gc] GC(60) Pause Cleanup 194M->194M(256M) 0,102ms
[2020-10-16T11:42:21.290+1000][164,017s][info ][gc] GC(60) Concurrent Cycle 162,121ms
[2020-10-16T11:42:22.420+1000][165,147s][info ][gc] GC(61) Pause Young (Normal) (G1 Evacuation Pause) 223M->191M(256M) 2,341ms
[2020-10-16T11:42:23.662+1000][166,389s][info ][gc] GC(62) Pause Young (Concurrent Start) (G1 Evacuation Pause) 224M->192M(256M) 3,224ms
[2020-10-16T11:42:23.662+1000][166,389s][info ][gc] GC(63) Concurrent Cycle
[2020-10-16T11:42:23.778+1000][166,505s][info ][gc] GC(63) Pause Remark 196M->196M(256M) 0,189ms
[2020-10-16T11:42:23.833+1000][166,560s][info ][gc] GC(63) Pause Cleanup 197M->197M(256M) 0,070ms
[2020-10-16T11:42:23.834+1000][166,561s][info ][gc] GC(63) Concurrent Cycle 171,582ms
[2020-10-16T11:42:24.832+1000][167,559s][info ][gc] GC(64) Pause Young (Prepare Mixed) (G1 Evacuation Pause) 223M->194M(256M) 2,786ms
[2020-10-16T11:42:25.189+1000][167,916s][info ][gc] GC(65) Pause Young (Mixed) (G1 Evacuation Pause) 203M->185M(256M) 11,307ms
[2020-10-16T11:42:26.652+1000][169,379s][info ][gc] GC(66) Pause Young (Concurrent Start) (G1 Evacuation Pause) 224M->186M(256M) 1,581ms
[2020-10-16T11:42:26.652+1000][169,379s][info ][gc] GC(67) Concurrent Cycle
[2020-10-16T11:42:26.775+1000][169,502s][info ][gc] GC(67) Pause Remark 190M->190M(256M) 0,195ms
[2020-10-16T11:42:26.830+1000][169,556s][info ][gc] GC(67) Pause Cleanup 191M->191M(256M) 0,091ms
[2020-10-16T11:42:26.830+1000][169,557s][info ][gc] GC(67) Concurrent Cycle 177,477ms
[2020-10-16T11:42:28.056+1000][170,783s][info ][gc] GC(68) Pause Young (Normal) (G1 Evacuation Pause) 223M->188M(256M) 2,325ms
[2020-10-16T11:42:29.420+1000][172,147s][info ][gc] GC(69) Pause Young (Concurrent Start) (G1 Evacuation Pause) 224M->189M(256M) 2,677ms
[2020-10-16T11:42:29.420+1000][172,147s][info ][gc] GC(70) Concurrent Cycle
[2020-10-16T11:42:29.549+1000][172,276s][info ][gc] GC(70) Pause Remark 193M->193M(256M) 0,171ms
[2020-10-16T11:42:29.605+1000][172,332s][info ][gc] GC(70) Pause Cleanup 195M->195M(256M) 0,111ms
[2020-10-16T11:42:29.605+1000][172,332s][info ][gc] GC(70) Concurrent Cycle 185,267ms
[2020-10-16T11:42:30.704+1000][173,430s][info ][gc] GC(71) Pause Young (Normal) (G1 Evacuation Pause) 223M->191M(256M) 3,834ms
[2020-10-16T11:42:31.914+1000][174,641s][info ][gc] GC(72) Pause Young (Concurrent Start) (G1 Evacuation Pause) 223M->192M(256M) 2,095ms
[2020-10-16T11:42:31.914+1000][174,641s][info ][gc] GC(73) Concurrent Cycle
[2020-10-16T11:42:32.027+1000][174,754s][info ][gc] GC(73) Pause Remark 196M->196M(256M) 0,200ms
[2020-10-16T11:42:32.088+1000][174,815s][info ][gc] GC(73) Pause Cleanup 197M->197M(256M) 0,100ms
[2020-10-16T11:42:32.088+1000][174,815s][info ][gc] GC(73) Concurrent Cycle 174,036ms
[2020-10-16T11:42:33.084+1000][175,811s][info ][gc] GC(74) Pause Young (Normal) (G1 Evacuation Pause) 223M->194M(256M) 2,106ms
[2020-10-16T11:42:34.214+1000][176,941s][info ][gc] GC(75) Pause Young (Concurrent Start) (G1 Evacuation Pause) 224M->195M(256M) 2,379ms
[2020-10-16T11:42:34.214+1000][176,941s][info ][gc] GC(76) Concurrent Cycle
[2020-10-16T11:42:34.327+1000][177,054s][info ][gc] GC(76) Pause Remark 199M->199M(256M) 0,189ms
[2020-10-16T11:42:34.383+1000][177,110s][info ][gc] GC(76) Pause Cleanup 200M->200M(256M) 0,087ms
[2020-10-16T11:42:34.383+1000][177,110s][info ][gc] GC(76) Concurrent Cycle 169,030ms
[2020-10-16T11:42:35.313+1000][178,039s][info ][gc] GC(77) Pause Young (Normal) (G1 Evacuation Pause) 224M->196M(256M) 1,937ms
[2020-10-16T11:42:36.373+1000][179,100s][info ][gc] GC(78) Pause Young (Concurrent Start) (G1 Evacuation Pause) 224M->198M(256M) 3,449ms
[2020-10-16T11:42:36.373+1000][179,100s][info ][gc] GC(79) Concurrent Cycle
[2020-10-16T11:42:36.501+1000][179,228s][info ][gc] GC(79) Pause Remark 201M->201M(256M) 0,179ms
[2020-10-16T11:42:36.558+1000][179,285s][info ][gc] GC(79) Pause Cleanup 203M->203M(256M) 0,090ms
[2020-10-16T11:42:36.558+1000][179,285s][info ][gc] GC(79) Concurrent Cycle 185,213ms
[2020-10-16T11:42:37.391+1000][180,118s][info ][gc] GC(80) Pause Young (Normal) (G1 Evacuation Pause) 225M->199M(256M) 2,524ms
[2020-10-16T11:42:38.378+1000][181,105s][info ][gc] GC(81) Pause Young (Concurrent Start) (G1 Evacuation Pause) 225M->200M(256M) 2,184ms
[2020-10-16T11:42:38.378+1000][181,105s][info ][gc] GC(82) Concurrent Cycle
[2020-10-16T11:42:38.495+1000][181,222s][info ][gc] GC(82) Pause Remark 203M->203M(256M) 0,191ms
[2020-10-16T11:42:38.556+1000][181,283s][info ][gc] GC(82) Pause Cleanup 205M->205M(256M) 0,090ms
[2020-10-16T11:42:38.557+1000][181,283s][info ][gc] GC(82) Concurrent Cycle 178,549ms
[2020-10-16T11:42:39.285+1000][182,012s][info ][gc] GC(83) Pause Young (Normal) (G1 Evacuation Pause) 224M->201M(256M) 2,989ms
[2020-10-16T11:42:40.152+1000][182,878s][info ][gc] GC(84) Pause Young (Concurrent Start) (G1 Evacuation Pause) 224M->202M(256M) 2,548ms
[2020-10-16T11:42:40.152+1000][182,879s][info ][gc] GC(85) Concurrent Cycle
[2020-10-16T11:42:40.285+1000][183,012s][info ][gc] GC(85) Pause Remark 206M->206M(256M) 0,241ms
[2020-10-16T11:42:40.344+1000][183,071s][info ][gc] GC(85) Pause Cleanup 207M->207M(256M) 0,127ms
[2020-10-16T11:42:40.344+1000][183,071s][info ][gc] GC(85) Concurrent Cycle 192,340ms
[2020-10-16T11:42:40.986+1000][183,713s][info ][gc] GC(86) Pause Young (Normal) (G1 Evacuation Pause) 224M->203M(256M) 2,435ms
[2020-10-16T11:42:41.782+1000][184,508s][info ][gc] GC(87) Pause Young (Concurrent Start) (G1 Evacuation Pause) 224M->204M(256M) 2,676ms
[2020-10-16T11:42:41.782+1000][184,508s][info ][gc] GC(88) Concurrent Cycle
[2020-10-16T11:42:41.907+1000][184,634s][info ][gc] GC(88) Pause Remark 207M->207M(256M) 0,169ms
[2020-10-16T11:42:41.968+1000][184,695s][info ][gc] GC(88) Pause Cleanup 209M->209M(256M) 0,113ms
[2020-10-16T11:42:41.968+1000][184,695s][info ][gc] GC(88) Concurrent Cycle 186,693ms
[2020-10-16T11:42:42.577+1000][185,303s][info ][gc] GC(89) Pause Young (Normal) (G1 Evacuation Pause) 225M->205M(256M) 2,474ms
[2020-10-16T11:42:43.330+1000][186,057s][info ][gc] GC(90) Pause Young (Concurrent Start) (G1 Evacuation Pause) 225M->206M(256M) 1,739ms
[2020-10-16T11:42:43.330+1000][186,057s][info ][gc] GC(91) Concurrent Cycle
[2020-10-16T11:42:43.462+1000][186,188s][info ][gc] GC(91) Pause Remark 209M->209M(256M) 0,174ms
[2020-10-16T11:42:43.521+1000][186,248s][info ][gc] GC(91) Pause Cleanup 211M->211M(256M) 0,085ms
[2020-10-16T11:42:43.521+1000][186,248s][info ][gc] GC(91) Concurrent Cycle 190,944ms
[2020-10-16T11:42:44.054+1000][186,781s][info ][gc] GC(92) Pause Young (Normal) (G1 Evacuation Pause) 225M->207M(256M) 2,305ms
[2020-10-16T11:42:44.736+1000][187,463s][info ][gc] GC(93) Pause Young (Concurrent Start) (G1 Evacuation Pause) 225M->207M(256M) 1,268ms
[2020-10-16T11:42:44.736+1000][187,463s][info ][gc] GC(94) Concurrent Cycle
[2020-10-16T11:42:44.859+1000][187,586s][info ][gc] GC(94) Pause Remark 211M->211M(256M) 0,256ms
[2020-10-16T11:42:44.923+1000][187,649s][info ][gc] GC(94) Pause Cleanup 213M->213M(256M) 0,093ms
[2020-10-16T11:42:44.923+1000][187,650s][info ][gc] GC(94) Concurrent Cycle 187,130ms
[2020-10-16T11:42:45.377+1000][188,104s][info ][gc] GC(95) Pause Young (Normal) (G1 Evacuation Pause) 224M->208M(256M) 1,697ms
[2020-10-16T11:42:46.019+1000][188,746s][info ][gc] GC(96) Pause Young (Concurrent Start) (G1 Evacuation Pause) 225M->209M(256M) 1,710ms
[2020-10-16T11:42:46.019+1000][188,746s][info ][gc] GC(97) Concurrent Cycle
[2020-10-16T11:42:46.141+1000][188,868s][info ][gc] GC(97) Pause Remark 213M->213M(256M) 0,160ms
[2020-10-16T11:42:46.203+1000][188,930s][info ][gc] GC(97) Pause Cleanup 214M->214M(256M) 0,088ms
[2020-10-16T11:42:46.203+1000][188,930s][info ][gc] GC(97) Concurrent Cycle 183,848ms
[2020-10-16T11:42:46.620+1000][189,347s][info ][gc] GC(98) Pause Young (Normal) (G1 Evacuation Pause) 225M->210M(256M) 2,283ms
[2020-10-16T11:42:47.152+1000][189,878s][info ][gc] GC(99) Pause Young (Concurrent Start) (G1 Evacuation Pause) 224M->210M(256M) 3,012ms
[2020-10-16T11:42:47.152+1000][189,879s][info ][gc] GC(100) Concurrent Cycle
[2020-10-16T11:42:47.310+1000][190,037s][info ][gc] GC(100) Pause Remark 215M->215M(256M) 0,204ms
[2020-10-16T11:42:47.379+1000][190,106s][info ][gc] GC(100) Pause Cleanup 216M->216M(256M) 0,092ms
[2020-10-16T11:42:47.379+1000][190,106s][info ][gc] GC(100) Concurrent Cycle 227,631ms
[2020-10-16T11:42:47.722+1000][190,449s][info ][gc] GC(101) Pause Young (Normal) (G1 Evacuation Pause) 225M->211M(256M) 1,427ms
[2020-10-16T11:42:48.213+1000][190,940s][info ][gc] GC(102) Pause Young (Concurrent Start) (G1 Evacuation Pause) 224M->211M(256M) 2,239ms
[2020-10-16T11:42:48.213+1000][190,940s][info ][gc] GC(103) Concurrent Cycle
[2020-10-16T11:42:48.346+1000][191,073s][info ][gc] GC(103) Pause Remark 215M->215M(256M) 0,234ms
[2020-10-16T11:42:48.410+1000][191,136s][info ][gc] GC(103) Pause Cleanup 217M->217M(256M) 0,085ms
[2020-10-16T11:42:48.410+1000][191,137s][info ][gc] GC(103) Concurrent Cycle 197,019ms
[2020-10-16T11:42:48.742+1000][191,469s][info ][gc] GC(104) Pause Young (Normal) (G1 Evacuation Pause) 225M->212M(256M) 0,992ms
[2020-10-16T11:42:49.241+1000][191,967s][info ][gc] GC(105) Pause Young (Concurrent Start) (G1 Evacuation Pause) 225M->212M(256M) 0,965ms
[2020-10-16T11:42:49.241+1000][191,967s][info ][gc] GC(106) Concurrent Cycle
[2020-10-16T11:42:49.377+1000][192,104s][info ][gc] GC(106) Pause Remark 216M->216M(256M) 0,217ms
[2020-10-16T11:42:49.439+1000][192,165s][info ][gc] GC(106) Pause Cleanup 218M->218M(256M) 0,092ms
[2020-10-16T11:42:49.439+1000][192,166s][info ][gc] GC(106) Concurrent Cycle 198,363ms
[2020-10-16T11:42:49.729+1000][192,456s][info ][gc] GC(107) Pause Young (Normal) (G1 Evacuation Pause) 225M->213M(256M) 1,043ms
[2020-10-16T11:42:50.178+1000][192,905s][info ][gc] GC(108) Pause Young (Concurrent Start) (G1 Evacuation Pause) 225M->214M(256M) 1,391ms
[2020-10-16T11:42:50.178+1000][192,905s][info ][gc] GC(109) Concurrent Cycle
[2020-10-16T11:42:50.316+1000][193,043s][info ][gc] GC(109) Pause Remark 217M->217M(256M) 0,255ms
[2020-10-16T11:42:50.411+1000][193,137s][info ][gc] GC(109) Pause Cleanup 220M->220M(256M) 0,112ms
[2020-10-16T11:42:50.411+1000][193,138s][info ][gc] GC(109) Concurrent Cycle 232,840ms
[2020-10-16T11:42:50.596+1000][193,323s][info ][gc] GC(110) Pause Young (Normal) (G1 Evacuation Pause) 225M->214M(256M) 1,160ms
[2020-10-16T11:42:51.014+1000][193,741s][info ][gc] GC(111) Pause Young (Concurrent Start) (G1 Evacuation Pause) 225M->215M(256M) 1,375ms
[2020-10-16T11:42:51.014+1000][193,741s][info ][gc] GC(112) Concurrent Cycle
[2020-10-16T11:42:51.175+1000][193,902s][info ][gc] GC(112) Pause Remark 219M->219M(256M) 0,192ms
[2020-10-16T11:42:51.240+1000][193,967s][info ][gc] GC(112) Pause Cleanup 221M->221M(256M) 0,103ms
[2020-10-16T11:42:51.240+1000][193,967s][info ][gc] GC(112) Concurrent Cycle 225,913ms
[2020-10-16T11:42:51.391+1000][194,118s][info ][gc] GC(113) Pause Young (Normal) (G1 Evacuation Pause) 225M->215M(256M) 1,510ms
[2020-10-16T11:42:51.770+1000][194,497s][info ][gc] GC(114) Pause Young (Concurrent Start) (G1 Evacuation Pause) 225M->216M(256M) 2,016ms
[2020-10-16T11:42:51.770+1000][194,497s][info ][gc] GC(115) Concurrent Cycle
[2020-10-16T11:42:51.906+1000][194,632s][info ][gc] GC(115) Pause Remark 219M->219M(256M) 0,263ms
[2020-10-16T11:42:51.977+1000][194,704s][info ][gc] GC(115) Pause Cleanup 221M->221M(256M) 0,094ms
[2020-10-16T11:42:51.977+1000][194,704s][info ][gc] GC(115) Concurrent Cycle 207,195ms
[2020-10-16T11:42:52.147+1000][194,874s][info ][gc] GC(116) Pause Young (Normal) (G1 Evacuation Pause) 226M->216M(256M) 1,971ms
[2020-10-16T11:42:52.526+1000][195,252s][info ][gc] GC(117) Pause Young (Concurrent Start) (G1 Evacuation Pause) 226M->216M(256M) 1,671ms
[2020-10-16T11:42:52.526+1000][195,253s][info ][gc] GC(118) Concurrent Cycle
[2020-10-16T11:42:52.666+1000][195,393s][info ][gc] GC(118) Pause Remark 220M->220M(256M) 0,156ms
[2020-10-16T11:42:52.728+1000][195,455s][info ][gc] GC(118) Pause Cleanup 222M->222M(256M) 0,088ms
[2020-10-16T11:42:52.728+1000][195,455s][info ][gc] GC(118) Concurrent Cycle 202,247ms
[2020-10-16T11:42:52.903+1000][195,630s][info ][gc] GC(119) Pause Young (Normal) (G1 Evacuation Pause) 226M->217M(256M) 1,280ms
[2020-10-16T11:42:53.281+1000][196,008s][info ][gc] GC(120) Pause Young (Concurrent Start) (G1 Evacuation Pause) 227M->217M(256M) 2,004ms
[2020-10-16T11:42:53.281+1000][196,008s][info ][gc] GC(121) Concurrent Cycle
[2020-10-16T11:42:53.415+1000][196,142s][info ][gc] GC(121) Pause Remark 221M->221M(256M) 0,221ms
[2020-10-16T11:42:53.478+1000][196,205s][info ][gc] GC(121) Pause Cleanup 223M->223M(256M) 0,089ms
[2020-10-16T11:42:53.478+1000][196,205s][info ][gc] GC(121) Concurrent Cycle 197,492ms
[2020-10-16T11:42:53.668+1000][196,395s][info ][gc] GC(122) Pause Young (Normal) (G1 Evacuation Pause) 227M->217M(256M) 0,978ms
[2020-10-16T11:42:54.077+1000][196,804s][info ][gc] GC(123) Pause Young (Concurrent Start) (G1 Evacuation Pause) 228M->218M(256M) 2,355ms
[2020-10-16T11:42:54.077+1000][196,804s][info ][gc] GC(124) Concurrent Cycle
[2020-10-16T11:42:54.214+1000][196,941s][info ][gc] GC(124) Pause Remark 222M->222M(256M) 0,290ms
[2020-10-16T11:42:54.281+1000][197,008s][info ][gc] GC(124) Pause Cleanup 224M->224M(256M) 0,144ms
[2020-10-16T11:42:54.281+1000][197,008s][info ][gc] GC(124) Concurrent Cycle 204,309ms
[2020-10-16T11:42:54.454+1000][197,181s][info ][gc] GC(125) Pause Young (Normal) (G1 Evacuation Pause) 228M->219M(256M) 1,626ms
[2020-10-16T11:42:54.831+1000][197,558s][info ][gc] GC(126) Pause Young (Concurrent Start) (G1 Evacuation Pause) 229M->219M(256M) 0,978ms
[2020-10-16T11:42:54.831+1000][197,558s][info ][gc] GC(127) Concurrent Cycle
[2020-10-16T11:42:54.966+1000][197,693s][info ][gc] GC(127) Pause Remark 223M->223M(256M) 0,200ms
[2020-10-16T11:42:55.029+1000][197,756s][info ][gc] GC(127) Pause Cleanup 224M->224M(256M) 0,111ms
[2020-10-16T11:42:55.029+1000][197,756s][info ][gc] GC(127) Concurrent Cycle 197,893ms
[2020-10-16T11:42:55.219+1000][197,946s][info ][gc] GC(128) Pause Young (Normal) (G1 Evacuation Pause) 229M->219M(256M) 1,664ms
[2020-10-16T11:42:55.627+1000][198,354s][info ][gc] GC(129) Pause Young (Concurrent Start) (G1 Evacuation Pause) 230M->220M(256M) 0,989ms
[2020-10-16T11:42:55.627+1000][198,354s][info ][gc] GC(130) Concurrent Cycle
[2020-10-16T11:42:55.758+1000][198,485s][info ][gc] GC(130) Pause Remark 223M->223M(256M) 0,181ms
[2020-10-16T11:42:55.828+1000][198,555s][info ][gc] GC(130) Pause Cleanup 225M->225M(256M) 0,082ms
[2020-10-16T11:42:55.828+1000][198,555s][info ][gc] GC(130) Concurrent Cycle 201,562ms
[2020-10-16T11:42:56.004+1000][198,730s][info ][gc] GC(131) Pause Young (Normal) (G1 Evacuation Pause) 230M->220M(256M) 1,272ms
[2020-10-16T11:42:56.382+1000][199,108s][info ][gc] GC(132) Pause Young (Concurrent Start) (G1 Evacuation Pause) 230M->221M(256M) 1,345ms
[2020-10-16T11:42:56.382+1000][199,108s][info ][gc] GC(133) Concurrent Cycle
[2020-10-16T11:42:56.514+1000][199,240s][info ][gc] GC(133) Pause Remark 224M->224M(256M) 0,241ms
[2020-10-16T11:42:56.576+1000][199,302s][info ][gc] GC(133) Pause Cleanup 226M->226M(256M) 0,096ms
[2020-10-16T11:42:56.576+1000][199,303s][info ][gc] GC(133) Concurrent Cycle 194,216ms
[2020-10-16T11:42:56.769+1000][199,496s][info ][gc] GC(134) Pause Young (Normal) (G1 Evacuation Pause) 231M->221M(256M) 0,923ms
[2020-10-16T11:42:57.177+1000][199,904s][info ][gc] GC(135) Pause Young (Concurrent Start) (G1 Evacuation Pause) 232M->222M(256M) 1,341ms
[2020-10-16T11:42:57.177+1000][199,904s][info ][gc] GC(136) Concurrent Cycle
[2020-10-16T11:42:57.317+1000][200,044s][info ][gc] GC(136) Pause Remark 225M->225M(256M) 0,189ms
[2020-10-16T11:42:57.382+1000][200,109s][info ][gc] GC(136) Pause Cleanup 227M->227M(256M) 0,097ms
[2020-10-16T11:42:57.382+1000][200,109s][info ][gc] GC(136) Concurrent Cycle 205,034ms
[2020-10-16T11:42:57.555+1000][200,282s][info ][gc] GC(137) Pause Young (Normal) (G1 Evacuation Pause) 232M->222M(256M) 2,036ms
[2020-10-16T11:42:57.933+1000][200,659s][info ][gc] GC(138) Pause Young (Concurrent Start) (G1 Evacuation Pause) 232M->223M(256M) 1,421ms
[2020-10-16T11:42:57.933+1000][200,659s][info ][gc] GC(139) Concurrent Cycle
[2020-10-16T11:42:58.071+1000][200,797s][info ][gc] GC(139) Pause Remark 226M->226M(256M) 0,232ms
[2020-10-16T11:42:58.134+1000][200,861s][info ][gc] GC(139) Pause Cleanup 228M->228M(256M) 0,084ms
[2020-10-16T11:42:58.135+1000][200,862s][info ][gc] GC(139) Concurrent Cycle 202,117ms
[2020-10-16T11:42:58.320+1000][201,047s][info ][gc] GC(140) Pause Young (Normal) (G1 Evacuation Pause) 233M->223M(256M) 1,658ms
[2020-10-16T11:42:58.728+1000][201,455s][info ][gc] GC(141) Pause Young (Concurrent Start) (G1 Evacuation Pause) 234M->223M(256M) 1,414ms
[2020-10-16T11:42:58.728+1000][201,455s][info ][gc] GC(142) Concurrent Cycle
[2020-10-16T11:42:58.865+1000][201,592s][info ][gc] GC(142) Pause Remark 227M->227M(256M) 0,148ms
[2020-10-16T11:42:58.928+1000][201,655s][info ][gc] GC(142) Pause Cleanup 229M->229M(256M) 0,093ms
[2020-10-16T11:42:58.929+1000][201,656s][info ][gc] GC(142) Concurrent Cycle 200,373ms
[2020-10-16T11:42:59.106+1000][201,833s][info ][gc] GC(143) Pause Young (Normal) (G1 Evacuation Pause) 233M->224M(256M) 2,005ms
[2020-10-16T11:42:59.484+1000][202,211s][info ][gc] GC(144) Pause Young (Concurrent Start) (G1 Evacuation Pause) 234M->224M(256M) 1,512ms
[2020-10-16T11:42:59.484+1000][202,211s][info ][gc] GC(145) Concurrent Cycle
[2020-10-16T11:42:59.621+1000][202,348s][info ][gc] GC(145) Pause Remark 228M->228M(256M) 0,249ms
[2020-10-16T11:42:59.695+1000][202,421s][info ][gc] GC(145) Pause Cleanup 230M->230M(256M) 0,107ms
[2020-10-16T11:42:59.695+1000][202,422s][info ][gc] GC(145) Concurrent Cycle 211,010ms
[2020-10-16T11:42:59.871+1000][202,598s][info ][gc] GC(146) Pause Young (Normal) (G1 Evacuation Pause) 234M->225M(256M) 1,532ms
[2020-10-16T11:43:00.279+1000][203,006s][info ][gc] GC(147) Pause Young (Concurrent Start) (G1 Evacuation Pause) 236M->225M(256M) 1,105ms
[2020-10-16T11:43:00.279+1000][203,006s][info ][gc] GC(148) Concurrent Cycle
[2020-10-16T11:43:00.418+1000][203,145s][info ][gc] GC(148) Pause Remark 229M->229M(256M) 0,211ms
[2020-10-16T11:43:00.486+1000][203,213s][info ][gc] GC(148) Pause Cleanup 231M->231M(256M) 0,092ms
[2020-10-16T11:43:00.486+1000][203,213s][info ][gc] GC(148) Concurrent Cycle 206,917ms
[2020-10-16T11:43:00.656+1000][203,383s][info ][gc] GC(149) Pause Young (Normal) (G1 Evacuation Pause) 235M->226M(256M) 1,921ms
[2020-10-16T11:43:01.034+1000][203,760s][info ][gc] GC(150) Pause Young (Concurrent Start) (G1 Evacuation Pause) 236M->226M(256M) 1,048ms
[2020-10-16T11:43:01.034+1000][203,760s][info ][gc] GC(151) Concurrent Cycle
[2020-10-16T11:43:01.174+1000][203,901s][info ][gc] GC(151) Pause Remark 230M->230M(256M) 0,216ms
[2020-10-16T11:43:01.241+1000][203,968s][info ][gc] GC(151) Pause Cleanup 231M->231M(256M) 0,170ms
[2020-10-16T11:43:01.242+1000][203,969s][info ][gc] GC(151) Concurrent Cycle 208,315ms
[2020-10-16T11:43:01.421+1000][204,147s][info ][gc] GC(152) Pause Young (Normal) (G1 Evacuation Pause) 236M->226M(256M) 1,518ms
[2020-10-16T11:43:01.829+1000][204,556s][info ][gc] GC(153) Pause Young (Concurrent Start) (G1 Evacuation Pause) 237M->227M(256M) 1,571ms
[2020-10-16T11:43:01.829+1000][204,556s][info ][gc] GC(154) Concurrent Cycle
[2020-10-16T11:43:01.965+1000][204,692s][info ][gc] GC(154) Pause Remark 230M->230M(256M) 0,160ms
[2020-10-16T11:43:02.034+1000][204,761s][info ][gc] GC(154) Pause Cleanup 232M->232M(256M) 0,091ms
[2020-10-16T11:43:02.034+1000][204,761s][info ][gc] GC(154) Concurrent Cycle 205,303ms
[2020-10-16T11:43:02.207+1000][204,933s][info ][gc] GC(155) Pause Young (Normal) (G1 Evacuation Pause) 237M->227M(256M) 1,883ms
[2020-10-16T11:43:02.584+1000][205,311s][info ][gc] GC(156) Pause Young (Concurrent Start) (G1 Evacuation Pause) 237M->228M(256M) 1,616ms
[2020-10-16T11:43:02.584+1000][205,311s][info ][gc] GC(157) Concurrent Cycle
[2020-10-16T11:43:02.727+1000][205,453s][info ][gc] GC(157) Pause Remark 232M->232M(256M) 0,214ms
[2020-10-16T11:43:02.799+1000][205,526s][info ][gc] GC(157) Pause Cleanup 234M->234M(256M) 0,238ms
[2020-10-16T11:43:02.799+1000][205,526s][info ][gc] GC(157) Concurrent Cycle 214,857ms
[2020-10-16T11:43:02.971+1000][205,698s][info ][gc] GC(158) Pause Young (Normal) (G1 Evacuation Pause) 238M->228M(256M) 0,950ms
[2020-10-16T11:43:03.379+1000][206,106s][info ][gc] GC(159) Pause Young (Concurrent Start) (G1 Evacuation Pause) 239M->229M(256M) 1,925ms
[2020-10-16T11:43:03.379+1000][206,106s][info ][gc] GC(160) Concurrent Cycle
[2020-10-16T11:43:03.524+1000][206,251s][info ][gc] GC(160) Pause Remark 233M->233M(256M) 0,171ms
[2020-10-16T11:43:03.592+1000][206,319s][info ][gc] GC(160) Pause Cleanup 234M->234M(256M) 0,101ms
[2020-10-16T11:43:03.592+1000][206,319s][info ][gc] GC(160) Concurrent Cycle 213,130ms
[2020-10-16T11:43:03.757+1000][206,484s][info ][gc] GC(161) Pause Young (Normal) (G1 Evacuation Pause) 239M->229M(256M) 1,888ms
[2020-10-16T11:43:04.134+1000][206,861s][info ][gc] GC(162) Pause Young (Concurrent Start) (G1 Evacuation Pause) 239M->230M(256M) 1,189ms
[2020-10-16T11:43:04.134+1000][206,861s][info ][gc] GC(163) Concurrent Cycle
[2020-10-16T11:43:04.283+1000][207,010s][info ][gc] GC(163) Pause Remark 233M->233M(256M) 0,225ms
[2020-10-16T11:43:04.350+1000][207,077s][info ][gc] GC(163) Pause Cleanup 235M->235M(256M) 0,096ms
[2020-10-16T11:43:04.350+1000][207,077s][info ][gc] GC(163) Concurrent Cycle 216,077ms
[2020-10-16T11:43:04.521+1000][207,248s][info ][gc] GC(164) Pause Young (Normal) (G1 Evacuation Pause) 240M->230M(256M) 1,177ms
[2020-10-16T11:43:04.929+1000][207,656s][info ][gc] GC(165) Pause Young (Concurrent Start) (G1 Evacuation Pause) 241M->230M(256M) 1,311ms
[2020-10-16T11:43:04.929+1000][207,656s][info ][gc] GC(166) Concurrent Cycle
[2020-10-16T11:43:05.069+1000][207,796s][info ][gc] GC(166) Pause Remark 234M->234M(256M) 0,232ms
[2020-10-16T11:43:05.142+1000][207,869s][info ][gc] GC(166) Pause Cleanup 236M->236M(256M) 0,102ms
[2020-10-16T11:43:05.143+1000][207,869s][info ][gc] GC(166) Concurrent Cycle 213,114ms
[2020-10-16T11:43:05.307+1000][208,034s][info ][gc] GC(167) Pause Young (Normal) (G1 Evacuation Pause) 240M->231M(256M) 2,047ms
[2020-10-16T11:43:05.685+1000][208,412s][info ][gc] GC(168) Pause Young (Concurrent Start) (G1 Evacuation Pause) 241M->231M(256M) 1,737ms
[2020-10-16T11:43:05.685+1000][208,412s][info ][gc] GC(169) Concurrent Cycle
[2020-10-16T11:43:05.835+1000][208,562s][info ][gc] GC(169) Pause Remark 235M->235M(256M) 0,217ms
[2020-10-16T11:43:05.904+1000][208,631s][info ][gc] GC(169) Pause Cleanup 237M->237M(256M) 0,093ms
[2020-10-16T11:43:05.904+1000][208,631s][info ][gc] GC(169) Concurrent Cycle 218,656ms
[2020-10-16T11:43:06.072+1000][208,799s][info ][gc] GC(170) Pause Young (Normal) (G1 Evacuation Pause) 241M->232M(256M) 1,001ms
[2020-10-16T11:43:06.481+1000][209,208s][info ][gc] GC(171) Pause Young (Concurrent Start) (G1 Evacuation Pause) 243M->232M(256M) 1,659ms
[2020-10-16T11:43:06.481+1000][209,208s][info ][gc] GC(172) Concurrent Cycle
[2020-10-16T11:43:06.625+1000][209,352s][info ][gc] GC(172) Pause Remark 236M->236M(256M) 0,178ms
[2020-10-16T11:43:06.695+1000][209,422s][info ][gc] GC(172) Pause Cleanup 238M->238M(256M) 0,092ms
[2020-10-16T11:43:06.695+1000][209,422s][info ][gc] GC(172) Concurrent Cycle 214,209ms
[2020-10-16T11:43:06.859+1000][209,586s][info ][gc] GC(173) Pause Young (Normal) (G1 Evacuation Pause) 242M->233M(256M) 1,949ms
[2020-10-16T11:43:07.236+1000][209,963s][info ][gc] GC(174) Pause Young (Concurrent Start) (G1 Evacuation Pause) 243M->233M(256M) 1,115ms
[2020-10-16T11:43:07.236+1000][209,963s][info ][gc] GC(175) Concurrent Cycle
[2020-10-16T11:43:07.378+1000][210,105s][info ][gc] GC(175) Pause Remark 237M->237M(256M) 0,186ms
[2020-10-16T11:43:07.446+1000][210,173s][info ][gc] GC(175) Pause Cleanup 238M->238M(256M) 0,098ms
[2020-10-16T11:43:07.447+1000][210,173s][info ][gc] GC(175) Concurrent Cycle 210,393ms
[2020-10-16T11:43:07.624+1000][210,351s][info ][gc] GC(176) Pause Young (Normal) (G1 Evacuation Pause) 243M->233M(256M) 1,765ms
[2020-10-16T11:43:08.032+1000][210,759s][info ][gc] GC(177) Pause Young (Concurrent Start) (G1 Evacuation Pause) 244M->234M(256M) 1,601ms
[2020-10-16T11:43:08.032+1000][210,759s][info ][gc] GC(178) Concurrent Cycle
[2020-10-16T11:43:08.172+1000][210,899s][info ][gc] GC(178) Pause Remark 237M->237M(256M) 0,236ms
[2020-10-16T11:43:08.240+1000][210,967s][info ][gc] GC(178) Pause Cleanup 239M->239M(256M) 0,126ms
[2020-10-16T11:43:08.240+1000][210,967s][info ][gc] GC(178) Concurrent Cycle 207,914ms
[2020-10-16T11:43:08.410+1000][211,136s][info ][gc] GC(179) Pause Young (Normal) (G1 Evacuation Pause) 244M->234M(256M) 1,675ms
[2020-10-16T11:43:08.787+1000][211,514s][info ][gc] GC(180) Pause Young (Concurrent Start) (G1 Evacuation Pause) 244M->235M(256M) 1,396ms
[2020-10-16T11:43:08.787+1000][211,514s][info ][gc] GC(181) Concurrent Cycle
[2020-10-16T11:43:08.927+1000][211,654s][info ][gc] GC(181) Pause Remark 238M->238M(256M) 0,183ms
[2020-10-16T11:43:09.002+1000][211,729s][info ][gc] GC(181) Pause Cleanup 241M->241M(256M) 0,107ms
[2020-10-16T11:43:09.002+1000][211,729s][info ][gc] GC(181) Concurrent Cycle 214,827ms
[2020-10-16T11:43:09.175+1000][211,901s][info ][gc] GC(182) Pause Young (Normal) (G1 Evacuation Pause) 245M->235M(256M) 1,176ms
[2020-10-16T11:43:09.583+1000][212,310s][info ][gc] GC(183) Pause Young (Concurrent Start) (G1 Evacuation Pause) 246M->236M(256M) 1,396ms
[2020-10-16T11:43:09.583+1000][212,310s][info ][gc] GC(184) Concurrent Cycle
[2020-10-16T11:43:09.725+1000][212,452s][info ][gc] GC(184) Pause Remark 239M->239M(256M) 0,602ms
[2020-10-16T11:43:09.798+1000][212,524s][info ][gc] GC(184) Pause Cleanup 241M->241M(256M) 0,115ms
[2020-10-16T11:43:09.798+1000][212,525s][info ][gc] GC(184) Concurrent Cycle 214,944ms
[2020-10-16T11:43:09.961+1000][212,688s][info ][gc] GC(185) Pause Young (Normal) (G1 Evacuation Pause) 246M->236M(256M) 1,869ms
[2020-10-16T11:43:10.338+1000][213,065s][info ][gc] GC(186) Pause Young (Concurrent Start) (G1 Evacuation Pause) 246M->237M(256M) 1,185ms
[2020-10-16T11:43:10.338+1000][213,065s][info ][gc] GC(187) Concurrent Cycle
[2020-10-16T11:43:10.499+1000][213,226s][info ][gc] GC(187) Pause Remark 241M->241M(256M) 0,181ms
[2020-10-16T11:43:10.581+1000][213,307s][info ][gc] GC(187) Pause Cleanup 243M->243M(256M) 0,158ms
[2020-10-16T11:43:10.581+1000][213,308s][info ][gc] GC(187) Concurrent Cycle 242,756ms
[2020-10-16T11:43:10.725+1000][213,452s][info ][gc] GC(188) Pause Young (Normal) (G1 Evacuation Pause) 247M->237M(256M) 1,284ms
[2020-10-16T11:43:11.133+1000][213,860s][info ][gc] GC(189) Pause Young (Concurrent Start) (G1 Evacuation Pause) 248M->237M(256M) 0,925ms
[2020-10-16T11:43:11.133+1000][213,860s][info ][gc] GC(190) Concurrent Cycle
[2020-10-16T11:43:11.274+1000][214,001s][info ][gc] GC(190) Pause Remark 241M->241M(256M) 0,195ms
[2020-10-16T11:43:11.344+1000][214,070s][info ][gc] GC(190) Pause Cleanup 243M->243M(256M) 0,109ms
[2020-10-16T11:43:11.344+1000][214,071s][info ][gc] GC(190) Concurrent Cycle 210,518ms
[2020-10-16T11:43:11.512+1000][214,239s][info ][gc] GC(191) Pause Young (Normal) (G1 Evacuation Pause) 247M->238M(256M) 2,566ms
[2020-10-16T11:43:11.890+1000][214,617s][info ][gc] GC(192) Pause Young (Concurrent Start) (G1 Evacuation Pause) 248M->238M(256M) 1,551ms
[2020-10-16T11:43:11.890+1000][214,617s][info ][gc] GC(193) Concurrent Cycle
[2020-10-16T11:43:12.035+1000][214,762s][info ][gc] GC(193) Pause Remark 242M->242M(256M) 0,182ms
[2020-10-16T11:43:12.107+1000][214,834s][info ][gc] GC(193) Pause Cleanup 244M->244M(256M) 0,091ms
[2020-10-16T11:43:12.107+1000][214,834s][info ][gc] GC(193) Concurrent Cycle 217,293ms
[2020-10-16T11:43:12.277+1000][215,004s][info ][gc] GC(194) Pause Young (Normal) (G1 Evacuation Pause) 248M->238M(256M) 1,447ms
[2020-10-16T11:43:12.686+1000][215,413s][info ][gc] GC(195) Pause Young (Concurrent Start) (G1 Evacuation Pause) 249M->239M(256M) 2,072ms
[2020-10-16T11:43:12.686+1000][215,413s][info ][gc] GC(196) Concurrent Cycle
[2020-10-16T11:43:12.827+1000][215,553s][info ][gc] GC(196) Pause Remark 243M->243M(256M) 0,170ms
[2020-10-16T11:43:12.909+1000][215,636s][info ][gc] GC(196) Pause Cleanup 245M->245M(256M) 0,092ms
[2020-10-16T11:43:12.909+1000][215,636s][info ][gc] GC(196) Concurrent Cycle 223,586ms
[2020-10-16T11:43:13.063+1000][215,790s][info ][gc] GC(197) Pause Young (Normal) (G1 Evacuation Pause) 249M->240M(256M) 1,645ms
[2020-10-16T11:43:13.441+1000][216,168s][info ][gc] GC(198) Pause Young (Concurrent Start) (G1 Evacuation Pause) 250M->240M(256M) 1,780ms
[2020-10-16T11:43:13.441+1000][216,168s][info ][gc] GC(199) Concurrent Cycle
[2020-10-16T11:43:13.586+1000][216,313s][info ][gc] GC(199) Pause Remark 244M->244M(256M) 0,212ms
[2020-10-16T11:43:13.658+1000][216,385s][info ][gc] GC(199) Pause Cleanup 246M->246M(256M) 0,110ms
[2020-10-16T11:43:13.658+1000][216,385s][info ][gc] GC(199) Concurrent Cycle 216,623ms
[2020-10-16T11:43:13.828+1000][216,555s][info ][gc] GC(200) Pause Young (Normal) (G1 Evacuation Pause) 250M->240M(256M) 0,898ms
[2020-10-16T11:43:14.236+1000][216,963s][info ][gc] GC(201) Pause Young (Concurrent Start) (G1 Evacuation Pause) 251M->241M(256M) 1,082ms
[2020-10-16T11:43:14.236+1000][216,963s][info ][gc] GC(202) Concurrent Cycle
[2020-10-16T11:43:14.390+1000][217,117s][info ][gc] GC(202) Pause Remark 245M->245M(256M) 0,233ms
[2020-10-16T11:43:14.460+1000][217,187s][info ][gc] GC(202) Pause Cleanup 247M->247M(256M) 0,140ms
[2020-10-16T11:43:14.460+1000][217,187s][info ][gc] GC(202) Concurrent Cycle 224,035ms
[2020-10-16T11:43:14.615+1000][217,342s][info ][gc] GC(203) Pause Young (Normal) (G1 Evacuation Pause) 251M->241M(256M) 2,358ms
[2020-10-16T11:43:14.992+1000][217,719s][info ][gc] GC(204) Pause Young (Concurrent Start) (G1 Evacuation Pause) 251M->242M(256M) 1,221ms
[2020-10-16T11:43:14.992+1000][217,719s][info ][gc] GC(205) Concurrent Cycle
[2020-10-16T11:43:15.135+1000][217,862s][info ][gc] GC(205) Pause Remark 246M->246M(256M) 0,210ms
[2020-10-16T11:43:15.208+1000][217,935s][info ][gc] GC(205) Pause Cleanup 248M->248M(256M) 0,125ms
[2020-10-16T11:43:15.209+1000][217,936s][info ][gc] GC(205) Concurrent Cycle 216,750ms
[2020-10-16T11:43:15.410+1000][218,137s][info ][gc] GC(206) Pause Young (Normal) (G1 Evacuation Pause) 253M->242M(256M) 1,828ms
[2020-10-16T11:43:15.829+1000][218,556s][info ][gc] GC(207) To-space exhausted
[2020-10-16T11:43:15.829+1000][218,556s][info ][gc] GC(207) Pause Young (Concurrent Start) (G1 Evacuation Pause) 253M->243M(256M) 2,241ms
[2020-10-16T11:43:15.829+1000][218,556s][info ][gc] GC(208) Concurrent Cycle
[2020-10-16T11:43:15.973+1000][218,699s][info ][gc] GC(208) Pause Remark 247M->247M(256M) 0,190ms
[2020-10-16T11:43:16.042+1000][218,769s][info ][gc] GC(208) Pause Cleanup 249M->249M(256M) 0,100ms
[2020-10-16T11:43:16.042+1000][218,769s][info ][gc] GC(208) Concurrent Cycle 213,093ms
[2020-10-16T11:43:16.253+1000][218,979s][info ][gc] GC(209) To-space exhausted
[2020-10-16T11:43:16.253+1000][218,979s][info ][gc] GC(209) Pause Young (Normal) (G1 Evacuation Pause) 254M->254M(256M) 7,125ms
[2020-10-16T11:43:16.371+1000][219,098s][info ][gc] GC(210) Pause Full (G1 Evacuation Pause) 254M->231M(256M) 118,207ms
[2020-10-16T11:43:16.820+1000][219,546s][info ][gc] GC(211) Pause Young (Concurrent Start) (G1 Evacuation Pause) 243M->232M(256M) 1,338ms
[2020-10-16T11:43:16.820+1000][219,547s][info ][gc] GC(212) Concurrent Cycle
[2020-10-16T11:43:16.976+1000][219,703s][info ][gc] GC(212) Pause Remark 236M->236M(256M) 0,244ms
[2020-10-16T11:43:17.070+1000][219,797s][info ][gc] GC(212) Pause Cleanup 239M->239M(256M) 0,106ms
[2020-10-16T11:43:17.071+1000][219,797s][info ][gc] GC(212) Concurrent Cycle 250,899ms
[2020-10-16T11:43:17.237+1000][219,964s][info ][gc] GC(213) Pause Young (Normal) (G1 Evacuation Pause) 243M->232M(256M) 0,766ms
[2020-10-16T11:43:17.615+1000][220,342s][info ][gc] GC(214) Pause Young (Concurrent Start) (G1 Evacuation Pause) 242M->233M(256M) 1,576ms
[2020-10-16T11:43:17.615+1000][220,342s][info ][gc] GC(215) Concurrent Cycle
[2020-10-16T11:43:17.764+1000][220,490s][info ][gc] GC(215) Pause Remark 237M->237M(256M) 0,196ms
[2020-10-16T11:43:17.834+1000][220,560s][info ][gc] GC(215) Pause Cleanup 239M->239M(256M) 0,087ms
[2020-10-16T11:43:17.834+1000][220,561s][info ][gc] GC(215) Concurrent Cycle 218,944ms
[2020-10-16T11:43:17.991+1000][220,718s][info ][gc] GC(216) Pause Young (Normal) (G1 Evacuation Pause) 243M->233M(256M) 1,067ms
[2020-10-16T11:43:18.379+1000][221,106s][info ][gc] GC(217) Pause Young (Concurrent Start) (G1 Evacuation Pause) 243M->233M(256M) 2,018ms
[2020-10-16T11:43:18.379+1000][221,106s][info ][gc] GC(218) Concurrent Cycle
[2020-10-16T11:43:18.537+1000][221,264s][info ][gc] GC(218) Pause Remark 238M->238M(256M) 0,217ms
[2020-10-16T11:43:18.607+1000][221,333s][info ][gc] GC(218) Pause Cleanup 240M->240M(256M) 0,104ms
[2020-10-16T11:43:18.607+1000][221,334s][info ][gc] GC(218) Concurrent Cycle 227,499ms
[2020-10-16T11:43:18.787+1000][221,514s][info ][gc] GC(219) Pause Young (Normal) (G1 Evacuation Pause) 244M->234M(256M) 1,107ms
[2020-10-16T11:43:19.165+1000][221,892s][info ][gc] GC(220) Pause Young (Concurrent Start) (G1 Evacuation Pause) 244M->234M(256M) 2,055ms
[2020-10-16T11:43:19.165+1000][221,892s][info ][gc] GC(221) Concurrent Cycle
[2020-10-16T11:43:19.327+1000][222,054s][info ][gc] GC(221) Pause Remark 239M->239M(256M) 0,211ms
[2020-10-16T11:43:19.396+1000][222,123s][info ][gc] GC(221) Pause Cleanup 240M->240M(256M) 0,087ms
[2020-10-16T11:43:19.396+1000][222,123s][info ][gc] GC(221) Concurrent Cycle 231,190ms
[2020-10-16T11:43:19.543+1000][222,269s][info ][gc] GC(222) Pause Young (Normal) (G1 Evacuation Pause) 244M->235M(256M) 1,451ms
[2020-10-16T11:43:19.930+1000][222,657s][info ][gc] GC(223) Pause Young (Concurrent Start) (G1 Evacuation Pause) 245M->235M(256M) 1,154ms
[2020-10-16T11:43:19.930+1000][222,657s][info ][gc] GC(224) Concurrent Cycle
[2020-10-16T11:43:20.077+1000][222,804s][info ][gc] GC(224) Pause Remark 239M->239M(256M) 0,203ms
[2020-10-16T11:43:20.149+1000][222,876s][info ][gc] GC(224) Pause Cleanup 241M->241M(256M) 0,092ms
[2020-10-16T11:43:20.149+1000][222,876s][info ][gc] GC(224) Concurrent Cycle 218,986ms
[2020-10-16T11:43:20.338+1000][223,065s][info ][gc] GC(225) Pause Young (Normal) (G1 Evacuation Pause) 246M->236M(256M) 1,337ms
[2020-10-16T11:43:20.716+1000][223,443s][info ][gc] GC(226) Pause Young (Concurrent Start) (G1 Evacuation Pause) 246M->236M(256M) 1,964ms
[2020-10-16T11:43:20.716+1000][223,443s][info ][gc] GC(227) Concurrent Cycle
[2020-10-16T11:43:20.887+1000][223,614s][info ][gc] GC(227) Pause Remark 241M->241M(256M) 0,188ms
[2020-10-16T11:43:20.962+1000][223,688s][info ][gc] GC(227) Pause Cleanup 243M->243M(256M) 0,094ms
[2020-10-16T11:43:20.962+1000][223,689s][info ][gc] GC(227) Concurrent Cycle 245,842ms
[2020-10-16T11:43:21.093+1000][223,820s][info ][gc] GC(228) Pause Young (Normal) (G1 Evacuation Pause) 246M->237M(256M) 1,073ms
[2020-10-16T11:43:21.480+1000][224,207s][info ][gc] GC(229) Pause Young (Concurrent Start) (G1 Evacuation Pause) 247M->237M(256M) 1,443ms
[2020-10-16T11:43:21.480+1000][224,207s][info ][gc] GC(230) Concurrent Cycle
[2020-10-16T11:43:21.656+1000][224,383s][info ][gc] GC(230) Pause Remark 242M->242M(256M) 0,199ms
[2020-10-16T11:43:21.732+1000][224,459s][info ][gc] GC(230) Pause Cleanup 244M->244M(256M) 0,085ms
[2020-10-16T11:43:21.733+1000][224,460s][info ][gc] GC(230) Concurrent Cycle 252,241ms
[2020-10-16T11:43:21.889+1000][224,615s][info ][gc] GC(231) Pause Young (Normal) (G1 Evacuation Pause) 248M->237M(256M) 1,623ms
[2020-10-16T11:43:22.267+1000][224,994s][info ][gc] GC(232) Pause Young (Concurrent Start) (G1 Evacuation Pause) 247M->238M(256M) 2,255ms
[2020-10-16T11:43:22.267+1000][224,994s][info ][gc] GC(233) Concurrent Cycle
[2020-10-16T11:43:22.423+1000][225,150s][info ][gc] GC(233) Pause Remark 242M->242M(256M) 0,206ms
[2020-10-16T11:43:22.501+1000][225,227s][info ][gc] GC(233) Pause Cleanup 244M->244M(256M) 0,084ms
[2020-10-16T11:43:22.501+1000][225,228s][info ][gc] GC(233) Concurrent Cycle 233,503ms
[2020-10-16T11:43:22.644+1000][225,371s][info ][gc] GC(234) Pause Young (Normal) (G1 Evacuation Pause) 248M->238M(256M) 1,096ms
[2020-10-16T11:43:23.062+1000][225,789s][info ][gc] GC(235) Pause Young (Concurrent Start) (G1 Evacuation Pause) 249M->239M(256M) 1,005ms
[2020-10-16T11:43:23.062+1000][225,789s][info ][gc] GC(236) Concurrent Cycle
[2020-10-16T11:43:23.213+1000][225,940s][info ][gc] GC(236) Pause Remark 243M->243M(256M) 0,223ms
[2020-10-16T11:43:23.290+1000][226,017s][info ][gc] GC(236) Pause Cleanup 245M->245M(256M) 0,097ms
[2020-10-16T11:43:23.291+1000][226,018s][info ][gc] GC(236) Concurrent Cycle 228,568ms
[2020-10-16T11:43:23.481+1000][226,208s][info ][gc] GC(237) To-space exhausted
[2020-10-16T11:43:23.481+1000][226,208s][info ][gc] GC(237) Pause Young (Normal) (G1 Evacuation Pause) 250M->243M(256M) 2,529ms
[2020-10-16T11:43:23.790+1000][226,517s][info ][gc] GC(238) To-space exhausted
[2020-10-16T11:43:23.790+1000][226,517s][info ][gc] GC(238) Pause Young (Concurrent Start) (G1 Evacuation Pause) 251M->251M(256M) 3,476ms
[2020-10-16T11:43:23.790+1000][226,517s][info ][gc] GC(240) Concurrent Cycle
[2020-10-16T11:43:23.790+1000][226,517s][debug][gc] GC(239) Clear Next Bitmap 0,191ms
[2020-10-16T11:43:23.900+1000][226,627s][info ][gc] GC(239) Pause Full (G1 Evacuation Pause) 251M->239M(256M) 110,295ms
[2020-10-16T11:43:23.901+1000][226,627s][info ][gc] GC(240) Concurrent Cycle 110,563ms
[2020-10-16T11:43:24.352+1000][227,079s][info ][gc] GC(241) To-space exhausted
[2020-10-16T11:43:24.353+1000][227,079s][info ][gc] GC(241) Pause Young (Normal) (G1 Evacuation Pause) 251M->251M(256M) 5,007ms
[2020-10-16T11:43:24.454+1000][227,181s][info ][gc] GC(242) Pause Full (G1 Evacuation Pause) 251M->239M(256M) 101,485ms
[2020-10-16T11:43:24.913+1000][227,639s][info ][gc] GC(243) Pause Young (Concurrent Start) (G1 Evacuation Pause) 251M->240M(256M) 1,052ms
[2020-10-16T11:43:24.913+1000][227,639s][info ][gc] GC(244) Concurrent Cycle
[2020-10-16T11:43:25.066+1000][227,793s][info ][gc] GC(244) Pause Remark 244M->244M(256M) 0,193ms
[2020-10-16T11:43:25.141+1000][227,868s][info ][gc] GC(244) Pause Cleanup 246M->246M(256M) 0,091ms
[2020-10-16T11:43:25.141+1000][227,868s][info ][gc] GC(244) Concurrent Cycle 228,399ms
[2020-10-16T11:43:25.330+1000][228,057s][info ][gc] GC(245) Pause Young (Normal) (G1 Evacuation Pause) 251M->240M(256M) 0,750ms
[2020-10-16T11:43:25.740+1000][228,467s][info ][gc] GC(246) To-space exhausted
[2020-10-16T11:43:25.740+1000][228,467s][info ][gc] GC(246) Pause Young (Concurrent Start) (G1 Evacuation Pause) 251M->242M(256M) 3,341ms
[2020-10-16T11:43:25.740+1000][228,467s][info ][gc] GC(247) Concurrent Cycle
[2020-10-16T11:43:25.896+1000][228,623s][info ][gc] GC(247) Pause Remark 247M->247M(256M) 0,184ms
[2020-10-16T11:43:25.970+1000][228,697s][info ][gc] GC(247) Pause Cleanup 248M->248M(256M) 0,096ms
[2020-10-16T11:43:25.970+1000][228,697s][info ][gc] GC(247) Concurrent Cycle 230,508ms
[2020-10-16T11:43:26.131+1000][228,858s][info ][gc] GC(248) To-space exhausted
[2020-10-16T11:43:26.131+1000][228,858s][info ][gc] GC(248) Pause Young (Normal) (G1 Evacuation Pause) 252M->252M(256M) 5,602ms
[2020-10-16T11:43:26.230+1000][228,956s][info ][gc] GC(249) Pause Full (G1 Evacuation Pause) 252M->241M(256M) 98,315ms
[2020-10-16T11:43:26.639+1000][229,366s][info ][gc] GC(250) To-space exhausted
[2020-10-16T11:43:26.639+1000][229,366s][info ][gc] GC(250) Pause Young (Concurrent Start) (G1 Evacuation Pause) 252M->252M(256M) 2,579ms
[2020-10-16T11:43:26.639+1000][229,366s][info ][gc] GC(252) Concurrent Cycle
[2020-10-16T11:43:26.639+1000][229,366s][debug][gc] GC(251) Clear Next Bitmap 0,181ms
[2020-10-16T11:43:26.743+1000][229,469s][info ][gc] GC(251) Pause Full (G1 Evacuation Pause) 252M->242M(256M) 103,557ms
[2020-10-16T11:43:26.743+1000][229,470s][info ][gc] GC(252) Concurrent Cycle 103,744ms
[2020-10-16T11:43:27.091+1000][229,818s][info ][gc] GC(253) To-space exhausted
[2020-10-16T11:43:27.091+1000][229,818s][info ][gc] GC(253) Pause Young (Normal) (G1 Evacuation Pause) 251M->251M(256M) 2,873ms
[2020-10-16T11:43:27.201+1000][229,927s][info ][gc] GC(254) Pause Full (G1 Evacuation Pause) 251M->242M(256M) 109,481ms
[2020-10-16T11:43:27.579+1000][230,306s][info ][gc] GC(255) To-space exhausted
[2020-10-16T11:43:27.579+1000][230,306s][info ][gc] GC(255) Pause Young (Concurrent Start) (G1 Evacuation Pause) 252M->252M(256M) 2,686ms
[2020-10-16T11:43:27.580+1000][230,306s][info ][gc] GC(257) Concurrent Cycle
[2020-10-16T11:43:27.580+1000][230,307s][debug][gc] GC(256) Clear Next Bitmap 0,192ms
[2020-10-16T11:43:27.683+1000][230,409s][info ][gc] GC(256) Pause Full (G1 Evacuation Pause) 252M->242M(256M) 102,965ms
[2020-10-16T11:43:27.683+1000][230,409s][info ][gc] GC(257) Concurrent Cycle 103,101ms
[2020-10-16T11:43:28.061+1000][230,788s][info ][gc] GC(258) To-space exhausted
[2020-10-16T11:43:28.061+1000][230,788s][info ][gc] GC(258) Pause Young (Normal) (G1 Evacuation Pause) 252M->252M(256M) 3,069ms
[2020-10-16T11:43:28.159+1000][230,886s][info ][gc] GC(259) Pause Full (G1 Evacuation Pause) 252M->243M(256M) 97,856ms
[2020-10-16T11:43:28.499+1000][231,226s][info ][gc] GC(260) To-space exhausted
[2020-10-16T11:43:28.499+1000][231,226s][info ][gc] GC(260) Pause Young (Concurrent Start) (G1 Evacuation Pause) 252M->252M(256M) 3,842ms
[2020-10-16T11:43:28.499+1000][231,226s][info ][gc] GC(262) Concurrent Cycle
[2020-10-16T11:43:28.499+1000][231,226s][debug][gc] GC(261) Clear Next Bitmap 0,193ms
[2020-10-16T11:43:28.599+1000][231,326s][info ][gc] GC(261) Pause Full (G1 Evacuation Pause) 252M->243M(256M) 99,897ms
[2020-10-16T11:43:28.599+1000][231,326s][info ][gc] GC(262) Concurrent Cycle 99,976ms
[2020-10-16T11:43:28.865+1000][231,592s][info ][gc] GC(263) To-space exhausted
[2020-10-16T11:43:28.866+1000][231,592s][info ][gc] GC(263) Pause Young (Normal) (G1 Evacuation Pause) 250M->250M(256M) 2,211ms
[2020-10-16T11:43:28.966+1000][231,693s][info ][gc] GC(264) Pause Full (G1 Evacuation Pause) 250M->243M(256M) 100,274ms
[2020-10-16T11:43:29.315+1000][232,041s][info ][gc] GC(265) To-space exhausted
[2020-10-16T11:43:29.315+1000][232,042s][info ][gc] GC(265) Pause Young (Concurrent Start) (G1 Evacuation Pause) 252M->252M(256M) 3,233ms
[2020-10-16T11:43:29.315+1000][232,042s][info ][gc] GC(266) Concurrent Cycle
[2020-10-16T11:43:29.315+1000][232,042s][debug][gc] GC(267) Clear Next Bitmap 0,229ms
[2020-10-16T11:43:29.421+1000][232,147s][info ][gc] GC(267) Pause Full (G1 Evacuation Pause) 252M->244M(256M) 105,779ms
[2020-10-16T11:43:29.421+1000][232,147s][info ][gc] GC(266) Concurrent Cycle 105,885ms
[2020-10-16T11:43:29.719+1000][232,446s][info ][gc] GC(268) To-space exhausted
[2020-10-16T11:43:29.719+1000][232,446s][info ][gc] GC(268) Pause Young (Normal) (G1 Evacuation Pause) 252M->252M(256M) 3,654ms
[2020-10-16T11:43:29.822+1000][232,548s][info ][gc] GC(269) Pause Full (G1 Evacuation Pause) 252M->244M(256M) 102,555ms
[2020-10-16T11:43:30.090+1000][232,817s][info ][gc] GC(270) To-space exhausted
[2020-10-16T11:43:30.091+1000][232,817s][info ][gc] GC(270) Pause Young (Concurrent Start) (G1 Evacuation Pause) 251M->251M(256M) 4,397ms
[2020-10-16T11:43:30.091+1000][232,817s][info ][gc] GC(272) Concurrent Cycle
[2020-10-16T11:43:30.091+1000][232,818s][debug][gc] GC(271) Clear Next Bitmap 0,278ms
[2020-10-16T11:43:30.204+1000][232,931s][info ][gc] GC(271) Pause Full (G1 Evacuation Pause) 251M->244M(256M) 113,069ms
[2020-10-16T11:43:30.204+1000][232,931s][info ][gc] GC(272) Concurrent Cycle 113,173ms
[2020-10-16T11:43:30.470+1000][233,196s][info ][gc] GC(273) To-space exhausted
[2020-10-16T11:43:30.470+1000][233,197s][info ][gc] GC(273) Pause Young (Normal) (G1 Evacuation Pause) 251M->251M(256M) 1,821ms
[2020-10-16T11:43:30.571+1000][233,298s][info ][gc] GC(274) Pause Full (G1 Evacuation Pause) 251M->245M(256M) 101,601ms
[2020-10-16T11:43:30.838+1000][233,564s][info ][gc] GC(275) To-space exhausted
[2020-10-16T11:43:30.838+1000][233,565s][info ][gc] GC(275) Pause Young (Concurrent Start) (G1 Evacuation Pause) 252M->252M(256M) 2,152ms
[2020-10-16T11:43:30.838+1000][233,565s][info ][gc] GC(277) Concurrent Cycle
[2020-10-16T11:43:30.838+1000][233,565s][debug][gc] GC(276) Clear Next Bitmap 0,182ms
[2020-10-16T11:43:30.948+1000][233,675s][info ][gc] GC(276) Pause Full (G1 Evacuation Pause) 252M->245M(256M) 110,175ms
[2020-10-16T11:43:30.948+1000][233,675s][info ][gc] GC(277) Concurrent Cycle 110,321ms
[2020-10-16T11:43:31.216+1000][233,943s][info ][gc] GC(278) To-space exhausted
[2020-10-16T11:43:31.216+1000][233,943s][info ][gc] GC(278) Pause Young (Normal) (G1 Evacuation Pause) 252M->252M(256M) 3,586ms
[2020-10-16T11:43:31.327+1000][234,054s][info ][gc] GC(279) Pause Full (G1 Evacuation Pause) 252M->245M(256M) 109,743ms
[2020-10-16T11:43:31.594+1000][234,321s][info ][gc] GC(280) To-space exhausted
[2020-10-16T11:43:31.594+1000][234,321s][info ][gc] GC(280) Pause Young (Concurrent Start) (G1 Evacuation Pause) 252M->252M(256M) 3,033ms
[2020-10-16T11:43:31.594+1000][234,321s][info ][gc] GC(282) Concurrent Cycle
[2020-10-16T11:43:31.594+1000][234,321s][debug][gc] GC(281) Clear Next Bitmap 0,215ms
[2020-10-16T11:43:31.694+1000][234,421s][info ][gc] GC(281) Pause Full (G1 Evacuation Pause) 252M->245M(256M) 100,433ms
[2020-10-16T11:43:31.695+1000][234,421s][info ][gc] GC(282) Concurrent Cycle 100,537ms
[2020-10-16T11:43:31.890+1000][234,617s][info ][gc] GC(283) To-space exhausted
[2020-10-16T11:43:31.890+1000][234,617s][info ][gc] GC(283) Pause Young (Normal) (G1 Evacuation Pause) 250M->250M(256M) 2,365ms
[2020-10-16T11:43:31.992+1000][234,718s][info ][gc] GC(284) Pause Full (G1 Evacuation Pause) 250M->246M(256M) 101,287ms
[2020-10-16T11:43:32.259+1000][234,986s][info ][gc] GC(285) To-space exhausted
[2020-10-16T11:43:32.259+1000][234,986s][info ][gc] GC(285) Pause Young (Concurrent Start) (G1 Evacuation Pause) 253M->253M(256M) 3,232ms
[2020-10-16T11:43:32.259+1000][234,986s][info ][gc] GC(287) Concurrent Cycle
[2020-10-16T11:43:32.259+1000][234,986s][debug][gc] GC(286) Clear Next Bitmap 0,193ms
[2020-10-16T11:43:32.364+1000][235,091s][info ][gc] GC(286) Pause Full (G1 Evacuation Pause) 253M->246M(256M) 104,757ms
[2020-10-16T11:43:32.364+1000][235,091s][info ][gc] GC(287) Concurrent Cycle 104,860ms
[2020-10-16T11:43:32.591+1000][235,318s][info ][gc] GC(288) To-space exhausted
[2020-10-16T11:43:32.591+1000][235,318s][info ][gc] GC(288) Pause Young (Normal) (G1 Evacuation Pause) 252M->252M(256M) 3,506ms
[2020-10-16T11:43:32.692+1000][235,419s][info ][gc] GC(289) Pause Full (G1 Evacuation Pause) 252M->246M(256M) 100,911ms
[2020-10-16T11:43:32.919+1000][235,645s][info ][gc] GC(290) To-space exhausted
[2020-10-16T11:43:32.919+1000][235,645s][info ][gc] GC(290) Pause Young (Concurrent Start) (G1 Evacuation Pause) 252M->252M(256M) 2,401ms
[2020-10-16T11:43:32.919+1000][235,645s][info ][gc] GC(291) Concurrent Cycle
[2020-10-16T11:43:32.919+1000][235,646s][debug][gc] GC(292) Clear Next Bitmap 0,223ms
[2020-10-16T11:43:33.031+1000][235,758s][info ][gc] GC(292) Pause Full (G1 Evacuation Pause) 252M->246M(256M) 112,812ms
[2020-10-16T11:43:33.032+1000][235,758s][info ][gc] GC(291) Concurrent Cycle 112,917ms
[2020-10-16T11:43:33.186+1000][235,913s][info ][gc] GC(293) To-space exhausted
[2020-10-16T11:43:33.186+1000][235,913s][info ][gc] GC(293) Pause Young (Normal) (G1 Evacuation Pause) 250M->250M(256M) 2,633ms
[2020-10-16T11:43:33.289+1000][236,015s][info ][gc] GC(294) Pause Full (G1 Evacuation Pause) 250M->247M(256M) 102,234ms
[2020-10-16T11:43:33.484+1000][236,211s][info ][gc] GC(295) To-space exhausted
[2020-10-16T11:43:33.484+1000][236,211s][info ][gc] GC(295) Pause Young (Concurrent Start) (G1 Evacuation Pause) 252M->252M(256M) 2,367ms
[2020-10-16T11:43:33.484+1000][236,211s][info ][gc] GC(297) Concurrent Cycle
[2020-10-16T11:43:33.484+1000][236,211s][debug][gc] GC(296) Clear Next Bitmap 0,198ms
[2020-10-16T11:43:33.593+1000][236,320s][info ][gc] GC(296) Pause Full (G1 Evacuation Pause) 252M->247M(256M) 108,776ms
[2020-10-16T11:43:33.593+1000][236,320s][info ][gc] GC(297) Concurrent Cycle 108,881ms
[2020-10-16T11:43:33.820+1000][236,547s][info ][gc] GC(298) To-space exhausted
[2020-10-16T11:43:33.820+1000][236,547s][info ][gc] GC(298) Pause Young (Normal) (G1 Evacuation Pause) 253M->253M(256M) 3,261ms
[2020-10-16T11:43:33.921+1000][236,647s][info ][gc] GC(299) Pause Full (G1 Evacuation Pause) 253M->247M(256M) 100,628ms
[2020-10-16T11:43:34.076+1000][236,803s][info ][gc] GC(300) To-space exhausted
[2020-10-16T11:43:34.076+1000][236,803s][info ][gc] GC(300) Pause Young (Concurrent Start) (G1 Evacuation Pause) 251M->251M(256M) 2,717ms
[2020-10-16T11:43:34.076+1000][236,803s][info ][gc] GC(302) Concurrent Cycle
[2020-10-16T11:43:34.076+1000][236,803s][debug][gc] GC(301) Clear Next Bitmap 0,191ms
[2020-10-16T11:43:34.180+1000][236,906s][info ][gc] GC(301) Pause Full (G1 Evacuation Pause) 251M->247M(256M) 103,500ms
[2020-10-16T11:43:34.180+1000][236,907s][info ][gc] GC(302) Concurrent Cycle 103,631ms
[2020-10-16T11:43:34.365+1000][237,092s][info ][gc] GC(303) To-space exhausted
[2020-10-16T11:43:34.366+1000][237,092s][info ][gc] GC(303) Pause Young (Normal) (G1 Evacuation Pause) 252M->252M(256M) 2,832ms
[2020-10-16T11:43:34.465+1000][237,192s][info ][gc] GC(304) Pause Full (G1 Evacuation Pause) 252M->247M(256M) 99,559ms
[2020-10-16T11:43:34.620+1000][237,347s][info ][gc] GC(305) To-space exhausted
[2020-10-16T11:43:34.620+1000][237,347s][info ][gc] GC(305) Pause Young (Concurrent Start) (G1 Evacuation Pause) 251M->251M(256M) 2,548ms
[2020-10-16T11:43:34.620+1000][237,347s][info ][gc] GC(307) Concurrent Cycle
[2020-10-16T11:43:34.621+1000][237,347s][debug][gc] GC(306) Clear Next Bitmap 0,205ms
[2020-10-16T11:43:34.725+1000][237,452s][info ][gc] GC(306) Pause Full (G1 Evacuation Pause) 251M->248M(256M) 104,866ms
[2020-10-16T11:43:34.725+1000][237,452s][info ][gc] GC(307) Concurrent Cycle 104,972ms
[2020-10-16T11:43:34.881+1000][237,607s][info ][gc] GC(308) To-space exhausted
[2020-10-16T11:43:34.881+1000][237,608s][info ][gc] GC(308) Pause Young (Normal) (G1 Evacuation Pause) 252M->252M(256M) 2,886ms
[2020-10-16T11:43:34.986+1000][237,713s][info ][gc] GC(309) Pause Full (G1 Evacuation Pause) 252M->248M(256M) 105,438ms
[2020-10-16T11:43:35.141+1000][237,868s][info ][gc] GC(310) To-space exhausted
[2020-10-16T11:43:35.141+1000][237,868s][info ][gc] GC(310) Pause Young (Concurrent Start) (G1 Evacuation Pause) 252M->252M(256M) 2,193ms
[2020-10-16T11:43:35.141+1000][237,868s][info ][gc] GC(311) Concurrent Cycle
[2020-10-16T11:43:35.141+1000][237,868s][debug][gc] GC(312) Clear Next Bitmap 0,222ms
[2020-10-16T11:43:35.241+1000][237,968s][info ][gc] GC(312) Pause Full (G1 Evacuation Pause) 252M->248M(256M) 100,197ms
[2020-10-16T11:43:35.241+1000][237,968s][info ][gc] GC(311) Concurrent Cycle 100,311ms
[2020-10-16T11:43:35.315+1000][238,042s][info ][gc] GC(313) To-space exhausted
[2020-10-16T11:43:35.315+1000][238,042s][info ][gc] GC(313) Pause Young (Normal) (G1 Evacuation Pause) 250M->250M(256M) 3,047ms
[2020-10-16T11:43:35.421+1000][238,148s][info ][gc] GC(314) Pause Full (G1 Evacuation Pause) 250M->248M(256M) 105,586ms
[2020-10-16T11:43:35.504+1000][238,231s][info ][gc] GC(315) To-space exhausted
[2020-10-16T11:43:35.504+1000][238,231s][info ][gc] GC(315) Pause Young (Concurrent Start) (G1 Evacuation Pause) 250M->250M(256M) 1,897ms
[2020-10-16T11:43:35.504+1000][238,231s][info ][gc] GC(317) Concurrent Cycle
[2020-10-16T11:43:35.504+1000][238,231s][debug][gc] GC(316) Clear Next Bitmap 0,228ms
[2020-10-16T11:43:35.609+1000][238,336s][info ][gc] GC(316) Pause Full (G1 Evacuation Pause) 250M->248M(256M) 104,508ms
[2020-10-16T11:43:35.609+1000][238,336s][info ][gc] GC(317) Concurrent Cycle 104,632ms
[2020-10-16T11:43:35.723+1000][238,450s][info ][gc] GC(318) To-space exhausted
[2020-10-16T11:43:35.724+1000][238,450s][info ][gc] GC(318) Pause Young (Normal) (G1 Evacuation Pause) 251M->251M(256M) 2,682ms
[2020-10-16T11:43:35.831+1000][238,558s][info ][gc] GC(319) Pause Full (G1 Evacuation Pause) 251M->248M(256M) 107,888ms
[2020-10-16T11:43:35.987+1000][238,714s][info ][gc] GC(320) To-space exhausted
[2020-10-16T11:43:35.987+1000][238,714s][info ][gc] GC(320) Pause Young (Concurrent Start) (G1 Evacuation Pause) 252M->252M(256M) 3,173ms
[2020-10-16T11:43:35.987+1000][238,714s][info ][gc] GC(322) Concurrent Cycle
[2020-10-16T11:43:35.987+1000][238,714s][debug][gc] GC(321) Clear Next Bitmap 0,202ms
[2020-10-16T11:43:36.089+1000][238,816s][info ][gc] GC(321) Pause Full (G1 Evacuation Pause) 252M->248M(256M) 101,766ms
[2020-10-16T11:43:36.089+1000][238,816s][info ][gc] GC(322) Concurrent Cycle 101,872ms
[2020-10-16T11:43:36.203+1000][238,930s][info ][gc] GC(323) To-space exhausted
[2020-10-16T11:43:36.203+1000][238,930s][info ][gc] GC(323) Pause Young (Normal) (G1 Evacuation Pause) 251M->251M(256M) 1,958ms
[2020-10-16T11:43:36.315+1000][239,042s][info ][gc] GC(324) Pause Full (G1 Evacuation Pause) 251M->248M(256M) 111,928ms
[2020-10-16T11:43:36.469+1000][239,196s][info ][gc] GC(325) To-space exhausted
[2020-10-16T11:43:36.470+1000][239,196s][info ][gc] GC(325) Pause Young (Concurrent Start) (G1 Evacuation Pause) 252M->252M(256M) 2,384ms
[2020-10-16T11:43:36.470+1000][239,197s][info ][gc] GC(327) Concurrent Cycle
[2020-10-16T11:43:36.470+1000][239,197s][debug][gc] GC(326) Clear Next Bitmap 0,211ms
[2020-10-16T11:43:36.577+1000][239,304s][info ][gc] GC(326) Pause Full (G1 Evacuation Pause) 252M->248M(256M) 107,681ms
[2020-10-16T11:43:36.577+1000][239,304s][info ][gc] GC(327) Concurrent Cycle 107,802ms
[2020-10-16T11:43:36.763+1000][239,490s][info ][gc] GC(328) To-space exhausted
[2020-10-16T11:43:36.763+1000][239,490s][info ][gc] GC(328) Pause Young (Normal) (G1 Evacuation Pause) 253M->253M(256M) 2,729ms
[2020-10-16T11:43:36.865+1000][239,592s][info ][gc] GC(329) Pause Full (G1 Evacuation Pause) 253M->249M(256M) 101,404ms
[2020-10-16T11:43:37.020+1000][239,746s][info ][gc] GC(330) To-space exhausted
[2020-10-16T11:43:37.020+1000][239,747s][info ][gc] GC(330) Pause Young (Concurrent Start) (G1 Evacuation Pause) 253M->253M(256M) 2,397ms
[2020-10-16T11:43:37.020+1000][239,747s][info ][gc] GC(332) Concurrent Cycle
[2020-10-16T11:43:37.020+1000][239,747s][debug][gc] GC(331) Clear Next Bitmap 0,173ms
[2020-10-16T11:43:37.122+1000][239,849s][info ][gc] GC(331) Pause Full (G1 Evacuation Pause) 253M->249M(256M) 102,375ms
[2020-10-16T11:43:37.122+1000][239,849s][info ][gc] GC(332) Concurrent Cycle 102,481ms
[2020-10-16T11:43:37.277+1000][240,004s][info ][gc] GC(333) To-space exhausted
[2020-10-16T11:43:37.277+1000][240,004s][info ][gc] GC(333) Pause Young (Normal) (G1 Evacuation Pause) 253M->253M(256M) 2,839ms
[2020-10-16T11:43:37.391+1000][240,118s][info ][gc] GC(334) Pause Full (G1 Evacuation Pause) 253M->249M(256M) 113,303ms
[2020-10-16T11:43:37.504+1000][240,231s][info ][gc] GC(335) To-space exhausted
[2020-10-16T11:43:37.504+1000][240,231s][info ][gc] GC(335) Pause Young (Concurrent Start) (G1 Evacuation Pause) 252M->252M(256M) 1,884ms
[2020-10-16T11:43:37.504+1000][240,231s][info ][gc] GC(337) Concurrent Cycle
[2020-10-16T11:43:37.505+1000][240,232s][debug][gc] GC(336) Clear Next Bitmap 0,187ms
[2020-10-16T11:43:37.607+1000][240,334s][info ][gc] GC(336) Pause Full (G1 Evacuation Pause) 252M->249M(256M) 102,738ms
[2020-10-16T11:43:37.607+1000][240,334s][info ][gc] GC(337) Concurrent Cycle 102,834ms
[2020-10-16T11:43:37.722+1000][240,449s][info ][gc] GC(338) To-space exhausted
[2020-10-16T11:43:37.722+1000][240,449s][info ][gc] GC(338) Pause Young (Normal) (G1 Evacuation Pause) 252M->252M(256M) 2,580ms
[2020-10-16T11:43:37.823+1000][240,550s][info ][gc] GC(339) Pause Full (G1 Evacuation Pause) 252M->249M(256M) 101,508ms
[2020-10-16T11:43:37.866+1000][240,592s][info ][gc] GC(340) To-space exhausted
[2020-10-16T11:43:37.866+1000][240,592s][info ][gc] GC(340) Pause Young (Concurrent Start) (G1 Evacuation Pause) 250M->250M(256M) 1,253ms
[2020-10-16T11:43:37.866+1000][240,592s][info ][gc] GC(342) Concurrent Cycle
[2020-10-16T11:43:37.866+1000][240,593s][debug][gc] GC(341) Clear Next Bitmap 0,212ms
[2020-10-16T11:43:37.967+1000][240,694s][info ][gc] GC(341) Pause Full (G1 Evacuation Pause) 250M->249M(256M) 101,335ms
[2020-10-16T11:43:37.967+1000][240,694s][info ][gc] GC(342) Concurrent Cycle 101,422ms
[2020-10-16T11:43:38.041+1000][240,768s][info ][gc] GC(343) To-space exhausted
[2020-10-16T11:43:38.041+1000][240,768s][info ][gc] GC(343) Pause Young (Normal) (G1 Evacuation Pause) 251M->251M(256M) 2,814ms
[2020-10-16T11:43:38.143+1000][240,870s][info ][gc] GC(344) Pause Full (G1 Evacuation Pause) 251M->250M(256M) 101,993ms
[2020-10-16T11:43:38.226+1000][240,953s][info ][gc] GC(345) To-space exhausted
[2020-10-16T11:43:38.226+1000][240,953s][info ][gc] GC(345) Pause Young (Concurrent Start) (G1 Evacuation Pause) 252M->252M(256M) 1,540ms
[2020-10-16T11:43:38.226+1000][240,953s][info ][gc] GC(347) Concurrent Cycle
[2020-10-16T11:43:38.226+1000][240,953s][debug][gc] GC(346) Clear Next Bitmap 0,202ms
[2020-10-16T11:43:38.332+1000][241,059s][info ][gc] GC(346) Pause Full (G1 Evacuation Pause) 252M->249M(256M) 106,139ms
[2020-10-16T11:43:38.332+1000][241,059s][info ][gc] GC(347) Concurrent Cycle 106,229ms
[2020-10-16T11:43:38.488+1000][241,215s][info ][gc] GC(348) To-space exhausted
[2020-10-16T11:43:38.488+1000][241,215s][info ][gc] GC(348) Pause Young (Normal) (G1 Evacuation Pause) 253M->253M(256M) 3,121ms
[2020-10-16T11:43:38.596+1000][241,323s][info ][gc] GC(349) Pause Full (G1 Evacuation Pause) 253M->250M(256M) 107,583ms
[2020-10-16T11:43:38.629+1000][241,356s][info ][gc] GC(350) To-space exhausted
[2020-10-16T11:43:38.629+1000][241,356s][info ][gc] GC(350) Pause Young (Concurrent Start) (G1 Evacuation Pause) 251M->251M(256M) 2,476ms
[2020-10-16T11:43:38.629+1000][241,356s][info ][gc] GC(352) Concurrent Cycle
[2020-10-16T11:43:38.629+1000][241,356s][debug][gc] GC(351) Clear Next Bitmap 0,170ms
[2020-10-16T11:43:38.731+1000][241,457s][info ][gc] GC(351) Pause Full (G1 Evacuation Pause) 251M->250M(256M) 101,510ms
[2020-10-16T11:43:38.731+1000][241,457s][info ][gc] GC(352) Concurrent Cycle 101,592ms
[2020-10-16T11:43:38.813+1000][241,540s][info ][gc] GC(353) To-space exhausted
[2020-10-16T11:43:38.813+1000][241,540s][info ][gc] GC(353) Pause Young (Normal) (G1 Evacuation Pause) 252M->252M(256M) 1,639ms
[2020-10-16T11:43:38.926+1000][241,653s][info ][gc] GC(354) Pause Full (G1 Evacuation Pause) 252M->250M(256M) 113,075ms
[2020-10-16T11:43:39.040+1000][241,767s][info ][gc] GC(355) To-space exhausted
[2020-10-16T11:43:39.041+1000][241,767s][info ][gc] GC(355) Pause Young (Concurrent Start) (G1 Evacuation Pause) 253M->253M(256M) 2,104ms
[2020-10-16T11:43:39.041+1000][241,767s][info ][gc] GC(356) Concurrent Cycle
[2020-10-16T11:43:39.041+1000][241,768s][debug][gc] GC(357) Clear Next Bitmap 0,194ms
[2020-10-16T11:43:39.155+1000][241,882s][info ][gc] GC(357) Pause Full (G1 Evacuation Pause) 253M->250M(256M) 114,281ms
[2020-10-16T11:43:39.155+1000][241,882s][info ][gc] GC(356) Concurrent Cycle 114,384ms
[2020-10-16T11:43:39.268+1000][241,995s][info ][gc] GC(358) To-space exhausted
[2020-10-16T11:43:39.268+1000][241,995s][info ][gc] GC(358) Pause Young (Normal) (G1 Evacuation Pause) 253M->253M(256M) 1,519ms
[2020-10-16T11:43:39.373+1000][242,100s][info ][gc] GC(359) Pause Full (G1 Evacuation Pause) 253M->250M(256M) 104,749ms
[2020-10-16T11:43:39.488+1000][242,215s][info ][gc] GC(360) To-space exhausted
[2020-10-16T11:43:39.488+1000][242,215s][info ][gc] GC(360) Pause Young (Concurrent Start) (G1 Evacuation Pause) 253M->253M(256M) 2,904ms
[2020-10-16T11:43:39.488+1000][242,215s][info ][gc] GC(362) Concurrent Cycle
[2020-10-16T11:43:39.488+1000][242,215s][debug][gc] GC(361) Clear Next Bitmap 0,197ms
[2020-10-16T11:43:39.592+1000][242,319s][info ][gc] GC(361) Pause Full (G1 Evacuation Pause) 253M->250M(256M) 104,331ms
[2020-10-16T11:43:39.592+1000][242,319s][info ][gc] GC(362) Concurrent Cycle 104,440ms
[2020-10-16T11:43:39.634+1000][242,361s][info ][gc] GC(363) To-space exhausted
[2020-10-16T11:43:39.634+1000][242,361s][info ][gc] GC(363) Pause Young (Normal) (G1 Evacuation Pause) 251M->251M(256M) 0,984ms
[2020-10-16T11:43:39.737+1000][242,464s][info ][gc] GC(364) Pause Full (G1 Evacuation Pause) 251M->250M(256M) 103,328ms
[2020-10-16T11:43:39.811+1000][242,538s][info ][gc] GC(365) To-space exhausted
[2020-10-16T11:43:39.812+1000][242,538s][info ][gc] GC(365) Pause Young (Concurrent Start) (G1 Evacuation Pause) 252M->252M(256M) 2,917ms
[2020-10-16T11:43:39.812+1000][242,538s][info ][gc] GC(367) Concurrent Cycle
[2020-10-16T11:43:39.812+1000][242,539s][debug][gc] GC(366) Clear Next Bitmap 0,315ms
[2020-10-16T11:43:39.915+1000][242,642s][info ][gc] GC(366) Pause Full (G1 Evacuation Pause) 252M->250M(256M) 103,208ms
[2020-10-16T11:43:39.915+1000][242,642s][info ][gc] GC(367) Concurrent Cycle 103,304ms
[2020-10-16T11:43:39.998+1000][242,724s][info ][gc] GC(368) To-space exhausted
[2020-10-16T11:43:39.998+1000][242,725s][info ][gc] GC(368) Pause Young (Normal) (G1 Evacuation Pause) 252M->252M(256M) 1,585ms
[2020-10-16T11:43:40.102+1000][242,829s][info ][gc] GC(369) Pause Full (G1 Evacuation Pause) 252M->250M(256M) 104,457ms
[2020-10-16T11:43:40.257+1000][242,984s][info ][gc] GC(370) To-space exhausted
[2020-10-16T11:43:40.258+1000][242,984s][info ][gc] GC(370) Pause Young (Concurrent Start) (G1 Evacuation Pause) 254M->254M(256M) 2,796ms
[2020-10-16T11:43:40.258+1000][242,984s][info ][gc] GC(372) Concurrent Cycle
[2020-10-16T11:43:40.258+1000][242,985s][debug][gc] GC(371) Clear Next Bitmap 0,219ms
[2020-10-16T11:43:40.367+1000][243,094s][info ][gc] GC(371) Pause Full (G1 Evacuation Pause) 254M->250M(256M) 109,291ms
[2020-10-16T11:43:40.367+1000][243,094s][info ][gc] GC(372) Concurrent Cycle 109,379ms
[2020-10-16T11:43:40.441+1000][243,168s][info ][gc] GC(373) To-space exhausted
[2020-10-16T11:43:40.441+1000][243,168s][info ][gc] GC(373) Pause Young (Normal) (G1 Evacuation Pause) 252M->252M(256M) 3,139ms
[2020-10-16T11:43:40.546+1000][243,273s][info ][gc] GC(374) Pause Full (G1 Evacuation Pause) 252M->251M(256M) 104,976ms
[2020-10-16T11:43:40.661+1000][243,388s][info ][gc] GC(375) To-space exhausted
[2020-10-16T11:43:40.661+1000][243,388s][info ][gc] GC(375) Pause Young (Concurrent Start) (G1 Evacuation Pause) 254M->254M(256M) 2,851ms
[2020-10-16T11:43:40.661+1000][243,388s][info ][gc] GC(377) Concurrent Cycle
[2020-10-16T11:43:40.661+1000][243,388s][debug][gc] GC(376) Clear Next Bitmap 0,198ms
[2020-10-16T11:43:40.764+1000][243,491s][info ][gc] GC(376) Pause Full (G1 Evacuation Pause) 254M->251M(256M) 103,136ms
[2020-10-16T11:43:40.764+1000][243,491s][info ][gc] GC(377) Concurrent Cycle 103,227ms
[2020-10-16T11:43:40.847+1000][243,574s][info ][gc] GC(378) To-space exhausted
[2020-10-16T11:43:40.847+1000][243,574s][info ][gc] GC(378) Pause Young (Normal) (G1 Evacuation Pause) 253M->253M(256M) 1,508ms
[2020-10-16T11:43:40.959+1000][243,686s][info ][gc] GC(379) Pause Full (G1 Evacuation Pause) 253M->251M(256M) 111,577ms
[2020-10-16T11:43:40.993+1000][243,720s][info ][gc] GC(380) To-space exhausted
[2020-10-16T11:43:40.994+1000][243,720s][info ][gc] GC(380) Pause Young (Concurrent Start) (G1 Evacuation Pause) 252M->252M(256M) 4,102ms
[2020-10-16T11:43:40.994+1000][243,720s][info ][gc] GC(382) Concurrent Cycle
[2020-10-16T11:43:40.994+1000][243,721s][debug][gc] GC(381) Clear Next Bitmap 0,217ms
[2020-10-16T11:43:41.097+1000][243,823s][info ][gc] GC(381) Pause Full (G1 Evacuation Pause) 252M->251M(256M) 103,071ms
[2020-10-16T11:43:41.097+1000][243,824s][info ][gc] GC(382) Concurrent Cycle 103,159ms
[2020-10-16T11:43:41.139+1000][243,866s][info ][gc] GC(383) To-space exhausted
[2020-10-16T11:43:41.139+1000][243,866s][info ][gc] GC(383) Pause Young (Normal) (G1 Evacuation Pause) 252M->252M(256M) 1,794ms
[2020-10-16T11:43:41.243+1000][243,970s][info ][gc] GC(384) Pause Full (G1 Evacuation Pause) 252M->251M(256M) 104,282ms
[2020-10-16T11:43:41.326+1000][244,053s][info ][gc] GC(385) To-space exhausted
[2020-10-16T11:43:41.326+1000][244,053s][info ][gc] GC(385) Pause Young (Concurrent Start) (G1 Evacuation Pause) 253M->253M(256M) 1,607ms
[2020-10-16T11:43:41.326+1000][244,053s][info ][gc] GC(387) Concurrent Cycle
[2020-10-16T11:43:41.327+1000][244,053s][debug][gc] GC(386) Clear Next Bitmap 0,192ms
[2020-10-16T11:43:41.430+1000][244,157s][info ][gc] GC(386) Pause Full (G1 Evacuation Pause) 253M->251M(256M) 103,772ms
[2020-10-16T11:43:41.430+1000][244,157s][info ][gc] GC(387) Concurrent Cycle 103,865ms
[2020-10-16T11:43:41.502+1000][244,229s][info ][gc] GC(388) To-space exhausted
[2020-10-16T11:43:41.502+1000][244,229s][info ][gc] GC(388) Pause Young (Normal) (G1 Evacuation Pause) 253M->253M(256M) 1,247ms
[2020-10-16T11:43:41.608+1000][244,334s][info ][gc] GC(389) Pause Full (G1 Evacuation Pause) 253M->251M(256M) 105,156ms
[2020-10-16T11:43:41.651+1000][244,378s][info ][gc] GC(390) To-space exhausted
[2020-10-16T11:43:41.651+1000][244,378s][info ][gc] GC(390) Pause Young (Concurrent Start) (G1 Evacuation Pause) 252M->252M(256M) 2,686ms
[2020-10-16T11:43:41.651+1000][244,378s][info ][gc] GC(392) Concurrent Cycle
[2020-10-16T11:43:41.651+1000][244,378s][debug][gc] GC(391) Clear Next Bitmap 0,314ms
[2020-10-16T11:43:41.757+1000][244,484s][info ][gc] GC(391) Pause Full (G1 Evacuation Pause) 252M->251M(256M) 105,685ms
[2020-10-16T11:43:41.757+1000][244,484s][info ][gc] GC(392) Concurrent Cycle 105,792ms
[2020-10-16T11:43:41.870+1000][244,597s][info ][gc] GC(393) To-space exhausted
[2020-10-16T11:43:41.870+1000][244,597s][info ][gc] GC(393) Pause Young (Normal) (G1 Evacuation Pause) 254M->254M(256M) 1,128ms
[2020-10-16T11:43:41.973+1000][244,700s][info ][gc] GC(394) Pause Full (G1 Evacuation Pause) 254M->251M(256M) 103,043ms
[2020-10-16T11:43:42.006+1000][244,733s][info ][gc] GC(395) To-space exhausted
[2020-10-16T11:43:42.006+1000][244,733s][info ][gc] GC(395) Pause Young (Concurrent Start) (G1 Evacuation Pause) 252M->252M(256M) 2,741ms
[2020-10-16T11:43:42.006+1000][244,733s][info ][gc] GC(396) Concurrent Cycle
[2020-10-16T11:43:42.007+1000][244,734s][debug][gc] GC(397) Clear Next Bitmap 0,225ms
[2020-10-16T11:43:42.111+1000][244,838s][info ][gc] GC(397) Pause Full (G1 Evacuation Pause) 252M->251M(256M) 104,587ms
[2020-10-16T11:43:42.111+1000][244,838s][info ][gc] GC(396) Concurrent Cycle 104,689ms
[2020-10-16T11:43:42.153+1000][244,880s][info ][gc] GC(398) To-space exhausted
[2020-10-16T11:43:42.153+1000][244,880s][info ][gc] GC(398) Pause Young (Normal) (G1 Evacuation Pause) 252M->252M(256M) 1,437ms
[2020-10-16T11:43:42.258+1000][244,984s][info ][gc] GC(399) Pause Full (G1 Evacuation Pause) 252M->251M(256M) 104,254ms
[2020-10-16T11:43:42.330+1000][245,057s][info ][gc] GC(400) To-space exhausted
[2020-10-16T11:43:42.331+1000][245,057s][info ][gc] GC(400) Pause Young (Concurrent Start) (G1 Evacuation Pause) 253M->253M(256M) 1,625ms
[2020-10-16T11:43:42.331+1000][245,057s][info ][gc] GC(402) Concurrent Cycle
[2020-10-16T11:43:42.331+1000][245,058s][debug][gc] GC(401) Clear Next Bitmap 0,201ms
[2020-10-16T11:43:42.435+1000][245,162s][info ][gc] GC(401) Pause Full (G1 Evacuation Pause) 253M->251M(256M) 104,310ms
[2020-10-16T11:43:42.435+1000][245,162s][info ][gc] GC(402) Concurrent Cycle 104,401ms
[2020-10-16T11:43:42.478+1000][245,205s][info ][gc] GC(403) To-space exhausted
[2020-10-16T11:43:42.478+1000][245,205s][info ][gc] GC(403) Pause Young (Normal) (G1 Evacuation Pause) 252M->252M(256M) 2,630ms
[2020-10-16T11:43:42.591+1000][245,317s][info ][gc] GC(404) Pause Full (G1 Evacuation Pause) 252M->251M(256M) 112,259ms
[2020-10-16T11:43:42.665+1000][245,392s][info ][gc] GC(405) To-space exhausted
[2020-10-16T11:43:42.665+1000][245,392s][info ][gc] GC(405) Pause Young (Concurrent Start) (G1 Evacuation Pause) 253M->253M(256M) 2,922ms
[2020-10-16T11:43:42.665+1000][245,392s][info ][gc] GC(406) Concurrent Cycle
[2020-10-16T11:43:42.665+1000][245,392s][debug][gc] GC(407) Clear Next Bitmap 0,164ms
[2020-10-16T11:43:42.769+1000][245,496s][info ][gc] GC(407) Pause Full (G1 Evacuation Pause) 253M->252M(256M) 103,901ms
[2020-10-16T11:43:42.769+1000][245,496s][info ][gc] GC(406) Concurrent Cycle 104,004ms
[2020-10-16T11:43:42.812+1000][245,539s][info ][gc] GC(408) To-space exhausted
[2020-10-16T11:43:42.812+1000][245,539s][info ][gc] GC(408) Pause Young (Normal) (G1 Evacuation Pause) 253M->253M(256M) 2,367ms
[2020-10-16T11:43:42.918+1000][245,645s][info ][gc] GC(409) Pause Full (G1 Evacuation Pause) 253M->252M(256M) 106,017ms
[2020-10-16T11:43:42.961+1000][245,688s][info ][gc] GC(410) To-space exhausted
[2020-10-16T11:43:42.961+1000][245,688s][info ][gc] GC(410) Pause Young (Concurrent Start) (G1 Evacuation Pause) 253M->253M(256M) 2,269ms
[2020-10-16T11:43:42.961+1000][245,688s][info ][gc] GC(412) Concurrent Cycle
[2020-10-16T11:43:42.962+1000][245,688s][debug][gc] GC(411) Clear Next Bitmap 0,216ms
[2020-10-16T11:43:43.064+1000][245,791s][info ][gc] GC(411) Pause Full (G1 Evacuation Pause) 253M->251M(256M) 103,017ms
[2020-10-16T11:43:43.064+1000][245,791s][info ][gc] GC(412) Concurrent Cycle 103,123ms
[2020-10-16T11:43:43.107+1000][245,834s][info ][gc] GC(413) To-space exhausted
[2020-10-16T11:43:43.107+1000][245,834s][info ][gc] GC(413) Pause Young (Normal) (G1 Evacuation Pause) 252M->252M(256M) 1,856ms
[2020-10-16T11:43:43.219+1000][245,945s][info ][gc] GC(414) Pause Full (G1 Evacuation Pause) 252M->251M(256M) 111,572ms
[2020-10-16T11:43:43.292+1000][246,019s][info ][gc] GC(415) To-space exhausted
[2020-10-16T11:43:43.292+1000][246,019s][info ][gc] GC(415) Pause Young (Concurrent Start) (G1 Evacuation Pause) 253M->253M(256M) 2,380ms
[2020-10-16T11:43:43.292+1000][246,019s][info ][gc] GC(417) Concurrent Cycle
[2020-10-16T11:43:43.293+1000][246,019s][debug][gc] GC(416) Clear Next Bitmap 0,264ms
[2020-10-16T11:43:43.406+1000][246,132s][info ][gc] GC(416) Pause Full (G1 Evacuation Pause) 253M->252M(256M) 113,219ms
[2020-10-16T11:43:43.406+1000][246,132s][info ][gc] GC(417) Concurrent Cycle 113,325ms
[2020-10-16T11:43:43.449+1000][246,176s][info ][gc] GC(418) To-space exhausted
[2020-10-16T11:43:43.449+1000][246,176s][info ][gc] GC(418) Pause Young (Normal) (G1 Evacuation Pause) 253M->253M(256M) 3,135ms
[2020-10-16T11:43:43.554+1000][246,281s][info ][gc] GC(419) Pause Full (G1 Evacuation Pause) 253M->252M(256M) 104,642ms
[2020-10-16T11:43:43.627+1000][246,354s][info ][gc] GC(420) To-space exhausted
[2020-10-16T11:43:43.627+1000][246,354s][info ][gc] GC(420) Pause Young (Concurrent Start) (G1 Evacuation Pause) 254M->254M(256M) 1,450ms
[2020-10-16T11:43:43.627+1000][246,354s][info ][gc] GC(422) Concurrent Cycle
[2020-10-16T11:43:43.627+1000][246,354s][debug][gc] GC(421) Clear Next Bitmap 0,356ms
[2020-10-16T11:43:43.753+1000][246,480s][info ][gc] GC(421) Pause Full (G1 Evacuation Pause) 254M->252M(256M) 126,303ms
[2020-10-16T11:43:43.753+1000][246,480s][info ][gc] GC(422) Concurrent Cycle 126,409ms
[2020-10-16T11:43:43.796+1000][246,522s][info ][gc] GC(423) To-space exhausted
[2020-10-16T11:43:43.796+1000][246,522s][info ][gc] GC(423) Pause Young (Normal) (G1 Evacuation Pause) 253M->253M(256M) 1,777ms
[2020-10-16T11:43:43.899+1000][246,626s][info ][gc] GC(424) Pause Full (G1 Evacuation Pause) 253M->252M(256M) 103,414ms
[2020-10-16T11:43:43.931+1000][246,658s][info ][gc] GC(425) To-space exhausted
[2020-10-16T11:43:43.931+1000][246,658s][info ][gc] GC(425) Pause Young (Concurrent Start) (G1 Evacuation Pause) 253M->253M(256M) 1,680ms
[2020-10-16T11:43:43.931+1000][246,658s][info ][gc] GC(427) Concurrent Cycle
[2020-10-16T11:43:43.932+1000][246,658s][debug][gc] GC(426) Clear Next Bitmap 0,230ms
[2020-10-16T11:43:44.034+1000][246,761s][info ][gc] GC(426) Pause Full (G1 Evacuation Pause) 253M->252M(256M) 102,950ms
[2020-10-16T11:43:44.034+1000][246,761s][info ][gc] GC(427) Concurrent Cycle 103,038ms
[2020-10-16T11:43:44.076+1000][246,803s][info ][gc] GC(428) To-space exhausted
[2020-10-16T11:43:44.076+1000][246,803s][info ][gc] GC(428) Pause Young (Normal) (G1 Evacuation Pause) 253M->253M(256M) 1,175ms
[2020-10-16T11:43:44.182+1000][246,909s][info ][gc] GC(429) Pause Full (G1 Evacuation Pause) 253M->252M(256M) 105,431ms
[2020-10-16T11:43:44.224+1000][246,951s][info ][gc] GC(430) To-space exhausted
[2020-10-16T11:43:44.224+1000][246,951s][info ][gc] GC(430) Pause Young (Concurrent Start) (G1 Evacuation Pause) 253M->253M(256M) 1,851ms
[2020-10-16T11:43:44.224+1000][246,951s][info ][gc] GC(432) Concurrent Cycle
[2020-10-16T11:43:44.225+1000][246,952s][debug][gc] GC(431) Clear Next Bitmap 0,210ms
[2020-10-16T11:43:44.329+1000][247,055s][info ][gc] GC(431) Pause Full (G1 Evacuation Pause) 253M->252M(256M) 104,062ms
[2020-10-16T11:43:44.329+1000][247,055s][info ][gc] GC(432) Concurrent Cycle 104,146ms
[2020-10-16T11:43:44.361+1000][247,088s][info ][gc] GC(433) To-space exhausted
[2020-10-16T11:43:44.361+1000][247,088s][info ][gc] GC(433) Pause Young (Normal) (G1 Evacuation Pause) 253M->253M(256M) 2,249ms
[2020-10-16T11:43:44.464+1000][247,191s][info ][gc] GC(434) Pause Full (G1 Evacuation Pause) 253M->252M(256M) 102,853ms
[2020-10-16T11:43:44.548+1000][247,275s][info ][gc] GC(435) To-space exhausted
[2020-10-16T11:43:44.548+1000][247,275s][info ][gc] GC(435) Pause Young (Concurrent Start) (G1 Evacuation Pause) 254M->254M(256M) 2,561ms
[2020-10-16T11:43:44.548+1000][247,275s][info ][gc] GC(437) Concurrent Cycle
[2020-10-16T11:43:44.549+1000][247,276s][debug][gc] GC(436) Clear Next Bitmap 0,265ms
[2020-10-16T11:43:44.653+1000][247,379s][info ][gc] GC(436) Pause Full (G1 Evacuation Pause) 254M->252M(256M) 104,261ms
[2020-10-16T11:43:44.653+1000][247,380s][info ][gc] GC(437) Concurrent Cycle 104,377ms
[2020-10-16T11:43:44.687+1000][247,413s][info ][gc] GC(438) To-space exhausted
[2020-10-16T11:43:44.687+1000][247,413s][info ][gc] GC(438) Pause Young (Normal) (G1 Evacuation Pause) 253M->253M(256M) 3,201ms
[2020-10-16T11:43:44.791+1000][247,518s][info ][gc] GC(439) Pause Full (G1 Evacuation Pause) 253M->252M(256M) 104,301ms
[2020-10-16T11:43:44.833+1000][247,560s][info ][gc] GC(440) To-space exhausted
[2020-10-16T11:43:44.833+1000][247,560s][info ][gc] GC(440) Pause Young (Concurrent Start) (G1 Evacuation Pause) 253M->253M(256M) 1,088ms
[2020-10-16T11:43:44.833+1000][247,560s][info ][gc] GC(442) Concurrent Cycle
[2020-10-16T11:43:44.833+1000][247,560s][debug][gc] GC(441) Clear Next Bitmap 0,177ms
[2020-10-16T11:43:44.935+1000][247,662s][info ][gc] GC(441) Pause Full (G1 Evacuation Pause) 253M->252M(256M) 102,405ms
[2020-10-16T11:43:44.935+1000][247,662s][info ][gc] GC(442) Concurrent Cycle 102,503ms
[2020-10-16T11:43:44.980+1000][247,706s][info ][gc] GC(443) To-space exhausted
[2020-10-16T11:43:44.980+1000][247,707s][info ][gc] GC(443) Pause Young (Normal) (G1 Evacuation Pause) 253M->253M(256M) 3,731ms
[2020-10-16T11:43:45.084+1000][247,811s][info ][gc] GC(444) Pause Full (G1 Evacuation Pause) 253M->252M(256M) 103,826ms
[2020-10-16T11:43:45.116+1000][247,843s][info ][gc] GC(445) To-space exhausted
[2020-10-16T11:43:45.116+1000][247,843s][info ][gc] GC(445) Pause Young (Concurrent Start) (G1 Evacuation Pause) 253M->253M(256M) 1,570ms
[2020-10-16T11:43:45.116+1000][247,843s][info ][gc] GC(447) Concurrent Cycle
[2020-10-16T11:43:45.116+1000][247,843s][debug][gc] GC(446) Clear Next Bitmap 0,196ms
[2020-10-16T11:43:45.222+1000][247,949s][info ][gc] GC(446) Pause Full (G1 Evacuation Pause) 253M->252M(256M) 106,273ms
[2020-10-16T11:43:45.222+1000][247,949s][info ][gc] GC(447) Concurrent Cycle 106,380ms
[2020-10-16T11:43:45.305+1000][248,032s][info ][gc] GC(448) To-space exhausted
[2020-10-16T11:43:45.305+1000][248,032s][info ][gc] GC(448) Pause Young (Normal) (G1 Evacuation Pause) 254M->254M(256M) 1,285ms
[2020-10-16T11:43:45.408+1000][248,135s][info ][gc] GC(449) Pause Full (G1 Evacuation Pause) 254M->252M(256M) 103,608ms
[2020-10-16T11:43:45.442+1000][248,169s][info ][gc] GC(450) To-space exhausted
[2020-10-16T11:43:45.442+1000][248,169s][info ][gc] GC(450) Pause Young (Concurrent Start) (G1 Evacuation Pause) 253M->253M(256M) 2,716ms
[2020-10-16T11:43:45.442+1000][248,169s][info ][gc] GC(452) Concurrent Cycle
[2020-10-16T11:43:45.442+1000][248,169s][debug][gc] GC(451) Clear Next Bitmap 0,203ms
[2020-10-16T11:43:45.546+1000][248,273s][info ][gc] GC(451) Pause Full (G1 Evacuation Pause) 253M->252M(256M) 104,516ms
[2020-10-16T11:43:45.546+1000][248,273s][info ][gc] GC(452) Concurrent Cycle 104,631ms
[2020-10-16T11:43:45.589+1000][248,316s][info ][gc] GC(453) To-space exhausted
[2020-10-16T11:43:45.589+1000][248,316s][info ][gc] GC(453) Pause Young (Normal) (G1 Evacuation Pause) 253M->253M(256M) 2,059ms
[2020-10-16T11:43:45.701+1000][248,428s][info ][gc] GC(454) Pause Full (G1 Evacuation Pause) 253M->252M(256M) 111,588ms
[2020-10-16T11:43:45.774+1000][248,501s][info ][gc] GC(455) To-space exhausted
[2020-10-16T11:43:45.774+1000][248,501s][info ][gc] GC(455) Pause Young (Concurrent Start) (G1 Evacuation Pause) 254M->254M(256M) 2,134ms
[2020-10-16T11:43:45.774+1000][248,501s][info ][gc] GC(456) Concurrent Cycle
[2020-10-16T11:43:45.775+1000][248,501s][debug][gc] GC(457) Clear Next Bitmap 0,203ms
[2020-10-16T11:43:45.889+1000][248,615s][info ][gc] GC(457) Pause Full (G1 Evacuation Pause) 254M->252M(256M) 114,180ms
[2020-10-16T11:43:45.889+1000][248,615s][info ][gc] GC(456) Concurrent Cycle 114,294ms
[2020-10-16T11:43:45.931+1000][248,658s][info ][gc] GC(458) To-space exhausted
[2020-10-16T11:43:45.931+1000][248,658s][info ][gc] GC(458) Pause Young (Normal) (G1 Evacuation Pause) 253M->253M(256M) 2,139ms
[2020-10-16T11:43:46.039+1000][248,766s][info ][gc] GC(459) Pause Full (G1 Evacuation Pause) 253M->252M(256M) 107,222ms
[2020-10-16T11:43:46.082+1000][248,809s][info ][gc] GC(460) To-space exhausted
[2020-10-16T11:43:46.082+1000][248,809s][info ][gc] GC(460) Pause Young (Concurrent Start) (G1 Evacuation Pause) 253M->253M(256M) 2,631ms
[2020-10-16T11:43:46.082+1000][248,809s][info ][gc] GC(462) Concurrent Cycle
[2020-10-16T11:43:46.083+1000][248,809s][debug][gc] GC(461) Clear Next Bitmap 0,248ms
[2020-10-16T11:43:46.195+1000][248,922s][info ][gc] GC(461) Pause Full (G1 Evacuation Pause) 253M->252M(256M) 112,832ms
[2020-10-16T11:43:46.195+1000][248,922s][info ][gc] GC(462) Concurrent Cycle 112,931ms
[2020-10-16T11:43:46.229+1000][248,956s][info ][gc] GC(463) To-space exhausted
[2020-10-16T11:43:46.229+1000][248,956s][info ][gc] GC(463) Pause Young (Normal) (G1 Evacuation Pause) 253M->253M(256M) 3,003ms
[2020-10-16T11:43:46.338+1000][249,065s][info ][gc] GC(464) Pause Full (G1 Evacuation Pause) 253M->253M(256M) 109,301ms
[2020-10-16T11:43:46.382+1000][249,109s][info ][gc] GC(465) To-space exhausted
[2020-10-16T11:43:46.382+1000][249,109s][info ][gc] GC(465) Pause Young (Concurrent Start) (G1 Evacuation Pause) 254M->254M(256M) 3,298ms
[2020-10-16T11:43:46.382+1000][249,109s][info ][gc] GC(467) Concurrent Cycle
[2020-10-16T11:43:46.383+1000][249,110s][debug][gc] GC(466) Clear Next Bitmap 0,239ms
[2020-10-16T11:43:46.493+1000][249,220s][info ][gc] GC(466) Pause Full (G1 Evacuation Pause) 254M->253M(256M) 110,902ms
[2020-10-16T11:43:46.493+1000][249,220s][info ][gc] GC(467) Concurrent Cycle 111,035ms
[2020-10-16T11:43:46.536+1000][249,263s][info ][gc] GC(468) To-space exhausted
[2020-10-16T11:43:46.536+1000][249,263s][info ][gc] GC(468) Pause Young (Normal) (G1 Evacuation Pause) 254M->254M(256M) 1,570ms
[2020-10-16T11:43:46.650+1000][249,377s][info ][gc] GC(469) Pause Full (G1 Evacuation Pause) 254M->253M(256M) 114,598ms
[2020-10-16T11:43:46.694+1000][249,421s][info ][gc] GC(470) To-space exhausted
[2020-10-16T11:43:46.694+1000][249,421s][info ][gc] GC(470) Pause Young (Concurrent Start) (G1 Evacuation Pause) 254M->254M(256M) 2,690ms
[2020-10-16T11:43:46.694+1000][249,421s][info ][gc] GC(472) Concurrent Cycle
[2020-10-16T11:43:46.694+1000][249,421s][debug][gc] GC(471) Clear Next Bitmap 0,210ms
[2020-10-16T11:43:46.799+1000][249,526s][info ][gc] GC(471) Pause Full (G1 Evacuation Pause) 254M->253M(256M) 104,602ms
[2020-10-16T11:43:46.799+1000][249,526s][info ][gc] GC(472) Concurrent Cycle 104,705ms
[2020-10-16T11:43:46.831+1000][249,558s][info ][gc] GC(473) To-space exhausted
[2020-10-16T11:43:46.831+1000][249,558s][info ][gc] GC(473) Pause Young (Normal) (G1 Evacuation Pause) 254M->254M(256M) 1,452ms
[2020-10-16T11:43:46.940+1000][249,666s][info ][gc] GC(474) Pause Full (G1 Evacuation Pause) 254M->253M(256M) 108,754ms
[2020-10-16T11:43:46.983+1000][249,709s][info ][gc] GC(475) To-space exhausted
[2020-10-16T11:43:46.983+1000][249,710s][info ][gc] GC(475) Pause Young (Concurrent Start) (G1 Evacuation Pause) 254M->254M(256M) 2,290ms
[2020-10-16T11:43:46.983+1000][249,710s][info ][gc] GC(477) Concurrent Cycle
[2020-10-16T11:43:46.983+1000][249,710s][debug][gc] GC(476) Clear Next Bitmap 0,244ms
[2020-10-16T11:43:47.091+1000][249,818s][info ][gc] GC(476) Pause Full (G1 Evacuation Pause) 254M->253M(256M) 108,569ms
[2020-10-16T11:43:47.091+1000][249,818s][info ][gc] GC(477) Concurrent Cycle 108,675ms
[2020-10-16T11:43:47.134+1000][249,861s][info ][gc] GC(478) To-space exhausted
[2020-10-16T11:43:47.134+1000][249,861s][info ][gc] GC(478) Pause Young (Normal) (G1 Evacuation Pause) 254M->254M(256M) 1,885ms
[2020-10-16T11:43:47.237+1000][249,964s][info ][gc] GC(479) Pause Full (G1 Evacuation Pause) 254M->253M(256M) 103,318ms
[2020-10-16T11:43:47.269+1000][249,996s][info ][gc] GC(480) To-space exhausted
[2020-10-16T11:43:47.269+1000][249,996s][info ][gc] GC(480) Pause Young (Concurrent Start) (G1 Evacuation Pause) 254M->254M(256M) 1,308ms
[2020-10-16T11:43:47.269+1000][249,996s][info ][gc] GC(482) Concurrent Cycle
[2020-10-16T11:43:47.270+1000][249,996s][debug][gc] GC(481) Clear Next Bitmap 0,184ms
[2020-10-16T11:43:47.378+1000][250,105s][info ][gc] GC(481) Pause Full (G1 Evacuation Pause) 254M->253M(256M) 109,019ms
[2020-10-16T11:43:47.379+1000][250,105s][info ][gc] GC(482) Concurrent Cycle 109,158ms
[2020-10-16T11:43:47.421+1000][250,148s][info ][gc] GC(483) To-space exhausted
[2020-10-16T11:43:47.421+1000][250,148s][info ][gc] GC(483) Pause Young (Normal) (G1 Evacuation Pause) 254M->254M(256M) 1,607ms
[2020-10-16T11:43:47.533+1000][250,260s][info ][gc] GC(484) Pause Full (G1 Evacuation Pause) 254M->253M(256M) 112,203ms
[2020-10-16T11:43:47.576+1000][250,303s][info ][gc] GC(485) To-space exhausted
[2020-10-16T11:43:47.576+1000][250,303s][info ][gc] GC(485) Pause Young (Concurrent Start) (G1 Evacuation Pause) 254M->254M(256M) 1,989ms
[2020-10-16T11:43:47.576+1000][250,303s][info ][gc] GC(487) Concurrent Cycle
[2020-10-16T11:43:47.576+1000][250,303s][debug][gc] GC(486) Clear Next Bitmap 0,225ms
[2020-10-16T11:43:47.685+1000][250,411s][info ][gc] GC(486) Pause Full (G1 Evacuation Pause) 254M->253M(256M) 108,672ms
[2020-10-16T11:43:47.685+1000][250,411s][info ][gc] GC(487) Concurrent Cycle 108,786ms
[2020-10-16T11:43:47.717+1000][250,444s][info ][gc] GC(488) To-space exhausted
[2020-10-16T11:43:47.717+1000][250,444s][info ][gc] GC(488) Pause Young (Normal) (G1 Evacuation Pause) 254M->254M(256M) 2,113ms
[2020-10-16T11:43:47.825+1000][250,552s][info ][gc] GC(489) Pause Full (G1 Evacuation Pause) 254M->253M(256M) 107,358ms
[2020-10-16T11:43:47.867+1000][250,594s][info ][gc] GC(490) To-space exhausted
[2020-10-16T11:43:47.867+1000][250,594s][info ][gc] GC(490) Pause Young (Concurrent Start) (G1 Evacuation Pause) 254M->254M(256M) 1,311ms
[2020-10-16T11:43:47.867+1000][250,594s][info ][gc] GC(492) Concurrent Cycle
[2020-10-16T11:43:47.867+1000][250,594s][debug][gc] GC(491) Clear Next Bitmap 0,183ms
[2020-10-16T11:43:47.974+1000][250,700s][info ][gc] GC(491) Pause Full (G1 Evacuation Pause) 254M->253M(256M) 106,784ms
[2020-10-16T11:43:47.974+1000][250,701s][info ][gc] GC(492) Concurrent Cycle 106,901ms
[2020-10-16T11:43:48.016+1000][250,743s][info ][gc] GC(493) To-space exhausted
[2020-10-16T11:43:48.017+1000][250,743s][info ][gc] GC(493) Pause Young (Normal) (G1 Evacuation Pause) 254M->254M(256M) 2,176ms
[2020-10-16T11:43:48.126+1000][250,853s][info ][gc] GC(494) Pause Full (G1 Evacuation Pause) 254M->253M(256M) 109,348ms
[2020-10-16T11:43:48.159+1000][250,886s][info ][gc] GC(495) To-space exhausted
[2020-10-16T11:43:48.159+1000][250,886s][info ][gc] GC(495) Pause Young (Concurrent Start) (G1 Evacuation Pause) 254M->254M(256M) 2,162ms
[2020-10-16T11:43:48.159+1000][250,886s][info ][gc] GC(497) Concurrent Cycle
[2020-10-16T11:43:48.159+1000][250,886s][debug][gc] GC(496) Clear Next Bitmap 0,200ms
[2020-10-16T11:43:48.267+1000][250,994s][info ][gc] GC(496) Pause Full (G1 Evacuation Pause) 254M->253M(256M) 108,085ms
[2020-10-16T11:43:48.267+1000][250,994s][info ][gc] GC(497) Concurrent Cycle 108,222ms
[2020-10-16T11:43:48.309+1000][251,036s][info ][gc] GC(498) To-space exhausted
[2020-10-16T11:43:48.310+1000][251,036s][info ][gc] GC(498) Pause Young (Normal) (G1 Evacuation Pause) 254M->254M(256M) 1,905ms
[2020-10-16T11:43:48.415+1000][251,142s][info ][gc] GC(499) Pause Full (G1 Evacuation Pause) 254M->253M(256M) 105,030ms
[2020-10-16T11:43:48.458+1000][251,185s][info ][gc] GC(500) To-space exhausted
[2020-10-16T11:43:48.458+1000][251,185s][info ][gc] GC(500) Pause Young (Concurrent Start) (G1 Evacuation Pause) 254M->254M(256M) 2,518ms
[2020-10-16T11:43:48.458+1000][251,185s][info ][gc] GC(502) Concurrent Cycle
[2020-10-16T11:43:48.458+1000][251,185s][debug][gc] GC(501) Clear Next Bitmap 0,194ms
[2020-10-16T11:43:48.562+1000][251,289s][info ][gc] GC(501) Pause Full (G1 Evacuation Pause) 254M->253M(256M) 104,527ms
[2020-10-16T11:43:48.563+1000][251,289s][info ][gc] GC(502) Concurrent Cycle 104,660ms
[2020-10-16T11:43:48.594+1000][251,321s][info ][gc] GC(503) To-space exhausted
[2020-10-16T11:43:48.594+1000][251,321s][info ][gc] GC(503) Pause Young (Normal) (G1 Evacuation Pause) 254M->254M(256M) 1,220ms
[2020-10-16T11:43:48.701+1000][251,428s][info ][gc] GC(504) Pause Full (G1 Evacuation Pause) 254M->253M(256M) 106,871ms
[2020-10-16T11:43:48.744+1000][251,471s][info ][gc] GC(505) To-space exhausted
[2020-10-16T11:43:48.744+1000][251,471s][info ][gc] GC(505) Pause Young (Concurrent Start) (G1 Evacuation Pause) 254M->254M(256M) 1,946ms
[2020-10-16T11:43:48.744+1000][251,471s][info ][gc] GC(507) Concurrent Cycle
[2020-10-16T11:43:48.744+1000][251,471s][debug][gc] GC(506) Clear Next Bitmap 0,265ms
[2020-10-16T11:43:48.850+1000][251,577s][info ][gc] GC(506) Pause Full (G1 Evacuation Pause) 254M->253M(256M) 106,253ms
[2020-10-16T11:43:48.850+1000][251,577s][info ][gc] GC(507) Concurrent Cycle 106,379ms
[2020-10-16T11:43:48.893+1000][251,620s][info ][gc] GC(508) To-space exhausted
[2020-10-16T11:43:48.893+1000][251,620s][info ][gc] GC(508) Pause Young (Normal) (G1 Evacuation Pause) 254M->254M(256M) 2,060ms
[2020-10-16T11:43:49.007+1000][251,734s][info ][gc] GC(509) Pause Full (G1 Evacuation Pause) 254M->253M(256M) 113,800ms
[2020-10-16T11:43:49.039+1000][251,766s][info ][gc] GC(510) To-space exhausted
[2020-10-16T11:43:49.039+1000][251,766s][info ][gc] GC(510) Pause Young (Concurrent Start) (G1 Evacuation Pause) 254M->254M(256M) 1,461ms
[2020-10-16T11:43:49.039+1000][251,766s][info ][gc] GC(512) Concurrent Cycle
[2020-10-16T11:43:49.039+1000][251,766s][debug][gc] GC(511) Clear Next Bitmap 0,188ms
[2020-10-16T11:43:49.149+1000][251,876s][info ][gc] GC(511) Pause Full (G1 Evacuation Pause) 254M->253M(256M) 109,598ms
[2020-10-16T11:43:49.256+1000][251,983s][info ][gc] GC(513) Pause Full (G1 Evacuation Pause) 253M->253M(256M) 107,165ms
[2020-10-16T11:43:49.256+1000][251,983s][info ][gc] GC(512) Concurrent Cycle 216,950ms
[2020-10-16T11:43:49.256+1000][251,983s][info ][gc] GC(514) Pause Young (Normal) (G1 Evacuation Pause) 253M->253M(256M) 0,143ms
[2020-10-16T11:43:49.378+1000][252,105s][info ][gc] GC(515) Pause Full (G1 Evacuation Pause) 253M->253M(256M) 121,949ms
[2020-10-16T11:43:49.485+1000][252,212s][info ][gc] GC(516) Pause Full (G1 Evacuation Pause) 253M->253M(256M) 106,578ms
[2020-10-16T11:43:49.485+1000][252,212s][info ][gc] GC(517) Pause Young (Concurrent Start) (G1 Evacuation Pause) 253M->253M(256M) 0,189ms
[2020-10-16T11:43:49.485+1000][252,212s][info ][gc] GC(519) Concurrent Cycle
[2020-10-16T11:43:49.486+1000][252,212s][debug][gc] GC(518) Clear Next Bitmap 0,190ms
[2020-10-16T11:43:49.487+1000][252,214s][info ][gc] GC(518) Pause Full (G1 Evacuation Pause) 253M->1M(256M) 1,444ms
[2020-10-16T11:43:49.487+1000][252,214s][info ][gc] GC(519) Concurrent Cycle 1,536ms
