[2020-10-16T11:22:25.292+1000][0.003s][info][gc] Using Serial
[2020-10-16T11:22:27.800+1000][2,511s][info][gc] GC(0) Pause Young (Allocation Failure) 68M->3M(247M) 5,451ms
[2020-10-16T11:22:30.396+1000][5,106s][info][gc] GC(1) Pause Young (Allocation Failure) 71M->5M(247M) 13,737ms
[2020-10-16T11:22:32.994+1000][7,705s][info][gc] GC(2) Pause Young (Allocation Failure) 74M->8M(247M) 15,587ms
[2020-10-16T11:22:35.596+1000][10,307s][info][gc] GC(3) Pause Young (Allocation Failure) 77M->11M(247M) 19,636ms
[2020-10-16T11:22:38.190+1000][12,901s][info][gc] GC(4) Pause Young (Allocation Failure) 79M->14M(247M) 14,350ms
[2020-10-16T11:22:40.797+1000][15,508s][info][gc] GC(5) Pause Young (Allocation Failure) 82M->16M(247M) 16,039ms
[2020-10-16T11:22:43.390+1000][18,101s][info][gc] GC(6) Pause Young (Allocation Failure) 85M->19M(247M) 11,859ms
[2020-10-16T11:22:45.993+1000][20,704s][info][gc] GC(7) Pause Young (Allocation Failure) 87M->22M(247M) 17,076ms
[2020-10-16T11:22:48.587+1000][23,298s][info][gc] GC(8) Pause Young (Allocation Failure) 90M->24M(247M) 13,750ms
[2020-10-16T11:22:51.184+1000][25,895s][info][gc] GC(9) Pause Young (Allocation Failure) 93M->27M(247M) 16,534ms
[2020-10-16T11:22:53.783+1000][28,494s][info][gc] GC(10) Pause Young (Allocation Failure) 95M->30M(247M) 17,281ms
[2020-10-16T11:22:56.378+1000][31,089s][info][gc] GC(11) Pause Young (Allocation Failure) 98M->33M(247M) 12,275ms
[2020-10-16T11:22:58.974+1000][33,685s][info][gc] GC(12) Pause Young (Allocation Failure) 101M->35M(247M) 13,377ms
[2020-10-16T11:23:01.569+1000][36,280s][info][gc] GC(13) Pause Young (Allocation Failure) 104M->38M(247M) 12,912ms
[2020-10-16T11:23:04.160+1000][38,870s][info][gc] GC(14) Pause Young (Allocation Failure) 106M->41M(247M) 9,429ms
[2020-10-16T11:23:06.751+1000][41,461s][info][gc] GC(15) Pause Young (Allocation Failure) 109M->43M(247M) 11,354ms
[2020-10-16T11:23:09.344+1000][44,055s][info][gc] GC(16) Pause Young (Allocation Failure) 112M->46M(247M) 14,795ms
[2020-10-16T11:23:11.941+1000][46,652s][info][gc] GC(17) Pause Young (Allocation Failure) 115M->49M(247M) 13,090ms
[2020-10-16T11:23:14.540+1000][49,251s][info][gc] GC(18) Pause Young (Allocation Failure) 117M->52M(247M) 15,969ms
[2020-10-16T11:23:17.134+1000][51,845s][info][gc] GC(19) Pause Young (Allocation Failure) 120M->54M(247M) 11,523ms
[2020-10-16T11:23:19.728+1000][54,439s][info][gc] GC(20) Pause Young (Allocation Failure) 123M->57M(247M) 12,152ms
[2020-10-16T11:23:22.324+1000][57,035s][info][gc] GC(21) Pause Young (Allocation Failure) 125M->60M(247M) 16,465ms
[2020-10-16T11:23:24.911+1000][59,622s][info][gc] GC(22) Pause Young (Allocation Failure) 128M->63M(247M) 10,196ms
[2020-10-16T11:23:27.504+1000][62,215s][info][gc] GC(23) Pause Young (Allocation Failure) 131M->65M(247M) 13,542ms
[2020-10-16T11:23:30.095+1000][64,806s][info][gc] GC(24) Pause Young (Allocation Failure) 134M->68M(247M) 11,289ms
[2020-10-16T11:23:32.682+1000][67,392s][info][gc] GC(25) Pause Young (Allocation Failure) 136M->71M(247M) 7,612ms
[2020-10-16T11:23:35.273+1000][69,984s][info][gc] GC(26) Pause Young (Allocation Failure) 139M->73M(247M) 13,102ms
[2020-10-16T11:23:37.869+1000][72,580s][info][gc] GC(27) Pause Young (Allocation Failure) 142M->76M(247M) 13,137ms
[2020-10-16T11:23:40.465+1000][75,176s][info][gc] GC(28) Pause Young (Allocation Failure) 144M->79M(247M) 13,756ms
[2020-10-16T11:23:43.061+1000][77,772s][info][gc] GC(29) Pause Young (Allocation Failure) 147M->82M(247M) 11,240ms
[2020-10-16T11:23:45.654+1000][80,364s][info][gc] GC(30) Pause Young (Allocation Failure) 150M->84M(247M) 12,493ms
[2020-10-16T11:23:48.252+1000][82,963s][info][gc] GC(31) Pause Young (Allocation Failure) 153M->87M(247M) 15,284ms
[2020-10-16T11:23:50.851+1000][85,562s][info][gc] GC(32) Pause Young (Allocation Failure) 155M->90M(247M) 15,929ms
[2020-10-16T11:23:53.451+1000][88,162s][info][gc] GC(33) Pause Young (Allocation Failure) 158M->92M(247M) 16,096ms
[2020-10-16T11:23:56.051+1000][90,762s][info][gc] GC(34) Pause Young (Allocation Failure) 161M->95M(247M) 17,012ms
[2020-10-16T11:23:58.649+1000][93,360s][info][gc] GC(35) Pause Young (Allocation Failure) 164M->98M(247M) 14,638ms
[2020-10-16T11:24:01.251+1000][95,962s][info][gc] GC(36) Pause Young (Allocation Failure) 166M->101M(247M) 16,357ms
[2020-10-16T11:24:03.849+1000][98,560s][info][gc] GC(37) Pause Young (Allocation Failure) 169M->103M(247M) 12,809ms
[2020-10-16T11:24:06.451+1000][101,162s][info][gc] GC(38) Pause Young (Allocation Failure) 172M->106M(247M) 17,210ms
[2020-10-16T11:24:09.048+1000][103,759s][info][gc] GC(39) Pause Young (Allocation Failure) 174M->109M(247M) 13,288ms
[2020-10-16T11:24:11.648+1000][106,359s][info][gc] GC(40) Pause Young (Allocation Failure) 177M->112M(247M) 13,960ms
[2020-10-16T11:24:14.249+1000][108,959s][info][gc] GC(41) Pause Young (Allocation Failure) 180M->114M(247M) 13,838ms
[2020-10-16T11:24:16.847+1000][111,558s][info][gc] GC(42) Pause Young (Allocation Failure) 183M->117M(247M) 15,356ms
[2020-10-16T11:24:19.445+1000][114,156s][info][gc] GC(43) Pause Young (Allocation Failure) 185M->120M(247M) 12,725ms
[2020-10-16T11:24:22.044+1000][116,755s][info][gc] GC(44) Pause Young (Allocation Failure) 188M->122M(247M) 17,882ms
[2020-10-16T11:24:24.643+1000][119,354s][info][gc] GC(45) Pause Young (Allocation Failure) 191M->125M(247M) 15,235ms
[2020-10-16T11:24:27.243+1000][121,954s][info][gc] GC(46) Pause Young (Allocation Failure) 193M->128M(247M) 16,103ms
[2020-10-16T11:24:29.840+1000][124,551s][info][gc] GC(47) Pause Young (Allocation Failure) 196M->131M(247M) 13,034ms
[2020-10-16T11:24:32.437+1000][127,148s][info][gc] GC(48) Pause Young (Allocation Failure) 199M->133M(247M) 12,130ms
[2020-10-16T11:24:35.034+1000][129,744s][info][gc] GC(49) Pause Young (Allocation Failure) 202M->136M(247M) 11,689ms
[2020-10-16T11:24:37.632+1000][132,342s][info][gc] GC(50) Pause Young (Allocation Failure) 204M->139M(247M) 16,621ms
[2020-10-16T11:24:40.231+1000][134,941s][info][gc] GC(51) Pause Young (Allocation Failure) 207M->141M(247M) 16,227ms
[2020-10-16T11:24:42.831+1000][137,542s][info][gc] GC(52) Pause Young (Allocation Failure) 210M->144M(247M) 16,522ms
[2020-10-16T11:24:45.428+1000][140,139s][info][gc] GC(53) Pause Young (Allocation Failure) 213M->147M(247M) 16,590ms
[2020-10-16T11:24:48.025+1000][142,736s][info][gc] GC(54) Pause Young (Allocation Failure) 215M->150M(247M) 11,879ms
[2020-10-16T11:24:50.618+1000][145,329s][info][gc] GC(55) Pause Young (Allocation Failure) 218M->152M(247M) 12,413ms
[2020-10-16T11:24:53.216+1000][147,927s][info][gc] GC(56) Pause Young (Allocation Failure) 221M->155M(247M) 14,404ms
[2020-10-16T11:24:55.818+1000][150,529s][info][gc] GC(57) Pause Young (Allocation Failure) 223M->158M(247M) 16,735ms
[2020-10-16T11:24:58.423+1000][153,134s][info][gc] GC(58) Pause Young (Allocation Failure) 226M->161M(247M) 16,168ms
[2020-10-16T11:25:01.023+1000][155,733s][info][gc] GC(59) Pause Young (Allocation Failure) 229M->163M(247M) 16,924ms
[2020-10-16T11:25:03.622+1000][158,333s][info][gc] GC(60) Pause Young (Allocation Failure) 232M->166M(247M) 12,915ms
[2020-10-16T11:25:06.227+1000][160,938s][info][gc] GC(61) Pause Young (Allocation Failure) 234M->169M(247M) 16,987ms
[2020-10-16T11:25:08.824+1000][163,535s][info][gc] GC(62) Pause Young (Allocation Failure) 237M->171M(247M) 13,310ms
[2020-10-16T11:25:11.423+1000][166,134s][info][gc] GC(63) Pause Young (Allocation Failure) 240M->174M(247M) 16,327ms
[2020-10-16T11:25:14.010+1000][168,721s][info][gc] GC(64) Pause Young (Allocation Failure) 242M->242M(247M) 0,057ms
[2020-10-16T11:25:14.194+1000][168,905s][info][gc] GC(65) Pause Full (Allocation Failure) 242M->177M(247M) 183,690ms
[2020-10-16T11:25:17.122+1000][171,833s][info][gc] GC(66) Pause Full (Allocation Failure) 247M->180M(247M) 186,061ms
[2020-10-16T11:25:19.945+1000][174,656s][info][gc] GC(67) Pause Full (Allocation Failure) 247M->182M(247M) 186,337ms
[2020-10-16T11:25:22.708+1000][177,419s][info][gc] GC(68) Pause Full (Allocation Failure) 247M->185M(247M) 226,742ms
[2020-10-16T11:25:25.350+1000][180,060s][info][gc] GC(69) Pause Full (Allocation Failure) 247M->187M(247M) 190,896ms
[2020-10-16T11:25:27.896+1000][182,607s][info][gc] GC(70) Pause Full (Allocation Failure) 247M->190M(247M) 199,093ms
[2020-10-16T11:25:30.357+1000][185,068s][info][gc] GC(71) Pause Full (Allocation Failure) 247M->192M(247M) 201,637ms
[2020-10-16T11:25:32.741+1000][187,452s][info][gc] GC(72) Pause Full (Allocation Failure) 247M->194M(247M) 205,615ms
[2020-10-16T11:25:35.028+1000][189,739s][info][gc] GC(73) Pause Full (Allocation Failure) 247M->196M(247M) 196,847ms
[2020-10-16T11:25:37.245+1000][191,956s][info][gc] GC(74) Pause Full (Allocation Failure) 247M->198M(247M) 201,144ms
[2020-10-16T11:25:39.386+1000][194,097s][info][gc] GC(75) Pause Full (Allocation Failure) 247M->200M(247M) 201,514ms
[2020-10-16T11:25:41.430+1000][196,141s][info][gc] GC(76) Pause Full (Allocation Failure) 247M->202M(247M) 197,769ms
[2020-10-16T11:25:43.421+1000][198,132s][info][gc] GC(77) Pause Full (Allocation Failure) 247M->204M(247M) 198,535ms
[2020-10-16T11:25:45.350+1000][200,061s][info][gc] GC(78) Pause Full (Allocation Failure) 247M->206M(247M) 207,343ms
[2020-10-16T11:25:47.231+1000][201,942s][info][gc] GC(79) Pause Full (Allocation Failure) 247M->207M(247M) 217,485ms
[2020-10-16T11:25:49.046+1000][203,757s][info][gc] GC(80) Pause Full (Allocation Failure) 247M->209M(247M) 207,963ms
[2020-10-16T11:25:50.782+1000][205,493s][info][gc] GC(81) Pause Full (Allocation Failure) 247M->211M(247M) 205,295ms
[2020-10-16T11:25:52.477+1000][207,187s][info][gc] GC(82) Pause Full (Allocation Failure) 247M->212M(247M) 210,540ms
[2020-10-16T11:25:54.119+1000][208,829s][info][gc] GC(83) Pause Full (Allocation Failure) 247M->213M(247M) 210,579ms
[2020-10-16T11:25:55.694+1000][210,404s][info][gc] GC(84) Pause Full (Allocation Failure) 247M->215M(247M) 209,322ms
[2020-10-16T11:25:57.242+1000][211,953s][info][gc] GC(85) Pause Full (Allocation Failure) 247M->216M(247M) 230,258ms
[2020-10-16T11:25:58.730+1000][213,440s][info][gc] GC(86) Pause Full (Allocation Failure) 247M->217M(247M) 209,568ms
[2020-10-16T11:26:00.181+1000][214,892s][info][gc] GC(87) Pause Full (Allocation Failure) 247M->218M(247M) 219,024ms
[2020-10-16T11:26:01.566+1000][216,276s][info][gc] GC(88) Pause Full (Allocation Failure) 247M->220M(247M) 212,011ms
[2020-10-16T11:26:02.930+1000][217,641s][info][gc] GC(89) Pause Full (Allocation Failure) 247M->221M(247M) 223,378ms
[2020-10-16T11:26:04.240+1000][218,951s][info][gc] GC(90) Pause Full (Allocation Failure) 247M->222M(247M) 213,349ms
[2020-10-16T11:26:05.511+1000][220,221s][info][gc] GC(91) Pause Full (Allocation Failure) 247M->223M(247M) 214,947ms
[2020-10-16T11:26:06.753+1000][221,464s][info][gc] GC(92) Pause Full (Allocation Failure) 247M->224M(247M) 214,569ms
[2020-10-16T11:26:07.954+1000][222,665s][info][gc] GC(93) Pause Full (Allocation Failure) 247M->225M(247M) 221,268ms
[2020-10-16T11:26:09.171+1000][223,881s][info][gc] GC(94) Pause Full (Allocation Failure) 247M->225M(247M) 262,937ms
[2020-10-16T11:26:10.324+1000][225,035s][info][gc] GC(95) Pause Full (Allocation Failure) 247M->226M(247M) 233,883ms
[2020-10-16T11:26:11.455+1000][226,166s][info][gc] GC(96) Pause Full (Allocation Failure) 247M->227M(247M) 244,990ms
[2020-10-16T11:26:12.554+1000][227,265s][info][gc] GC(97) Pause Full (Allocation Failure) 247M->228M(247M) 243,659ms
[2020-10-16T11:26:13.616+1000][228,327s][info][gc] GC(98) Pause Full (Allocation Failure) 247M->229M(247M) 233,532ms
[2020-10-16T11:26:14.648+1000][229,359s][info][gc] GC(99) Pause Full (Allocation Failure) 247M->229M(247M) 235,857ms
[2020-10-16T11:26:15.654+1000][230,365s][info][gc] GC(100) Pause Full (Allocation Failure) 247M->230M(247M) 230,769ms
[2020-10-16T11:26:16.750+1000][231,461s][info][gc] GC(101) Pause Full (Allocation Failure) 247M->231M(247M) 343,650ms
[2020-10-16T11:26:17.685+1000][232,396s][info][gc] GC(102) Pause Full (Allocation Failure) 247M->232M(247M) 229,849ms
[2020-10-16T11:26:18.625+1000][233,336s][info][gc] GC(103) Pause Full (Allocation Failure) 247M->232M(247M) 244,888ms
[2020-10-16T11:26:19.559+1000][234,270s][info][gc] GC(104) Pause Full (Allocation Failure) 247M->233M(247M) 253,877ms
[2020-10-16T11:26:20.443+1000][235,154s][info][gc] GC(105) Pause Full (Allocation Failure) 247M->233M(247M) 236,694ms
[2020-10-16T11:26:21.306+1000][236,016s][info][gc] GC(106) Pause Full (Allocation Failure) 247M->234M(247M) 236,397ms
[2020-10-16T11:26:22.136+1000][236,847s][info][gc] GC(107) Pause Full (Allocation Failure) 247M->234M(247M) 224,810ms
[2020-10-16T11:26:22.955+1000][237,666s][info][gc] GC(108) Pause Full (Allocation Failure) 247M->235M(247M) 237,145ms
[2020-10-16T11:26:23.751+1000][238,462s][info][gc] GC(109) Pause Full (Allocation Failure) 247M->235M(247M) 235,125ms
[2020-10-16T11:26:24.539+1000][239,250s][info][gc] GC(110) Pause Full (Allocation Failure) 247M->236M(247M) 239,373ms
[2020-10-16T11:26:25.309+1000][240,020s][info][gc] GC(111) Pause Full (Allocation Failure) 247M->236M(247M) 238,503ms
[2020-10-16T11:26:26.053+1000][240,764s][info][gc] GC(112) Pause Full (Allocation Failure) 247M->237M(247M) 233,808ms
[2020-10-16T11:26:26.799+1000][241,509s][info][gc] GC(113) Pause Full (Allocation Failure) 247M->237M(247M) 244,176ms
[2020-10-16T11:26:27.515+1000][242,226s][info][gc] GC(114) Pause Full (Allocation Failure) 247M->237M(247M) 236,151ms
[2020-10-16T11:26:28.232+1000][242,943s][info][gc] GC(115) Pause Full (Allocation Failure) 247M->238M(247M) 249,412ms
[2020-10-16T11:26:28.932+1000][243,643s][info][gc] GC(116) Pause Full (Allocation Failure) 247M->238M(247M) 248,195ms
[2020-10-16T11:26:29.611+1000][244,322s][info][gc] GC(117) Pause Full (Allocation Failure) 247M->238M(247M) 238,466ms
[2020-10-16T11:26:30.276+1000][244,986s][info][gc] GC(118) Pause Full (Allocation Failure) 247M->239M(247M) 240,167ms
[2020-10-16T11:26:30.920+1000][245,631s][info][gc] GC(119) Pause Full (Allocation Failure) 247M->239M(247M) 245,061ms
[2020-10-16T11:26:31.554+1000][246,265s][info][gc] GC(120) Pause Full (Allocation Failure) 247M->240M(247M) 241,768ms
[2020-10-16T11:26:32.184+1000][246,894s][info][gc] GC(121) Pause Full (Allocation Failure) 247M->240M(247M) 251,069ms
[2020-10-16T11:26:32.795+1000][247,505s][info][gc] GC(122) Pause Full (Allocation Failure) 247M->240M(247M) 247,253ms
[2020-10-16T11:26:33.379+1000][248,089s][info][gc] GC(123) Pause Full (Allocation Failure) 247M->240M(247M) 240,360ms
[2020-10-16T11:26:33.951+1000][248,661s][info][gc] GC(124) Pause Full (Allocation Failure) 247M->241M(247M) 237,657ms
[2020-10-16T11:26:34.514+1000][249,225s][info][gc] GC(125) Pause Full (Allocation Failure) 247M->241M(247M) 238,505ms
[2020-10-16T11:26:35.066+1000][249,777s][info][gc] GC(126) Pause Full (Allocation Failure) 247M->241M(247M) 242,172ms
[2020-10-16T11:26:35.588+1000][250,299s][info][gc] GC(127) Pause Full (Allocation Failure) 247M->241M(247M) 229,366ms
[2020-10-16T11:26:36.106+1000][250,817s][info][gc] GC(128) Pause Full (Allocation Failure) 247M->242M(247M) 238,955ms
[2020-10-16T11:26:36.618+1000][251,329s][info][gc] GC(129) Pause Full (Allocation Failure) 247M->242M(247M) 241,043ms
[2020-10-16T11:26:37.123+1000][251,834s][info][gc] GC(130) Pause Full (Allocation Failure) 247M->242M(247M) 245,030ms
[2020-10-16T11:26:37.617+1000][252,327s][info][gc] GC(131) Pause Full (Allocation Failure) 247M->242M(247M) 242,990ms
[2020-10-16T11:26:38.120+1000][252,831s][info][gc] GC(132) Pause Full (Allocation Failure) 247M->242M(247M) 261,990ms
[2020-10-16T11:26:38.596+1000][253,307s][info][gc] GC(133) Pause Full (Allocation Failure) 247M->243M(247M) 248,458ms
[2020-10-16T11:26:39.066+1000][253,777s][info][gc] GC(134) Pause Full (Allocation Failure) 247M->243M(247M) 248,869ms
[2020-10-16T11:26:39.524+1000][254,235s][info][gc] GC(135) Pause Full (Allocation Failure) 247M->243M(247M) 243,137ms
[2020-10-16T11:26:39.977+1000][254,688s][info][gc] GC(136) Pause Full (Allocation Failure) 247M->243M(247M) 249,683ms
[2020-10-16T11:26:40.418+1000][255,129s][info][gc] GC(137) Pause Full (Allocation Failure) 247M->243M(247M) 251,452ms
[2020-10-16T11:26:40.861+1000][255,571s][info][gc] GC(138) Pause Full (Allocation Failure) 247M->243M(247M) 252,552ms
[2020-10-16T11:26:41.274+1000][255,985s][info][gc] GC(139) Pause Full (Allocation Failure) 247M->244M(247M) 244,320ms
[2020-10-16T11:26:41.710+1000][256,421s][info][gc] GC(140) Pause Full (Allocation Failure) 247M->244M(247M) 258,867ms
[2020-10-16T11:26:42.120+1000][256,830s][info][gc] GC(141) Pause Full (Allocation Failure) 247M->244M(247M) 247,723ms
[2020-10-16T11:26:42.529+1000][257,239s][info][gc] GC(142) Pause Full (Allocation Failure) 247M->244M(247M) 246,919ms
[2020-10-16T11:26:42.926+1000][257,637s][info][gc] GC(143) Pause Full (Allocation Failure) 247M->244M(247M) 247,498ms
[2020-10-16T11:26:43.316+1000][258,026s][info][gc] GC(144) Pause Full (Allocation Failure) 247M->244M(247M) 251,867ms
[2020-10-16T11:26:43.694+1000][258,405s][info][gc] GC(145) Pause Full (Allocation Failure) 247M->244M(247M) 241,320ms
[2020-10-16T11:26:44.061+1000][258,771s][info][gc] GC(146) Pause Full (Allocation Failure) 247M->244M(247M) 233,235ms
[2020-10-16T11:26:44.431+1000][259,142s][info][gc] GC(147) Pause Full (Allocation Failure) 247M->244M(247M) 238,371ms
[2020-10-16T11:26:44.808+1000][259,519s][info][gc] GC(148) Pause Full (Allocation Failure) 247M->245M(247M) 248,281ms
[2020-10-16T11:26:45.205+1000][259,916s][info][gc] GC(149) Pause Full (Allocation Failure) 247M->245M(247M) 277,830ms
[2020-10-16T11:26:45.593+1000][260,304s][info][gc] GC(150) Pause Full (Allocation Failure) 247M->245M(247M) 271,351ms
[2020-10-16T11:26:45.959+1000][260,670s][info][gc] GC(151) Pause Full (Allocation Failure) 247M->245M(247M) 259,069ms
[2020-10-16T11:26:46.330+1000][261,041s][info][gc] GC(152) Pause Full (Allocation Failure) 247M->245M(247M) 266,313ms
[2020-10-16T11:26:46.680+1000][261,391s][info][gc] GC(153) Pause Full (Allocation Failure) 247M->245M(247M) 240,948ms
[2020-10-16T11:26:47.034+1000][261,745s][info][gc] GC(154) Pause Full (Allocation Failure) 247M->245M(247M) 258,019ms
[2020-10-16T11:26:47.451+1000][262,161s][info][gc] GC(155) Pause Full (Allocation Failure) 247M->245M(247M) 322,371ms
[2020-10-16T11:26:47.830+1000][262,541s][info][gc] GC(156) Pause Full (Allocation Failure) 247M->245M(247M) 285,041ms
[2020-10-16T11:26:48.175+1000][262,886s][info][gc] GC(157) Pause Full (Allocation Failure) 247M->245M(247M) 260,548ms
[2020-10-16T11:26:48.504+1000][263,215s][info][gc] GC(158) Pause Full (Allocation Failure) 247M->245M(247M) 248,306ms
[2020-10-16T11:26:48.837+1000][263,548s][info][gc] GC(159) Pause Full (Allocation Failure) 247M->245M(247M) 250,248ms
[2020-10-16T11:26:49.168+1000][263,878s][info][gc] GC(160) Pause Full (Allocation Failure) 247M->245M(247M) 250,500ms
[2020-10-16T11:26:49.490+1000][264,200s][info][gc] GC(161) Pause Full (Allocation Failure) 247M->246M(247M) 251,791ms
[2020-10-16T11:26:49.804+1000][264,514s][info][gc] GC(162) Pause Full (Allocation Failure) 247M->246M(247M) 245,930ms
[2020-10-16T11:26:50.120+1000][264,831s][info][gc] GC(163) Pause Full (Allocation Failure) 247M->246M(247M) 245,735ms
[2020-10-16T11:26:50.433+1000][265,144s][info][gc] GC(164) Pause Full (Allocation Failure) 247M->246M(247M) 246,404ms
[2020-10-16T11:26:50.745+1000][265,456s][info][gc] GC(165) Pause Full (Allocation Failure) 247M->246M(247M) 247,773ms
[2020-10-16T11:26:51.044+1000][265,755s][info][gc] GC(166) Pause Full (Allocation Failure) 247M->246M(247M) 245,163ms
[2020-10-16T11:26:51.332+1000][266,043s][info][gc] GC(167) Pause Full (Allocation Failure) 247M->246M(247M) 236,726ms
[2020-10-16T11:26:51.633+1000][266,343s][info][gc] GC(168) Pause Full (Allocation Failure) 247M->246M(247M) 244,534ms
[2020-10-16T11:26:51.929+1000][266,640s][info][gc] GC(169) Pause Full (Allocation Failure) 247M->246M(247M) 245,199ms
[2020-10-16T11:26:52.241+1000][266,951s][info][gc] GC(170) Pause Full (Allocation Failure) 247M->246M(247M) 257,213ms
[2020-10-16T11:26:52.529+1000][267,240s][info][gc] GC(171) Pause Full (Allocation Failure) 247M->246M(247M) 237,569ms
[2020-10-16T11:26:52.820+1000][267,530s][info][gc] GC(172) Pause Full (Allocation Failure) 247M->246M(247M) 249,022ms
[2020-10-16T11:26:53.117+1000][267,828s][info][gc] GC(173) Pause Full (Allocation Failure) 247M->246M(247M) 257,492ms
[2020-10-16T11:26:53.420+1000][268,131s][info][gc] GC(174) Pause Full (Allocation Failure) 247M->246M(247M) 263,631ms
[2020-10-16T11:26:53.705+1000][268,416s][info][gc] GC(175) Pause Full (Allocation Failure) 247M->246M(247M) 244,089ms
[2020-10-16T11:26:53.996+1000][268,707s][info][gc] GC(176) Pause Full (Allocation Failure) 247M->246M(247M) 253,550ms
[2020-10-16T11:26:54.280+1000][268,991s][info][gc] GC(177) Pause Full (Allocation Failure) 247M->246M(247M) 245,456ms
[2020-10-16T11:26:54.575+1000][269,285s][info][gc] GC(178) Pause Full (Allocation Failure) 247M->246M(247M) 255,526ms
[2020-10-16T11:26:54.867+1000][269,578s][info][gc] GC(179) Pause Full (Allocation Failure) 247M->246M(247M) 250,796ms
[2020-10-16T11:26:55.156+1000][269,866s][info][gc] GC(180) Pause Full (Allocation Failure) 247M->246M(247M) 247,382ms
[2020-10-16T11:26:55.452+1000][270,163s][info][gc] GC(181) Pause Full (Allocation Failure) 247M->246M(247M) 265,593ms
[2020-10-16T11:26:55.732+1000][270,442s][info][gc] GC(182) Pause Full (Allocation Failure) 247M->246M(247M) 254,664ms
[2020-10-16T11:26:56.012+1000][270,723s][info][gc] GC(183) Pause Full (Allocation Failure) 247M->246M(247M) 253,999ms
[2020-10-16T11:26:56.279+1000][270,990s][info][gc] GC(184) Pause Full (Allocation Failure) 247M->246M(247M) 242,636ms
[2020-10-16T11:26:56.565+1000][271,276s][info][gc] GC(185) Pause Full (Allocation Failure) 247M->246M(247M) 258,790ms
[2020-10-16T11:26:56.846+1000][271,557s][info][gc] GC(186) Pause Full (Allocation Failure) 247M->246M(247M) 254,415ms
[2020-10-16T11:26:57.110+1000][271,821s][info][gc] GC(187) Pause Full (Allocation Failure) 247M->246M(247M) 239,552ms
[2020-10-16T11:26:57.380+1000][272,091s][info][gc] GC(188) Pause Full (Allocation Failure) 247M->246M(247M) 244,090ms
[2020-10-16T11:26:57.655+1000][272,366s][info][gc] GC(189) Pause Full (Allocation Failure) 247M->246M(247M) 248,985ms
[2020-10-16T11:26:57.927+1000][272,638s][info][gc] GC(190) Pause Full (Allocation Failure) 247M->246M(247M) 248,396ms
[2020-10-16T11:26:58.184+1000][272,895s][info][gc] GC(191) Pause Full (Allocation Failure) 247M->246M(247M) 234,390ms
[2020-10-16T11:26:58.475+1000][273,185s][info][gc] GC(192) Pause Full (Allocation Failure) 247M->246M(247M) 263,248ms
[2020-10-16T11:26:58.747+1000][273,458s][info][gc] GC(193) Pause Full (Allocation Failure) 247M->247M(247M) 256,507ms
[2020-10-16T11:26:59.008+1000][273,719s][info][gc] GC(194) Pause Full (Allocation Failure) 247M->247M(247M) 245,415ms
[2020-10-16T11:26:59.271+1000][273,982s][info][gc] GC(195) Pause Full (Allocation Failure) 247M->247M(247M) 248,130ms
[2020-10-16T11:26:59.531+1000][274,242s][info][gc] GC(196) Pause Full (Allocation Failure) 247M->247M(247M) 245,879ms
[2020-10-16T11:26:59.792+1000][274,503s][info][gc] GC(197) Pause Full (Allocation Failure) 247M->247M(247M) 246,681ms
[2020-10-16T11:27:00.049+1000][274,760s][info][gc] GC(198) Pause Full (Allocation Failure) 247M->247M(247M) 244,048ms
[2020-10-16T11:27:00.315+1000][275,025s][info][gc] GC(199) Pause Full (Allocation Failure) 247M->247M(247M) 252,005ms
[2020-10-16T11:27:00.586+1000][275,297s][info][gc] GC(200) Pause Full (Allocation Failure) 247M->247M(247M) 258,115ms
[2020-10-16T11:27:00.853+1000][275,563s][info][gc] GC(201) Pause Full (Allocation Failure) 247M->247M(247M) 252,041ms
[2020-10-16T11:27:01.114+1000][275,825s][info][gc] GC(202) Pause Full (Allocation Failure) 247M->247M(247M) 246,811ms
[2020-10-16T11:27:01.372+1000][276,083s][info][gc] GC(203) Pause Full (Allocation Failure) 247M->247M(247M) 245,125ms
[2020-10-16T11:27:01.647+1000][276,358s][info][gc] GC(204) Pause Full (Allocation Failure) 247M->247M(247M) 261,053ms
[2020-10-16T11:27:01.918+1000][276,629s][info][gc] GC(205) Pause Full (Allocation Failure) 247M->247M(247M) 257,497ms
[2020-10-16T11:27:02.183+1000][276,893s][info][gc] GC(206) Pause Full (Allocation Failure) 247M->247M(247M) 250,671ms
[2020-10-16T11:27:02.451+1000][277,161s][info][gc] GC(207) Pause Full (Allocation Failure) 247M->247M(247M) 254,513ms
[2020-10-16T11:27:02.706+1000][277,417s][info][gc] GC(208) Pause Full (Allocation Failure) 247M->247M(247M) 241,896ms
[2020-10-16T11:27:02.967+1000][277,678s][info][gc] GC(209) Pause Full (Allocation Failure) 247M->247M(247M) 247,857ms
[2020-10-16T11:27:03.240+1000][277,951s][info][gc] GC(210) Pause Full (Allocation Failure) 247M->247M(247M) 259,592ms
[2020-10-16T11:27:03.504+1000][278,215s][info][gc] GC(211) Pause Full (Allocation Failure) 247M->247M(247M) 252,147ms
[2020-10-16T11:27:03.777+1000][278,488s][info][gc] GC(212) Pause Full (Allocation Failure) 247M->247M(247M) 259,376ms
[2020-10-16T11:27:04.046+1000][278,756s][info][gc] GC(213) Pause Full (Allocation Failure) 247M->247M(247M) 254,908ms
[2020-10-16T11:27:04.309+1000][279,020s][info][gc] GC(214) Pause Full (Allocation Failure) 247M->247M(247M) 251,718ms
[2020-10-16T11:27:04.574+1000][279,285s][info][gc] GC(215) Pause Full (Allocation Failure) 247M->247M(247M) 253,296ms
[2020-10-16T11:27:04.842+1000][279,553s][info][gc] GC(216) Pause Full (Allocation Failure) 247M->247M(247M) 254,482ms
[2020-10-16T11:27:05.092+1000][279,802s][info][gc] GC(217) Pause Full (Allocation Failure) 247M->247M(247M) 246,560ms
[2020-10-16T11:27:05.337+1000][280,048s][info][gc] GC(218) Pause Full (Allocation Failure) 247M->247M(247M) 245,388ms
[2020-10-16T11:27:05.376+1000][280,087s][info][gc] GC(219) Pause Full (Allocation Failure) 247M->0M(247M) 38,863ms
