[2020-10-16T11:28:52.744+1000][0.002s][info][gc] Using Serial
[2020-10-16T11:28:55.252+1000][2,510s][info][gc] GC(0) Pause Young (Allocation Failure) 68M->3M(247M) 6,094ms
[2020-10-16T11:28:57.842+1000][5,100s][info][gc] GC(1) Pause Young (Allocation Failure) 71M->5M(247M) 8,720ms
[2020-10-16T11:29:00.438+1000][7,696s][info][gc] GC(2) Pause Young (Allocation Failure) 74M->8M(247M) 16,173ms
[2020-10-16T11:29:03.025+1000][10,283s][info][gc] GC(3) Pause Young (Allocation Failure) 77M->11M(247M) 5,946ms
[2020-10-16T11:29:05.615+1000][12,873s][info][gc] GC(4) Pause Young (Allocation Failure) 79M->14M(247M) 11,425ms
[2020-10-16T11:29:08.208+1000][15,466s][info][gc] GC(5) Pause Young (Allocation Failure) 82M->16M(247M) 14,515ms
[2020-10-16T11:29:10.814+1000][18,072s][info][gc] GC(6) Pause Young (Allocation Failure) 85M->19M(247M) 15,053ms
[2020-10-16T11:29:13.403+1000][20,661s][info][gc] GC(7) Pause Young (Allocation Failure) 87M->22M(247M) 10,535ms
[2020-10-16T11:29:15.986+1000][23,244s][info][gc] GC(8) Pause Young (Allocation Failure) 90M->25M(247M) 13,188ms
[2020-10-16T11:29:18.578+1000][25,835s][info][gc] GC(9) Pause Young (Allocation Failure) 93M->27M(247M) 10,943ms
[2020-10-16T11:29:21.172+1000][28,430s][info][gc] GC(10) Pause Young (Allocation Failure) 96M->30M(247M) 13,888ms
[2020-10-16T11:29:23.765+1000][31,023s][info][gc] GC(11) Pause Young (Allocation Failure) 98M->33M(247M) 12,510ms
[2020-10-16T11:29:26.360+1000][33,618s][info][gc] GC(12) Pause Young (Allocation Failure) 101M->35M(247M) 13,936ms
[2020-10-16T11:29:28.954+1000][36,211s][info][gc] GC(13) Pause Young (Allocation Failure) 104M->38M(247M) 13,063ms
[2020-10-16T11:29:31.540+1000][38,798s][info][gc] GC(14) Pause Young (Allocation Failure) 106M->41M(247M) 5,691ms
[2020-10-16T11:29:34.129+1000][41,387s][info][gc] GC(15) Pause Young (Allocation Failure) 109M->44M(247M) 8,273ms
[2020-10-16T11:29:36.722+1000][43,979s][info][gc] GC(16) Pause Young (Allocation Failure) 112M->46M(247M) 10,280ms
[2020-10-16T11:29:39.312+1000][46,569s][info][gc] GC(17) Pause Young (Allocation Failure) 115M->49M(247M) 9,695ms
[2020-10-16T11:29:41.904+1000][49,162s][info][gc] GC(18) Pause Young (Allocation Failure) 117M->52M(247M) 11,528ms
[2020-10-16T11:29:44.498+1000][51,756s][info][gc] GC(19) Pause Young (Allocation Failure) 120M->54M(247M) 13,023ms
[2020-10-16T11:29:47.091+1000][54,349s][info][gc] GC(20) Pause Young (Allocation Failure) 123M->57M(247M) 14,096ms
[2020-10-16T11:29:49.682+1000][56,940s][info][gc] GC(21) Pause Young (Allocation Failure) 125M->60M(247M) 12,050ms
[2020-10-16T11:29:52.274+1000][59,532s][info][gc] GC(22) Pause Young (Allocation Failure) 128M->63M(247M) 13,112ms
[2020-10-16T11:29:54.858+1000][62,116s][info][gc] GC(23) Pause Young (Allocation Failure) 131M->65M(247M) 5,776ms
[2020-10-16T11:29:57.449+1000][64,707s][info][gc] GC(24) Pause Young (Allocation Failure) 134M->68M(247M) 12,860ms
[2020-10-16T11:30:00.033+1000][67,291s][info][gc] GC(25) Pause Young (Allocation Failure) 136M->71M(247M) 5,743ms
[2020-10-16T11:30:02.624+1000][69,882s][info][gc] GC(26) Pause Young (Allocation Failure) 139M->73M(247M) 13,077ms
[2020-10-16T11:30:05.215+1000][72,473s][info][gc] GC(27) Pause Young (Allocation Failure) 142M->76M(247M) 10,928ms
[2020-10-16T11:30:07.802+1000][75,060s][info][gc] GC(28) Pause Young (Allocation Failure) 144M->79M(247M) 10,650ms
[2020-10-16T11:30:10.392+1000][77,650s][info][gc] GC(29) Pause Young (Allocation Failure) 147M->82M(247M) 12,070ms
[2020-10-16T11:30:12.985+1000][80,243s][info][gc] GC(30) Pause Young (Allocation Failure) 150M->84M(247M) 13,676ms
[2020-10-16T11:30:15.577+1000][82,835s][info][gc] GC(31) Pause Young (Allocation Failure) 153M->87M(247M) 12,850ms
[2020-10-16T11:30:18.170+1000][85,428s][info][gc] GC(32) Pause Young (Allocation Failure) 155M->90M(247M) 14,934ms
[2020-10-16T11:30:20.761+1000][88,019s][info][gc] GC(33) Pause Young (Allocation Failure) 158M->92M(247M) 11,903ms
[2020-10-16T11:30:23.353+1000][90,611s][info][gc] GC(34) Pause Young (Allocation Failure) 161M->95M(247M) 13,107ms
[2020-10-16T11:30:25.942+1000][93,200s][info][gc] GC(35) Pause Young (Allocation Failure) 163M->98M(247M) 10,799ms
[2020-10-16T11:30:28.532+1000][95,790s][info][gc] GC(36) Pause Young (Allocation Failure) 166M->101M(247M) 11,621ms
[2020-10-16T11:30:31.117+1000][98,375s][info][gc] GC(37) Pause Young (Allocation Failure) 169M->103M(247M) 5,648ms
[2020-10-16T11:30:33.709+1000][100,967s][info][gc] GC(38) Pause Young (Allocation Failure) 172M->106M(247M) 13,097ms
[2020-10-16T11:30:36.294+1000][103,552s][info][gc] GC(39) Pause Young (Allocation Failure) 174M->109M(247M) 6,553ms
[2020-10-16T11:30:38.886+1000][106,144s][info][gc] GC(40) Pause Young (Allocation Failure) 177M->112M(247M) 13,584ms
[2020-10-16T11:30:41.480+1000][108,738s][info][gc] GC(41) Pause Young (Allocation Failure) 180M->114M(247M) 15,213ms
[2020-10-16T11:30:44.070+1000][111,328s][info][gc] GC(42) Pause Young (Allocation Failure) 183M->117M(247M) 12,529ms
[2020-10-16T11:30:46.660+1000][113,918s][info][gc] GC(43) Pause Young (Allocation Failure) 185M->120M(247M) 11,804ms
[2020-10-16T11:30:49.252+1000][116,510s][info][gc] GC(44) Pause Young (Allocation Failure) 188M->123M(247M) 12,953ms
[2020-10-16T11:30:51.844+1000][119,102s][info][gc] GC(45) Pause Young (Allocation Failure) 191M->125M(247M) 13,594ms
[2020-10-16T11:30:54.433+1000][121,691s][info][gc] GC(46) Pause Young (Allocation Failure) 194M->128M(247M) 11,129ms
[2020-10-16T11:30:57.021+1000][124,279s][info][gc] GC(47) Pause Young (Allocation Failure) 196M->131M(247M) 10,440ms
[2020-10-16T11:30:59.613+1000][126,871s][info][gc] GC(48) Pause Young (Allocation Failure) 199M->133M(247M) 14,635ms
[2020-10-16T11:31:02.202+1000][129,459s][info][gc] GC(49) Pause Young (Allocation Failure) 202M->136M(247M) 10,187ms
[2020-10-16T11:31:04.796+1000][132,054s][info][gc] GC(50) Pause Young (Allocation Failure) 204M->139M(247M) 16,541ms
[2020-10-16T11:31:07.387+1000][134,645s][info][gc] GC(51) Pause Young (Allocation Failure) 207M->142M(247M) 11,492ms
[2020-10-16T11:31:09.976+1000][137,234s][info][gc] GC(52) Pause Young (Allocation Failure) 210M->144M(247M) 11,116ms
[2020-10-16T11:31:12.568+1000][139,826s][info][gc] GC(53) Pause Young (Allocation Failure) 213M->147M(247M) 12,983ms
[2020-10-16T11:31:15.156+1000][142,414s][info][gc] GC(54) Pause Young (Allocation Failure) 215M->150M(247M) 8,886ms
[2020-10-16T11:31:17.746+1000][145,004s][info][gc] GC(55) Pause Young (Allocation Failure) 218M->152M(247M) 10,741ms
[2020-10-16T11:31:20.336+1000][147,594s][info][gc] GC(56) Pause Young (Allocation Failure) 221M->155M(247M) 11,041ms
[2020-10-16T11:31:22.928+1000][150,185s][info][gc] GC(57) Pause Young (Allocation Failure) 223M->158M(247M) 12,368ms
[2020-10-16T11:31:26.096+1000][153,354s][info][gc] GC(58) Pause Young (Allocation Failure) 226M->161M(247M) 13,048ms
[2020-10-16T11:31:28.688+1000][155,946s][info][gc] GC(59) Pause Young (Allocation Failure) 229M->163M(247M) 14,168ms
[2020-10-16T11:31:31.282+1000][158,540s][info][gc] GC(60) Pause Young (Allocation Failure) 232M->166M(247M) 15,268ms
[2020-10-16T11:31:33.877+1000][161,135s][info][gc] GC(61) Pause Young (Allocation Failure) 234M->169M(247M) 16,420ms
[2020-10-16T11:31:36.469+1000][163,727s][info][gc] GC(62) Pause Young (Allocation Failure) 237M->171M(247M) 14,170ms
[2020-10-16T11:31:39.063+1000][166,321s][info][gc] GC(63) Pause Young (Allocation Failure) 240M->174M(247M) 14,830ms
[2020-10-16T11:31:41.642+1000][168,899s][info][gc] GC(64) Pause Young (Allocation Failure) 242M->242M(247M) 0,044ms
[2020-10-16T11:31:41.831+1000][169,089s][info][gc] GC(65) Pause Full (Allocation Failure) 242M->177M(247M) 189,819ms
[2020-10-16T11:31:44.775+1000][172,033s][info][gc] GC(66) Pause Full (Allocation Failure) 247M->180M(247M) 195,855ms
[2020-10-16T11:31:47.604+1000][174,862s][info][gc] GC(67) Pause Full (Allocation Failure) 247M->182M(247M) 190,416ms
[2020-10-16T11:31:50.372+1000][177,630s][info][gc] GC(68) Pause Full (Allocation Failure) 247M->185M(247M) 232,471ms
[2020-10-16T11:31:53.015+1000][180,273s][info][gc] GC(69) Pause Full (Allocation Failure) 247M->187M(247M) 200,136ms
[2020-10-16T11:31:55.575+1000][182,833s][info][gc] GC(70) Pause Full (Allocation Failure) 247M->190M(247M) 222,975ms
[2020-10-16T11:31:58.030+1000][185,288s][info][gc] GC(71) Pause Full (Allocation Failure) 247M->192M(247M) 191,281ms
[2020-10-16T11:32:00.409+1000][187,667s][info][gc] GC(72) Pause Full (Allocation Failure) 247M->194M(247M) 206,172ms
[2020-10-16T11:32:02.702+1000][189,960s][info][gc] GC(73) Pause Full (Allocation Failure) 247M->196M(247M) 203,395ms
[2020-10-16T11:32:04.928+1000][192,186s][info][gc] GC(74) Pause Full (Allocation Failure) 247M->198M(247M) 218,836ms
[2020-10-16T11:32:07.068+1000][194,326s][info][gc] GC(75) Pause Full (Allocation Failure) 247M->200M(247M) 197,293ms
[2020-10-16T11:32:09.137+1000][196,395s][info][gc] GC(76) Pause Full (Allocation Failure) 247M->202M(247M) 219,574ms
[2020-10-16T11:32:11.145+1000][198,403s][info][gc] GC(77) Pause Full (Allocation Failure) 247M->204M(247M) 213,018ms
[2020-10-16T11:32:13.082+1000][200,340s][info][gc] GC(78) Pause Full (Allocation Failure) 247M->206M(247M) 214,047ms
[2020-10-16T11:32:14.962+1000][202,220s][info][gc] GC(79) Pause Full (Allocation Failure) 247M->207M(247M) 220,323ms
[2020-10-16T11:32:16.785+1000][204,043s][info][gc] GC(80) Pause Full (Allocation Failure) 247M->209M(247M) 221,799ms
[2020-10-16T11:32:18.539+1000][205,796s][info][gc] GC(81) Pause Full (Allocation Failure) 247M->211M(247M) 218,521ms
[2020-10-16T11:32:20.232+1000][207,490s][info][gc] GC(82) Pause Full (Allocation Failure) 247M->212M(247M) 210,381ms
[2020-10-16T11:32:21.871+1000][209,129s][info][gc] GC(83) Pause Full (Allocation Failure) 247M->213M(247M) 213,157ms
[2020-10-16T11:32:23.444+1000][210,702s][info][gc] GC(84) Pause Full (Allocation Failure) 247M->215M(247M) 208,595ms
[2020-10-16T11:32:24.972+1000][212,230s][info][gc] GC(85) Pause Full (Allocation Failure) 247M->216M(247M) 202,575ms
[2020-10-16T11:32:26.471+1000][213,729s][info][gc] GC(86) Pause Full (Allocation Failure) 247M->217M(247M) 220,162ms
[2020-10-16T11:32:27.928+1000][215,186s][info][gc] GC(87) Pause Full (Allocation Failure) 247M->218M(247M) 225,584ms
[2020-10-16T11:32:29.326+1000][216,584s][info][gc] GC(88) Pause Full (Allocation Failure) 247M->220M(247M) 216,984ms
[2020-10-16T11:32:30.678+1000][217,936s][info][gc] GC(89) Pause Full (Allocation Failure) 247M->221M(247M) 218,008ms
[2020-10-16T11:32:31.989+1000][219,247s][info][gc] GC(90) Pause Full (Allocation Failure) 247M->222M(247M) 218,244ms
[2020-10-16T11:32:33.259+1000][220,516s][info][gc] GC(91) Pause Full (Allocation Failure) 247M->223M(247M) 220,076ms
[2020-10-16T11:32:34.519+1000][221,777s][info][gc] GC(92) Pause Full (Allocation Failure) 247M->224M(247M) 233,769ms
[2020-10-16T11:32:35.747+1000][223,005s][info][gc] GC(93) Pause Full (Allocation Failure) 247M->225M(247M) 239,583ms
[2020-10-16T11:32:36.914+1000][224,172s][info][gc] GC(94) Pause Full (Allocation Failure) 247M->225M(247M) 223,259ms
[2020-10-16T11:32:38.053+1000][225,310s][info][gc] GC(95) Pause Full (Allocation Failure) 247M->226M(247M) 225,252ms
[2020-10-16T11:32:39.187+1000][226,445s][info][gc] GC(96) Pause Full (Allocation Failure) 247M->227M(247M) 250,009ms
[2020-10-16T11:32:40.301+1000][227,559s][info][gc] GC(97) Pause Full (Allocation Failure) 247M->228M(247M) 262,023ms
[2020-10-16T11:32:41.342+1000][228,600s][info][gc] GC(98) Pause Full (Allocation Failure) 247M->229M(247M) 224,448ms
[2020-10-16T11:32:42.380+1000][229,638s][info][gc] GC(99) Pause Full (Allocation Failure) 247M->229M(247M) 249,506ms
[2020-10-16T11:32:43.375+1000][230,633s][info][gc] GC(100) Pause Full (Allocation Failure) 247M->230M(247M) 227,809ms
[2020-10-16T11:32:44.359+1000][231,617s][info][gc] GC(101) Pause Full (Allocation Failure) 247M->231M(247M) 248,789ms
[2020-10-16T11:32:45.289+1000][232,547s][info][gc] GC(102) Pause Full (Allocation Failure) 247M->232M(247M) 226,861ms
[2020-10-16T11:32:46.210+1000][233,468s][info][gc] GC(103) Pause Full (Allocation Failure) 247M->232M(247M) 236,040ms
[2020-10-16T11:32:47.114+1000][234,372s][info][gc] GC(104) Pause Full (Allocation Failure) 247M->233M(247M) 232,654ms
[2020-10-16T11:32:47.983+1000][235,241s][info][gc] GC(105) Pause Full (Allocation Failure) 247M->233M(247M) 232,341ms
[2020-10-16T11:32:48.847+1000][236,105s][info][gc] GC(106) Pause Full (Allocation Failure) 247M->234M(247M) 240,021ms
[2020-10-16T11:32:49.667+1000][236,925s][info][gc] GC(107) Pause Full (Allocation Failure) 247M->234M(247M) 226,466ms
[2020-10-16T11:32:50.477+1000][237,735s][info][gc] GC(108) Pause Full (Allocation Failure) 247M->235M(247M) 234,844ms
[2020-10-16T11:32:51.259+1000][238,517s][info][gc] GC(109) Pause Full (Allocation Failure) 247M->235M(247M) 228,177ms
[2020-10-16T11:32:52.034+1000][239,292s][info][gc] GC(110) Pause Full (Allocation Failure) 247M->236M(247M) 233,373ms
[2020-10-16T11:32:52.801+1000][240,059s][info][gc] GC(111) Pause Full (Allocation Failure) 247M->236M(247M) 241,317ms
[2020-10-16T11:32:53.553+1000][240,811s][info][gc] GC(112) Pause Full (Allocation Failure) 247M->237M(247M) 243,496ms
[2020-10-16T11:32:54.293+1000][241,551s][info][gc] GC(113) Pause Full (Allocation Failure) 247M->237M(247M) 249,431ms
[2020-10-16T11:32:55.005+1000][242,263s][info][gc] GC(114) Pause Full (Allocation Failure) 247M->237M(247M) 233,636ms
[2020-10-16T11:32:55.703+1000][242,961s][info][gc] GC(115) Pause Full (Allocation Failure) 247M->238M(247M) 230,439ms
[2020-10-16T11:32:56.383+1000][243,641s][info][gc] GC(116) Pause Full (Allocation Failure) 247M->238M(247M) 237,494ms
[2020-10-16T11:32:57.054+1000][244,312s][info][gc] GC(117) Pause Full (Allocation Failure) 247M->238M(247M) 234,081ms
[2020-10-16T11:32:57.703+1000][244,960s][info][gc] GC(118) Pause Full (Allocation Failure) 247M->239M(247M) 231,927ms
[2020-10-16T11:32:58.337+1000][245,595s][info][gc] GC(119) Pause Full (Allocation Failure) 247M->239M(247M) 236,238ms
[2020-10-16T11:32:58.970+1000][246,227s][info][gc] GC(120) Pause Full (Allocation Failure) 247M->240M(247M) 241,326ms
[2020-10-16T11:32:59.570+1000][246,828s][info][gc] GC(121) Pause Full (Allocation Failure) 247M->240M(247M) 234,545ms
[2020-10-16T11:33:00.160+1000][247,417s][info][gc] GC(122) Pause Full (Allocation Failure) 247M->240M(247M) 236,496ms
[2020-10-16T11:33:00.746+1000][248,003s][info][gc] GC(123) Pause Full (Allocation Failure) 247M->240M(247M) 244,222ms
[2020-10-16T11:33:01.322+1000][248,580s][info][gc] GC(124) Pause Full (Allocation Failure) 247M->241M(247M) 237,386ms
[2020-10-16T11:33:01.893+1000][249,151s][info][gc] GC(125) Pause Full (Allocation Failure) 247M->241M(247M) 249,956ms
[2020-10-16T11:33:02.443+1000][249,701s][info][gc] GC(126) Pause Full (Allocation Failure) 247M->241M(247M) 242,032ms
[2020-10-16T11:33:02.983+1000][250,241s][info][gc] GC(127) Pause Full (Allocation Failure) 247M->241M(247M) 250,109ms
[2020-10-16T11:33:03.511+1000][250,769s][info][gc] GC(128) Pause Full (Allocation Failure) 247M->242M(247M) 249,802ms
[2020-10-16T11:33:04.023+1000][251,281s][info][gc] GC(129) Pause Full (Allocation Failure) 247M->242M(247M) 242,483ms
[2020-10-16T11:33:04.524+1000][251,782s][info][gc] GC(130) Pause Full (Allocation Failure) 247M->242M(247M) 250,300ms
[2020-10-16T11:33:05.007+1000][252,265s][info][gc] GC(131) Pause Full (Allocation Failure) 247M->242M(247M) 244,843ms
[2020-10-16T11:33:05.480+1000][252,737s][info][gc] GC(132) Pause Full (Allocation Failure) 247M->242M(247M) 232,968ms
[2020-10-16T11:33:05.946+1000][253,204s][info][gc] GC(133) Pause Full (Allocation Failure) 247M->243M(247M) 240,288ms
[2020-10-16T11:33:06.429+1000][253,687s][info][gc] GC(134) Pause Full (Allocation Failure) 247M->243M(247M) 263,535ms
[2020-10-16T11:33:06.886+1000][254,144s][info][gc] GC(135) Pause Full (Allocation Failure) 247M->243M(247M) 243,421ms
[2020-10-16T11:33:07.334+1000][254,592s][info][gc] GC(136) Pause Full (Allocation Failure) 247M->243M(247M) 243,946ms
[2020-10-16T11:33:07.760+1000][255,018s][info][gc] GC(137) Pause Full (Allocation Failure) 247M->243M(247M) 237,080ms
[2020-10-16T11:33:08.201+1000][255,459s][info][gc] GC(138) Pause Full (Allocation Failure) 247M->243M(247M) 258,908ms
[2020-10-16T11:33:08.616+1000][255,874s][info][gc] GC(139) Pause Full (Allocation Failure) 247M->244M(247M) 240,998ms
[2020-10-16T11:33:09.041+1000][256,299s][info][gc] GC(140) Pause Full (Allocation Failure) 247M->244M(247M) 253,583ms
[2020-10-16T11:33:09.461+1000][256,719s][info][gc] GC(141) Pause Full (Allocation Failure) 247M->244M(247M) 257,224ms
[2020-10-16T11:33:09.854+1000][257,112s][info][gc] GC(142) Pause Full (Allocation Failure) 247M->244M(247M) 231,539ms
[2020-10-16T11:33:10.243+1000][257,501s][info][gc] GC(143) Pause Full (Allocation Failure) 247M->244M(247M) 238,489ms
[2020-10-16T11:33:10.628+1000][257,886s][info][gc] GC(144) Pause Full (Allocation Failure) 247M->244M(247M) 241,993ms
[2020-10-16T11:33:11.010+1000][258,267s][info][gc] GC(145) Pause Full (Allocation Failure) 247M->244M(247M) 245,644ms
[2020-10-16T11:33:11.377+1000][258,635s][info][gc] GC(146) Pause Full (Allocation Failure) 247M->244M(247M) 236,630ms
[2020-10-16T11:33:11.749+1000][259,006s][info][gc] GC(147) Pause Full (Allocation Failure) 247M->244M(247M) 240,264ms
[2020-10-16T11:33:12.120+1000][259,378s][info][gc] GC(148) Pause Full (Allocation Failure) 247M->245M(247M) 247,946ms
[2020-10-16T11:33:12.479+1000][259,737s][info][gc] GC(149) Pause Full (Allocation Failure) 247M->245M(247M) 241,144ms
[2020-10-16T11:33:12.846+1000][260,104s][info][gc] GC(150) Pause Full (Allocation Failure) 247M->245M(247M) 246,052ms
[2020-10-16T11:33:13.193+1000][260,451s][info][gc] GC(151) Pause Full (Allocation Failure) 247M->245M(247M) 238,153ms
[2020-10-16T11:33:13.546+1000][260,804s][info][gc] GC(152) Pause Full (Allocation Failure) 247M->245M(247M) 245,206ms
[2020-10-16T11:33:13.875+1000][261,133s][info][gc] GC(153) Pause Full (Allocation Failure) 247M->245M(247M) 228,360ms
[2020-10-16T11:33:14.205+1000][261,463s][info][gc] GC(154) Pause Full (Allocation Failure) 247M->245M(247M) 236,571ms
[2020-10-16T11:33:14.544+1000][261,802s][info][gc] GC(155) Pause Full (Allocation Failure) 247M->245M(247M) 247,090ms
[2020-10-16T11:33:14.892+1000][262,150s][info][gc] GC(156) Pause Full (Allocation Failure) 247M->245M(247M) 253,997ms
[2020-10-16T11:33:15.211+1000][262,469s][info][gc] GC(157) Pause Full (Allocation Failure) 247M->245M(247M) 237,166ms
[2020-10-16T11:33:15.542+1000][262,800s][info][gc] GC(158) Pause Full (Allocation Failure) 247M->245M(247M) 251,668ms
[2020-10-16T11:33:15.872+1000][263,130s][info][gc] GC(159) Pause Full (Allocation Failure) 247M->245M(247M) 245,413ms
[2020-10-16T11:33:16.192+1000][263,449s][info][gc] GC(160) Pause Full (Allocation Failure) 247M->245M(247M) 241,164ms
[2020-10-16T11:33:16.508+1000][263,766s][info][gc] GC(161) Pause Full (Allocation Failure) 247M->246M(247M) 248,283ms
[2020-10-16T11:33:16.823+1000][264,080s][info][gc] GC(162) Pause Full (Allocation Failure) 247M->246M(247M) 247,664ms
[2020-10-16T11:33:17.148+1000][264,406s][info][gc] GC(163) Pause Full (Allocation Failure) 247M->246M(247M) 256,360ms
[2020-10-16T11:33:17.464+1000][264,722s][info][gc] GC(164) Pause Full (Allocation Failure) 247M->246M(247M) 253,013ms
[2020-10-16T11:33:17.782+1000][265,040s][info][gc] GC(165) Pause Full (Allocation Failure) 247M->246M(247M) 255,360ms
[2020-10-16T11:33:18.075+1000][265,333s][info][gc] GC(166) Pause Full (Allocation Failure) 247M->246M(247M) 237,939ms
[2020-10-16T11:33:18.364+1000][265,622s][info][gc] GC(167) Pause Full (Allocation Failure) 247M->246M(247M) 235,225ms
[2020-10-16T11:33:18.651+1000][265,909s][info][gc] GC(168) Pause Full (Allocation Failure) 247M->246M(247M) 232,914ms
[2020-10-16T11:33:18.950+1000][266,208s][info][gc] GC(169) Pause Full (Allocation Failure) 247M->246M(247M) 244,098ms
[2020-10-16T11:33:19.251+1000][266,509s][info][gc] GC(170) Pause Full (Allocation Failure) 247M->246M(247M) 248,342ms
[2020-10-16T11:33:19.534+1000][266,792s][info][gc] GC(171) Pause Full (Allocation Failure) 247M->246M(247M) 230,178ms
[2020-10-16T11:33:19.843+1000][267,100s][info][gc] GC(172) Pause Full (Allocation Failure) 247M->246M(247M) 263,656ms
[2020-10-16T11:33:20.114+1000][267,371s][info][gc] GC(173) Pause Full (Allocation Failure) 247M->246M(247M) 233,439ms
[2020-10-16T11:33:20.398+1000][267,656s][info][gc] GC(174) Pause Full (Allocation Failure) 247M->246M(247M) 246,007ms
[2020-10-16T11:33:20.679+1000][267,937s][info][gc] GC(175) Pause Full (Allocation Failure) 247M->246M(247M) 242,288ms
[2020-10-16T11:33:20.957+1000][268,215s][info][gc] GC(176) Pause Full (Allocation Failure) 247M->246M(247M) 240,494ms
[2020-10-16T11:33:21.237+1000][268,494s][info][gc] GC(177) Pause Full (Allocation Failure) 247M->246M(247M) 238,427ms
[2020-10-16T11:33:21.531+1000][268,789s][info][gc] GC(178) Pause Full (Allocation Failure) 247M->246M(247M) 254,894ms
[2020-10-16T11:33:21.809+1000][269,066s][info][gc] GC(179) Pause Full (Allocation Failure) 247M->246M(247M) 238,924ms
[2020-10-16T11:33:22.094+1000][269,352s][info][gc] GC(180) Pause Full (Allocation Failure) 247M->246M(247M) 247,911ms
[2020-10-16T11:33:22.375+1000][269,633s][info][gc] GC(181) Pause Full (Allocation Failure) 247M->246M(247M) 250,560ms
[2020-10-16T11:33:22.659+1000][269,917s][info][gc] GC(182) Pause Full (Allocation Failure) 247M->246M(247M) 257,408ms
[2020-10-16T11:33:22.932+1000][270,190s][info][gc] GC(183) Pause Full (Allocation Failure) 247M->246M(247M) 247,467ms
[2020-10-16T11:33:23.200+1000][270,458s][info][gc] GC(184) Pause Full (Allocation Failure) 247M->246M(247M) 241,052ms
[2020-10-16T11:33:23.499+1000][270,757s][info][gc] GC(185) Pause Full (Allocation Failure) 247M->246M(247M) 272,280ms
[2020-10-16T11:33:23.762+1000][271,020s][info][gc] GC(186) Pause Full (Allocation Failure) 247M->246M(247M) 237,384ms
[2020-10-16T11:33:24.038+1000][271,295s][info][gc] GC(187) Pause Full (Allocation Failure) 247M->246M(247M) 248,463ms
[2020-10-16T11:33:24.298+1000][271,556s][info][gc] GC(188) Pause Full (Allocation Failure) 247M->246M(247M) 236,355ms
[2020-10-16T11:33:24.587+1000][271,845s][info][gc] GC(189) Pause Full (Allocation Failure) 247M->246M(247M) 262,398ms
[2020-10-16T11:33:24.858+1000][272,116s][info][gc] GC(190) Pause Full (Allocation Failure) 247M->246M(247M) 246,280ms
[2020-10-16T11:33:25.131+1000][272,389s][info][gc] GC(191) Pause Full (Allocation Failure) 247M->246M(247M) 246,565ms
[2020-10-16T11:33:25.394+1000][272,652s][info][gc] GC(192) Pause Full (Allocation Failure) 247M->246M(247M) 235,629ms
[2020-10-16T11:33:25.658+1000][272,916s][info][gc] GC(193) Pause Full (Allocation Failure) 247M->247M(247M) 245,859ms
[2020-10-16T11:33:25.917+1000][273,175s][info][gc] GC(194) Pause Full (Allocation Failure) 247M->247M(247M) 243,994ms
[2020-10-16T11:33:26.168+1000][273,426s][info][gc] GC(195) Pause Full (Allocation Failure) 247M->247M(247M) 239,152ms
[2020-10-16T11:33:26.436+1000][273,693s][info][gc] GC(196) Pause Full (Allocation Failure) 247M->247M(247M) 253,825ms
[2020-10-16T11:33:26.692+1000][273,950s][info][gc] GC(197) Pause Full (Allocation Failure) 247M->247M(247M) 242,705ms
[2020-10-16T11:33:26.959+1000][274,217s][info][gc] GC(198) Pause Full (Allocation Failure) 247M->247M(247M) 253,817ms
[2020-10-16T11:33:27.230+1000][274,488s][info][gc] GC(199) Pause Full (Allocation Failure) 247M->247M(247M) 258,217ms
[2020-10-16T11:33:27.493+1000][274,751s][info][gc] GC(200) Pause Full (Allocation Failure) 247M->247M(247M) 250,101ms
[2020-10-16T11:33:27.748+1000][275,006s][info][gc] GC(201) Pause Full (Allocation Failure) 247M->247M(247M) 242,274ms
[2020-10-16T11:33:28.018+1000][275,276s][info][gc] GC(202) Pause Full (Allocation Failure) 247M->247M(247M) 256,166ms
[2020-10-16T11:33:28.274+1000][275,532s][info][gc] GC(203) Pause Full (Allocation Failure) 247M->247M(247M) 243,850ms
[2020-10-16T11:33:28.533+1000][275,791s][info][gc] GC(204) Pause Full (Allocation Failure) 247M->247M(247M) 246,634ms
[2020-10-16T11:33:28.785+1000][276,043s][info][gc] GC(205) Pause Full (Allocation Failure) 247M->247M(247M) 239,446ms
[2020-10-16T11:33:29.048+1000][276,306s][info][gc] GC(206) Pause Full (Allocation Failure) 247M->247M(247M) 251,659ms
[2020-10-16T11:33:29.310+1000][276,568s][info][gc] GC(207) Pause Full (Allocation Failure) 247M->247M(247M) 248,370ms
[2020-10-16T11:33:29.555+1000][276,813s][info][gc] GC(208) Pause Full (Allocation Failure) 247M->247M(247M) 232,924ms
[2020-10-16T11:33:29.824+1000][277,082s][info][gc] GC(209) Pause Full (Allocation Failure) 247M->247M(247M) 256,959ms
[2020-10-16T11:33:30.077+1000][277,335s][info][gc] GC(210) Pause Full (Allocation Failure) 247M->247M(247M) 239,884ms
[2020-10-16T11:33:30.323+1000][277,581s][info][gc] GC(211) Pause Full (Allocation Failure) 247M->247M(247M) 233,965ms
[2020-10-16T11:33:30.583+1000][277,841s][info][gc] GC(212) Pause Full (Allocation Failure) 247M->247M(247M) 247,727ms
[2020-10-16T11:33:30.841+1000][278,099s][info][gc] GC(213) Pause Full (Allocation Failure) 247M->247M(247M) 244,508ms
[2020-10-16T11:33:31.123+1000][278,381s][info][gc] GC(214) Pause Full (Allocation Failure) 247M->247M(247M) 268,671ms
[2020-10-16T11:33:31.375+1000][278,633s][info][gc] GC(215) Pause Full (Allocation Failure) 247M->247M(247M) 238,220ms
[2020-10-16T11:33:31.641+1000][278,898s][info][gc] GC(216) Pause Full (Allocation Failure) 247M->247M(247M) 251,899ms
[2020-10-16T11:33:31.875+1000][279,133s][info][gc] GC(217) Pause Full (Allocation Failure) 247M->247M(247M) 231,259ms
[2020-10-16T11:33:32.115+1000][279,373s][info][gc] GC(218) Pause Full (Allocation Failure) 247M->247M(247M) 239,382ms
[2020-10-16T11:33:32.152+1000][279,410s][info][gc] GC(219) Pause Full (Allocation Failure) 247M->0M(247M) 37,451ms
