[2020-10-16T11:07:15.062+1000][0.003s][info][gc] Using Serial
[2020-10-16T11:07:17.581+1000][2,522s][info][gc] GC(0) Pause Young (Allocation Failure) 68M->3M(247M) 8,958ms
[2020-10-16T11:07:20.194+1000][5,134s][info][gc] GC(1) Pause Young (Allocation Failure) 71M->5M(247M) 15,050ms
[2020-10-16T11:07:22.807+1000][7,747s][info][gc] GC(2) Pause Young (Allocation Failure) 74M->8M(247M) 12,964ms
[2020-10-16T11:07:25.417+1000][10,357s][info][gc] GC(3) Pause Young (Allocation Failure) 77M->11M(247M) 13,882ms
[2020-10-16T11:07:28.030+1000][12,970s][info][gc] GC(4) Pause Young (Allocation Failure) 79M->14M(247M) 11,050ms
[2020-10-16T11:07:30.646+1000][15,586s][info][gc] GC(5) Pause Young (Allocation Failure) 82M->16M(247M) 16,482ms
[2020-10-16T11:07:33.247+1000][18,187s][info][gc] GC(6) Pause Young (Allocation Failure) 84M->19M(247M) 14,165ms
[2020-10-16T11:07:35.849+1000][20,789s][info][gc] GC(7) Pause Young (Allocation Failure) 87M->22M(247M) 12,767ms
[2020-10-16T11:07:38.454+1000][23,395s][info][gc] GC(8) Pause Young (Allocation Failure) 90M->24M(247M) 16,524ms
[2020-10-16T11:07:41.053+1000][25,993s][info][gc] GC(9) Pause Young (Allocation Failure) 93M->27M(247M) 12,803ms
[2020-10-16T11:07:43.648+1000][28,588s][info][gc] GC(10) Pause Young (Allocation Failure) 95M->30M(247M) 15,336ms
[2020-10-16T11:07:46.240+1000][31,181s][info][gc] GC(11) Pause Young (Allocation Failure) 98M->33M(247M) 9,298ms
[2020-10-16T11:07:48.842+1000][33,783s][info][gc] GC(12) Pause Young (Allocation Failure) 101M->35M(247M) 14,674ms
[2020-10-16T11:07:51.448+1000][36,389s][info][gc] GC(13) Pause Young (Allocation Failure) 104M->38M(247M) 13,647ms
[2020-10-16T11:07:54.052+1000][38,992s][info][gc] GC(14) Pause Young (Allocation Failure) 106M->41M(247M) 15,403ms
[2020-10-16T11:07:56.664+1000][41,605s][info][gc] GC(15) Pause Young (Allocation Failure) 109M->44M(247M) 12,789ms
[2020-10-16T11:07:59.265+1000][44,205s][info][gc] GC(16) Pause Young (Allocation Failure) 112M->46M(247M) 14,998ms
[2020-10-16T11:08:01.869+1000][46,809s][info][gc] GC(17) Pause Young (Allocation Failure) 115M->49M(247M) 17,693ms
[2020-10-16T11:08:04.460+1000][49,400s][info][gc] GC(18) Pause Young (Allocation Failure) 117M->52M(247M) 10,041ms
[2020-10-16T11:08:07.050+1000][51,991s][info][gc] GC(19) Pause Young (Allocation Failure) 120M->54M(247M) 10,131ms
[2020-10-16T11:08:09.643+1000][54,584s][info][gc] GC(20) Pause Young (Allocation Failure) 123M->57M(247M) 12,697ms
[2020-10-16T11:08:12.236+1000][57,177s][info][gc] GC(21) Pause Young (Allocation Failure) 125M->60M(247M) 12,950ms
[2020-10-16T11:08:14.840+1000][59,780s][info][gc] GC(22) Pause Young (Allocation Failure) 128M->62M(247M) 15,789ms
[2020-10-16T11:08:17.443+1000][62,384s][info][gc] GC(23) Pause Young (Allocation Failure) 131M->65M(247M) 10,417ms
[2020-10-16T11:08:20.040+1000][64,981s][info][gc] GC(24) Pause Young (Allocation Failure) 134M->68M(247M) 14,670ms
[2020-10-16T11:08:22.637+1000][67,578s][info][gc] GC(25) Pause Young (Allocation Failure) 136M->71M(247M) 16,828ms
[2020-10-16T11:08:25.230+1000][70,170s][info][gc] GC(26) Pause Young (Allocation Failure) 139M->73M(247M) 12,861ms
[2020-10-16T11:08:27.828+1000][72,768s][info][gc] GC(27) Pause Young (Allocation Failure) 142M->76M(247M) 18,419ms
[2020-10-16T11:08:30.421+1000][75,361s][info][gc] GC(28) Pause Young (Allocation Failure) 145M->79M(247M) 13,995ms
[2020-10-16T11:08:33.013+1000][77,954s][info][gc] GC(29) Pause Young (Allocation Failure) 147M->82M(247M) 11,119ms
[2020-10-16T11:08:35.612+1000][80,552s][info][gc] GC(30) Pause Young (Allocation Failure) 150M->84M(247M) 16,023ms
[2020-10-16T11:08:38.218+1000][83,158s][info][gc] GC(31) Pause Young (Allocation Failure) 153M->87M(247M) 12,155ms
[2020-10-16T11:08:40.829+1000][85,769s][info][gc] GC(32) Pause Young (Allocation Failure) 155M->90M(247M) 13,091ms
[2020-10-16T11:08:43.438+1000][88,378s][info][gc] GC(33) Pause Young (Allocation Failure) 158M->93M(247M) 11,820ms
[2020-10-16T11:08:46.038+1000][90,978s][info][gc] GC(34) Pause Young (Allocation Failure) 161M->95M(247M) 12,720ms
[2020-10-16T11:08:48.645+1000][93,586s][info][gc] GC(35) Pause Young (Allocation Failure) 164M->98M(247M) 11,307ms
[2020-10-16T11:08:51.256+1000][96,196s][info][gc] GC(36) Pause Young (Allocation Failure) 166M->101M(247M) 16,012ms
[2020-10-16T11:08:53.857+1000][98,797s][info][gc] GC(37) Pause Young (Allocation Failure) 169M->103M(247M) 12,318ms
[2020-10-16T11:08:56.468+1000][101,409s][info][gc] GC(38) Pause Young (Allocation Failure) 172M->106M(247M) 15,518ms
[2020-10-16T11:08:59.076+1000][104,016s][info][gc] GC(39) Pause Young (Allocation Failure) 174M->109M(247M) 15,575ms
[2020-10-16T11:09:01.677+1000][106,617s][info][gc] GC(40) Pause Young (Allocation Failure) 177M->112M(247M) 14,908ms
[2020-10-16T11:09:04.275+1000][109,215s][info][gc] GC(41) Pause Young (Allocation Failure) 180M->114M(247M) 16,809ms
[2020-10-16T11:09:06.885+1000][111,825s][info][gc] GC(42) Pause Young (Allocation Failure) 183M->117M(247M) 13,041ms
[2020-10-16T11:09:09.482+1000][114,423s][info][gc] GC(43) Pause Young (Allocation Failure) 185M->120M(247M) 16,241ms
[2020-10-16T11:09:12.080+1000][117,020s][info][gc] GC(44) Pause Young (Allocation Failure) 188M->122M(247M) 15,005ms
[2020-10-16T11:09:14.680+1000][119,620s][info][gc] GC(45) Pause Young (Allocation Failure) 191M->125M(247M) 16,474ms
[2020-10-16T11:09:17.280+1000][122,221s][info][gc] GC(46) Pause Young (Allocation Failure) 193M->128M(247M) 12,556ms
[2020-10-16T11:09:19.893+1000][124,833s][info][gc] GC(47) Pause Young (Allocation Failure) 196M->131M(247M) 12,933ms
[2020-10-16T11:09:22.501+1000][127,442s][info][gc] GC(48) Pause Young (Allocation Failure) 199M->133M(247M) 12,829ms
[2020-10-16T11:09:25.109+1000][130,050s][info][gc] GC(49) Pause Young (Allocation Failure) 202M->136M(247M) 13,166ms
[2020-10-16T11:09:27.721+1000][132,662s][info][gc] GC(50) Pause Young (Allocation Failure) 204M->139M(247M) 12,637ms
[2020-10-16T11:09:30.331+1000][135,271s][info][gc] GC(51) Pause Young (Allocation Failure) 207M->142M(247M) 16,086ms
[2020-10-16T11:09:32.934+1000][137,874s][info][gc] GC(52) Pause Young (Allocation Failure) 210M->144M(247M) 10,636ms
[2020-10-16T11:09:35.547+1000][140,487s][info][gc] GC(53) Pause Young (Allocation Failure) 213M->147M(247M) 16,002ms
[2020-10-16T11:09:38.156+1000][143,097s][info][gc] GC(54) Pause Young (Allocation Failure) 215M->150M(247M) 14,633ms
[2020-10-16T11:09:40.768+1000][145,709s][info][gc] GC(55) Pause Young (Allocation Failure) 218M->152M(247M) 16,009ms
[2020-10-16T11:09:43.376+1000][148,316s][info][gc] GC(56) Pause Young (Allocation Failure) 221M->155M(247M) 13,529ms
[2020-10-16T11:09:45.986+1000][150,926s][info][gc] GC(57) Pause Young (Allocation Failure) 223M->158M(247M) 12,136ms
[2020-10-16T11:09:48.600+1000][153,541s][info][gc] GC(58) Pause Young (Allocation Failure) 226M->161M(247M) 14,443ms
[2020-10-16T11:09:51.194+1000][156,134s][info][gc] GC(59) Pause Young (Allocation Failure) 229M->163M(247M) 13,001ms
[2020-10-16T11:09:53.778+1000][158,718s][info][gc] GC(60) Pause Young (Allocation Failure) 232M->166M(247M) 6,367ms
[2020-10-16T11:09:56.375+1000][161,315s][info][gc] GC(61) Pause Young (Allocation Failure) 234M->169M(247M) 16,533ms
[2020-10-16T11:09:58.973+1000][163,913s][info][gc] GC(62) Pause Young (Allocation Failure) 237M->171M(247M) 9,490ms
[2020-10-16T11:10:01.575+1000][166,515s][info][gc] GC(63) Pause Young (Allocation Failure) 240M->174M(247M) 16,313ms
[2020-10-16T11:10:04.161+1000][169,101s][info][gc] GC(64) Pause Young (Allocation Failure) 242M->242M(247M) 0,066ms
[2020-10-16T11:10:04.346+1000][169,286s][info][gc] GC(65) Pause Full (Allocation Failure) 242M->177M(247M) 185,161ms
[2020-10-16T11:10:07.276+1000][172,216s][info][gc] GC(66) Pause Full (Allocation Failure) 247M->180M(247M) 189,232ms
[2020-10-16T11:10:10.104+1000][175,045s][info][gc] GC(67) Pause Full (Allocation Failure) 247M->182M(247M) 187,699ms
[2020-10-16T11:10:12.878+1000][177,819s][info][gc] GC(68) Pause Full (Allocation Failure) 247M->185M(247M) 240,780ms
[2020-10-16T11:10:15.530+1000][180,470s][info][gc] GC(69) Pause Full (Allocation Failure) 247M->187M(247M) 199,413ms
[2020-10-16T11:10:18.067+1000][183,007s][info][gc] GC(70) Pause Full (Allocation Failure) 247M->190M(247M) 192,849ms
[2020-10-16T11:10:20.520+1000][185,460s][info][gc] GC(71) Pause Full (Allocation Failure) 247M->192M(247M) 198,050ms
[2020-10-16T11:10:22.903+1000][187,843s][info][gc] GC(72) Pause Full (Allocation Failure) 247M->194M(247M) 196,322ms
[2020-10-16T11:10:25.203+1000][190,144s][info][gc] GC(73) Pause Full (Allocation Failure) 247M->196M(247M) 200,764ms
[2020-10-16T11:10:27.421+1000][192,361s][info][gc] GC(74) Pause Full (Allocation Failure) 247M->198M(247M) 199,003ms
[2020-10-16T11:10:29.565+1000][194,506s][info][gc] GC(75) Pause Full (Allocation Failure) 247M->200M(247M) 207,209ms
[2020-10-16T11:10:31.621+1000][196,561s][info][gc] GC(76) Pause Full (Allocation Failure) 247M->202M(247M) 202,328ms
[2020-10-16T11:10:33.627+1000][198,567s][info][gc] GC(77) Pause Full (Allocation Failure) 247M->204M(247M) 208,933ms
[2020-10-16T11:10:35.562+1000][200,503s][info][gc] GC(78) Pause Full (Allocation Failure) 247M->206M(247M) 205,155ms
[2020-10-16T11:10:37.433+1000][202,373s][info][gc] GC(79) Pause Full (Allocation Failure) 247M->207M(247M) 213,577ms
[2020-10-16T11:10:39.231+1000][204,171s][info][gc] GC(80) Pause Full (Allocation Failure) 247M->209M(247M) 207,462ms
[2020-10-16T11:10:40.974+1000][205,914s][info][gc] GC(81) Pause Full (Allocation Failure) 247M->210M(247M) 211,888ms
[2020-10-16T11:10:42.672+1000][207,612s][info][gc] GC(82) Pause Full (Allocation Failure) 247M->212M(247M) 215,172ms
[2020-10-16T11:10:44.315+1000][209,255s][info][gc] GC(83) Pause Full (Allocation Failure) 247M->213M(247M) 212,581ms
[2020-10-16T11:10:45.925+1000][210,865s][info][gc] GC(84) Pause Full (Allocation Failure) 247M->215M(247M) 245,421ms
[2020-10-16T11:10:47.484+1000][212,424s][info][gc] GC(85) Pause Full (Allocation Failure) 247M->216M(247M) 240,111ms
[2020-10-16T11:10:48.976+1000][213,917s][info][gc] GC(86) Pause Full (Allocation Failure) 247M->217M(247M) 220,597ms
[2020-10-16T11:10:50.437+1000][215,378s][info][gc] GC(87) Pause Full (Allocation Failure) 247M->218M(247M) 227,610ms
[2020-10-16T11:10:51.853+1000][216,793s][info][gc] GC(88) Pause Full (Allocation Failure) 247M->220M(247M) 233,222ms
[2020-10-16T11:10:53.214+1000][218,154s][info][gc] GC(89) Pause Full (Allocation Failure) 247M->221M(247M) 227,911ms
[2020-10-16T11:10:54.552+1000][219,492s][info][gc] GC(90) Pause Full (Allocation Failure) 247M->222M(247M) 231,981ms
[2020-10-16T11:10:55.853+1000][220,794s][info][gc] GC(91) Pause Full (Allocation Failure) 247M->223M(247M) 239,863ms
[2020-10-16T11:10:57.107+1000][222,047s][info][gc] GC(92) Pause Full (Allocation Failure) 247M->224M(247M) 228,929ms
[2020-10-16T11:10:58.338+1000][223,279s][info][gc] GC(93) Pause Full (Allocation Failure) 247M->225M(247M) 242,619ms
[2020-10-16T11:10:59.531+1000][224,471s][info][gc] GC(94) Pause Full (Allocation Failure) 247M->225M(247M) 234,881ms
[2020-10-16T11:11:00.679+1000][225,620s][info][gc] GC(95) Pause Full (Allocation Failure) 247M->226M(247M) 236,663ms
[2020-10-16T11:11:01.805+1000][226,746s][info][gc] GC(96) Pause Full (Allocation Failure) 247M->227M(247M) 240,100ms
[2020-10-16T11:11:02.901+1000][227,842s][info][gc] GC(97) Pause Full (Allocation Failure) 247M->228M(247M) 240,028ms
[2020-10-16T11:11:03.968+1000][228,908s][info][gc] GC(98) Pause Full (Allocation Failure) 247M->229M(247M) 241,373ms
[2020-10-16T11:11:04.994+1000][229,934s][info][gc] GC(99) Pause Full (Allocation Failure) 247M->229M(247M) 235,474ms
[2020-10-16T11:11:05.993+1000][230,934s][info][gc] GC(100) Pause Full (Allocation Failure) 247M->230M(247M) 235,714ms
[2020-10-16T11:11:06.974+1000][231,914s][info][gc] GC(101) Pause Full (Allocation Failure) 247M->231M(247M) 237,977ms
[2020-10-16T11:11:07.938+1000][232,878s][info][gc] GC(102) Pause Full (Allocation Failure) 247M->232M(247M) 245,215ms
[2020-10-16T11:11:08.858+1000][233,798s][info][gc] GC(103) Pause Full (Allocation Failure) 247M->232M(247M) 228,656ms
[2020-10-16T11:11:09.772+1000][234,712s][info][gc] GC(104) Pause Full (Allocation Failure) 247M->233M(247M) 238,222ms
[2020-10-16T11:11:10.657+1000][235,597s][info][gc] GC(105) Pause Full (Allocation Failure) 247M->233M(247M) 247,549ms
[2020-10-16T11:11:11.520+1000][236,460s][info][gc] GC(106) Pause Full (Allocation Failure) 247M->234M(247M) 244,243ms
[2020-10-16T11:11:12.359+1000][237,300s][info][gc] GC(107) Pause Full (Allocation Failure) 247M->234M(247M) 247,577ms
[2020-10-16T11:11:13.177+1000][238,118s][info][gc] GC(108) Pause Full (Allocation Failure) 247M->235M(247M) 241,963ms
[2020-10-16T11:11:13.982+1000][238,922s][info][gc] GC(109) Pause Full (Allocation Failure) 247M->235M(247M) 237,376ms
[2020-10-16T11:11:14.770+1000][239,710s][info][gc] GC(110) Pause Full (Allocation Failure) 247M->236M(247M) 242,891ms
[2020-10-16T11:11:15.532+1000][240,472s][info][gc] GC(111) Pause Full (Allocation Failure) 247M->236M(247M) 233,042ms
[2020-10-16T11:11:16.271+1000][241,211s][info][gc] GC(112) Pause Full (Allocation Failure) 247M->237M(247M) 235,252ms
[2020-10-16T11:11:17.012+1000][241,952s][info][gc] GC(113) Pause Full (Allocation Failure) 247M->237M(247M) 235,111ms
[2020-10-16T11:11:17.744+1000][242,684s][info][gc] GC(114) Pause Full (Allocation Failure) 247M->237M(247M) 246,653ms
[2020-10-16T11:11:18.457+1000][243,398s][info][gc] GC(115) Pause Full (Allocation Failure) 247M->238M(247M) 238,011ms
[2020-10-16T11:11:19.153+1000][244,093s][info][gc] GC(116) Pause Full (Allocation Failure) 247M->238M(247M) 242,502ms
[2020-10-16T11:11:19.841+1000][244,781s][info][gc] GC(117) Pause Full (Allocation Failure) 247M->238M(247M) 246,967ms
[2020-10-16T11:11:20.504+1000][245,445s][info][gc] GC(118) Pause Full (Allocation Failure) 247M->239M(247M) 245,240ms
[2020-10-16T11:11:21.143+1000][246,083s][info][gc] GC(119) Pause Full (Allocation Failure) 247M->239M(247M) 241,812ms
[2020-10-16T11:11:21.775+1000][246,715s][info][gc] GC(120) Pause Full (Allocation Failure) 247M->240M(247M) 243,228ms
[2020-10-16T11:11:22.391+1000][247,331s][info][gc] GC(121) Pause Full (Allocation Failure) 247M->240M(247M) 242,662ms
[2020-10-16T11:11:23.004+1000][247,945s][info][gc] GC(122) Pause Full (Allocation Failure) 247M->240M(247M) 242,133ms
[2020-10-16T11:11:23.609+1000][248,549s][info][gc] GC(123) Pause Full (Allocation Failure) 247M->240M(247M) 257,643ms
[2020-10-16T11:11:24.192+1000][249,132s][info][gc] GC(124) Pause Full (Allocation Failure) 247M->241M(247M) 244,188ms
[2020-10-16T11:11:24.755+1000][249,695s][info][gc] GC(125) Pause Full (Allocation Failure) 247M->241M(247M) 243,269ms
[2020-10-16T11:11:25.306+1000][250,246s][info][gc] GC(126) Pause Full (Allocation Failure) 247M->241M(247M) 249,020ms
[2020-10-16T11:11:25.846+1000][250,786s][info][gc] GC(127) Pause Full (Allocation Failure) 247M->241M(247M) 246,274ms
[2020-10-16T11:11:26.386+1000][251,326s][info][gc] GC(128) Pause Full (Allocation Failure) 247M->242M(247M) 245,504ms
[2020-10-16T11:11:26.896+1000][251,836s][info][gc] GC(129) Pause Full (Allocation Failure) 247M->242M(247M) 242,837ms
[2020-10-16T11:11:27.381+1000][252,321s][info][gc] GC(130) Pause Full (Allocation Failure) 247M->242M(247M) 231,683ms
[2020-10-16T11:11:27.874+1000][252,815s][info][gc] GC(131) Pause Full (Allocation Failure) 247M->242M(247M) 248,210ms
[2020-10-16T11:11:28.362+1000][253,302s][info][gc] GC(132) Pause Full (Allocation Failure) 247M->242M(247M) 247,069ms
[2020-10-16T11:11:28.836+1000][253,777s][info][gc] GC(133) Pause Full (Allocation Failure) 247M->243M(247M) 244,274ms
[2020-10-16T11:11:29.285+1000][254,226s][info][gc] GC(134) Pause Full (Allocation Failure) 247M->243M(247M) 230,923ms
[2020-10-16T11:11:29.743+1000][254,683s][info][gc] GC(135) Pause Full (Allocation Failure) 247M->243M(247M) 238,519ms
[2020-10-16T11:11:30.196+1000][255,136s][info][gc] GC(136) Pause Full (Allocation Failure) 247M->243M(247M) 250,543ms
[2020-10-16T11:11:30.628+1000][255,568s][info][gc] GC(137) Pause Full (Allocation Failure) 247M->243M(247M) 243,718ms
[2020-10-16T11:11:31.062+1000][256,002s][info][gc] GC(138) Pause Full (Allocation Failure) 247M->243M(247M) 247,871ms
[2020-10-16T11:11:31.483+1000][256,423s][info][gc] GC(139) Pause Full (Allocation Failure) 247M->244M(247M) 242,741ms
[2020-10-16T11:11:31.901+1000][256,841s][info][gc] GC(140) Pause Full (Allocation Failure) 247M->244M(247M) 243,469ms
[2020-10-16T11:11:32.310+1000][257,251s][info][gc] GC(141) Pause Full (Allocation Failure) 247M->244M(247M) 244,087ms
[2020-10-16T11:11:32.713+1000][257,654s][info][gc] GC(142) Pause Full (Allocation Failure) 247M->244M(247M) 244,452ms
[2020-10-16T11:11:33.106+1000][258,047s][info][gc] GC(143) Pause Full (Allocation Failure) 247M->244M(247M) 244,333ms
[2020-10-16T11:11:33.487+1000][258,427s][info][gc] GC(144) Pause Full (Allocation Failure) 247M->244M(247M) 235,115ms
[2020-10-16T11:11:33.859+1000][258,800s][info][gc] GC(145) Pause Full (Allocation Failure) 247M->244M(247M) 243,522ms
[2020-10-16T11:11:34.255+1000][259,196s][info][gc] GC(146) Pause Full (Allocation Failure) 247M->244M(247M) 256,421ms
[2020-10-16T11:11:34.631+1000][259,571s][info][gc] GC(147) Pause Full (Allocation Failure) 247M->244M(247M) 245,983ms
[2020-10-16T11:11:35.003+1000][259,943s][info][gc] GC(148) Pause Full (Allocation Failure) 247M->245M(247M) 249,267ms
[2020-10-16T11:11:35.359+1000][260,299s][info][gc] GC(149) Pause Full (Allocation Failure) 247M->245M(247M) 235,438ms
[2020-10-16T11:11:35.715+1000][260,656s][info][gc] GC(150) Pause Full (Allocation Failure) 247M->245M(247M) 235,346ms
[2020-10-16T11:11:36.059+1000][260,999s][info][gc] GC(151) Pause Full (Allocation Failure) 247M->245M(247M) 237,153ms
[2020-10-16T11:11:36.413+1000][261,354s][info][gc] GC(152) Pause Full (Allocation Failure) 247M->245M(247M) 242,650ms
[2020-10-16T11:11:36.766+1000][261,706s][info][gc] GC(153) Pause Full (Allocation Failure) 247M->245M(247M) 247,835ms
[2020-10-16T11:11:37.121+1000][262,062s][info][gc] GC(154) Pause Full (Allocation Failure) 247M->245M(247M) 260,820ms
[2020-10-16T11:11:37.453+1000][262,393s][info][gc] GC(155) Pause Full (Allocation Failure) 247M->245M(247M) 241,231ms
[2020-10-16T11:11:37.788+1000][262,728s][info][gc] GC(156) Pause Full (Allocation Failure) 247M->245M(247M) 244,601ms
[2020-10-16T11:11:38.129+1000][263,069s][info][gc] GC(157) Pause Full (Allocation Failure) 247M->245M(247M) 255,074ms
[2020-10-16T11:11:38.461+1000][263,402s][info][gc] GC(158) Pause Full (Allocation Failure) 247M->245M(247M) 247,781ms
[2020-10-16T11:11:38.780+1000][263,721s][info][gc] GC(159) Pause Full (Allocation Failure) 247M->245M(247M) 240,039ms
[2020-10-16T11:11:39.103+1000][264,044s][info][gc] GC(160) Pause Full (Allocation Failure) 247M->245M(247M) 240,975ms
[2020-10-16T11:11:39.412+1000][264,353s][info][gc] GC(161) Pause Full (Allocation Failure) 247M->246M(247M) 238,448ms
[2020-10-16T11:11:39.724+1000][264,665s][info][gc] GC(162) Pause Full (Allocation Failure) 247M->246M(247M) 245,474ms
[2020-10-16T11:11:40.043+1000][264,983s][info][gc] GC(163) Pause Full (Allocation Failure) 247M->246M(247M) 248,434ms
[2020-10-16T11:11:40.360+1000][265,301s][info][gc] GC(164) Pause Full (Allocation Failure) 247M->246M(247M) 246,778ms
[2020-10-16T11:11:40.675+1000][265,615s][info][gc] GC(165) Pause Full (Allocation Failure) 247M->246M(247M) 248,339ms
[2020-10-16T11:11:40.977+1000][265,917s][info][gc] GC(166) Pause Full (Allocation Failure) 247M->246M(247M) 244,571ms
[2020-10-16T11:11:41.272+1000][266,212s][info][gc] GC(167) Pause Full (Allocation Failure) 247M->246M(247M) 243,053ms
[2020-10-16T11:11:41.568+1000][266,508s][info][gc] GC(168) Pause Full (Allocation Failure) 247M->246M(247M) 243,232ms
[2020-10-16T11:11:41.867+1000][266,807s][info][gc] GC(169) Pause Full (Allocation Failure) 247M->246M(247M) 244,326ms
[2020-10-16T11:11:42.173+1000][267,113s][info][gc] GC(170) Pause Full (Allocation Failure) 247M->246M(247M) 254,031ms
[2020-10-16T11:11:42.480+1000][267,420s][info][gc] GC(171) Pause Full (Allocation Failure) 247M->246M(247M) 250,371ms
[2020-10-16T11:11:42.769+1000][267,709s][info][gc] GC(172) Pause Full (Allocation Failure) 247M->246M(247M) 246,236ms
[2020-10-16T11:11:43.051+1000][267,991s][info][gc] GC(173) Pause Full (Allocation Failure) 247M->246M(247M) 241,838ms
[2020-10-16T11:11:43.342+1000][268,282s][info][gc] GC(174) Pause Full (Allocation Failure) 247M->246M(247M) 251,986ms
[2020-10-16T11:11:43.640+1000][268,581s][info][gc] GC(175) Pause Full (Allocation Failure) 247M->246M(247M) 257,288ms
[2020-10-16T11:11:43.932+1000][268,873s][info][gc] GC(176) Pause Full (Allocation Failure) 247M->246M(247M) 250,165ms
[2020-10-16T11:11:44.214+1000][269,154s][info][gc] GC(177) Pause Full (Allocation Failure) 247M->246M(247M) 242,603ms
[2020-10-16T11:11:44.498+1000][269,438s][info][gc] GC(178) Pause Full (Allocation Failure) 247M->246M(247M) 245,433ms
[2020-10-16T11:11:44.801+1000][269,741s][info][gc] GC(179) Pause Full (Allocation Failure) 247M->246M(247M) 261,495ms
[2020-10-16T11:11:45.098+1000][270,038s][info][gc] GC(180) Pause Full (Allocation Failure) 247M->246M(247M) 256,567ms
[2020-10-16T11:11:45.383+1000][270,323s][info][gc] GC(181) Pause Full (Allocation Failure) 247M->246M(247M) 253,004ms
[2020-10-16T11:11:45.673+1000][270,613s][info][gc] GC(182) Pause Full (Allocation Failure) 247M->246M(247M) 263,623ms
[2020-10-16T11:11:45.945+1000][270,885s][info][gc] GC(183) Pause Full (Allocation Failure) 247M->246M(247M) 243,189ms
[2020-10-16T11:11:46.218+1000][271,158s][info][gc] GC(184) Pause Full (Allocation Failure) 247M->246M(247M) 246,868ms
[2020-10-16T11:11:46.493+1000][271,434s][info][gc] GC(185) Pause Full (Allocation Failure) 247M->246M(247M) 248,210ms
[2020-10-16T11:11:46.769+1000][271,709s][info][gc] GC(186) Pause Full (Allocation Failure) 247M->246M(247M) 247,724ms
[2020-10-16T11:11:47.046+1000][271,986s][info][gc] GC(187) Pause Full (Allocation Failure) 247M->246M(247M) 247,760ms
[2020-10-16T11:11:47.317+1000][272,257s][info][gc] GC(188) Pause Full (Allocation Failure) 247M->246M(247M) 243,993ms
[2020-10-16T11:11:47.589+1000][272,529s][info][gc] GC(189) Pause Full (Allocation Failure) 247M->246M(247M) 245,617ms
[2020-10-16T11:11:47.868+1000][272,808s][info][gc] GC(190) Pause Full (Allocation Failure) 247M->246M(247M) 250,992ms
[2020-10-16T11:11:48.141+1000][273,081s][info][gc] GC(191) Pause Full (Allocation Failure) 247M->246M(247M) 245,948ms
[2020-10-16T11:11:48.415+1000][273,356s][info][gc] GC(192) Pause Full (Allocation Failure) 247M->246M(247M) 248,212ms
[2020-10-16T11:11:48.684+1000][273,625s][info][gc] GC(193) Pause Full (Allocation Failure) 247M->247M(247M) 251,163ms
[2020-10-16T11:11:48.945+1000][273,885s][info][gc] GC(194) Pause Full (Allocation Failure) 247M->247M(247M) 246,705ms
[2020-10-16T11:11:49.205+1000][274,146s][info][gc] GC(195) Pause Full (Allocation Failure) 247M->247M(247M) 247,160ms
[2020-10-16T11:11:49.470+1000][274,410s][info][gc] GC(196) Pause Full (Allocation Failure) 247M->247M(247M) 249,643ms
[2020-10-16T11:11:49.727+1000][274,667s][info][gc] GC(197) Pause Full (Allocation Failure) 247M->247M(247M) 243,639ms
[2020-10-16T11:11:49.987+1000][274,927s][info][gc] GC(198) Pause Full (Allocation Failure) 247M->247M(247M) 244,475ms
[2020-10-16T11:11:50.244+1000][275,184s][info][gc] GC(199) Pause Full (Allocation Failure) 247M->247M(247M) 242,932ms
[2020-10-16T11:11:50.506+1000][275,446s][info][gc] GC(200) Pause Full (Allocation Failure) 247M->247M(247M) 248,805ms
[2020-10-16T11:11:50.760+1000][275,700s][info][gc] GC(201) Pause Full (Allocation Failure) 247M->247M(247M) 239,609ms
[2020-10-16T11:11:51.021+1000][275,961s][info][gc] GC(202) Pause Full (Allocation Failure) 247M->247M(247M) 247,377ms
[2020-10-16T11:11:51.287+1000][276,227s][info][gc] GC(203) Pause Full (Allocation Failure) 247M->247M(247M) 252,282ms
[2020-10-16T11:11:51.553+1000][276,494s][info][gc] GC(204) Pause Full (Allocation Failure) 247M->247M(247M) 252,560ms
[2020-10-16T11:11:51.817+1000][276,757s][info][gc] GC(205) Pause Full (Allocation Failure) 247M->247M(247M) 249,705ms
[2020-10-16T11:11:52.074+1000][277,014s][info][gc] GC(206) Pause Full (Allocation Failure) 247M->247M(247M) 244,062ms
[2020-10-16T11:11:52.333+1000][277,274s][info][gc] GC(207) Pause Full (Allocation Failure) 247M->247M(247M) 245,523ms
[2020-10-16T11:11:52.583+1000][277,524s][info][gc] GC(208) Pause Full (Allocation Failure) 247M->247M(247M) 236,275ms
[2020-10-16T11:11:52.831+1000][277,771s][info][gc] GC(209) Pause Full (Allocation Failure) 247M->247M(247M) 233,190ms
[2020-10-16T11:11:53.090+1000][278,031s][info][gc] GC(210) Pause Full (Allocation Failure) 247M->247M(247M) 246,407ms
[2020-10-16T11:11:53.344+1000][278,285s][info][gc] GC(211) Pause Full (Allocation Failure) 247M->247M(247M) 241,170ms
[2020-10-16T11:11:53.614+1000][278,554s][info][gc] GC(212) Pause Full (Allocation Failure) 247M->247M(247M) 256,148ms
[2020-10-16T11:11:53.872+1000][278,812s][info][gc] GC(213) Pause Full (Allocation Failure) 247M->247M(247M) 243,438ms
[2020-10-16T11:11:54.129+1000][279,069s][info][gc] GC(214) Pause Full (Allocation Failure) 247M->247M(247M) 243,557ms
[2020-10-16T11:11:54.385+1000][279,325s][info][gc] GC(215) Pause Full (Allocation Failure) 247M->247M(247M) 241,888ms
[2020-10-16T11:11:54.639+1000][279,580s][info][gc] GC(216) Pause Full (Allocation Failure) 247M->247M(247M) 240,783ms
[2020-10-16T11:11:54.899+1000][279,839s][info][gc] GC(217) Pause Full (Allocation Failure) 247M->247M(247M) 256,722ms
[2020-10-16T11:11:55.147+1000][280,087s][info][gc] GC(218) Pause Full (Allocation Failure) 247M->247M(247M) 247,697ms
[2020-10-16T11:11:55.195+1000][280,135s][info][gc] GC(219) Pause Full (Allocation Failure) 247M->0M(247M) 47,838ms
