[2020-10-16T11:33:59.827+1000][0.003s][info][gc] Using Serial
[2020-10-16T11:34:02.344+1000][2,519s][info][gc] GC(0) Pause Young (Allocation Failure) 68M->3M(247M) 6,175ms
[2020-10-16T11:34:04.939+1000][5,114s][info][gc] GC(1) Pause Young (Allocation Failure) 71M->5M(247M) 10,728ms
[2020-10-16T11:34:07.539+1000][7,714s][info][gc] GC(2) Pause Young (Allocation Failure) 74M->8M(247M) 19,517ms
[2020-10-16T11:34:10.132+1000][10,308s][info][gc] GC(3) Pause Young (Allocation Failure) 77M->11M(247M) 12,593ms
[2020-10-16T11:34:12.723+1000][12,898s][info][gc] GC(4) Pause Young (Allocation Failure) 79M->14M(247M) 9,781ms
[2020-10-16T11:34:15.317+1000][15,492s][info][gc] GC(5) Pause Young (Allocation Failure) 82M->16M(247M) 13,290ms
[2020-10-16T11:34:17.919+1000][18,094s][info][gc] GC(6) Pause Young (Allocation Failure) 85M->19M(247M) 10,568ms
[2020-10-16T11:34:20.513+1000][20,688s][info][gc] GC(7) Pause Young (Allocation Failure) 87M->22M(247M) 13,431ms
[2020-10-16T11:34:23.095+1000][23,270s][info][gc] GC(8) Pause Young (Allocation Failure) 90M->25M(247M) 12,244ms
[2020-10-16T11:34:25.689+1000][25,864s][info][gc] GC(9) Pause Young (Allocation Failure) 93M->27M(247M) 13,582ms
[2020-10-16T11:34:28.278+1000][28,453s][info][gc] GC(10) Pause Young (Allocation Failure) 96M->30M(247M) 9,955ms
[2020-10-16T11:34:30.870+1000][31,046s][info][gc] GC(11) Pause Young (Allocation Failure) 98M->33M(247M) 12,131ms
[2020-10-16T11:34:33.462+1000][33,637s][info][gc] GC(12) Pause Young (Allocation Failure) 101M->35M(247M) 10,836ms
[2020-10-16T11:34:36.053+1000][36,228s][info][gc] GC(13) Pause Young (Allocation Failure) 104M->38M(247M) 9,889ms
[2020-10-16T11:34:38.644+1000][38,819s][info][gc] GC(14) Pause Young (Allocation Failure) 106M->41M(247M) 11,127ms
[2020-10-16T11:34:41.238+1000][41,414s][info][gc] GC(15) Pause Young (Allocation Failure) 109M->44M(247M) 13,468ms
[2020-10-16T11:34:43.825+1000][44,000s][info][gc] GC(16) Pause Young (Allocation Failure) 112M->46M(247M) 6,824ms
[2020-10-16T11:34:46.416+1000][46,591s][info][gc] GC(17) Pause Young (Allocation Failure) 115M->49M(247M) 11,621ms
[2020-10-16T11:34:49.010+1000][49,185s][info][gc] GC(18) Pause Young (Allocation Failure) 117M->52M(247M) 13,629ms
[2020-10-16T11:34:51.607+1000][51,782s][info][gc] GC(19) Pause Young (Allocation Failure) 120M->54M(247M) 16,833ms
[2020-10-16T11:34:54.192+1000][54,367s][info][gc] GC(20) Pause Young (Allocation Failure) 123M->57M(247M) 6,965ms
[2020-10-16T11:34:56.776+1000][56,951s][info][gc] GC(21) Pause Young (Allocation Failure) 125M->60M(247M) 5,920ms
[2020-10-16T11:34:59.368+1000][59,543s][info][gc] GC(22) Pause Young (Allocation Failure) 128M->63M(247M) 13,485ms
[2020-10-16T11:35:01.963+1000][62,138s][info][gc] GC(23) Pause Young (Allocation Failure) 131M->65M(247M) 16,724ms
[2020-10-16T11:35:04.556+1000][64,731s][info][gc] GC(24) Pause Young (Allocation Failure) 134M->68M(247M) 15,029ms
[2020-10-16T11:35:07.149+1000][67,325s][info][gc] GC(25) Pause Young (Allocation Failure) 136M->71M(247M) 14,037ms
[2020-10-16T11:35:09.736+1000][69,911s][info][gc] GC(26) Pause Young (Allocation Failure) 139M->73M(247M) 7,099ms
[2020-10-16T11:35:12.330+1000][72,505s][info][gc] GC(27) Pause Young (Allocation Failure) 142M->76M(247M) 15,852ms
[2020-10-16T11:35:14.921+1000][75,096s][info][gc] GC(28) Pause Young (Allocation Failure) 144M->79M(247M) 12,024ms
[2020-10-16T11:35:17.513+1000][77,688s][info][gc] GC(29) Pause Young (Allocation Failure) 147M->82M(247M) 14,404ms
[2020-10-16T11:35:20.108+1000][80,283s][info][gc] GC(30) Pause Young (Allocation Failure) 150M->84M(247M) 17,836ms
[2020-10-16T11:35:22.697+1000][82,873s][info][gc] GC(31) Pause Young (Allocation Failure) 153M->87M(247M) 10,149ms
[2020-10-16T11:35:25.287+1000][85,463s][info][gc] GC(32) Pause Young (Allocation Failure) 155M->90M(247M) 11,103ms
[2020-10-16T11:35:27.877+1000][88,052s][info][gc] GC(33) Pause Young (Allocation Failure) 158M->92M(247M) 12,229ms
[2020-10-16T11:35:30.467+1000][90,642s][info][gc] GC(34) Pause Young (Allocation Failure) 161M->95M(247M) 11,675ms
[2020-10-16T11:35:33.058+1000][93,233s][info][gc] GC(35) Pause Young (Allocation Failure) 163M->98M(247M) 12,758ms
[2020-10-16T11:35:35.651+1000][95,826s][info][gc] GC(36) Pause Young (Allocation Failure) 166M->101M(247M) 15,226ms
[2020-10-16T11:35:38.246+1000][98,421s][info][gc] GC(37) Pause Young (Allocation Failure) 169M->103M(247M) 16,948ms
[2020-10-16T11:35:40.831+1000][101,006s][info][gc] GC(38) Pause Young (Allocation Failure) 172M->106M(247M) 6,683ms
[2020-10-16T11:35:43.419+1000][103,594s][info][gc] GC(39) Pause Young (Allocation Failure) 174M->109M(247M) 10,176ms
[2020-10-16T11:35:46.008+1000][106,183s][info][gc] GC(40) Pause Young (Allocation Failure) 177M->112M(247M) 10,960ms
[2020-10-16T11:35:48.607+1000][108,782s][info][gc] GC(41) Pause Young (Allocation Failure) 180M->114M(247M) 19,002ms
[2020-10-16T11:35:51.200+1000][111,375s][info][gc] GC(42) Pause Young (Allocation Failure) 183M->117M(247M) 14,357ms
[2020-10-16T11:35:53.797+1000][113,973s][info][gc] GC(43) Pause Young (Allocation Failure) 185M->120M(247M) 18,645ms
[2020-10-16T11:35:56.390+1000][116,566s][info][gc] GC(44) Pause Young (Allocation Failure) 188M->123M(247M) 14,680ms
[2020-10-16T11:35:58.982+1000][119,157s][info][gc] GC(45) Pause Young (Allocation Failure) 191M->125M(247M) 12,504ms
[2020-10-16T11:36:01.570+1000][121,745s][info][gc] GC(46) Pause Young (Allocation Failure) 194M->128M(247M) 10,528ms
[2020-10-16T11:36:04.160+1000][124,336s][info][gc] GC(47) Pause Young (Allocation Failure) 196M->131M(247M) 11,435ms
[2020-10-16T11:36:06.752+1000][126,927s][info][gc] GC(48) Pause Young (Allocation Failure) 199M->133M(247M) 13,363ms
[2020-10-16T11:36:09.342+1000][129,518s][info][gc] GC(49) Pause Young (Allocation Failure) 202M->136M(247M) 12,415ms
[2020-10-16T11:36:11.937+1000][132,112s][info][gc] GC(50) Pause Young (Allocation Failure) 204M->139M(247M) 16,144ms
[2020-10-16T11:36:14.528+1000][134,703s][info][gc] GC(51) Pause Young (Allocation Failure) 207M->142M(247M) 12,699ms
[2020-10-16T11:36:17.120+1000][137,295s][info][gc] GC(52) Pause Young (Allocation Failure) 210M->144M(247M) 12,522ms
[2020-10-16T11:36:19.712+1000][139,888s][info][gc] GC(53) Pause Young (Allocation Failure) 213M->147M(247M) 15,080ms
[2020-10-16T11:36:22.302+1000][142,478s][info][gc] GC(54) Pause Young (Allocation Failure) 215M->150M(247M) 12,051ms
[2020-10-16T11:36:24.895+1000][145,071s][info][gc] GC(55) Pause Young (Allocation Failure) 218M->152M(247M) 13,974ms
[2020-10-16T11:36:27.487+1000][147,662s][info][gc] GC(56) Pause Young (Allocation Failure) 221M->155M(247M) 13,038ms
[2020-10-16T11:36:30.076+1000][150,251s][info][gc] GC(57) Pause Young (Allocation Failure) 223M->158M(247M) 10,741ms
[2020-10-16T11:36:32.668+1000][152,843s][info][gc] GC(58) Pause Young (Allocation Failure) 226M->161M(247M) 14,340ms
[2020-10-16T11:36:35.256+1000][155,432s][info][gc] GC(59) Pause Young (Allocation Failure) 229M->163M(247M) 11,256ms
[2020-10-16T11:36:37.847+1000][158,022s][info][gc] GC(60) Pause Young (Allocation Failure) 232M->166M(247M) 12,228ms
[2020-10-16T11:36:40.438+1000][160,613s][info][gc] GC(61) Pause Young (Allocation Failure) 234M->169M(247M) 15,196ms
[2020-10-16T11:36:43.028+1000][163,203s][info][gc] GC(62) Pause Young (Allocation Failure) 237M->171M(247M) 11,867ms
[2020-10-16T11:36:45.622+1000][165,797s][info][gc] GC(63) Pause Young (Allocation Failure) 240M->174M(247M) 17,646ms
[2020-10-16T11:36:48.201+1000][168,377s][info][gc] GC(64) Pause Young (Allocation Failure) 242M->242M(247M) 0,027ms
[2020-10-16T11:36:48.399+1000][168,574s][info][gc] GC(65) Pause Full (Allocation Failure) 242M->177M(247M) 197,674ms
[2020-10-16T11:36:51.334+1000][171,509s][info][gc] GC(66) Pause Full (Allocation Failure) 247M->180M(247M) 189,770ms
[2020-10-16T11:36:54.167+1000][174,342s][info][gc] GC(67) Pause Full (Allocation Failure) 247M->182M(247M) 196,428ms
[2020-10-16T11:36:56.952+1000][177,127s][info][gc] GC(68) Pause Full (Allocation Failure) 247M->185M(247M) 244,481ms
[2020-10-16T11:36:59.590+1000][179,765s][info][gc] GC(69) Pause Full (Allocation Failure) 247M->187M(247M) 192,627ms
[2020-10-16T11:37:02.125+1000][182,300s][info][gc] GC(70) Pause Full (Allocation Failure) 247M->190M(247M) 190,651ms
[2020-10-16T11:37:04.594+1000][184,770s][info][gc] GC(71) Pause Full (Allocation Failure) 247M->192M(247M) 208,766ms
[2020-10-16T11:37:06.964+1000][187,139s][info][gc] GC(72) Pause Full (Allocation Failure) 247M->194M(247M) 201,207ms
[2020-10-16T11:37:09.262+1000][189,437s][info][gc] GC(73) Pause Full (Allocation Failure) 247M->196M(247M) 208,552ms
[2020-10-16T11:37:11.478+1000][191,653s][info][gc] GC(74) Pause Full (Allocation Failure) 247M->198M(247M) 204,070ms
[2020-10-16T11:37:13.636+1000][193,811s][info][gc] GC(75) Pause Full (Allocation Failure) 247M->200M(247M) 214,364ms
[2020-10-16T11:37:15.689+1000][195,864s][info][gc] GC(76) Pause Full (Allocation Failure) 247M->202M(247M) 206,788ms
[2020-10-16T11:37:17.698+1000][197,874s][info][gc] GC(77) Pause Full (Allocation Failure) 247M->204M(247M) 209,717ms
[2020-10-16T11:37:19.632+1000][199,807s][info][gc] GC(78) Pause Full (Allocation Failure) 247M->206M(247M) 204,595ms
[2020-10-16T11:37:21.516+1000][201,692s][info][gc] GC(79) Pause Full (Allocation Failure) 247M->207M(247M) 218,968ms
[2020-10-16T11:37:23.326+1000][203,501s][info][gc] GC(80) Pause Full (Allocation Failure) 247M->209M(247M) 209,803ms
[2020-10-16T11:37:25.076+1000][205,252s][info][gc] GC(81) Pause Full (Allocation Failure) 247M->211M(247M) 218,646ms
[2020-10-16T11:37:26.783+1000][206,958s][info][gc] GC(82) Pause Full (Allocation Failure) 247M->212M(247M) 218,651ms
[2020-10-16T11:37:28.419+1000][208,594s][info][gc] GC(83) Pause Full (Allocation Failure) 247M->213M(247M) 204,238ms
[2020-10-16T11:37:30.025+1000][210,200s][info][gc] GC(84) Pause Full (Allocation Failure) 247M->215M(247M) 228,330ms
[2020-10-16T11:37:31.564+1000][211,739s][info][gc] GC(85) Pause Full (Allocation Failure) 247M->216M(247M) 216,219ms
[2020-10-16T11:37:33.068+1000][213,243s][info][gc] GC(86) Pause Full (Allocation Failure) 247M->217M(247M) 222,097ms
[2020-10-16T11:37:34.540+1000][214,715s][info][gc] GC(87) Pause Full (Allocation Failure) 247M->218M(247M) 242,726ms
[2020-10-16T11:37:35.938+1000][216,114s][info][gc] GC(88) Pause Full (Allocation Failure) 247M->220M(247M) 215,597ms
[2020-10-16T11:37:37.299+1000][217,474s][info][gc] GC(89) Pause Full (Allocation Failure) 247M->221M(247M) 223,087ms
[2020-10-16T11:37:38.619+1000][218,794s][info][gc] GC(90) Pause Full (Allocation Failure) 247M->222M(247M) 220,086ms
[2020-10-16T11:37:39.897+1000][220,072s][info][gc] GC(91) Pause Full (Allocation Failure) 247M->223M(247M) 220,026ms
[2020-10-16T11:37:41.146+1000][221,322s][info][gc] GC(92) Pause Full (Allocation Failure) 247M->224M(247M) 222,592ms
[2020-10-16T11:37:42.356+1000][222,531s][info][gc] GC(93) Pause Full (Allocation Failure) 247M->225M(247M) 215,015ms
[2020-10-16T11:37:43.547+1000][223,722s][info][gc] GC(94) Pause Full (Allocation Failure) 247M->225M(247M) 245,081ms
[2020-10-16T11:37:44.696+1000][224,871s][info][gc] GC(95) Pause Full (Allocation Failure) 247M->226M(247M) 234,165ms
[2020-10-16T11:37:45.812+1000][225,987s][info][gc] GC(96) Pause Full (Allocation Failure) 247M->227M(247M) 226,702ms
[2020-10-16T11:37:46.892+1000][227,067s][info][gc] GC(97) Pause Full (Allocation Failure) 247M->228M(247M) 230,393ms
[2020-10-16T11:37:47.961+1000][228,136s][info][gc] GC(98) Pause Full (Allocation Failure) 247M->229M(247M) 239,121ms
[2020-10-16T11:37:48.972+1000][229,148s][info][gc] GC(99) Pause Full (Allocation Failure) 247M->229M(247M) 226,381ms
[2020-10-16T11:37:49.962+1000][230,137s][info][gc] GC(100) Pause Full (Allocation Failure) 247M->230M(247M) 230,063ms
[2020-10-16T11:37:50.938+1000][231,113s][info][gc] GC(101) Pause Full (Allocation Failure) 247M->231M(247M) 239,960ms
[2020-10-16T11:37:51.881+1000][232,056s][info][gc] GC(102) Pause Full (Allocation Failure) 247M->232M(247M) 233,636ms
[2020-10-16T11:37:52.821+1000][232,996s][info][gc] GC(103) Pause Full (Allocation Failure) 247M->232M(247M) 248,908ms
[2020-10-16T11:37:53.732+1000][233,907s][info][gc] GC(104) Pause Full (Allocation Failure) 247M->233M(247M) 248,797ms
[2020-10-16T11:37:54.622+1000][234,798s][info][gc] GC(105) Pause Full (Allocation Failure) 247M->233M(247M) 237,095ms
[2020-10-16T11:37:55.479+1000][235,654s][info][gc] GC(106) Pause Full (Allocation Failure) 247M->234M(247M) 236,840ms
[2020-10-16T11:37:56.337+1000][236,512s][info][gc] GC(107) Pause Full (Allocation Failure) 247M->234M(247M) 253,558ms
[2020-10-16T11:37:57.142+1000][237,317s][info][gc] GC(108) Pause Full (Allocation Failure) 247M->235M(247M) 234,376ms
[2020-10-16T11:37:57.944+1000][238,119s][info][gc] GC(109) Pause Full (Allocation Failure) 247M->235M(247M) 244,063ms
[2020-10-16T11:37:58.730+1000][238,905s][info][gc] GC(110) Pause Full (Allocation Failure) 247M->236M(247M) 237,169ms
[2020-10-16T11:37:59.493+1000][239,668s][info][gc] GC(111) Pause Full (Allocation Failure) 247M->236M(247M) 236,176ms
[2020-10-16T11:38:00.261+1000][240,436s][info][gc] GC(112) Pause Full (Allocation Failure) 247M->237M(247M) 251,224ms
[2020-10-16T11:38:00.999+1000][241,174s][info][gc] GC(113) Pause Full (Allocation Failure) 247M->237M(247M) 241,271ms
[2020-10-16T11:38:01.722+1000][241,897s][info][gc] GC(114) Pause Full (Allocation Failure) 247M->237M(247M) 245,538ms
[2020-10-16T11:38:02.440+1000][242,616s][info][gc] GC(115) Pause Full (Allocation Failure) 247M->238M(247M) 252,095ms
[2020-10-16T11:38:03.141+1000][243,316s][info][gc] GC(116) Pause Full (Allocation Failure) 247M->238M(247M) 250,597ms
[2020-10-16T11:38:03.839+1000][244,014s][info][gc] GC(117) Pause Full (Allocation Failure) 247M->238M(247M) 252,072ms
[2020-10-16T11:38:04.502+1000][244,678s][info][gc] GC(118) Pause Full (Allocation Failure) 247M->239M(247M) 247,885ms
[2020-10-16T11:38:05.153+1000][245,328s][info][gc] GC(119) Pause Full (Allocation Failure) 247M->239M(247M) 244,686ms
[2020-10-16T11:38:05.777+1000][245,952s][info][gc] GC(120) Pause Full (Allocation Failure) 247M->240M(247M) 239,105ms
[2020-10-16T11:38:06.396+1000][246,571s][info][gc] GC(121) Pause Full (Allocation Failure) 247M->240M(247M) 237,010ms
[2020-10-16T11:38:06.999+1000][247,174s][info][gc] GC(122) Pause Full (Allocation Failure) 247M->240M(247M) 239,370ms
[2020-10-16T11:38:07.585+1000][247,761s][info][gc] GC(123) Pause Full (Allocation Failure) 247M->240M(247M) 235,260ms
[2020-10-16T11:38:08.153+1000][248,328s][info][gc] GC(124) Pause Full (Allocation Failure) 247M->241M(247M) 235,899ms
[2020-10-16T11:38:08.719+1000][248,895s][info][gc] GC(125) Pause Full (Allocation Failure) 247M->241M(247M) 244,812ms
[2020-10-16T11:38:09.262+1000][249,437s][info][gc] GC(126) Pause Full (Allocation Failure) 247M->241M(247M) 244,935ms
[2020-10-16T11:38:09.799+1000][249,974s][info][gc] GC(127) Pause Full (Allocation Failure) 247M->241M(247M) 234,989ms
[2020-10-16T11:38:10.312+1000][250,487s][info][gc] GC(128) Pause Full (Allocation Failure) 247M->242M(247M) 231,705ms
[2020-10-16T11:38:10.839+1000][251,014s][info][gc] GC(129) Pause Full (Allocation Failure) 247M->242M(247M) 253,928ms
[2020-10-16T11:38:11.324+1000][251,499s][info][gc] GC(130) Pause Full (Allocation Failure) 247M->242M(247M) 231,336ms
[2020-10-16T11:38:11.806+1000][251,982s][info][gc] GC(131) Pause Full (Allocation Failure) 247M->242M(247M) 243,335ms
[2020-10-16T11:38:12.284+1000][252,459s][info][gc] GC(132) Pause Full (Allocation Failure) 247M->242M(247M) 241,013ms
[2020-10-16T11:38:12.766+1000][252,941s][info][gc] GC(133) Pause Full (Allocation Failure) 247M->243M(247M) 248,441ms
[2020-10-16T11:38:13.219+1000][253,394s][info][gc] GC(134) Pause Full (Allocation Failure) 247M->243M(247M) 240,093ms
[2020-10-16T11:38:13.677+1000][253,852s][info][gc] GC(135) Pause Full (Allocation Failure) 247M->243M(247M) 244,724ms
[2020-10-16T11:38:14.119+1000][254,295s][info][gc] GC(136) Pause Full (Allocation Failure) 247M->243M(247M) 244,624ms
[2020-10-16T11:38:14.564+1000][254,740s][info][gc] GC(137) Pause Full (Allocation Failure) 247M->243M(247M) 253,432ms
[2020-10-16T11:38:14.983+1000][255,159s][info][gc] GC(138) Pause Full (Allocation Failure) 247M->243M(247M) 238,777ms
[2020-10-16T11:38:15.391+1000][255,566s][info][gc] GC(139) Pause Full (Allocation Failure) 247M->244M(247M) 231,267ms
[2020-10-16T11:38:15.801+1000][255,976s][info][gc] GC(140) Pause Full (Allocation Failure) 247M->244M(247M) 236,368ms
[2020-10-16T11:38:16.202+1000][256,377s][info][gc] GC(141) Pause Full (Allocation Failure) 247M->244M(247M) 235,748ms
[2020-10-16T11:38:16.611+1000][256,786s][info][gc] GC(142) Pause Full (Allocation Failure) 247M->244M(247M) 242,273ms
[2020-10-16T11:38:17.020+1000][257,195s][info][gc] GC(143) Pause Full (Allocation Failure) 247M->244M(247M) 258,381ms
[2020-10-16T11:38:17.425+1000][257,600s][info][gc] GC(144) Pause Full (Allocation Failure) 247M->244M(247M) 254,782ms
[2020-10-16T11:38:17.799+1000][257,974s][info][gc] GC(145) Pause Full (Allocation Failure) 247M->244M(247M) 236,566ms
[2020-10-16T11:38:18.184+1000][258,359s][info][gc] GC(146) Pause Full (Allocation Failure) 247M->244M(247M) 254,204ms
[2020-10-16T11:38:18.567+1000][258,742s][info][gc] GC(147) Pause Full (Allocation Failure) 247M->244M(247M) 249,572ms
[2020-10-16T11:38:18.936+1000][259,111s][info][gc] GC(148) Pause Full (Allocation Failure) 247M->245M(247M) 246,684ms
[2020-10-16T11:38:19.304+1000][259,479s][info][gc] GC(149) Pause Full (Allocation Failure) 247M->245M(247M) 245,795ms
[2020-10-16T11:38:19.676+1000][259,851s][info][gc] GC(150) Pause Full (Allocation Failure) 247M->245M(247M) 253,696ms
[2020-10-16T11:38:20.018+1000][260,193s][info][gc] GC(151) Pause Full (Allocation Failure) 247M->245M(247M) 238,545ms
[2020-10-16T11:38:20.373+1000][260,548s][info][gc] GC(152) Pause Full (Allocation Failure) 247M->245M(247M) 248,637ms
[2020-10-16T11:38:20.730+1000][260,905s][info][gc] GC(153) Pause Full (Allocation Failure) 247M->245M(247M) 254,159ms
[2020-10-16T11:38:21.076+1000][261,251s][info][gc] GC(154) Pause Full (Allocation Failure) 247M->245M(247M) 246,425ms
[2020-10-16T11:38:21.406+1000][261,581s][info][gc] GC(155) Pause Full (Allocation Failure) 247M->245M(247M) 236,281ms
[2020-10-16T11:38:21.734+1000][261,909s][info][gc] GC(156) Pause Full (Allocation Failure) 247M->245M(247M) 236,959ms
[2020-10-16T11:38:22.058+1000][262,233s][info][gc] GC(157) Pause Full (Allocation Failure) 247M->245M(247M) 238,659ms
[2020-10-16T11:38:22.401+1000][262,577s][info][gc] GC(158) Pause Full (Allocation Failure) 247M->245M(247M) 262,917ms
[2020-10-16T11:38:22.716+1000][262,891s][info][gc] GC(159) Pause Full (Allocation Failure) 247M->245M(247M) 235,439ms
[2020-10-16T11:38:23.030+1000][263,205s][info][gc] GC(160) Pause Full (Allocation Failure) 247M->245M(247M) 237,542ms
[2020-10-16T11:38:23.341+1000][263,516s][info][gc] GC(161) Pause Full (Allocation Failure) 247M->246M(247M) 242,523ms
[2020-10-16T11:38:23.660+1000][263,835s][info][gc] GC(162) Pause Full (Allocation Failure) 247M->246M(247M) 255,532ms
[2020-10-16T11:38:23.977+1000][264,152s][info][gc] GC(163) Pause Full (Allocation Failure) 247M->246M(247M) 251,992ms
[2020-10-16T11:38:24.289+1000][264,465s][info][gc] GC(164) Pause Full (Allocation Failure) 247M->246M(247M) 245,055ms
[2020-10-16T11:38:24.607+1000][264,782s][info][gc] GC(165) Pause Full (Allocation Failure) 247M->246M(247M) 251,153ms
[2020-10-16T11:38:24.913+1000][265,088s][info][gc] GC(166) Pause Full (Allocation Failure) 247M->246M(247M) 248,240ms
[2020-10-16T11:38:25.211+1000][265,386s][info][gc] GC(167) Pause Full (Allocation Failure) 247M->246M(247M) 244,614ms
[2020-10-16T11:38:25.519+1000][265,694s][info][gc] GC(168) Pause Full (Allocation Failure) 247M->246M(247M) 254,255ms
[2020-10-16T11:38:25.821+1000][265,996s][info][gc] GC(169) Pause Full (Allocation Failure) 247M->246M(247M) 249,451ms
[2020-10-16T11:38:26.117+1000][266,292s][info][gc] GC(170) Pause Full (Allocation Failure) 247M->246M(247M) 240,759ms
[2020-10-16T11:38:26.414+1000][266,589s][info][gc] GC(171) Pause Full (Allocation Failure) 247M->246M(247M) 244,653ms
[2020-10-16T11:38:26.699+1000][266,874s][info][gc] GC(172) Pause Full (Allocation Failure) 247M->246M(247M) 241,418ms
[2020-10-16T11:38:26.981+1000][267,156s][info][gc] GC(173) Pause Full (Allocation Failure) 247M->246M(247M) 240,302ms
[2020-10-16T11:38:27.283+1000][267,459s][info][gc] GC(174) Pause Full (Allocation Failure) 247M->246M(247M) 261,173ms
[2020-10-16T11:38:27.582+1000][267,757s][info][gc] GC(175) Pause Full (Allocation Failure) 247M->246M(247M) 257,500ms
[2020-10-16T11:38:27.869+1000][268,044s][info][gc] GC(176) Pause Full (Allocation Failure) 247M->246M(247M) 247,940ms
[2020-10-16T11:38:28.143+1000][268,318s][info][gc] GC(177) Pause Full (Allocation Failure) 247M->246M(247M) 237,904ms
[2020-10-16T11:38:28.437+1000][268,612s][info][gc] GC(178) Pause Full (Allocation Failure) 247M->246M(247M) 255,560ms
[2020-10-16T11:38:28.723+1000][268,898s][info][gc] GC(179) Pause Full (Allocation Failure) 247M->246M(247M) 247,243ms
[2020-10-16T11:38:29.002+1000][269,177s][info][gc] GC(180) Pause Full (Allocation Failure) 247M->246M(247M) 239,825ms
[2020-10-16T11:38:29.280+1000][269,455s][info][gc] GC(181) Pause Full (Allocation Failure) 247M->246M(247M) 248,097ms
[2020-10-16T11:38:29.553+1000][269,728s][info][gc] GC(182) Pause Full (Allocation Failure) 247M->246M(247M) 245,488ms
[2020-10-16T11:38:29.823+1000][269,998s][info][gc] GC(183) Pause Full (Allocation Failure) 247M->246M(247M) 244,121ms
[2020-10-16T11:38:30.093+1000][270,268s][info][gc] GC(184) Pause Full (Allocation Failure) 247M->246M(247M) 244,466ms
[2020-10-16T11:38:30.367+1000][270,542s][info][gc] GC(185) Pause Full (Allocation Failure) 247M->246M(247M) 248,013ms
[2020-10-16T11:38:30.643+1000][270,818s][info][gc] GC(186) Pause Full (Allocation Failure) 247M->246M(247M) 248,949ms
[2020-10-16T11:38:30.933+1000][271,108s][info][gc] GC(187) Pause Full (Allocation Failure) 247M->246M(247M) 265,814ms
[2020-10-16T11:38:31.203+1000][271,378s][info][gc] GC(188) Pause Full (Allocation Failure) 247M->246M(247M) 243,489ms
[2020-10-16T11:38:31.474+1000][271,650s][info][gc] GC(189) Pause Full (Allocation Failure) 247M->246M(247M) 245,852ms
[2020-10-16T11:38:31.733+1000][271,908s][info][gc] GC(190) Pause Full (Allocation Failure) 247M->246M(247M) 234,572ms
[2020-10-16T11:38:31.995+1000][272,170s][info][gc] GC(191) Pause Full (Allocation Failure) 247M->246M(247M) 235,554ms
[2020-10-16T11:38:32.256+1000][272,431s][info][gc] GC(192) Pause Full (Allocation Failure) 247M->246M(247M) 235,004ms
[2020-10-16T11:38:32.534+1000][272,709s][info][gc] GC(193) Pause Full (Allocation Failure) 247M->247M(247M) 261,785ms
[2020-10-16T11:38:32.795+1000][272,971s][info][gc] GC(194) Pause Full (Allocation Failure) 247M->247M(247M) 247,183ms
[2020-10-16T11:38:33.061+1000][273,236s][info][gc] GC(195) Pause Full (Allocation Failure) 247M->247M(247M) 252,201ms
[2020-10-16T11:38:33.319+1000][273,495s][info][gc] GC(196) Pause Full (Allocation Failure) 247M->247M(247M) 244,144ms
[2020-10-16T11:38:33.572+1000][273,747s][info][gc] GC(197) Pause Full (Allocation Failure) 247M->247M(247M) 236,962ms
[2020-10-16T11:38:33.827+1000][274,002s][info][gc] GC(198) Pause Full (Allocation Failure) 247M->247M(247M) 242,121ms
[2020-10-16T11:38:34.081+1000][274,256s][info][gc] GC(199) Pause Full (Allocation Failure) 247M->247M(247M) 239,904ms
[2020-10-16T11:38:34.337+1000][274,512s][info][gc] GC(200) Pause Full (Allocation Failure) 247M->247M(247M) 242,501ms
[2020-10-16T11:38:34.594+1000][274,769s][info][gc] GC(201) Pause Full (Allocation Failure) 247M->247M(247M) 244,266ms
[2020-10-16T11:38:34.865+1000][275,040s][info][gc] GC(202) Pause Full (Allocation Failure) 247M->247M(247M) 257,059ms
[2020-10-16T11:38:35.122+1000][275,297s][info][gc] GC(203) Pause Full (Allocation Failure) 247M->247M(247M) 245,408ms
[2020-10-16T11:38:35.380+1000][275,555s][info][gc] GC(204) Pause Full (Allocation Failure) 247M->247M(247M) 245,859ms
[2020-10-16T11:38:35.643+1000][275,818s][info][gc] GC(205) Pause Full (Allocation Failure) 247M->247M(247M) 250,951ms
[2020-10-16T11:38:35.901+1000][276,076s][info][gc] GC(206) Pause Full (Allocation Failure) 247M->247M(247M) 246,302ms
[2020-10-16T11:38:36.172+1000][276,347s][info][gc] GC(207) Pause Full (Allocation Failure) 247M->247M(247M) 256,214ms
[2020-10-16T11:38:36.428+1000][276,604s][info][gc] GC(208) Pause Full (Allocation Failure) 247M->247M(247M) 242,746ms
[2020-10-16T11:38:36.678+1000][276,853s][info][gc] GC(209) Pause Full (Allocation Failure) 247M->247M(247M) 237,926ms
[2020-10-16T11:38:36.934+1000][277,109s][info][gc] GC(210) Pause Full (Allocation Failure) 247M->247M(247M) 242,218ms
[2020-10-16T11:38:37.193+1000][277,368s][info][gc] GC(211) Pause Full (Allocation Failure) 247M->247M(247M) 245,283ms
[2020-10-16T11:38:37.451+1000][277,626s][info][gc] GC(212) Pause Full (Allocation Failure) 247M->247M(247M) 243,973ms
[2020-10-16T11:38:37.722+1000][277,897s][info][gc] GC(213) Pause Full (Allocation Failure) 247M->247M(247M) 258,230ms
[2020-10-16T11:38:37.987+1000][278,163s][info][gc] GC(214) Pause Full (Allocation Failure) 247M->247M(247M) 251,144ms
[2020-10-16T11:38:38.248+1000][278,423s][info][gc] GC(215) Pause Full (Allocation Failure) 247M->247M(247M) 246,610ms
[2020-10-16T11:38:38.500+1000][278,675s][info][gc] GC(216) Pause Full (Allocation Failure) 247M->247M(247M) 237,892ms
[2020-10-16T11:38:38.753+1000][278,928s][info][gc] GC(217) Pause Full (Allocation Failure) 247M->247M(247M) 249,606ms
[2020-10-16T11:38:39.009+1000][279,184s][info][gc] GC(218) Pause Full (Allocation Failure) 247M->247M(247M) 255,575ms
[2020-10-16T11:38:39.048+1000][279,223s][info][gc] GC(219) Pause Full (Allocation Failure) 247M->0M(247M) 38,819ms
