[2020-10-16T11:12:17.400+1000][0.002s][info][gc] Using Serial
[2020-10-16T11:12:19.915+1000][2,517s][info][gc] GC(0) Pause Young (Allocation Failure) 68M->3M(247M) 7,924ms
[2020-10-16T11:12:22.515+1000][5,118s][info][gc] GC(1) Pause Young (Allocation Failure) 71M->5M(247M) 13,273ms
[2020-10-16T11:12:25.117+1000][7,720s][info][gc] GC(2) Pause Young (Allocation Failure) 74M->8M(247M) 18,569ms
[2020-10-16T11:12:27.716+1000][10,318s][info][gc] GC(3) Pause Young (Allocation Failure) 77M->11M(247M) 17,264ms
[2020-10-16T11:12:30.312+1000][12,914s][info][gc] GC(4) Pause Young (Allocation Failure) 79M->14M(247M) 12,022ms
[2020-10-16T11:12:32.914+1000][15,516s][info][gc] GC(5) Pause Young (Allocation Failure) 82M->16M(247M) 18,414ms
[2020-10-16T11:12:35.520+1000][18,122s][info][gc] GC(6) Pause Young (Allocation Failure) 85M->19M(247M) 12,208ms
[2020-10-16T11:12:38.115+1000][20,718s][info][gc] GC(7) Pause Young (Allocation Failure) 87M->22M(247M) 12,378ms
[2020-10-16T11:12:40.702+1000][23,304s][info][gc] GC(8) Pause Young (Allocation Failure) 90M->25M(247M) 13,578ms
[2020-10-16T11:12:43.297+1000][25,899s][info][gc] GC(9) Pause Young (Allocation Failure) 93M->27M(247M) 12,219ms
[2020-10-16T11:12:45.893+1000][28,495s][info][gc] GC(10) Pause Young (Allocation Failure) 96M->30M(247M) 12,936ms
[2020-10-16T11:12:48.488+1000][31,091s][info][gc] GC(11) Pause Young (Allocation Failure) 98M->33M(247M) 12,875ms
[2020-10-16T11:12:51.083+1000][33,685s][info][gc] GC(12) Pause Young (Allocation Failure) 101M->35M(247M) 10,713ms
[2020-10-16T11:12:53.677+1000][36,279s][info][gc] GC(13) Pause Young (Allocation Failure) 104M->38M(247M) 12,175ms
[2020-10-16T11:12:56.275+1000][38,877s][info][gc] GC(14) Pause Young (Allocation Failure) 106M->41M(247M) 15,525ms
[2020-10-16T11:12:58.868+1000][41,470s][info][gc] GC(15) Pause Young (Allocation Failure) 109M->44M(247M) 10,915ms
[2020-10-16T11:13:01.465+1000][44,067s][info][gc] GC(16) Pause Young (Allocation Failure) 112M->46M(247M) 14,211ms
[2020-10-16T11:13:04.061+1000][46,664s][info][gc] GC(17) Pause Young (Allocation Failure) 115M->49M(247M) 13,975ms
[2020-10-16T11:13:06.659+1000][49,261s][info][gc] GC(18) Pause Young (Allocation Failure) 117M->52M(247M) 13,366ms
[2020-10-16T11:13:09.255+1000][51,857s][info][gc] GC(19) Pause Young (Allocation Failure) 120M->54M(247M) 13,131ms
[2020-10-16T11:13:11.850+1000][54,452s][info][gc] GC(20) Pause Young (Allocation Failure) 123M->57M(247M) 13,045ms
[2020-10-16T11:13:14.447+1000][57,049s][info][gc] GC(21) Pause Young (Allocation Failure) 125M->60M(247M) 16,911ms
[2020-10-16T11:13:17.040+1000][59,643s][info][gc] GC(22) Pause Young (Allocation Failure) 128M->63M(247M) 12,114ms
[2020-10-16T11:13:19.640+1000][62,243s][info][gc] GC(23) Pause Young (Allocation Failure) 131M->65M(247M) 18,288ms
[2020-10-16T11:13:22.233+1000][64,835s][info][gc] GC(24) Pause Young (Allocation Failure) 134M->68M(247M) 11,541ms
[2020-10-16T11:13:24.825+1000][67,427s][info][gc] GC(25) Pause Young (Allocation Failure) 136M->71M(247M) 11,219ms
[2020-10-16T11:13:27.418+1000][70,020s][info][gc] GC(26) Pause Young (Allocation Failure) 139M->73M(247M) 11,841ms
[2020-10-16T11:13:30.010+1000][72,613s][info][gc] GC(27) Pause Young (Allocation Failure) 142M->76M(247M) 12,048ms
[2020-10-16T11:13:32.605+1000][75,208s][info][gc] GC(28) Pause Young (Allocation Failure) 144M->79M(247M) 14,206ms
[2020-10-16T11:13:35.197+1000][77,800s][info][gc] GC(29) Pause Young (Allocation Failure) 147M->82M(247M) 11,213ms
[2020-10-16T11:13:38.063+1000][80,665s][info][gc] GC(30) Pause Young (Allocation Failure) 150M->84M(247M) 11,848ms
[2020-10-16T11:13:40.657+1000][83,260s][info][gc] GC(31) Pause Young (Allocation Failure) 153M->87M(247M) 13,889ms
[2020-10-16T11:13:43.251+1000][85,853s][info][gc] GC(32) Pause Young (Allocation Failure) 155M->90M(247M) 13,138ms
[2020-10-16T11:13:45.845+1000][88,447s][info][gc] GC(33) Pause Young (Allocation Failure) 158M->92M(247M) 13,932ms
[2020-10-16T11:13:48.436+1000][91,038s][info][gc] GC(34) Pause Young (Allocation Failure) 161M->95M(247M) 10,271ms
[2020-10-16T11:13:51.028+1000][93,630s][info][gc] GC(35) Pause Young (Allocation Failure) 163M->98M(247M) 11,061ms
[2020-10-16T11:13:53.622+1000][96,224s][info][gc] GC(36) Pause Young (Allocation Failure) 166M->101M(247M) 12,433ms
[2020-10-16T11:13:56.219+1000][98,821s][info][gc] GC(37) Pause Young (Allocation Failure) 169M->103M(247M) 16,943ms
[2020-10-16T11:13:58.813+1000][101,415s][info][gc] GC(38) Pause Young (Allocation Failure) 172M->106M(247M) 13,159ms
[2020-10-16T11:14:01.406+1000][104,008s][info][gc] GC(39) Pause Young (Allocation Failure) 174M->109M(247M) 11,945ms
[2020-10-16T11:14:03.997+1000][106,600s][info][gc] GC(40) Pause Young (Allocation Failure) 177M->112M(247M) 10,944ms
[2020-10-16T11:14:06.593+1000][109,195s][info][gc] GC(41) Pause Young (Allocation Failure) 180M->114M(247M) 14,097ms
[2020-10-16T11:14:09.192+1000][111,794s][info][gc] GC(42) Pause Young (Allocation Failure) 183M->117M(247M) 18,003ms
[2020-10-16T11:14:11.786+1000][114,388s][info][gc] GC(43) Pause Young (Allocation Failure) 185M->120M(247M) 12,772ms
[2020-10-16T11:14:14.384+1000][116,987s][info][gc] GC(44) Pause Young (Allocation Failure) 188M->123M(247M) 18,108ms
[2020-10-16T11:14:16.978+1000][119,581s][info][gc] GC(45) Pause Young (Allocation Failure) 191M->125M(247M) 13,345ms
[2020-10-16T11:14:19.573+1000][122,175s][info][gc] GC(46) Pause Young (Allocation Failure) 194M->128M(247M) 13,786ms
[2020-10-16T11:14:22.169+1000][124,771s][info][gc] GC(47) Pause Young (Allocation Failure) 196M->131M(247M) 14,420ms
[2020-10-16T11:14:24.762+1000][127,364s][info][gc] GC(48) Pause Young (Allocation Failure) 199M->133M(247M) 12,694ms
[2020-10-16T11:14:27.357+1000][129,959s][info][gc] GC(49) Pause Young (Allocation Failure) 202M->136M(247M) 14,714ms
[2020-10-16T11:14:29.952+1000][132,554s][info][gc] GC(50) Pause Young (Allocation Failure) 204M->139M(247M) 13,320ms
[2020-10-16T11:14:32.546+1000][135,148s][info][gc] GC(51) Pause Young (Allocation Failure) 207M->142M(247M) 13,496ms
[2020-10-16T11:14:35.137+1000][137,740s][info][gc] GC(52) Pause Young (Allocation Failure) 210M->144M(247M) 11,259ms
[2020-10-16T11:14:37.730+1000][140,332s][info][gc] GC(53) Pause Young (Allocation Failure) 213M->147M(247M) 12,846ms
[2020-10-16T11:14:40.321+1000][142,924s][info][gc] GC(54) Pause Young (Allocation Failure) 215M->150M(247M) 11,863ms
[2020-10-16T11:14:42.915+1000][145,517s][info][gc] GC(55) Pause Young (Allocation Failure) 218M->152M(247M) 13,688ms
[2020-10-16T11:14:45.507+1000][148,109s][info][gc] GC(56) Pause Young (Allocation Failure) 221M->155M(247M) 11,726ms
[2020-10-16T11:14:48.097+1000][150,699s][info][gc] GC(57) Pause Young (Allocation Failure) 223M->158M(247M) 10,630ms
[2020-10-16T11:14:50.688+1000][153,290s][info][gc] GC(58) Pause Young (Allocation Failure) 226M->161M(247M) 11,520ms
[2020-10-16T11:14:53.279+1000][155,881s][info][gc] GC(59) Pause Young (Allocation Failure) 229M->163M(247M) 10,781ms
[2020-10-16T11:14:55.870+1000][158,473s][info][gc] GC(60) Pause Young (Allocation Failure) 232M->166M(247M) 11,496ms
[2020-10-16T11:14:58.460+1000][161,063s][info][gc] GC(61) Pause Young (Allocation Failure) 234M->169M(247M) 10,501ms
[2020-10-16T11:15:01.051+1000][163,653s][info][gc] GC(62) Pause Young (Allocation Failure) 237M->171M(247M) 10,895ms
[2020-10-16T11:15:03.648+1000][166,251s][info][gc] GC(63) Pause Young (Allocation Failure) 240M->174M(247M) 17,551ms
[2020-10-16T11:15:06.228+1000][168,831s][info][gc] GC(64) Pause Young (Allocation Failure) 242M->242M(247M) 0,041ms
[2020-10-16T11:15:06.422+1000][169,025s][info][gc] GC(65) Pause Full (Allocation Failure) 242M->177M(247M) 193,974ms
[2020-10-16T11:15:09.382+1000][171,984s][info][gc] GC(66) Pause Full (Allocation Failure) 247M->180M(247M) 197,885ms
[2020-10-16T11:15:12.227+1000][174,829s][info][gc] GC(67) Pause Full (Allocation Failure) 247M->182M(247M) 197,028ms
[2020-10-16T11:15:15.023+1000][177,625s][info][gc] GC(68) Pause Full (Allocation Failure) 247M->185M(247M) 250,243ms
[2020-10-16T11:15:17.690+1000][180,292s][info][gc] GC(69) Pause Full (Allocation Failure) 247M->187M(247M) 208,281ms
[2020-10-16T11:15:20.251+1000][182,854s][info][gc] GC(70) Pause Full (Allocation Failure) 247M->190M(247M) 206,819ms
[2020-10-16T11:15:22.728+1000][185,330s][info][gc] GC(71) Pause Full (Allocation Failure) 247M->192M(247M) 210,768ms
[2020-10-16T11:15:25.119+1000][187,721s][info][gc] GC(72) Pause Full (Allocation Failure) 247M->194M(247M) 207,737ms
[2020-10-16T11:15:27.427+1000][190,030s][info][gc] GC(73) Pause Full (Allocation Failure) 247M->196M(247M) 205,765ms
[2020-10-16T11:15:29.665+1000][192,267s][info][gc] GC(74) Pause Full (Allocation Failure) 247M->198M(247M) 214,545ms
[2020-10-16T11:15:31.836+1000][194,438s][info][gc] GC(75) Pause Full (Allocation Failure) 247M->200M(247M) 215,569ms
[2020-10-16T11:15:33.911+1000][196,514s][info][gc] GC(76) Pause Full (Allocation Failure) 247M->202M(247M) 212,019ms
[2020-10-16T11:15:35.938+1000][198,540s][info][gc] GC(77) Pause Full (Allocation Failure) 247M->204M(247M) 218,699ms
[2020-10-16T11:15:37.886+1000][200,489s][info][gc] GC(78) Pause Full (Allocation Failure) 247M->206M(247M) 212,826ms
[2020-10-16T11:15:39.794+1000][202,396s][info][gc] GC(79) Pause Full (Allocation Failure) 247M->207M(247M) 222,849ms
[2020-10-16T11:15:41.636+1000][204,238s][info][gc] GC(80) Pause Full (Allocation Failure) 247M->209M(247M) 220,458ms
[2020-10-16T11:15:43.399+1000][206,001s][info][gc] GC(81) Pause Full (Allocation Failure) 247M->211M(247M) 221,931ms
[2020-10-16T11:15:45.112+1000][207,715s][info][gc] GC(82) Pause Full (Allocation Failure) 247M->212M(247M) 220,780ms
[2020-10-16T11:15:46.784+1000][209,387s][info][gc] GC(83) Pause Full (Allocation Failure) 247M->213M(247M) 223,793ms
[2020-10-16T11:15:48.377+1000][210,979s][info][gc] GC(84) Pause Full (Allocation Failure) 247M->215M(247M) 214,997ms
[2020-10-16T11:15:49.939+1000][212,541s][info][gc] GC(85) Pause Full (Allocation Failure) 247M->216M(247M) 226,690ms
[2020-10-16T11:15:51.443+1000][214,046s][info][gc] GC(86) Pause Full (Allocation Failure) 247M->217M(247M) 214,923ms
[2020-10-16T11:15:52.926+1000][215,529s][info][gc] GC(87) Pause Full (Allocation Failure) 247M->218M(247M) 240,582ms
[2020-10-16T11:15:54.338+1000][216,940s][info][gc] GC(88) Pause Full (Allocation Failure) 247M->220M(247M) 226,977ms
[2020-10-16T11:15:55.721+1000][218,323s][info][gc] GC(89) Pause Full (Allocation Failure) 247M->221M(247M) 228,934ms
[2020-10-16T11:15:57.063+1000][219,665s][info][gc] GC(90) Pause Full (Allocation Failure) 247M->222M(247M) 230,817ms
[2020-10-16T11:15:58.351+1000][220,954s][info][gc] GC(91) Pause Full (Allocation Failure) 247M->223M(247M) 228,421ms
[2020-10-16T11:15:59.624+1000][222,226s][info][gc] GC(92) Pause Full (Allocation Failure) 247M->224M(247M) 234,024ms
[2020-10-16T11:16:00.851+1000][223,454s][info][gc] GC(93) Pause Full (Allocation Failure) 247M->225M(247M) 231,732ms
[2020-10-16T11:16:02.039+1000][224,641s][info][gc] GC(94) Pause Full (Allocation Failure) 247M->225M(247M) 235,842ms
[2020-10-16T11:16:03.185+1000][225,787s][info][gc] GC(95) Pause Full (Allocation Failure) 247M->226M(247M) 228,330ms
[2020-10-16T11:16:04.313+1000][226,915s][info][gc] GC(96) Pause Full (Allocation Failure) 247M->227M(247M) 231,396ms
[2020-10-16T11:16:05.401+1000][228,004s][info][gc] GC(97) Pause Full (Allocation Failure) 247M->228M(247M) 225,905ms
[2020-10-16T11:16:06.463+1000][229,066s][info][gc] GC(98) Pause Full (Allocation Failure) 247M->229M(247M) 227,631ms
[2020-10-16T11:16:07.495+1000][230,097s][info][gc] GC(99) Pause Full (Allocation Failure) 247M->229M(247M) 224,703ms
[2020-10-16T11:16:08.509+1000][231,111s][info][gc] GC(100) Pause Full (Allocation Failure) 247M->230M(247M) 239,097ms
[2020-10-16T11:16:09.490+1000][232,092s][info][gc] GC(101) Pause Full (Allocation Failure) 247M->231M(247M) 225,420ms
[2020-10-16T11:16:10.435+1000][233,037s][info][gc] GC(102) Pause Full (Allocation Failure) 247M->232M(247M) 234,027ms
[2020-10-16T11:16:11.364+1000][233,966s][info][gc] GC(103) Pause Full (Allocation Failure) 247M->232M(247M) 228,552ms
[2020-10-16T11:16:12.276+1000][234,878s][info][gc] GC(104) Pause Full (Allocation Failure) 247M->233M(247M) 229,972ms
[2020-10-16T11:16:13.162+1000][235,765s][info][gc] GC(105) Pause Full (Allocation Failure) 247M->233M(247M) 236,144ms
[2020-10-16T11:16:14.046+1000][236,649s][info][gc] GC(106) Pause Full (Allocation Failure) 247M->234M(247M) 245,101ms
[2020-10-16T11:16:14.877+1000][237,479s][info][gc] GC(107) Pause Full (Allocation Failure) 247M->234M(247M) 225,996ms
[2020-10-16T11:16:15.699+1000][238,301s][info][gc] GC(108) Pause Full (Allocation Failure) 247M->235M(247M) 237,545ms
[2020-10-16T11:16:16.503+1000][239,105s][info][gc] GC(109) Pause Full (Allocation Failure) 247M->235M(247M) 242,351ms
[2020-10-16T11:16:17.298+1000][239,900s][info][gc] GC(110) Pause Full (Allocation Failure) 247M->236M(247M) 239,026ms
[2020-10-16T11:16:18.083+1000][240,685s][info][gc] GC(111) Pause Full (Allocation Failure) 247M->236M(247M) 239,957ms
[2020-10-16T11:16:18.826+1000][241,429s][info][gc] GC(112) Pause Full (Allocation Failure) 247M->237M(247M) 231,379ms
[2020-10-16T11:16:19.572+1000][242,175s][info][gc] GC(113) Pause Full (Allocation Failure) 247M->237M(247M) 241,209ms
[2020-10-16T11:16:20.303+1000][242,906s][info][gc] GC(114) Pause Full (Allocation Failure) 247M->237M(247M) 243,684ms
[2020-10-16T11:16:21.022+1000][243,624s][info][gc] GC(115) Pause Full (Allocation Failure) 247M->238M(247M) 238,004ms
[2020-10-16T11:16:21.712+1000][244,314s][info][gc] GC(116) Pause Full (Allocation Failure) 247M->238M(247M) 239,793ms
[2020-10-16T11:16:22.391+1000][244,993s][info][gc] GC(117) Pause Full (Allocation Failure) 247M->238M(247M) 241,247ms
[2020-10-16T11:16:23.055+1000][245,657s][info][gc] GC(118) Pause Full (Allocation Failure) 247M->239M(247M) 244,840ms
[2020-10-16T11:16:23.718+1000][246,320s][info][gc] GC(119) Pause Full (Allocation Failure) 247M->239M(247M) 247,594ms
[2020-10-16T11:16:24.378+1000][246,980s][info][gc] GC(120) Pause Full (Allocation Failure) 247M->240M(247M) 259,717ms
[2020-10-16T11:16:24.992+1000][247,595s][info][gc] GC(121) Pause Full (Allocation Failure) 247M->240M(247M) 234,658ms
[2020-10-16T11:16:25.602+1000][248,204s][info][gc] GC(122) Pause Full (Allocation Failure) 247M->240M(247M) 240,516ms
[2020-10-16T11:16:26.202+1000][248,804s][info][gc] GC(123) Pause Full (Allocation Failure) 247M->240M(247M) 240,822ms
[2020-10-16T11:16:26.793+1000][249,396s][info][gc] GC(124) Pause Full (Allocation Failure) 247M->241M(247M) 251,293ms
[2020-10-16T11:16:27.360+1000][249,962s][info][gc] GC(125) Pause Full (Allocation Failure) 247M->241M(247M) 231,167ms
[2020-10-16T11:16:27.915+1000][250,517s][info][gc] GC(126) Pause Full (Allocation Failure) 247M->241M(247M) 241,045ms
[2020-10-16T11:16:28.458+1000][251,060s][info][gc] GC(127) Pause Full (Allocation Failure) 247M->241M(247M) 241,746ms
[2020-10-16T11:16:28.997+1000][251,599s][info][gc] GC(128) Pause Full (Allocation Failure) 247M->242M(247M) 246,462ms
[2020-10-16T11:16:29.513+1000][252,115s][info][gc] GC(129) Pause Full (Allocation Failure) 247M->242M(247M) 245,505ms
[2020-10-16T11:16:30.016+1000][252,618s][info][gc] GC(130) Pause Full (Allocation Failure) 247M->242M(247M) 244,810ms
[2020-10-16T11:16:30.501+1000][253,103s][info][gc] GC(131) Pause Full (Allocation Failure) 247M->242M(247M) 235,553ms
[2020-10-16T11:16:30.979+1000][253,581s][info][gc] GC(132) Pause Full (Allocation Failure) 247M->242M(247M) 235,287ms
[2020-10-16T11:16:31.454+1000][254,056s][info][gc] GC(133) Pause Full (Allocation Failure) 247M->243M(247M) 246,785ms
[2020-10-16T11:16:31.942+1000][254,544s][info][gc] GC(134) Pause Full (Allocation Failure) 247M->243M(247M) 266,304ms
[2020-10-16T11:16:32.387+1000][254,990s][info][gc] GC(135) Pause Full (Allocation Failure) 247M->243M(247M) 237,092ms
[2020-10-16T11:16:32.822+1000][255,424s][info][gc] GC(136) Pause Full (Allocation Failure) 247M->243M(247M) 237,526ms
[2020-10-16T11:16:33.259+1000][255,861s][info][gc] GC(137) Pause Full (Allocation Failure) 247M->243M(247M) 245,815ms
[2020-10-16T11:16:33.689+1000][256,291s][info][gc] GC(138) Pause Full (Allocation Failure) 247M->243M(247M) 244,726ms
[2020-10-16T11:16:34.110+1000][256,712s][info][gc] GC(139) Pause Full (Allocation Failure) 247M->244M(247M) 251,468ms
[2020-10-16T11:16:34.528+1000][257,130s][info][gc] GC(140) Pause Full (Allocation Failure) 247M->244M(247M) 240,670ms
[2020-10-16T11:16:34.939+1000][257,542s][info][gc] GC(141) Pause Full (Allocation Failure) 247M->244M(247M) 246,917ms
[2020-10-16T11:16:35.353+1000][257,955s][info][gc] GC(142) Pause Full (Allocation Failure) 247M->244M(247M) 249,628ms
[2020-10-16T11:16:35.755+1000][258,358s][info][gc] GC(143) Pause Full (Allocation Failure) 247M->244M(247M) 245,302ms
[2020-10-16T11:16:36.150+1000][258,753s][info][gc] GC(144) Pause Full (Allocation Failure) 247M->244M(247M) 244,321ms
[2020-10-16T11:16:36.528+1000][259,131s][info][gc] GC(145) Pause Full (Allocation Failure) 247M->244M(247M) 239,381ms
[2020-10-16T11:16:36.909+1000][259,512s][info][gc] GC(146) Pause Full (Allocation Failure) 247M->244M(247M) 244,593ms
[2020-10-16T11:16:37.292+1000][259,894s][info][gc] GC(147) Pause Full (Allocation Failure) 247M->244M(247M) 247,050ms
[2020-10-16T11:16:37.658+1000][260,261s][info][gc] GC(148) Pause Full (Allocation Failure) 247M->245M(247M) 238,573ms
[2020-10-16T11:16:38.025+1000][260,628s][info][gc] GC(149) Pause Full (Allocation Failure) 247M->245M(247M) 244,508ms
[2020-10-16T11:16:38.385+1000][260,988s][info][gc] GC(150) Pause Full (Allocation Failure) 247M->245M(247M) 242,379ms
[2020-10-16T11:16:38.742+1000][261,344s][info][gc] GC(151) Pause Full (Allocation Failure) 247M->245M(247M) 241,499ms
[2020-10-16T11:16:39.095+1000][261,697s][info][gc] GC(152) Pause Full (Allocation Failure) 247M->245M(247M) 240,351ms
[2020-10-16T11:16:39.444+1000][262,047s][info][gc] GC(153) Pause Full (Allocation Failure) 247M->245M(247M) 241,562ms
[2020-10-16T11:16:39.791+1000][262,393s][info][gc] GC(154) Pause Full (Allocation Failure) 247M->245M(247M) 246,857ms
[2020-10-16T11:16:40.141+1000][262,743s][info][gc] GC(155) Pause Full (Allocation Failure) 247M->245M(247M) 252,759ms
[2020-10-16T11:16:40.468+1000][263,070s][info][gc] GC(156) Pause Full (Allocation Failure) 247M->245M(247M) 236,702ms
[2020-10-16T11:16:40.800+1000][263,402s][info][gc] GC(157) Pause Full (Allocation Failure) 247M->245M(247M) 244,948ms
[2020-10-16T11:16:41.121+1000][263,723s][info][gc] GC(158) Pause Full (Allocation Failure) 247M->245M(247M) 241,363ms
[2020-10-16T11:16:41.450+1000][264,052s][info][gc] GC(159) Pause Full (Allocation Failure) 247M->245M(247M) 248,662ms
[2020-10-16T11:16:41.781+1000][264,383s][info][gc] GC(160) Pause Full (Allocation Failure) 247M->245M(247M) 247,869ms
[2020-10-16T11:16:42.086+1000][264,688s][info][gc] GC(161) Pause Full (Allocation Failure) 247M->246M(247M) 240,634ms
[2020-10-16T11:16:42.390+1000][264,992s][info][gc] GC(162) Pause Full (Allocation Failure) 247M->246M(247M) 238,260ms
[2020-10-16T11:16:42.719+1000][265,322s][info][gc] GC(163) Pause Full (Allocation Failure) 247M->246M(247M) 260,709ms
[2020-10-16T11:16:43.030+1000][265,632s][info][gc] GC(164) Pause Full (Allocation Failure) 247M->246M(247M) 243,384ms
[2020-10-16T11:16:43.334+1000][265,936s][info][gc] GC(165) Pause Full (Allocation Failure) 247M->246M(247M) 238,445ms
[2020-10-16T11:16:43.638+1000][266,241s][info][gc] GC(166) Pause Full (Allocation Failure) 247M->246M(247M) 246,112ms
[2020-10-16T11:16:43.943+1000][266,545s][info][gc] GC(167) Pause Full (Allocation Failure) 247M->246M(247M) 247,850ms
[2020-10-16T11:16:44.248+1000][266,851s][info][gc] GC(168) Pause Full (Allocation Failure) 247M->246M(247M) 249,387ms
[2020-10-16T11:16:44.542+1000][267,144s][info][gc] GC(169) Pause Full (Allocation Failure) 247M->246M(247M) 237,055ms
[2020-10-16T11:16:44.837+1000][267,440s][info][gc] GC(170) Pause Full (Allocation Failure) 247M->246M(247M) 240,841ms
[2020-10-16T11:16:45.153+1000][267,756s][info][gc] GC(171) Pause Full (Allocation Failure) 247M->246M(247M) 258,111ms
[2020-10-16T11:16:45.443+1000][268,045s][info][gc] GC(172) Pause Full (Allocation Failure) 247M->246M(247M) 244,985ms
[2020-10-16T11:16:45.730+1000][268,332s][info][gc] GC(173) Pause Full (Allocation Failure) 247M->246M(247M) 245,327ms
[2020-10-16T11:16:46.015+1000][268,618s][info][gc] GC(174) Pause Full (Allocation Failure) 247M->246M(247M) 244,669ms
[2020-10-16T11:16:46.300+1000][268,902s][info][gc] GC(175) Pause Full (Allocation Failure) 247M->246M(247M) 245,480ms
[2020-10-16T11:16:46.582+1000][269,184s][info][gc] GC(176) Pause Full (Allocation Failure) 247M->246M(247M) 241,655ms
[2020-10-16T11:16:46.868+1000][269,470s][info][gc] GC(177) Pause Full (Allocation Failure) 247M->246M(247M) 247,160ms
[2020-10-16T11:16:47.156+1000][269,759s][info][gc] GC(178) Pause Full (Allocation Failure) 247M->246M(247M) 247,144ms
[2020-10-16T11:16:47.454+1000][270,056s][info][gc] GC(179) Pause Full (Allocation Failure) 247M->246M(247M) 255,838ms
[2020-10-16T11:16:47.740+1000][270,342s][info][gc] GC(180) Pause Full (Allocation Failure) 247M->246M(247M) 245,247ms
[2020-10-16T11:16:48.010+1000][270,612s][info][gc] GC(181) Pause Full (Allocation Failure) 247M->246M(247M) 238,255ms
[2020-10-16T11:16:48.287+1000][270,889s][info][gc] GC(182) Pause Full (Allocation Failure) 247M->246M(247M) 246,711ms
[2020-10-16T11:16:48.552+1000][271,155s][info][gc] GC(183) Pause Full (Allocation Failure) 247M->246M(247M) 236,358ms
[2020-10-16T11:16:48.821+1000][271,424s][info][gc] GC(184) Pause Full (Allocation Failure) 247M->246M(247M) 242,295ms
[2020-10-16T11:16:49.102+1000][271,704s][info][gc] GC(185) Pause Full (Allocation Failure) 247M->246M(247M) 251,138ms
[2020-10-16T11:16:49.370+1000][271,972s][info][gc] GC(186) Pause Full (Allocation Failure) 247M->246M(247M) 240,271ms
[2020-10-16T11:16:49.634+1000][272,237s][info][gc] GC(187) Pause Full (Allocation Failure) 247M->246M(247M) 236,694ms
[2020-10-16T11:16:49.909+1000][272,512s][info][gc] GC(188) Pause Full (Allocation Failure) 247M->246M(247M) 248,753ms
[2020-10-16T11:16:50.179+1000][272,782s][info][gc] GC(189) Pause Full (Allocation Failure) 247M->246M(247M) 243,039ms
[2020-10-16T11:16:50.447+1000][273,050s][info][gc] GC(190) Pause Full (Allocation Failure) 247M->246M(247M) 239,705ms
[2020-10-16T11:16:50.739+1000][273,341s][info][gc] GC(191) Pause Full (Allocation Failure) 247M->246M(247M) 264,391ms
[2020-10-16T11:16:51.010+1000][273,612s][info][gc] GC(192) Pause Full (Allocation Failure) 247M->246M(247M) 246,366ms
[2020-10-16T11:16:51.269+1000][273,872s][info][gc] GC(193) Pause Full (Allocation Failure) 247M->247M(247M) 241,164ms
[2020-10-16T11:16:51.527+1000][274,129s][info][gc] GC(194) Pause Full (Allocation Failure) 247M->247M(247M) 245,015ms
[2020-10-16T11:16:51.782+1000][274,385s][info][gc] GC(195) Pause Full (Allocation Failure) 247M->247M(247M) 244,176ms
[2020-10-16T11:16:52.035+1000][274,637s][info][gc] GC(196) Pause Full (Allocation Failure) 247M->247M(247M) 240,710ms
[2020-10-16T11:16:52.294+1000][274,896s][info][gc] GC(197) Pause Full (Allocation Failure) 247M->247M(247M) 246,981ms
[2020-10-16T11:16:52.556+1000][275,159s][info][gc] GC(198) Pause Full (Allocation Failure) 247M->247M(247M) 247,778ms
[2020-10-16T11:16:52.820+1000][275,422s][info][gc] GC(199) Pause Full (Allocation Failure) 247M->247M(247M) 250,666ms
[2020-10-16T11:16:53.083+1000][275,685s][info][gc] GC(200) Pause Full (Allocation Failure) 247M->247M(247M) 247,231ms
[2020-10-16T11:16:53.338+1000][275,940s][info][gc] GC(201) Pause Full (Allocation Failure) 247M->247M(247M) 241,607ms
[2020-10-16T11:16:53.602+1000][276,204s][info][gc] GC(202) Pause Full (Allocation Failure) 247M->247M(247M) 250,151ms
[2020-10-16T11:16:53.861+1000][276,464s][info][gc] GC(203) Pause Full (Allocation Failure) 247M->247M(247M) 245,674ms
[2020-10-16T11:16:54.129+1000][276,731s][info][gc] GC(204) Pause Full (Allocation Failure) 247M->247M(247M) 254,179ms
[2020-10-16T11:16:54.391+1000][276,993s][info][gc] GC(205) Pause Full (Allocation Failure) 247M->247M(247M) 248,311ms
[2020-10-16T11:16:54.653+1000][277,255s][info][gc] GC(206) Pause Full (Allocation Failure) 247M->247M(247M) 248,802ms
[2020-10-16T11:16:54.919+1000][277,521s][info][gc] GC(207) Pause Full (Allocation Failure) 247M->247M(247M) 252,679ms
[2020-10-16T11:16:55.189+1000][277,791s][info][gc] GC(208) Pause Full (Allocation Failure) 247M->247M(247M) 256,674ms
[2020-10-16T11:16:55.446+1000][278,049s][info][gc] GC(209) Pause Full (Allocation Failure) 247M->247M(247M) 243,624ms
[2020-10-16T11:16:55.700+1000][278,302s][info][gc] GC(210) Pause Full (Allocation Failure) 247M->247M(247M) 240,008ms
[2020-10-16T11:16:55.966+1000][278,569s][info][gc] GC(211) Pause Full (Allocation Failure) 247M->247M(247M) 253,317ms
[2020-10-16T11:16:56.225+1000][278,827s][info][gc] GC(212) Pause Full (Allocation Failure) 247M->247M(247M) 245,629ms
[2020-10-16T11:16:56.490+1000][279,092s][info][gc] GC(213) Pause Full (Allocation Failure) 247M->247M(247M) 251,394ms
[2020-10-16T11:16:56.752+1000][279,354s][info][gc] GC(214) Pause Full (Allocation Failure) 247M->247M(247M) 247,879ms
[2020-10-16T11:16:57.008+1000][279,610s][info][gc] GC(215) Pause Full (Allocation Failure) 247M->247M(247M) 241,795ms
[2020-10-16T11:16:57.264+1000][279,867s][info][gc] GC(216) Pause Full (Allocation Failure) 247M->247M(247M) 242,533ms
[2020-10-16T11:16:57.510+1000][280,112s][info][gc] GC(217) Pause Full (Allocation Failure) 247M->247M(247M) 241,985ms
[2020-10-16T11:16:57.754+1000][280,356s][info][gc] GC(218) Pause Full (Allocation Failure) 247M->247M(247M) 244,171ms
[2020-10-16T11:16:57.792+1000][280,394s][info][gc] GC(219) Pause Full (Allocation Failure) 247M->0M(247M) 37,877ms
